-- The C compiler identification is GNU 11.4.0
-- The CXX compiler identification is GNU 11.4.0
-- Detecting C compiler ABI info
-- Detecting C compiler ABI info - done
-- Check for working C compiler: /usr/bin/cc - skipped
-- Detecting C compile features
-- Detecting C compile features - done
-- Detecting CXX compiler ABI info
-- Detecting CXX compiler ABI info - done
-- Check for working CXX compiler: /usr/bin/c++ - skipped
-- Detecting CXX compile features
-- Detecting CXX compile features - done
-- Found ament_cmake: 1.3.12 (/opt/ros/humble/share/ament_cmake/cmake)
-- Found Python3: /usr/bin/python3 (found version "3.10.12") found components: Interpreter 
-- Found rosidl_default_generators: 1.2.0 (/opt/ros/humble/share/rosidl_default_generators/cmake)
-- Using all available rosidl_typesupport_c: rosidl_typesupport_fastrtps_c;rosidl_typesupport_introspection_c
-- Found rosidl_adapter: 3.1.8 (/opt/ros/humble/share/rosidl_adapter/cmake)
-- Using all available rosidl_typesupport_cpp: rosidl_typesupport_fastrtps_cpp;rosidl_typesupport_introspection_cpp
-- Found std_msgs: 4.9.0 (/opt/ros/humble/share/std_msgs/cmake)
-- Found geometry_msgs: 4.9.0 (/opt/ros/humble/share/geometry_msgs/cmake)
-- Found rclpy: 3.3.19 (/opt/ros/humble/share/rclpy/cmake)
-- Found ament_cmake_ros: 0.10.0 (/opt/ros/humble/share/ament_cmake_ros/cmake)
-- Using all available rosidl_typesupport_c: rosidl_typesupport_fastrtps_c;rosidl_typesupport_introspection_c
-- Using all available rosidl_typesupport_cpp: rosidl_typesupport_fastrtps_cpp;rosidl_typesupport_introspection_cpp
-- Found PythonInterp: /usr/bin/python3 (found suitable version "3.10.12", minimum required is "3.6") 
-- Found python_cmake_module: 0.10.0 (/opt/ros/humble/share/python_cmake_module/cmake)
-- Found PythonLibs: /usr/lib/x86_64-linux-gnu/libpython3.10.so (found suitable version "3.10.12", minimum required is "3.5") 
-- Using PYTHON_EXECUTABLE: /usr/bin/python3
-- Using PYTHON_INCLUDE_DIRS: /usr/include/python3.10
-- Using PYTHON_LIBRARIES: /usr/lib/x86_64-linux-gnu/libpython3.10.so
-- Found PythonExtra: .so  
-- Found ament_lint_auto: 0.12.14 (/opt/ros/humble/share/ament_lint_auto/cmake)
-- Added test 'copyright' to check source files copyright and LICENSE
-- Added test 'flake8' to check Python code syntax and style conventions
-- Added test 'lint_cmake' to check CMake code style
-- Added test 'pep257' to check Python code against some of the docstring style conventions in PEP 257
-- Added test 'xmllint' to check XML markup files
-- Configuring done
-- Generating done
-- Build files have been written to: /root/dex_hand_ws/build/dex_hand_ros2
[  2%] [34m[1mGenerating C code for ROS interfaces[0m
[  5%] [34m[1mGenerating C++ code for ROS interfaces[0m
[  5%] Built target ament_cmake_python_copy_dex_hand_ros2
running egg_info
creating dex_hand_ros2.egg-info
writing dex_hand_ros2.egg-info/PKG-INFO
writing dependency_links to dex_hand_ros2.egg-info/dependency_links.txt
writing top-level names to dex_hand_ros2.egg-info/top_level.txt
writing manifest file 'dex_hand_ros2.egg-info/SOURCES.txt'
reading manifest file 'dex_hand_ros2.egg-info/SOURCES.txt'
writing manifest file 'dex_hand_ros2.egg-info/SOURCES.txt'
[  5%] Built target dex_hand_ros2__cpp
[  7%] [32mBuilding C object CMakeFiles/dex_hand_ros2__rosidl_generator_c.dir/rosidl_generator_c/dex_hand_ros2/msg/detail/motor_state__functions.c.o[0m
[ 10%] [32mBuilding C object CMakeFiles/dex_hand_ros2__rosidl_generator_c.dir/rosidl_generator_c/dex_hand_ros2/msg/detail/gesture_cmd__functions.c.o[0m
[ 10%] Built target ament_cmake_python_build_dex_hand_ros2_egg
[ 12%] [34m[1mGenerating C++ type support for eProsima Fast-RTPS[0m
[ 15%] [34m[1mGenerating C++ introspection for ROS interfaces[0m
[ 17%] [34m[1mGenerating C++ type support dispatch for ROS interfaces[0m
[ 20%] [32m[1mLinking C shared library libdex_hand_ros2__rosidl_generator_c.so[0m
[ 20%] Built target dex_hand_ros2__rosidl_generator_c
[ 23%] [32mBuilding CXX object CMakeFiles/dex_hand_ros2__rosidl_typesupport_cpp.dir/rosidl_typesupport_cpp/dex_hand_ros2/msg/gesture_cmd__type_support.cpp.o[0m
[ 28%] [32mBuilding CXX object CMakeFiles/dex_hand_ros2__rosidl_typesupport_fastrtps_cpp.dir/rosidl_typesupport_fastrtps_cpp/dex_hand_ros2/msg/detail/dds_fastrtps/gesture_cmd__type_support.cpp.o[0m
[ 28%] [32mBuilding CXX object CMakeFiles/dex_hand_ros2__rosidl_typesupport_cpp.dir/rosidl_typesupport_cpp/dex_hand_ros2/msg/motor_state__type_support.cpp.o[0m
[ 30%] [32mBuilding CXX object CMakeFiles/dex_hand_ros2__rosidl_typesupport_introspection_cpp.dir/rosidl_typesupport_introspection_cpp/dex_hand_ros2/msg/detail/gesture_cmd__type_support.cpp.o[0m
[ 33%] [32mBuilding CXX object CMakeFiles/dex_hand_ros2__rosidl_typesupport_fastrtps_cpp.dir/rosidl_typesupport_fastrtps_cpp/dex_hand_ros2/msg/detail/dds_fastrtps/motor_state__type_support.cpp.o[0m
[ 35%] [32mBuilding CXX object CMakeFiles/dex_hand_ros2__rosidl_typesupport_introspection_cpp.dir/rosidl_typesupport_introspection_cpp/dex_hand_ros2/msg/detail/motor_state__type_support.cpp.o[0m
[ 38%] [34m[1mGenerating C type support for eProsima Fast-RTPS[0m
[ 41%] [34m[1mGenerating C type support dispatch for ROS interfaces[0m
[ 43%] [34m[1mGenerating C introspection for ROS interfaces[0m
[ 46%] [32mBuilding CXX object CMakeFiles/dex_hand_ros2__rosidl_typesupport_c.dir/rosidl_typesupport_c/dex_hand_ros2/msg/gesture_cmd__type_support.cpp.o[0m
[ 48%] [32mBuilding CXX object CMakeFiles/dex_hand_ros2__rosidl_typesupport_c.dir/rosidl_typesupport_c/dex_hand_ros2/msg/motor_state__type_support.cpp.o[0m
[ 51%] [32mBuilding C object CMakeFiles/dex_hand_ros2__rosidl_typesupport_introspection_c.dir/rosidl_typesupport_introspection_c/dex_hand_ros2/msg/detail/motor_state__type_support.c.o[0m
[ 53%] [32mBuilding C object CMakeFiles/dex_hand_ros2__rosidl_typesupport_introspection_c.dir/rosidl_typesupport_introspection_c/dex_hand_ros2/msg/detail/gesture_cmd__type_support.c.o[0m
[ 58%] [32mBuilding CXX object CMakeFiles/dex_hand_ros2__rosidl_typesupport_fastrtps_c.dir/rosidl_typesupport_fastrtps_c/dex_hand_ros2/msg/detail/gesture_cmd__type_support_c.cpp.o[0m
[ 58%] [32m[1mLinking CXX shared library libdex_hand_ros2__rosidl_typesupport_cpp.so[0m
[ 61%] [32mBuilding CXX object CMakeFiles/dex_hand_ros2__rosidl_typesupport_fastrtps_c.dir/rosidl_typesupport_fastrtps_c/dex_hand_ros2/msg/detail/motor_state__type_support_c.cpp.o[0m
[ 64%] [32m[1mLinking CXX shared library libdex_hand_ros2__rosidl_typesupport_introspection_cpp.so[0m
[ 66%] [32m[1mLinking CXX shared library libdex_hand_ros2__rosidl_typesupport_fastrtps_cpp.so[0m
[ 66%] Built target dex_hand_ros2__rosidl_typesupport_cpp
[ 69%] [32m[1mLinking CXX shared library libdex_hand_ros2__rosidl_typesupport_c.so[0m
[ 71%] [32m[1mLinking C shared library libdex_hand_ros2__rosidl_typesupport_introspection_c.so[0m
[ 71%] Built target dex_hand_ros2__rosidl_typesupport_introspection_cpp
[ 71%] Built target dex_hand_ros2__rosidl_typesupport_fastrtps_cpp
[ 71%] Built target dex_hand_ros2__rosidl_typesupport_c
[ 71%] Built target dex_hand_ros2__rosidl_typesupport_introspection_c
[ 74%] [32m[1mLinking CXX shared library libdex_hand_ros2__rosidl_typesupport_fastrtps_c.so[0m
[ 74%] Built target dex_hand_ros2__rosidl_typesupport_fastrtps_c
[ 74%] Built target dex_hand_ros2
[ 76%] [34m[1mGenerating Python code for ROS interfaces[0m
[ 76%] Built target dex_hand_ros2__py
[ 79%] [32mBuilding C object CMakeFiles/dex_hand_ros2__rosidl_generator_py.dir/rosidl_generator_py/dex_hand_ros2/msg/_gesture_cmd_s.c.o[0m
[ 82%] [32mBuilding C object CMakeFiles/dex_hand_ros2__rosidl_generator_py.dir/rosidl_generator_py/dex_hand_ros2/msg/_motor_state_s.c.o[0m
[ 84%] [32m[1mLinking C shared library rosidl_generator_py/dex_hand_ros2/libdex_hand_ros2__rosidl_generator_py.so[0m
[ 84%] Built target dex_hand_ros2__rosidl_generator_py
[ 89%] [32mBuilding C object CMakeFiles/dex_hand_ros2__rosidl_typesupport_fastrtps_c__pyext.dir/rosidl_generator_py/dex_hand_ros2/_dex_hand_ros2_s.ep.rosidl_typesupport_fastrtps_c.c.o[0m
[ 89%] [32mBuilding C object CMakeFiles/dex_hand_ros2__rosidl_typesupport_c__pyext.dir/rosidl_generator_py/dex_hand_ros2/_dex_hand_ros2_s.ep.rosidl_typesupport_c.c.o[0m
[ 92%] [32mBuilding C object CMakeFiles/dex_hand_ros2__rosidl_typesupport_introspection_c__pyext.dir/rosidl_generator_py/dex_hand_ros2/_dex_hand_ros2_s.ep.rosidl_typesupport_introspection_c.c.o[0m
[ 94%] [32m[1mLinking C shared library rosidl_generator_py/dex_hand_ros2/dex_hand_ros2_s__rosidl_typesupport_fastrtps_c.cpython-310-x86_64-linux-gnu.so[0m
[ 97%] [32m[1mLinking C shared library rosidl_generator_py/dex_hand_ros2/dex_hand_ros2_s__rosidl_typesupport_c.cpython-310-x86_64-linux-gnu.so[0m
[100%] [32m[1mLinking C shared library rosidl_generator_py/dex_hand_ros2/dex_hand_ros2_s__rosidl_typesupport_introspection_c.cpython-310-x86_64-linux-gnu.so[0m
[100%] Built target dex_hand_ros2__rosidl_typesupport_fastrtps_c__pyext
[100%] Built target dex_hand_ros2__rosidl_typesupport_c__pyext
[100%] Built target dex_hand_ros2__rosidl_typesupport_introspection_c__pyext
-- Install configuration: ""
-- Installing: /root/dex_hand_ws/install/dex_hand_ros2/share/ament_index/resource_index/rosidl_interfaces/dex_hand_ros2
-- Installing: /root/dex_hand_ws/install/dex_hand_ros2/include/dex_hand_ros2/dex_hand_ros2
-- Installing: /root/dex_hand_ws/install/dex_hand_ros2/include/dex_hand_ros2/dex_hand_ros2/msg
-- Installing: /root/dex_hand_ws/install/dex_hand_ros2/include/dex_hand_ros2/dex_hand_ros2/msg/rosidl_generator_c__visibility_control.h
-- Installing: /root/dex_hand_ws/install/dex_hand_ros2/include/dex_hand_ros2/dex_hand_ros2/msg/gesture_cmd.h
-- Installing: /root/dex_hand_ws/install/dex_hand_ros2/include/dex_hand_ros2/dex_hand_ros2/msg/motor_state.h
-- Installing: /root/dex_hand_ws/install/dex_hand_ros2/include/dex_hand_ros2/dex_hand_ros2/msg/detail
-- Installing: /root/dex_hand_ws/install/dex_hand_ros2/include/dex_hand_ros2/dex_hand_ros2/msg/detail/gesture_cmd__functions.h
-- Installing: /root/dex_hand_ws/install/dex_hand_ros2/include/dex_hand_ros2/dex_hand_ros2/msg/detail/motor_state__struct.h
-- Installing: /root/dex_hand_ws/install/dex_hand_ros2/include/dex_hand_ros2/dex_hand_ros2/msg/detail/motor_state__functions.c
-- Installing: /root/dex_hand_ws/install/dex_hand_ros2/include/dex_hand_ros2/dex_hand_ros2/msg/detail/motor_state__type_support.h
-- Installing: /root/dex_hand_ws/install/dex_hand_ros2/include/dex_hand_ros2/dex_hand_ros2/msg/detail/gesture_cmd__type_support.h
-- Installing: /root/dex_hand_ws/install/dex_hand_ros2/include/dex_hand_ros2/dex_hand_ros2/msg/detail/gesture_cmd__functions.c
-- Installing: /root/dex_hand_ws/install/dex_hand_ros2/include/dex_hand_ros2/dex_hand_ros2/msg/detail/gesture_cmd__struct.h
-- Installing: /root/dex_hand_ws/install/dex_hand_ros2/include/dex_hand_ros2/dex_hand_ros2/msg/detail/motor_state__functions.h
-- Installing: /root/dex_hand_ws/install/dex_hand_ros2/share/dex_hand_ros2/environment/library_path.sh
-- Installing: /root/dex_hand_ws/install/dex_hand_ros2/share/dex_hand_ros2/environment/library_path.dsv
-- Installing: /root/dex_hand_ws/install/dex_hand_ros2/lib/libdex_hand_ros2__rosidl_generator_c.so
-- Set runtime path of "/root/dex_hand_ws/install/dex_hand_ros2/lib/libdex_hand_ros2__rosidl_generator_c.so" to ""
-- Up-to-date: /root/dex_hand_ws/install/dex_hand_ros2/include/dex_hand_ros2/dex_hand_ros2
-- Up-to-date: /root/dex_hand_ws/install/dex_hand_ros2/include/dex_hand_ros2/dex_hand_ros2/msg
-- Up-to-date: /root/dex_hand_ws/install/dex_hand_ros2/include/dex_hand_ros2/dex_hand_ros2/msg/detail
-- Installing: /root/dex_hand_ws/install/dex_hand_ros2/include/dex_hand_ros2/dex_hand_ros2/msg/detail/motor_state__rosidl_typesupport_fastrtps_c.h
-- Installing: /root/dex_hand_ws/install/dex_hand_ros2/include/dex_hand_ros2/dex_hand_ros2/msg/detail/gesture_cmd__rosidl_typesupport_fastrtps_c.h
-- Installing: /root/dex_hand_ws/install/dex_hand_ros2/include/dex_hand_ros2/dex_hand_ros2/msg/rosidl_typesupport_fastrtps_c__visibility_control.h
-- Installing: /root/dex_hand_ws/install/dex_hand_ros2/lib/libdex_hand_ros2__rosidl_typesupport_fastrtps_c.so
-- Set runtime path of "/root/dex_hand_ws/install/dex_hand_ros2/lib/libdex_hand_ros2__rosidl_typesupport_fastrtps_c.so" to ""
-- Up-to-date: /root/dex_hand_ws/install/dex_hand_ros2/include/dex_hand_ros2/dex_hand_ros2
-- Up-to-date: /root/dex_hand_ws/install/dex_hand_ros2/include/dex_hand_ros2/dex_hand_ros2/msg
-- Up-to-date: /root/dex_hand_ws/install/dex_hand_ros2/include/dex_hand_ros2/dex_hand_ros2/msg/detail
-- Installing: /root/dex_hand_ws/install/dex_hand_ros2/include/dex_hand_ros2/dex_hand_ros2/msg/detail/gesture_cmd__type_support.c
-- Installing: /root/dex_hand_ws/install/dex_hand_ros2/include/dex_hand_ros2/dex_hand_ros2/msg/detail/motor_state__rosidl_typesupport_introspection_c.h
-- Installing: /root/dex_hand_ws/install/dex_hand_ros2/include/dex_hand_ros2/dex_hand_ros2/msg/detail/gesture_cmd__rosidl_typesupport_introspection_c.h
-- Installing: /root/dex_hand_ws/install/dex_hand_ros2/include/dex_hand_ros2/dex_hand_ros2/msg/detail/motor_state__type_support.c
-- Installing: /root/dex_hand_ws/install/dex_hand_ros2/include/dex_hand_ros2/dex_hand_ros2/msg/rosidl_typesupport_introspection_c__visibility_control.h
-- Installing: /root/dex_hand_ws/install/dex_hand_ros2/lib/libdex_hand_ros2__rosidl_typesupport_introspection_c.so
-- Set runtime path of "/root/dex_hand_ws/install/dex_hand_ros2/lib/libdex_hand_ros2__rosidl_typesupport_introspection_c.so" to ""
-- Installing: /root/dex_hand_ws/install/dex_hand_ros2/lib/libdex_hand_ros2__rosidl_typesupport_c.so
-- Set runtime path of "/root/dex_hand_ws/install/dex_hand_ros2/lib/libdex_hand_ros2__rosidl_typesupport_c.so" to ""
-- Up-to-date: /root/dex_hand_ws/install/dex_hand_ros2/include/dex_hand_ros2/dex_hand_ros2
-- Up-to-date: /root/dex_hand_ws/install/dex_hand_ros2/include/dex_hand_ros2/dex_hand_ros2/msg
-- Installing: /root/dex_hand_ws/install/dex_hand_ros2/include/dex_hand_ros2/dex_hand_ros2/msg/motor_state.hpp
-- Up-to-date: /root/dex_hand_ws/install/dex_hand_ros2/include/dex_hand_ros2/dex_hand_ros2/msg/detail
-- Installing: /root/dex_hand_ws/install/dex_hand_ros2/include/dex_hand_ros2/dex_hand_ros2/msg/detail/gesture_cmd__struct.hpp
-- Installing: /root/dex_hand_ws/install/dex_hand_ros2/include/dex_hand_ros2/dex_hand_ros2/msg/detail/motor_state__struct.hpp
-- Installing: /root/dex_hand_ws/install/dex_hand_ros2/include/dex_hand_ros2/dex_hand_ros2/msg/detail/motor_state__builder.hpp
-- Installing: /root/dex_hand_ws/install/dex_hand_ros2/include/dex_hand_ros2/dex_hand_ros2/msg/detail/motor_state__type_support.hpp
-- Installing: /root/dex_hand_ws/install/dex_hand_ros2/include/dex_hand_ros2/dex_hand_ros2/msg/detail/gesture_cmd__traits.hpp
-- Installing: /root/dex_hand_ws/install/dex_hand_ros2/include/dex_hand_ros2/dex_hand_ros2/msg/detail/gesture_cmd__type_support.hpp
-- Installing: /root/dex_hand_ws/install/dex_hand_ros2/include/dex_hand_ros2/dex_hand_ros2/msg/detail/motor_state__traits.hpp
-- Installing: /root/dex_hand_ws/install/dex_hand_ros2/include/dex_hand_ros2/dex_hand_ros2/msg/detail/gesture_cmd__builder.hpp
-- Installing: /root/dex_hand_ws/install/dex_hand_ros2/include/dex_hand_ros2/dex_hand_ros2/msg/rosidl_generator_cpp__visibility_control.hpp
-- Installing: /root/dex_hand_ws/install/dex_hand_ros2/include/dex_hand_ros2/dex_hand_ros2/msg/gesture_cmd.hpp
-- Up-to-date: /root/dex_hand_ws/install/dex_hand_ros2/include/dex_hand_ros2/dex_hand_ros2
-- Up-to-date: /root/dex_hand_ws/install/dex_hand_ros2/include/dex_hand_ros2/dex_hand_ros2/msg
-- Installing: /root/dex_hand_ws/install/dex_hand_ros2/include/dex_hand_ros2/dex_hand_ros2/msg/rosidl_typesupport_fastrtps_cpp__visibility_control.h
-- Up-to-date: /root/dex_hand_ws/install/dex_hand_ros2/include/dex_hand_ros2/dex_hand_ros2/msg/detail
-- Installing: /root/dex_hand_ws/install/dex_hand_ros2/include/dex_hand_ros2/dex_hand_ros2/msg/detail/gesture_cmd__rosidl_typesupport_fastrtps_cpp.hpp
-- Installing: /root/dex_hand_ws/install/dex_hand_ros2/include/dex_hand_ros2/dex_hand_ros2/msg/detail/motor_state__rosidl_typesupport_fastrtps_cpp.hpp
-- Installing: /root/dex_hand_ws/install/dex_hand_ros2/include/dex_hand_ros2/dex_hand_ros2/msg/detail/dds_fastrtps
-- Installing: /root/dex_hand_ws/install/dex_hand_ros2/lib/libdex_hand_ros2__rosidl_typesupport_fastrtps_cpp.so
-- Set runtime path of "/root/dex_hand_ws/install/dex_hand_ros2/lib/libdex_hand_ros2__rosidl_typesupport_fastrtps_cpp.so" to ""
-- Up-to-date: /root/dex_hand_ws/install/dex_hand_ros2/include/dex_hand_ros2/dex_hand_ros2
-- Up-to-date: /root/dex_hand_ws/install/dex_hand_ros2/include/dex_hand_ros2/dex_hand_ros2/msg
-- Up-to-date: /root/dex_hand_ws/install/dex_hand_ros2/include/dex_hand_ros2/dex_hand_ros2/msg/detail
-- Installing: /root/dex_hand_ws/install/dex_hand_ros2/include/dex_hand_ros2/dex_hand_ros2/msg/detail/gesture_cmd__type_support.cpp
-- Installing: /root/dex_hand_ws/install/dex_hand_ros2/include/dex_hand_ros2/dex_hand_ros2/msg/detail/gesture_cmd__rosidl_typesupport_introspection_cpp.hpp
-- Installing: /root/dex_hand_ws/install/dex_hand_ros2/include/dex_hand_ros2/dex_hand_ros2/msg/detail/motor_state__rosidl_typesupport_introspection_cpp.hpp
-- Installing: /root/dex_hand_ws/install/dex_hand_ros2/include/dex_hand_ros2/dex_hand_ros2/msg/detail/motor_state__type_support.cpp
-- Installing: /root/dex_hand_ws/install/dex_hand_ros2/lib/libdex_hand_ros2__rosidl_typesupport_introspection_cpp.so
-- Set runtime path of "/root/dex_hand_ws/install/dex_hand_ros2/lib/libdex_hand_ros2__rosidl_typesupport_introspection_cpp.so" to ""
-- Installing: /root/dex_hand_ws/install/dex_hand_ros2/lib/libdex_hand_ros2__rosidl_typesupport_cpp.so
-- Set runtime path of "/root/dex_hand_ws/install/dex_hand_ros2/lib/libdex_hand_ros2__rosidl_typesupport_cpp.so" to ""
-- Installing: /root/dex_hand_ws/install/dex_hand_ros2/share/dex_hand_ros2/environment/pythonpath.sh
-- Installing: /root/dex_hand_ws/install/dex_hand_ros2/share/dex_hand_ros2/environment/pythonpath.dsv
-- Installing: /root/dex_hand_ws/install/dex_hand_ros2/local/lib/python3.10/dist-packages/dex_hand_ros2-0.1.0-py3.10.egg-info
-- Installing: /root/dex_hand_ws/install/dex_hand_ros2/local/lib/python3.10/dist-packages/dex_hand_ros2-0.1.0-py3.10.egg-info/PKG-INFO
-- Installing: /root/dex_hand_ws/install/dex_hand_ros2/local/lib/python3.10/dist-packages/dex_hand_ros2-0.1.0-py3.10.egg-info/SOURCES.txt
-- Installing: /root/dex_hand_ws/install/dex_hand_ros2/local/lib/python3.10/dist-packages/dex_hand_ros2-0.1.0-py3.10.egg-info/top_level.txt
-- Installing: /root/dex_hand_ws/install/dex_hand_ros2/local/lib/python3.10/dist-packages/dex_hand_ros2-0.1.0-py3.10.egg-info/dependency_links.txt
-- Installing: /root/dex_hand_ws/install/dex_hand_ros2/local/lib/python3.10/dist-packages/dex_hand_ros2
-- Installing: /root/dex_hand_ws/install/dex_hand_ros2/local/lib/python3.10/dist-packages/dex_hand_ros2/dex_hand_ros2_s__rosidl_typesupport_fastrtps_c.cpython-310-x86_64-linux-gnu.so
-- Installing: /root/dex_hand_ws/install/dex_hand_ros2/local/lib/python3.10/dist-packages/dex_hand_ros2/_dex_hand_ros2_s.ep.rosidl_typesupport_fastrtps_c.c
-- Installing: /root/dex_hand_ws/install/dex_hand_ros2/local/lib/python3.10/dist-packages/dex_hand_ros2/msg
-- Installing: /root/dex_hand_ws/install/dex_hand_ros2/local/lib/python3.10/dist-packages/dex_hand_ros2/msg/_motor_state_s.c
-- Installing: /root/dex_hand_ws/install/dex_hand_ros2/local/lib/python3.10/dist-packages/dex_hand_ros2/msg/_gesture_cmd_s.c
-- Installing: /root/dex_hand_ws/install/dex_hand_ros2/local/lib/python3.10/dist-packages/dex_hand_ros2/msg/__init__.py
-- Installing: /root/dex_hand_ws/install/dex_hand_ros2/local/lib/python3.10/dist-packages/dex_hand_ros2/msg/_gesture_cmd.py
-- Installing: /root/dex_hand_ws/install/dex_hand_ros2/local/lib/python3.10/dist-packages/dex_hand_ros2/msg/_motor_state.py
-- Installing: /root/dex_hand_ws/install/dex_hand_ros2/local/lib/python3.10/dist-packages/dex_hand_ros2/_dex_hand_ros2_s.ep.rosidl_typesupport_introspection_c.c
-- Installing: /root/dex_hand_ws/install/dex_hand_ros2/local/lib/python3.10/dist-packages/dex_hand_ros2/_dex_hand_ros2_s.ep.rosidl_typesupport_c.c
-- Installing: /root/dex_hand_ws/install/dex_hand_ros2/local/lib/python3.10/dist-packages/dex_hand_ros2/dex_hand_ros2_s__rosidl_typesupport_introspection_c.cpython-310-x86_64-linux-gnu.so
-- Installing: /root/dex_hand_ws/install/dex_hand_ros2/local/lib/python3.10/dist-packages/dex_hand_ros2/__init__.py
-- Installing: /root/dex_hand_ws/install/dex_hand_ros2/local/lib/python3.10/dist-packages/dex_hand_ros2/libdex_hand_ros2__rosidl_generator_py.so
-- Installing: /root/dex_hand_ws/install/dex_hand_ros2/local/lib/python3.10/dist-packages/dex_hand_ros2/dex_hand_ros2_s__rosidl_typesupport_c.cpython-310-x86_64-linux-gnu.so
Listing '/root/dex_hand_ws/install/dex_hand_ros2/local/lib/python3.10/dist-packages/dex_hand_ros2'...
Compiling '/root/dex_hand_ws/install/dex_hand_ros2/local/lib/python3.10/dist-packages/dex_hand_ros2/__init__.py'...
Listing '/root/dex_hand_ws/install/dex_hand_ros2/local/lib/python3.10/dist-packages/dex_hand_ros2/msg'...
Compiling '/root/dex_hand_ws/install/dex_hand_ros2/local/lib/python3.10/dist-packages/dex_hand_ros2/msg/__init__.py'...
Compiling '/root/dex_hand_ws/install/dex_hand_ros2/local/lib/python3.10/dist-packages/dex_hand_ros2/msg/_gesture_cmd.py'...
Compiling '/root/dex_hand_ws/install/dex_hand_ros2/local/lib/python3.10/dist-packages/dex_hand_ros2/msg/_motor_state.py'...
-- Installing: /root/dex_hand_ws/install/dex_hand_ros2/local/lib/python3.10/dist-packages/dex_hand_ros2/dex_hand_ros2_s__rosidl_typesupport_fastrtps_c.cpython-310-x86_64-linux-gnu.so
-- Set runtime path of "/root/dex_hand_ws/install/dex_hand_ros2/local/lib/python3.10/dist-packages/dex_hand_ros2/dex_hand_ros2_s__rosidl_typesupport_fastrtps_c.cpython-310-x86_64-linux-gnu.so" to ""
-- Installing: /root/dex_hand_ws/install/dex_hand_ros2/local/lib/python3.10/dist-packages/dex_hand_ros2/dex_hand_ros2_s__rosidl_typesupport_introspection_c.cpython-310-x86_64-linux-gnu.so
-- Set runtime path of "/root/dex_hand_ws/install/dex_hand_ros2/local/lib/python3.10/dist-packages/dex_hand_ros2/dex_hand_ros2_s__rosidl_typesupport_introspection_c.cpython-310-x86_64-linux-gnu.so" to ""
-- Installing: /root/dex_hand_ws/install/dex_hand_ros2/local/lib/python3.10/dist-packages/dex_hand_ros2/dex_hand_ros2_s__rosidl_typesupport_c.cpython-310-x86_64-linux-gnu.so
-- Set runtime path of "/root/dex_hand_ws/install/dex_hand_ros2/local/lib/python3.10/dist-packages/dex_hand_ros2/dex_hand_ros2_s__rosidl_typesupport_c.cpython-310-x86_64-linux-gnu.so" to ""
-- Installing: /root/dex_hand_ws/install/dex_hand_ros2/lib/libdex_hand_ros2__rosidl_generator_py.so
-- Set runtime path of "/root/dex_hand_ws/install/dex_hand_ros2/lib/libdex_hand_ros2__rosidl_generator_py.so" to ""
-- Installing: /root/dex_hand_ws/install/dex_hand_ros2/share/dex_hand_ros2/msg/GestureCmd.idl
-- Installing: /root/dex_hand_ws/install/dex_hand_ros2/share/dex_hand_ros2/msg/MotorState.idl
-- Installing: /root/dex_hand_ws/install/dex_hand_ros2/share/dex_hand_ros2/msg/GestureCmd.msg
-- Installing: /root/dex_hand_ws/install/dex_hand_ros2/share/dex_hand_ros2/msg/MotorState.msg
-- Installing: /root/dex_hand_ws/install/dex_hand_ros2/lib/dex_hand_ros2/hand_node.py
-- Installing: /root/dex_hand_ws/install/dex_hand_ros2/lib/dex_hand_ros2/hand_driver.py
-- Installing: /root/dex_hand_ws/install/dex_hand_ros2/lib/dex_hand_ros2/config_node.py
-- Installing: /root/dex_hand_ws/install/dex_hand_ros2/share/ament_index/resource_index/package_run_dependencies/dex_hand_ros2
-- Installing: /root/dex_hand_ws/install/dex_hand_ros2/share/ament_index/resource_index/parent_prefix_path/dex_hand_ros2
-- Installing: /root/dex_hand_ws/install/dex_hand_ros2/share/dex_hand_ros2/environment/ament_prefix_path.sh
-- Installing: /root/dex_hand_ws/install/dex_hand_ros2/share/dex_hand_ros2/environment/ament_prefix_path.dsv
-- Installing: /root/dex_hand_ws/install/dex_hand_ros2/share/dex_hand_ros2/environment/path.sh
-- Installing: /root/dex_hand_ws/install/dex_hand_ros2/share/dex_hand_ros2/environment/path.dsv
-- Installing: /root/dex_hand_ws/install/dex_hand_ros2/share/dex_hand_ros2/local_setup.bash
-- Installing: /root/dex_hand_ws/install/dex_hand_ros2/share/dex_hand_ros2/local_setup.sh
-- Installing: /root/dex_hand_ws/install/dex_hand_ros2/share/dex_hand_ros2/local_setup.zsh
-- Installing: /root/dex_hand_ws/install/dex_hand_ros2/share/dex_hand_ros2/local_setup.dsv
-- Installing: /root/dex_hand_ws/install/dex_hand_ros2/share/dex_hand_ros2/package.dsv
-- Installing: /root/dex_hand_ws/install/dex_hand_ros2/share/ament_index/resource_index/packages/dex_hand_ros2
-- Installing: /root/dex_hand_ws/install/dex_hand_ros2/share/dex_hand_ros2/cmake/export_dex_hand_ros2__rosidl_generator_cExport.cmake
-- Installing: /root/dex_hand_ws/install/dex_hand_ros2/share/dex_hand_ros2/cmake/export_dex_hand_ros2__rosidl_generator_cExport-noconfig.cmake
-- Installing: /root/dex_hand_ws/install/dex_hand_ros2/share/dex_hand_ros2/cmake/export_dex_hand_ros2__rosidl_typesupport_fastrtps_cExport.cmake
-- Installing: /root/dex_hand_ws/install/dex_hand_ros2/share/dex_hand_ros2/cmake/export_dex_hand_ros2__rosidl_typesupport_fastrtps_cExport-noconfig.cmake
-- Installing: /root/dex_hand_ws/install/dex_hand_ros2/share/dex_hand_ros2/cmake/dex_hand_ros2__rosidl_typesupport_introspection_cExport.cmake
-- Installing: /root/dex_hand_ws/install/dex_hand_ros2/share/dex_hand_ros2/cmake/dex_hand_ros2__rosidl_typesupport_introspection_cExport-noconfig.cmake
-- Installing: /root/dex_hand_ws/install/dex_hand_ros2/share/dex_hand_ros2/cmake/dex_hand_ros2__rosidl_typesupport_cExport.cmake
-- Installing: /root/dex_hand_ws/install/dex_hand_ros2/share/dex_hand_ros2/cmake/dex_hand_ros2__rosidl_typesupport_cExport-noconfig.cmake
-- Installing: /root/dex_hand_ws/install/dex_hand_ros2/share/dex_hand_ros2/cmake/export_dex_hand_ros2__rosidl_generator_cppExport.cmake
-- Installing: /root/dex_hand_ws/install/dex_hand_ros2/share/dex_hand_ros2/cmake/export_dex_hand_ros2__rosidl_typesupport_fastrtps_cppExport.cmake
-- Installing: /root/dex_hand_ws/install/dex_hand_ros2/share/dex_hand_ros2/cmake/export_dex_hand_ros2__rosidl_typesupport_fastrtps_cppExport-noconfig.cmake
-- Installing: /root/dex_hand_ws/install/dex_hand_ros2/share/dex_hand_ros2/cmake/dex_hand_ros2__rosidl_typesupport_introspection_cppExport.cmake
-- Installing: /root/dex_hand_ws/install/dex_hand_ros2/share/dex_hand_ros2/cmake/dex_hand_ros2__rosidl_typesupport_introspection_cppExport-noconfig.cmake
-- Installing: /root/dex_hand_ws/install/dex_hand_ros2/share/dex_hand_ros2/cmake/dex_hand_ros2__rosidl_typesupport_cppExport.cmake
-- Installing: /root/dex_hand_ws/install/dex_hand_ros2/share/dex_hand_ros2/cmake/dex_hand_ros2__rosidl_typesupport_cppExport-noconfig.cmake
-- Installing: /root/dex_hand_ws/install/dex_hand_ros2/share/dex_hand_ros2/cmake/export_dex_hand_ros2__rosidl_generator_pyExport.cmake
-- Installing: /root/dex_hand_ws/install/dex_hand_ros2/share/dex_hand_ros2/cmake/export_dex_hand_ros2__rosidl_generator_pyExport-noconfig.cmake
-- Installing: /root/dex_hand_ws/install/dex_hand_ros2/share/dex_hand_ros2/cmake/rosidl_cmake-extras.cmake
-- Installing: /root/dex_hand_ws/install/dex_hand_ros2/share/dex_hand_ros2/cmake/ament_cmake_export_dependencies-extras.cmake
-- Installing: /root/dex_hand_ws/install/dex_hand_ros2/share/dex_hand_ros2/cmake/ament_cmake_export_include_directories-extras.cmake
-- Installing: /root/dex_hand_ws/install/dex_hand_ros2/share/dex_hand_ros2/cmake/ament_cmake_export_libraries-extras.cmake
-- Installing: /root/dex_hand_ws/install/dex_hand_ros2/share/dex_hand_ros2/cmake/ament_cmake_export_targets-extras.cmake
-- Installing: /root/dex_hand_ws/install/dex_hand_ros2/share/dex_hand_ros2/cmake/rosidl_cmake_export_typesupport_targets-extras.cmake
-- Installing: /root/dex_hand_ws/install/dex_hand_ros2/share/dex_hand_ros2/cmake/rosidl_cmake_export_typesupport_libraries-extras.cmake
-- Installing: /root/dex_hand_ws/install/dex_hand_ros2/share/dex_hand_ros2/cmake/dex_hand_ros2Config.cmake
-- Installing: /root/dex_hand_ws/install/dex_hand_ros2/share/dex_hand_ros2/cmake/dex_hand_ros2Config-version.cmake
-- Installing: /root/dex_hand_ws/install/dex_hand_ros2/share/dex_hand_ros2/package.xml
