[0.037s] Invoking command in '/root/dex_hand_ws/build/dex_hand_ros2': CMAKE_PREFIX_PATH=/root/dex_hand_ws/install/dex_hand_ros2:/opt/ros/humble /usr/bin/cmake /root/dex_hand_ws/src/dex_hand_ros2 -DCMAKE_INSTALL_PREFIX=/root/dex_hand_ws/install/dex_hand_ros2
[0.349s] -- The C compiler identification is GNU 11.4.0
[0.588s] -- The CXX compiler identification is GNU 11.4.0
[0.610s] -- Detecting C compiler ABI info
[1.019s] -- Detecting C compiler ABI info - done
[1.037s] -- Check for working C compiler: /usr/bin/cc - skipped
[1.037s] -- Detecting C compile features
[1.038s] -- Detecting C compile features - done
[1.041s] -- Detecting CXX compiler ABI info
[1.420s] -- Detecting CXX compiler ABI info - done
[1.432s] -- Check for working CXX compiler: /usr/bin/c++ - skipped
[1.433s] -- Detecting CXX compile features
[1.433s] -- Detecting CXX compile features - done
[1.439s] -- Found ament_cmake: 1.3.12 (/opt/ros/humble/share/ament_cmake/cmake)
[1.869s] -- Found Python3: /usr/bin/python3 (found version "3.10.12") found components: Interpreter 
[2.005s] -- Found rosidl_default_generators: 1.2.0 (/opt/ros/humble/share/rosidl_default_generators/cmake)
[2.007s] -- Using all available rosidl_typesupport_c: rosidl_typesupport_fastrtps_c;rosidl_typesupport_introspection_c
[2.013s] -- Found rosidl_adapter: 3.1.8 (/opt/ros/humble/share/rosidl_adapter/cmake)
[2.039s] -- Using all available rosidl_typesupport_cpp: rosidl_typesupport_fastrtps_cpp;rosidl_typesupport_introspection_cpp
[2.061s] -- Found std_msgs: 4.9.0 (/opt/ros/humble/share/std_msgs/cmake)
[2.082s] -- Found geometry_msgs: 4.9.0 (/opt/ros/humble/share/geometry_msgs/cmake)
[2.087s] -- Found rclpy: 3.3.19 (/opt/ros/humble/share/rclpy/cmake)
[2.648s] -- Found ament_cmake_ros: 0.10.0 (/opt/ros/humble/share/ament_cmake_ros/cmake)
[3.168s] -- Using all available rosidl_typesupport_c: rosidl_typesupport_fastrtps_c;rosidl_typesupport_introspection_c
[3.851s] -- Using all available rosidl_typesupport_cpp: rosidl_typesupport_fastrtps_cpp;rosidl_typesupport_introspection_cpp
[3.918s] -- Found PythonInterp: /usr/bin/python3 (found suitable version "3.10.12", minimum required is "3.6") 
[3.921s] -- Found python_cmake_module: 0.10.0 (/opt/ros/humble/share/python_cmake_module/cmake)
[3.990s] -- Found PythonLibs: /usr/lib/x86_64-linux-gnu/libpython3.10.so (found suitable version "3.10.12", minimum required is "3.5") 
[3.990s] -- Using PYTHON_EXECUTABLE: /usr/bin/python3
[3.990s] -- Using PYTHON_INCLUDE_DIRS: /usr/include/python3.10
[3.990s] -- Using PYTHON_LIBRARIES: /usr/lib/x86_64-linux-gnu/libpython3.10.so
[4.054s] -- Found PythonExtra: .so  
[4.159s] -- Found ament_lint_auto: 0.12.14 (/opt/ros/humble/share/ament_lint_auto/cmake)
[4.191s] -- Added test 'copyright' to check source files copyright and LICENSE
[4.246s] -- Added test 'flake8' to check Python code syntax and style conventions
[4.252s] -- Added test 'lint_cmake' to check CMake code style
[4.255s] -- Added test 'pep257' to check Python code against some of the docstring style conventions in PEP 257
[4.280s] -- Added test 'xmllint' to check XML markup files
[4.291s] -- Configuring done
[4.405s] -- Generating done
[4.439s] -- Build files have been written to: /root/dex_hand_ws/build/dex_hand_ros2
[4.445s] Invoked command in '/root/dex_hand_ws/build/dex_hand_ros2' returned '0': CMAKE_PREFIX_PATH=/root/dex_hand_ws/install/dex_hand_ros2:/opt/ros/humble /usr/bin/cmake /root/dex_hand_ws/src/dex_hand_ros2 -DCMAKE_INSTALL_PREFIX=/root/dex_hand_ws/install/dex_hand_ros2
[4.448s] Invoking command in '/root/dex_hand_ws/build/dex_hand_ros2': CMAKE_PREFIX_PATH=/root/dex_hand_ws/install/dex_hand_ros2:/opt/ros/humble /usr/bin/cmake --build /root/dex_hand_ws/build/dex_hand_ros2 -- -j10 -l10
[4.681s] [  2%] [34m[1mGenerating C code for ROS interfaces[0m
[4.787s] [  5%] [34m[1mGenerating C++ code for ROS interfaces[0m
[4.849s] [  5%] Built target ament_cmake_python_copy_dex_hand_ros2
[5.289s] running egg_info
[5.290s] creating dex_hand_ros2.egg-info
[5.290s] writing dex_hand_ros2.egg-info/PKG-INFO
[5.291s] writing dependency_links to dex_hand_ros2.egg-info/dependency_links.txt
[5.291s] writing top-level names to dex_hand_ros2.egg-info/top_level.txt
[5.292s] writing manifest file 'dex_hand_ros2.egg-info/SOURCES.txt'
[5.297s] reading manifest file 'dex_hand_ros2.egg-info/SOURCES.txt'
[5.300s] writing manifest file 'dex_hand_ros2.egg-info/SOURCES.txt'
[5.338s] [  5%] Built target dex_hand_ros2__cpp
[5.372s] [  7%] [32mBuilding C object CMakeFiles/dex_hand_ros2__rosidl_generator_c.dir/rosidl_generator_c/dex_hand_ros2/msg/detail/motor_state__functions.c.o[0m
[5.376s] [ 10%] [32mBuilding C object CMakeFiles/dex_hand_ros2__rosidl_generator_c.dir/rosidl_generator_c/dex_hand_ros2/msg/detail/gesture_cmd__functions.c.o[0m
[5.383s] [ 10%] Built target ament_cmake_python_build_dex_hand_ros2_egg
[5.449s] [ 12%] [34m[1mGenerating C++ type support for eProsima Fast-RTPS[0m
[5.451s] [ 15%] [34m[1mGenerating C++ introspection for ROS interfaces[0m
[5.457s] [ 17%] [34m[1mGenerating C++ type support dispatch for ROS interfaces[0m
[5.721s] [ 20%] [32m[1mLinking C shared library libdex_hand_ros2__rosidl_generator_c.so[0m
[5.936s] [ 20%] Built target dex_hand_ros2__rosidl_generator_c
[5.948s] [ 23%] [32mBuilding CXX object CMakeFiles/dex_hand_ros2__rosidl_typesupport_cpp.dir/rosidl_typesupport_cpp/dex_hand_ros2/msg/gesture_cmd__type_support.cpp.o[0m
[5.952s] [ 28%] [32mBuilding CXX object CMakeFiles/dex_hand_ros2__rosidl_typesupport_fastrtps_cpp.dir/rosidl_typesupport_fastrtps_cpp/dex_hand_ros2/msg/detail/dds_fastrtps/gesture_cmd__type_support.cpp.o[0m
[5.958s] [ 28%] [32mBuilding CXX object CMakeFiles/dex_hand_ros2__rosidl_typesupport_cpp.dir/rosidl_typesupport_cpp/dex_hand_ros2/msg/motor_state__type_support.cpp.o[0m
[5.961s] [ 30%] [32mBuilding CXX object CMakeFiles/dex_hand_ros2__rosidl_typesupport_introspection_cpp.dir/rosidl_typesupport_introspection_cpp/dex_hand_ros2/msg/detail/gesture_cmd__type_support.cpp.o[0m
[5.969s] [ 33%] [32mBuilding CXX object CMakeFiles/dex_hand_ros2__rosidl_typesupport_fastrtps_cpp.dir/rosidl_typesupport_fastrtps_cpp/dex_hand_ros2/msg/detail/dds_fastrtps/motor_state__type_support.cpp.o[0m
[5.971s] [ 35%] [32mBuilding CXX object CMakeFiles/dex_hand_ros2__rosidl_typesupport_introspection_cpp.dir/rosidl_typesupport_introspection_cpp/dex_hand_ros2/msg/detail/motor_state__type_support.cpp.o[0m
[6.046s] [ 38%] [34m[1mGenerating C type support for eProsima Fast-RTPS[0m
[6.051s] [ 41%] [34m[1mGenerating C type support dispatch for ROS interfaces[0m
[6.059s] [ 43%] [34m[1mGenerating C introspection for ROS interfaces[0m
[6.772s] [ 46%] [32mBuilding CXX object CMakeFiles/dex_hand_ros2__rosidl_typesupport_c.dir/rosidl_typesupport_c/dex_hand_ros2/msg/gesture_cmd__type_support.cpp.o[0m
[6.807s] [ 48%] [32mBuilding CXX object CMakeFiles/dex_hand_ros2__rosidl_typesupport_c.dir/rosidl_typesupport_c/dex_hand_ros2/msg/motor_state__type_support.cpp.o[0m
[6.819s] [ 51%] [32mBuilding C object CMakeFiles/dex_hand_ros2__rosidl_typesupport_introspection_c.dir/rosidl_typesupport_introspection_c/dex_hand_ros2/msg/detail/motor_state__type_support.c.o[0m
[6.823s] [ 53%] [32mBuilding C object CMakeFiles/dex_hand_ros2__rosidl_typesupport_introspection_c.dir/rosidl_typesupport_introspection_c/dex_hand_ros2/msg/detail/gesture_cmd__type_support.c.o[0m
[6.862s] [ 58%] [32mBuilding CXX object CMakeFiles/dex_hand_ros2__rosidl_typesupport_fastrtps_c.dir/rosidl_typesupport_fastrtps_c/dex_hand_ros2/msg/detail/gesture_cmd__type_support_c.cpp.o[0m
[6.863s] [ 58%] [32m[1mLinking CXX shared library libdex_hand_ros2__rosidl_typesupport_cpp.so[0m
[6.966s] [ 61%] [32mBuilding CXX object CMakeFiles/dex_hand_ros2__rosidl_typesupport_fastrtps_c.dir/rosidl_typesupport_fastrtps_c/dex_hand_ros2/msg/detail/motor_state__type_support_c.cpp.o[0m
[7.043s] [ 64%] [32m[1mLinking CXX shared library libdex_hand_ros2__rosidl_typesupport_introspection_cpp.so[0m
[7.097s] [ 66%] [32m[1mLinking CXX shared library libdex_hand_ros2__rosidl_typesupport_fastrtps_cpp.so[0m
[7.130s] [ 66%] Built target dex_hand_ros2__rosidl_typesupport_cpp
[7.139s] [ 69%] [32m[1mLinking CXX shared library libdex_hand_ros2__rosidl_typesupport_c.so[0m
[7.189s] [ 71%] [32m[1mLinking C shared library libdex_hand_ros2__rosidl_typesupport_introspection_c.so[0m
[7.268s] [ 71%] Built target dex_hand_ros2__rosidl_typesupport_introspection_cpp
[7.334s] [ 71%] Built target dex_hand_ros2__rosidl_typesupport_fastrtps_cpp
[7.364s] [ 71%] Built target dex_hand_ros2__rosidl_typesupport_c
[7.379s] [ 71%] Built target dex_hand_ros2__rosidl_typesupport_introspection_c
[7.597s] [ 74%] [32m[1mLinking CXX shared library libdex_hand_ros2__rosidl_typesupport_fastrtps_c.so[0m
[7.755s] [ 74%] Built target dex_hand_ros2__rosidl_typesupport_fastrtps_c
[7.879s] [ 74%] Built target dex_hand_ros2
[8.003s] [ 76%] [34m[1mGenerating Python code for ROS interfaces[0m
[8.446s] [ 76%] Built target dex_hand_ros2__py
[8.577s] [ 79%] [32mBuilding C object CMakeFiles/dex_hand_ros2__rosidl_generator_py.dir/rosidl_generator_py/dex_hand_ros2/msg/_gesture_cmd_s.c.o[0m
[8.581s] [ 82%] [32mBuilding C object CMakeFiles/dex_hand_ros2__rosidl_generator_py.dir/rosidl_generator_py/dex_hand_ros2/msg/_motor_state_s.c.o[0m
[8.902s] [ 84%] [32m[1mLinking C shared library rosidl_generator_py/dex_hand_ros2/libdex_hand_ros2__rosidl_generator_py.so[0m
[9.062s] [ 84%] Built target dex_hand_ros2__rosidl_generator_py
[9.238s] [ 89%] [32mBuilding C object CMakeFiles/dex_hand_ros2__rosidl_typesupport_fastrtps_c__pyext.dir/rosidl_generator_py/dex_hand_ros2/_dex_hand_ros2_s.ep.rosidl_typesupport_fastrtps_c.c.o[0m
[9.241s] [ 89%] [32mBuilding C object CMakeFiles/dex_hand_ros2__rosidl_typesupport_c__pyext.dir/rosidl_generator_py/dex_hand_ros2/_dex_hand_ros2_s.ep.rosidl_typesupport_c.c.o[0m
[9.242s] [ 92%] [32mBuilding C object CMakeFiles/dex_hand_ros2__rosidl_typesupport_introspection_c__pyext.dir/rosidl_generator_py/dex_hand_ros2/_dex_hand_ros2_s.ep.rosidl_typesupport_introspection_c.c.o[0m
[9.576s] [ 94%] [32m[1mLinking C shared library rosidl_generator_py/dex_hand_ros2/dex_hand_ros2_s__rosidl_typesupport_fastrtps_c.cpython-310-x86_64-linux-gnu.so[0m
[9.585s] [ 97%] [32m[1mLinking C shared library rosidl_generator_py/dex_hand_ros2/dex_hand_ros2_s__rosidl_typesupport_c.cpython-310-x86_64-linux-gnu.so[0m
[9.590s] [100%] [32m[1mLinking C shared library rosidl_generator_py/dex_hand_ros2/dex_hand_ros2_s__rosidl_typesupport_introspection_c.cpython-310-x86_64-linux-gnu.so[0m
[9.751s] [100%] Built target dex_hand_ros2__rosidl_typesupport_fastrtps_c__pyext
[9.756s] [100%] Built target dex_hand_ros2__rosidl_typesupport_c__pyext
[9.769s] [100%] Built target dex_hand_ros2__rosidl_typesupport_introspection_c__pyext
[9.807s] Invoked command in '/root/dex_hand_ws/build/dex_hand_ros2' returned '0': CMAKE_PREFIX_PATH=/root/dex_hand_ws/install/dex_hand_ros2:/opt/ros/humble /usr/bin/cmake --build /root/dex_hand_ws/build/dex_hand_ros2 -- -j10 -l10
[9.840s] Invoking command in '/root/dex_hand_ws/build/dex_hand_ros2': CMAKE_PREFIX_PATH=/root/dex_hand_ws/install/dex_hand_ros2:/opt/ros/humble /usr/bin/cmake --install /root/dex_hand_ws/build/dex_hand_ros2
[9.877s] -- Install configuration: ""
[9.879s] -- Installing: /root/dex_hand_ws/install/dex_hand_ros2/share/ament_index/resource_index/rosidl_interfaces/dex_hand_ros2
[9.881s] -- Installing: /root/dex_hand_ws/install/dex_hand_ros2/include/dex_hand_ros2/dex_hand_ros2
[9.882s] -- Installing: /root/dex_hand_ws/install/dex_hand_ros2/include/dex_hand_ros2/dex_hand_ros2/msg
[9.882s] -- Installing: /root/dex_hand_ws/install/dex_hand_ros2/include/dex_hand_ros2/dex_hand_ros2/msg/rosidl_generator_c__visibility_control.h
[9.883s] -- Installing: /root/dex_hand_ws/install/dex_hand_ros2/include/dex_hand_ros2/dex_hand_ros2/msg/gesture_cmd.h
[9.884s] -- Installing: /root/dex_hand_ws/install/dex_hand_ros2/include/dex_hand_ros2/dex_hand_ros2/msg/motor_state.h
[9.885s] -- Installing: /root/dex_hand_ws/install/dex_hand_ros2/include/dex_hand_ros2/dex_hand_ros2/msg/detail
[9.886s] -- Installing: /root/dex_hand_ws/install/dex_hand_ros2/include/dex_hand_ros2/dex_hand_ros2/msg/detail/gesture_cmd__functions.h
[9.887s] -- Installing: /root/dex_hand_ws/install/dex_hand_ros2/include/dex_hand_ros2/dex_hand_ros2/msg/detail/motor_state__struct.h
[9.888s] -- Installing: /root/dex_hand_ws/install/dex_hand_ros2/include/dex_hand_ros2/dex_hand_ros2/msg/detail/motor_state__functions.c
[9.889s] -- Installing: /root/dex_hand_ws/install/dex_hand_ros2/include/dex_hand_ros2/dex_hand_ros2/msg/detail/motor_state__type_support.h
[9.890s] -- Installing: /root/dex_hand_ws/install/dex_hand_ros2/include/dex_hand_ros2/dex_hand_ros2/msg/detail/gesture_cmd__type_support.h
[9.891s] -- Installing: /root/dex_hand_ws/install/dex_hand_ros2/include/dex_hand_ros2/dex_hand_ros2/msg/detail/gesture_cmd__functions.c
[9.892s] -- Installing: /root/dex_hand_ws/install/dex_hand_ros2/include/dex_hand_ros2/dex_hand_ros2/msg/detail/gesture_cmd__struct.h
[9.892s] -- Installing: /root/dex_hand_ws/install/dex_hand_ros2/include/dex_hand_ros2/dex_hand_ros2/msg/detail/motor_state__functions.h
[9.894s] -- Installing: /root/dex_hand_ws/install/dex_hand_ros2/share/dex_hand_ros2/environment/library_path.sh
[9.895s] -- Installing: /root/dex_hand_ws/install/dex_hand_ros2/share/dex_hand_ros2/environment/library_path.dsv
[9.896s] -- Installing: /root/dex_hand_ws/install/dex_hand_ros2/lib/libdex_hand_ros2__rosidl_generator_c.so
[9.899s] -- Set runtime path of "/root/dex_hand_ws/install/dex_hand_ros2/lib/libdex_hand_ros2__rosidl_generator_c.so" to ""
[9.899s] -- Up-to-date: /root/dex_hand_ws/install/dex_hand_ros2/include/dex_hand_ros2/dex_hand_ros2
[9.899s] -- Up-to-date: /root/dex_hand_ws/install/dex_hand_ros2/include/dex_hand_ros2/dex_hand_ros2/msg
[9.900s] -- Up-to-date: /root/dex_hand_ws/install/dex_hand_ros2/include/dex_hand_ros2/dex_hand_ros2/msg/detail
[9.900s] -- Installing: /root/dex_hand_ws/install/dex_hand_ros2/include/dex_hand_ros2/dex_hand_ros2/msg/detail/motor_state__rosidl_typesupport_fastrtps_c.h
[9.901s] -- Installing: /root/dex_hand_ws/install/dex_hand_ros2/include/dex_hand_ros2/dex_hand_ros2/msg/detail/gesture_cmd__rosidl_typesupport_fastrtps_c.h
[9.902s] -- Installing: /root/dex_hand_ws/install/dex_hand_ros2/include/dex_hand_ros2/dex_hand_ros2/msg/rosidl_typesupport_fastrtps_c__visibility_control.h
[9.903s] -- Installing: /root/dex_hand_ws/install/dex_hand_ros2/lib/libdex_hand_ros2__rosidl_typesupport_fastrtps_c.so
[9.904s] -- Set runtime path of "/root/dex_hand_ws/install/dex_hand_ros2/lib/libdex_hand_ros2__rosidl_typesupport_fastrtps_c.so" to ""
[9.905s] -- Up-to-date: /root/dex_hand_ws/install/dex_hand_ros2/include/dex_hand_ros2/dex_hand_ros2
[9.905s] -- Up-to-date: /root/dex_hand_ws/install/dex_hand_ros2/include/dex_hand_ros2/dex_hand_ros2/msg
[9.905s] -- Up-to-date: /root/dex_hand_ws/install/dex_hand_ros2/include/dex_hand_ros2/dex_hand_ros2/msg/detail
[9.905s] -- Installing: /root/dex_hand_ws/install/dex_hand_ros2/include/dex_hand_ros2/dex_hand_ros2/msg/detail/gesture_cmd__type_support.c
[9.906s] -- Installing: /root/dex_hand_ws/install/dex_hand_ros2/include/dex_hand_ros2/dex_hand_ros2/msg/detail/motor_state__rosidl_typesupport_introspection_c.h
[9.907s] -- Installing: /root/dex_hand_ws/install/dex_hand_ros2/include/dex_hand_ros2/dex_hand_ros2/msg/detail/gesture_cmd__rosidl_typesupport_introspection_c.h
[9.908s] -- Installing: /root/dex_hand_ws/install/dex_hand_ros2/include/dex_hand_ros2/dex_hand_ros2/msg/detail/motor_state__type_support.c
[9.909s] -- Installing: /root/dex_hand_ws/install/dex_hand_ros2/include/dex_hand_ros2/dex_hand_ros2/msg/rosidl_typesupport_introspection_c__visibility_control.h
[9.910s] -- Installing: /root/dex_hand_ws/install/dex_hand_ros2/lib/libdex_hand_ros2__rosidl_typesupport_introspection_c.so
[9.912s] -- Set runtime path of "/root/dex_hand_ws/install/dex_hand_ros2/lib/libdex_hand_ros2__rosidl_typesupport_introspection_c.so" to ""
[9.912s] -- Installing: /root/dex_hand_ws/install/dex_hand_ros2/lib/libdex_hand_ros2__rosidl_typesupport_c.so
[9.913s] -- Set runtime path of "/root/dex_hand_ws/install/dex_hand_ros2/lib/libdex_hand_ros2__rosidl_typesupport_c.so" to ""
[9.913s] -- Up-to-date: /root/dex_hand_ws/install/dex_hand_ros2/include/dex_hand_ros2/dex_hand_ros2
[9.914s] -- Up-to-date: /root/dex_hand_ws/install/dex_hand_ros2/include/dex_hand_ros2/dex_hand_ros2/msg
[9.914s] -- Installing: /root/dex_hand_ws/install/dex_hand_ros2/include/dex_hand_ros2/dex_hand_ros2/msg/motor_state.hpp
[9.915s] -- Up-to-date: /root/dex_hand_ws/install/dex_hand_ros2/include/dex_hand_ros2/dex_hand_ros2/msg/detail
[9.915s] -- Installing: /root/dex_hand_ws/install/dex_hand_ros2/include/dex_hand_ros2/dex_hand_ros2/msg/detail/gesture_cmd__struct.hpp
[9.916s] -- Installing: /root/dex_hand_ws/install/dex_hand_ros2/include/dex_hand_ros2/dex_hand_ros2/msg/detail/motor_state__struct.hpp
[9.917s] -- Installing: /root/dex_hand_ws/install/dex_hand_ros2/include/dex_hand_ros2/dex_hand_ros2/msg/detail/motor_state__builder.hpp
[9.918s] -- Installing: /root/dex_hand_ws/install/dex_hand_ros2/include/dex_hand_ros2/dex_hand_ros2/msg/detail/motor_state__type_support.hpp
[9.919s] -- Installing: /root/dex_hand_ws/install/dex_hand_ros2/include/dex_hand_ros2/dex_hand_ros2/msg/detail/gesture_cmd__traits.hpp
[9.920s] -- Installing: /root/dex_hand_ws/install/dex_hand_ros2/include/dex_hand_ros2/dex_hand_ros2/msg/detail/gesture_cmd__type_support.hpp
[9.921s] -- Installing: /root/dex_hand_ws/install/dex_hand_ros2/include/dex_hand_ros2/dex_hand_ros2/msg/detail/motor_state__traits.hpp
[9.922s] -- Installing: /root/dex_hand_ws/install/dex_hand_ros2/include/dex_hand_ros2/dex_hand_ros2/msg/detail/gesture_cmd__builder.hpp
[9.923s] -- Installing: /root/dex_hand_ws/install/dex_hand_ros2/include/dex_hand_ros2/dex_hand_ros2/msg/rosidl_generator_cpp__visibility_control.hpp
[9.924s] -- Installing: /root/dex_hand_ws/install/dex_hand_ros2/include/dex_hand_ros2/dex_hand_ros2/msg/gesture_cmd.hpp
[9.925s] -- Up-to-date: /root/dex_hand_ws/install/dex_hand_ros2/include/dex_hand_ros2/dex_hand_ros2
[9.925s] -- Up-to-date: /root/dex_hand_ws/install/dex_hand_ros2/include/dex_hand_ros2/dex_hand_ros2/msg
[9.926s] -- Installing: /root/dex_hand_ws/install/dex_hand_ros2/include/dex_hand_ros2/dex_hand_ros2/msg/rosidl_typesupport_fastrtps_cpp__visibility_control.h
[9.927s] -- Up-to-date: /root/dex_hand_ws/install/dex_hand_ros2/include/dex_hand_ros2/dex_hand_ros2/msg/detail
[9.927s] -- Installing: /root/dex_hand_ws/install/dex_hand_ros2/include/dex_hand_ros2/dex_hand_ros2/msg/detail/gesture_cmd__rosidl_typesupport_fastrtps_cpp.hpp
[9.928s] -- Installing: /root/dex_hand_ws/install/dex_hand_ros2/include/dex_hand_ros2/dex_hand_ros2/msg/detail/motor_state__rosidl_typesupport_fastrtps_cpp.hpp
[9.929s] -- Installing: /root/dex_hand_ws/install/dex_hand_ros2/include/dex_hand_ros2/dex_hand_ros2/msg/detail/dds_fastrtps
[9.930s] -- Installing: /root/dex_hand_ws/install/dex_hand_ros2/lib/libdex_hand_ros2__rosidl_typesupport_fastrtps_cpp.so
[9.931s] -- Set runtime path of "/root/dex_hand_ws/install/dex_hand_ros2/lib/libdex_hand_ros2__rosidl_typesupport_fastrtps_cpp.so" to ""
[9.931s] -- Up-to-date: /root/dex_hand_ws/install/dex_hand_ros2/include/dex_hand_ros2/dex_hand_ros2
[9.932s] -- Up-to-date: /root/dex_hand_ws/install/dex_hand_ros2/include/dex_hand_ros2/dex_hand_ros2/msg
[9.932s] -- Up-to-date: /root/dex_hand_ws/install/dex_hand_ros2/include/dex_hand_ros2/dex_hand_ros2/msg/detail
[9.932s] -- Installing: /root/dex_hand_ws/install/dex_hand_ros2/include/dex_hand_ros2/dex_hand_ros2/msg/detail/gesture_cmd__type_support.cpp
[9.933s] -- Installing: /root/dex_hand_ws/install/dex_hand_ros2/include/dex_hand_ros2/dex_hand_ros2/msg/detail/gesture_cmd__rosidl_typesupport_introspection_cpp.hpp
[9.934s] -- Installing: /root/dex_hand_ws/install/dex_hand_ros2/include/dex_hand_ros2/dex_hand_ros2/msg/detail/motor_state__rosidl_typesupport_introspection_cpp.hpp
[9.935s] -- Installing: /root/dex_hand_ws/install/dex_hand_ros2/include/dex_hand_ros2/dex_hand_ros2/msg/detail/motor_state__type_support.cpp
[9.936s] -- Installing: /root/dex_hand_ws/install/dex_hand_ros2/lib/libdex_hand_ros2__rosidl_typesupport_introspection_cpp.so
[9.938s] -- Set runtime path of "/root/dex_hand_ws/install/dex_hand_ros2/lib/libdex_hand_ros2__rosidl_typesupport_introspection_cpp.so" to ""
[9.938s] -- Installing: /root/dex_hand_ws/install/dex_hand_ros2/lib/libdex_hand_ros2__rosidl_typesupport_cpp.so
[9.939s] -- Set runtime path of "/root/dex_hand_ws/install/dex_hand_ros2/lib/libdex_hand_ros2__rosidl_typesupport_cpp.so" to ""
[9.939s] -- Installing: /root/dex_hand_ws/install/dex_hand_ros2/share/dex_hand_ros2/environment/pythonpath.sh
[9.940s] -- Installing: /root/dex_hand_ws/install/dex_hand_ros2/share/dex_hand_ros2/environment/pythonpath.dsv
[9.941s] -- Installing: /root/dex_hand_ws/install/dex_hand_ros2/local/lib/python3.10/dist-packages/dex_hand_ros2-0.1.0-py3.10.egg-info
[9.942s] -- Installing: /root/dex_hand_ws/install/dex_hand_ros2/local/lib/python3.10/dist-packages/dex_hand_ros2-0.1.0-py3.10.egg-info/PKG-INFO
[9.943s] -- Installing: /root/dex_hand_ws/install/dex_hand_ros2/local/lib/python3.10/dist-packages/dex_hand_ros2-0.1.0-py3.10.egg-info/SOURCES.txt
[9.944s] -- Installing: /root/dex_hand_ws/install/dex_hand_ros2/local/lib/python3.10/dist-packages/dex_hand_ros2-0.1.0-py3.10.egg-info/top_level.txt
[9.945s] -- Installing: /root/dex_hand_ws/install/dex_hand_ros2/local/lib/python3.10/dist-packages/dex_hand_ros2-0.1.0-py3.10.egg-info/dependency_links.txt
[9.946s] -- Installing: /root/dex_hand_ws/install/dex_hand_ros2/local/lib/python3.10/dist-packages/dex_hand_ros2
[9.947s] -- Installing: /root/dex_hand_ws/install/dex_hand_ros2/local/lib/python3.10/dist-packages/dex_hand_ros2/dex_hand_ros2_s__rosidl_typesupport_fastrtps_c.cpython-310-x86_64-linux-gnu.so
[9.948s] -- Installing: /root/dex_hand_ws/install/dex_hand_ros2/local/lib/python3.10/dist-packages/dex_hand_ros2/_dex_hand_ros2_s.ep.rosidl_typesupport_fastrtps_c.c
[9.949s] -- Installing: /root/dex_hand_ws/install/dex_hand_ros2/local/lib/python3.10/dist-packages/dex_hand_ros2/msg
[9.949s] -- Installing: /root/dex_hand_ws/install/dex_hand_ros2/local/lib/python3.10/dist-packages/dex_hand_ros2/msg/_motor_state_s.c
[9.950s] -- Installing: /root/dex_hand_ws/install/dex_hand_ros2/local/lib/python3.10/dist-packages/dex_hand_ros2/msg/_gesture_cmd_s.c
[9.951s] -- Installing: /root/dex_hand_ws/install/dex_hand_ros2/local/lib/python3.10/dist-packages/dex_hand_ros2/msg/__init__.py
[9.952s] -- Installing: /root/dex_hand_ws/install/dex_hand_ros2/local/lib/python3.10/dist-packages/dex_hand_ros2/msg/_gesture_cmd.py
[9.953s] -- Installing: /root/dex_hand_ws/install/dex_hand_ros2/local/lib/python3.10/dist-packages/dex_hand_ros2/msg/_motor_state.py
[9.954s] -- Installing: /root/dex_hand_ws/install/dex_hand_ros2/local/lib/python3.10/dist-packages/dex_hand_ros2/_dex_hand_ros2_s.ep.rosidl_typesupport_introspection_c.c
[9.955s] -- Installing: /root/dex_hand_ws/install/dex_hand_ros2/local/lib/python3.10/dist-packages/dex_hand_ros2/_dex_hand_ros2_s.ep.rosidl_typesupport_c.c
[9.956s] -- Installing: /root/dex_hand_ws/install/dex_hand_ros2/local/lib/python3.10/dist-packages/dex_hand_ros2/dex_hand_ros2_s__rosidl_typesupport_introspection_c.cpython-310-x86_64-linux-gnu.so
[9.957s] -- Installing: /root/dex_hand_ws/install/dex_hand_ros2/local/lib/python3.10/dist-packages/dex_hand_ros2/__init__.py
[9.958s] -- Installing: /root/dex_hand_ws/install/dex_hand_ros2/local/lib/python3.10/dist-packages/dex_hand_ros2/libdex_hand_ros2__rosidl_generator_py.so
[9.960s] -- Installing: /root/dex_hand_ws/install/dex_hand_ros2/local/lib/python3.10/dist-packages/dex_hand_ros2/dex_hand_ros2_s__rosidl_typesupport_c.cpython-310-x86_64-linux-gnu.so
[10.052s] Listing '/root/dex_hand_ws/install/dex_hand_ros2/local/lib/python3.10/dist-packages/dex_hand_ros2'...
[10.053s] Compiling '/root/dex_hand_ws/install/dex_hand_ros2/local/lib/python3.10/dist-packages/dex_hand_ros2/__init__.py'...
[10.055s] Listing '/root/dex_hand_ws/install/dex_hand_ros2/local/lib/python3.10/dist-packages/dex_hand_ros2/msg'...
[10.055s] Compiling '/root/dex_hand_ws/install/dex_hand_ros2/local/lib/python3.10/dist-packages/dex_hand_ros2/msg/__init__.py'...
[10.055s] Compiling '/root/dex_hand_ws/install/dex_hand_ros2/local/lib/python3.10/dist-packages/dex_hand_ros2/msg/_gesture_cmd.py'...
[10.055s] Compiling '/root/dex_hand_ws/install/dex_hand_ros2/local/lib/python3.10/dist-packages/dex_hand_ros2/msg/_motor_state.py'...
[10.056s] -- Installing: /root/dex_hand_ws/install/dex_hand_ros2/local/lib/python3.10/dist-packages/dex_hand_ros2/dex_hand_ros2_s__rosidl_typesupport_fastrtps_c.cpython-310-x86_64-linux-gnu.so
[10.058s] -- Set runtime path of "/root/dex_hand_ws/install/dex_hand_ros2/local/lib/python3.10/dist-packages/dex_hand_ros2/dex_hand_ros2_s__rosidl_typesupport_fastrtps_c.cpython-310-x86_64-linux-gnu.so" to ""
[10.058s] -- Installing: /root/dex_hand_ws/install/dex_hand_ros2/local/lib/python3.10/dist-packages/dex_hand_ros2/dex_hand_ros2_s__rosidl_typesupport_introspection_c.cpython-310-x86_64-linux-gnu.so
[10.060s] -- Set runtime path of "/root/dex_hand_ws/install/dex_hand_ros2/local/lib/python3.10/dist-packages/dex_hand_ros2/dex_hand_ros2_s__rosidl_typesupport_introspection_c.cpython-310-x86_64-linux-gnu.so" to ""
[10.060s] -- Installing: /root/dex_hand_ws/install/dex_hand_ros2/local/lib/python3.10/dist-packages/dex_hand_ros2/dex_hand_ros2_s__rosidl_typesupport_c.cpython-310-x86_64-linux-gnu.so
[10.061s] -- Set runtime path of "/root/dex_hand_ws/install/dex_hand_ros2/local/lib/python3.10/dist-packages/dex_hand_ros2/dex_hand_ros2_s__rosidl_typesupport_c.cpython-310-x86_64-linux-gnu.so" to ""
[10.061s] -- Installing: /root/dex_hand_ws/install/dex_hand_ros2/lib/libdex_hand_ros2__rosidl_generator_py.so
[10.063s] -- Set runtime path of "/root/dex_hand_ws/install/dex_hand_ros2/lib/libdex_hand_ros2__rosidl_generator_py.so" to ""
[10.063s] -- Installing: /root/dex_hand_ws/install/dex_hand_ros2/share/dex_hand_ros2/msg/GestureCmd.idl
[10.064s] -- Installing: /root/dex_hand_ws/install/dex_hand_ros2/share/dex_hand_ros2/msg/MotorState.idl
[10.065s] -- Installing: /root/dex_hand_ws/install/dex_hand_ros2/share/dex_hand_ros2/msg/GestureCmd.msg
[10.066s] -- Installing: /root/dex_hand_ws/install/dex_hand_ros2/share/dex_hand_ros2/msg/MotorState.msg
[10.067s] -- Installing: /root/dex_hand_ws/install/dex_hand_ros2/lib/dex_hand_ros2/hand_node.py
[10.068s] -- Installing: /root/dex_hand_ws/install/dex_hand_ros2/lib/dex_hand_ros2/hand_driver.py
[10.069s] -- Installing: /root/dex_hand_ws/install/dex_hand_ros2/lib/dex_hand_ros2/config_node.py
[10.070s] -- Installing: /root/dex_hand_ws/install/dex_hand_ros2/share/ament_index/resource_index/package_run_dependencies/dex_hand_ros2
[10.071s] -- Installing: /root/dex_hand_ws/install/dex_hand_ros2/share/ament_index/resource_index/parent_prefix_path/dex_hand_ros2
[10.072s] -- Installing: /root/dex_hand_ws/install/dex_hand_ros2/share/dex_hand_ros2/environment/ament_prefix_path.sh
[10.073s] -- Installing: /root/dex_hand_ws/install/dex_hand_ros2/share/dex_hand_ros2/environment/ament_prefix_path.dsv
[10.074s] -- Installing: /root/dex_hand_ws/install/dex_hand_ros2/share/dex_hand_ros2/environment/path.sh
[10.075s] -- Installing: /root/dex_hand_ws/install/dex_hand_ros2/share/dex_hand_ros2/environment/path.dsv
[10.076s] -- Installing: /root/dex_hand_ws/install/dex_hand_ros2/share/dex_hand_ros2/local_setup.bash
[10.077s] -- Installing: /root/dex_hand_ws/install/dex_hand_ros2/share/dex_hand_ros2/local_setup.sh
[10.078s] -- Installing: /root/dex_hand_ws/install/dex_hand_ros2/share/dex_hand_ros2/local_setup.zsh
[10.079s] -- Installing: /root/dex_hand_ws/install/dex_hand_ros2/share/dex_hand_ros2/local_setup.dsv
[10.080s] -- Installing: /root/dex_hand_ws/install/dex_hand_ros2/share/dex_hand_ros2/package.dsv
[10.081s] -- Installing: /root/dex_hand_ws/install/dex_hand_ros2/share/ament_index/resource_index/packages/dex_hand_ros2
[10.082s] -- Installing: /root/dex_hand_ws/install/dex_hand_ros2/share/dex_hand_ros2/cmake/export_dex_hand_ros2__rosidl_generator_cExport.cmake
[10.083s] -- Installing: /root/dex_hand_ws/install/dex_hand_ros2/share/dex_hand_ros2/cmake/export_dex_hand_ros2__rosidl_generator_cExport-noconfig.cmake
[10.085s] -- Installing: /root/dex_hand_ws/install/dex_hand_ros2/share/dex_hand_ros2/cmake/export_dex_hand_ros2__rosidl_typesupport_fastrtps_cExport.cmake
[10.086s] -- Installing: /root/dex_hand_ws/install/dex_hand_ros2/share/dex_hand_ros2/cmake/export_dex_hand_ros2__rosidl_typesupport_fastrtps_cExport-noconfig.cmake
[10.087s] -- Installing: /root/dex_hand_ws/install/dex_hand_ros2/share/dex_hand_ros2/cmake/dex_hand_ros2__rosidl_typesupport_introspection_cExport.cmake
[10.088s] -- Installing: /root/dex_hand_ws/install/dex_hand_ros2/share/dex_hand_ros2/cmake/dex_hand_ros2__rosidl_typesupport_introspection_cExport-noconfig.cmake
[10.089s] -- Installing: /root/dex_hand_ws/install/dex_hand_ros2/share/dex_hand_ros2/cmake/dex_hand_ros2__rosidl_typesupport_cExport.cmake
[10.090s] -- Installing: /root/dex_hand_ws/install/dex_hand_ros2/share/dex_hand_ros2/cmake/dex_hand_ros2__rosidl_typesupport_cExport-noconfig.cmake
[10.091s] -- Installing: /root/dex_hand_ws/install/dex_hand_ros2/share/dex_hand_ros2/cmake/export_dex_hand_ros2__rosidl_generator_cppExport.cmake
[10.092s] -- Installing: /root/dex_hand_ws/install/dex_hand_ros2/share/dex_hand_ros2/cmake/export_dex_hand_ros2__rosidl_typesupport_fastrtps_cppExport.cmake
[10.093s] -- Installing: /root/dex_hand_ws/install/dex_hand_ros2/share/dex_hand_ros2/cmake/export_dex_hand_ros2__rosidl_typesupport_fastrtps_cppExport-noconfig.cmake
[10.094s] -- Installing: /root/dex_hand_ws/install/dex_hand_ros2/share/dex_hand_ros2/cmake/dex_hand_ros2__rosidl_typesupport_introspection_cppExport.cmake
[10.095s] -- Installing: /root/dex_hand_ws/install/dex_hand_ros2/share/dex_hand_ros2/cmake/dex_hand_ros2__rosidl_typesupport_introspection_cppExport-noconfig.cmake
[10.096s] -- Installing: /root/dex_hand_ws/install/dex_hand_ros2/share/dex_hand_ros2/cmake/dex_hand_ros2__rosidl_typesupport_cppExport.cmake
[10.097s] -- Installing: /root/dex_hand_ws/install/dex_hand_ros2/share/dex_hand_ros2/cmake/dex_hand_ros2__rosidl_typesupport_cppExport-noconfig.cmake
[10.098s] -- Installing: /root/dex_hand_ws/install/dex_hand_ros2/share/dex_hand_ros2/cmake/export_dex_hand_ros2__rosidl_generator_pyExport.cmake
[10.099s] -- Installing: /root/dex_hand_ws/install/dex_hand_ros2/share/dex_hand_ros2/cmake/export_dex_hand_ros2__rosidl_generator_pyExport-noconfig.cmake
[10.100s] -- Installing: /root/dex_hand_ws/install/dex_hand_ros2/share/dex_hand_ros2/cmake/rosidl_cmake-extras.cmake
[10.101s] -- Installing: /root/dex_hand_ws/install/dex_hand_ros2/share/dex_hand_ros2/cmake/ament_cmake_export_dependencies-extras.cmake
[10.102s] -- Installing: /root/dex_hand_ws/install/dex_hand_ros2/share/dex_hand_ros2/cmake/ament_cmake_export_include_directories-extras.cmake
[10.103s] -- Installing: /root/dex_hand_ws/install/dex_hand_ros2/share/dex_hand_ros2/cmake/ament_cmake_export_libraries-extras.cmake
[10.104s] -- Installing: /root/dex_hand_ws/install/dex_hand_ros2/share/dex_hand_ros2/cmake/ament_cmake_export_targets-extras.cmake
[10.104s] -- Installing: /root/dex_hand_ws/install/dex_hand_ros2/share/dex_hand_ros2/cmake/rosidl_cmake_export_typesupport_targets-extras.cmake
[10.105s] -- Installing: /root/dex_hand_ws/install/dex_hand_ros2/share/dex_hand_ros2/cmake/rosidl_cmake_export_typesupport_libraries-extras.cmake
[10.106s] -- Installing: /root/dex_hand_ws/install/dex_hand_ros2/share/dex_hand_ros2/cmake/dex_hand_ros2Config.cmake
[10.108s] -- Installing: /root/dex_hand_ws/install/dex_hand_ros2/share/dex_hand_ros2/cmake/dex_hand_ros2Config-version.cmake
[10.108s] -- Installing: /root/dex_hand_ws/install/dex_hand_ros2/share/dex_hand_ros2/package.xml
[10.117s] Invoked command in '/root/dex_hand_ws/build/dex_hand_ros2' returned '0': CMAKE_PREFIX_PATH=/root/dex_hand_ws/install/dex_hand_ros2:/opt/ros/humble /usr/bin/cmake --install /root/dex_hand_ws/build/dex_hand_ros2
