Starting >>> dex_hand_ros2
--- stderr: dex_hand_ros2
CMake Error at /opt/ros/humble/share/ament_cmake_python/cmake/ament_python_install_package.cmake:106 (add_custom_target):
  add_custom_target cannot create target
  "ament_cmake_python_symlink_dex_hand_ros2" because another target with the
  same name already exists.  The existing target is a custom target created
  in source directory "/home/airs01/yl/dex_hand_ros2/src/dex_hand_ros2".  See
  documentation for policy CMP0002 for more details.
Call Stack (most recent call first):
  /opt/ros/humble/share/ament_cmake_python/cmake/ament_python_install_package.cmake:39 (_ament_cmake_python_install_package)
  CMakeLists.txt:21 (ament_python_install_package)


CMake Error at /opt/ros/humble/share/ament_cmake_python/cmake/ament_python_install_package.cmake:141 (add_custom_target):
  add_custom_target cannot create target
  "ament_cmake_python_build_dex_hand_ros2_egg" because another target with
  the same name already exists.  The existing target is a custom target
  created in source directory
  "/home/airs01/yl/dex_hand_ros2/src/dex_hand_ros2".  See documentation for
  policy CMP0002 for more details.
Call Stack (most recent call first):
  /opt/ros/humble/share/ament_cmake_python/cmake/ament_python_install_package.cmake:39 (_ament_cmake_python_install_package)
  CMakeLists.txt:21 (ament_python_install_package)


---
Failed   <<< dex_hand_ros2 [3.25s, exited with code 1]

Summary: 0 packages finished [3.46s]
  1 package failed: dex_hand_ros2
  1 package had stderr output: dex_hand_ros2
