[0.038s] Invoking command in '/root/dex_hand_ws/build/dex_hand_ros2': CMAKE_PREFIX_PATH=${CMAKE_PREFIX_PATH}:/opt/ros/humble /usr/bin/cmake --build /root/dex_hand_ws/build/dex_hand_ros2 -- -j10 -l10
[0.355s] [  2%] Built target dex_hand_ros2__cpp
[0.370s] [ 12%] Built target dex_hand_ros2__rosidl_generator_c
[0.441s] [ 12%] Built target ament_cmake_python_copy_dex_hand_ros2
[0.588s] [ 33%] Built target dex_hand_ros2__rosidl_typesupport_c
[0.588s] [ 33%] Built target dex_hand_ros2__rosidl_typesupport_introspection_cpp
[0.597s] [ 53%] Built target dex_hand_ros2__rosidl_typesupport_cpp
[0.599s] [ 53%] Built target dex_hand_ros2__rosidl_typesupport_fastrtps_cpp
[0.601s] [ 64%] Built target dex_hand_ros2__rosidl_typesupport_introspection_c
[0.604s] [ 74%] Built target dex_hand_ros2__rosidl_typesupport_fastrtps_c
[0.753s] [ 74%] Built target dex_hand_ros2
[0.814s] running egg_info
[0.815s] writing dex_hand_ros2.egg-info/PKG-INFO
[0.815s] writing dependency_links to dex_hand_ros2.egg-info/dependency_links.txt
[0.816s] writing top-level names to dex_hand_ros2.egg-info/top_level.txt
[0.820s] reading manifest file 'dex_hand_ros2.egg-info/SOURCES.txt'
[0.824s] writing manifest file 'dex_hand_ros2.egg-info/SOURCES.txt'
[0.876s] [ 74%] Built target ament_cmake_python_build_dex_hand_ros2_egg
[0.905s] [ 76%] Built target dex_hand_ros2__py
[1.042s] [ 84%] Built target dex_hand_ros2__rosidl_generator_py
[1.205s] [ 89%] Built target dex_hand_ros2__rosidl_typesupport_c__pyext
[1.213s] [ 94%] Built target dex_hand_ros2__rosidl_typesupport_fastrtps_c__pyext
[1.215s] [100%] Built target dex_hand_ros2__rosidl_typesupport_introspection_c__pyext
[1.255s] Invoked command in '/root/dex_hand_ws/build/dex_hand_ros2' returned '0': CMAKE_PREFIX_PATH=${CMAKE_PREFIX_PATH}:/opt/ros/humble /usr/bin/cmake --build /root/dex_hand_ws/build/dex_hand_ros2 -- -j10 -l10
[1.289s] Invoking command in '/root/dex_hand_ws/build/dex_hand_ros2': CMAKE_PREFIX_PATH=${CMAKE_PREFIX_PATH}:/opt/ros/humble /usr/bin/cmake --install /root/dex_hand_ws/build/dex_hand_ros2
[1.328s] -- Install configuration: ""
[1.329s] -- Up-to-date: /root/dex_hand_ws/install/dex_hand_ros2/share/ament_index/resource_index/rosidl_interfaces/dex_hand_ros2
[1.329s] -- Up-to-date: /root/dex_hand_ws/install/dex_hand_ros2/include/dex_hand_ros2/dex_hand_ros2
[1.329s] -- Up-to-date: /root/dex_hand_ws/install/dex_hand_ros2/include/dex_hand_ros2/dex_hand_ros2/msg
[1.330s] -- Up-to-date: /root/dex_hand_ws/install/dex_hand_ros2/include/dex_hand_ros2/dex_hand_ros2/msg/rosidl_generator_c__visibility_control.h
[1.330s] -- Up-to-date: /root/dex_hand_ws/install/dex_hand_ros2/include/dex_hand_ros2/dex_hand_ros2/msg/gesture_cmd.h
[1.330s] -- Up-to-date: /root/dex_hand_ws/install/dex_hand_ros2/include/dex_hand_ros2/dex_hand_ros2/msg/motor_state.h
[1.330s] -- Up-to-date: /root/dex_hand_ws/install/dex_hand_ros2/include/dex_hand_ros2/dex_hand_ros2/msg/detail
[1.331s] -- Up-to-date: /root/dex_hand_ws/install/dex_hand_ros2/include/dex_hand_ros2/dex_hand_ros2/msg/detail/gesture_cmd__functions.h
[1.331s] -- Up-to-date: /root/dex_hand_ws/install/dex_hand_ros2/include/dex_hand_ros2/dex_hand_ros2/msg/detail/motor_state__struct.h
[1.331s] -- Up-to-date: /root/dex_hand_ws/install/dex_hand_ros2/include/dex_hand_ros2/dex_hand_ros2/msg/detail/motor_state__functions.c
[1.331s] -- Up-to-date: /root/dex_hand_ws/install/dex_hand_ros2/include/dex_hand_ros2/dex_hand_ros2/msg/detail/motor_state__type_support.h
[1.331s] -- Up-to-date: /root/dex_hand_ws/install/dex_hand_ros2/include/dex_hand_ros2/dex_hand_ros2/msg/detail/gesture_cmd__type_support.h
[1.332s] -- Up-to-date: /root/dex_hand_ws/install/dex_hand_ros2/include/dex_hand_ros2/dex_hand_ros2/msg/detail/gesture_cmd__functions.c
[1.332s] -- Up-to-date: /root/dex_hand_ws/install/dex_hand_ros2/include/dex_hand_ros2/dex_hand_ros2/msg/detail/gesture_cmd__struct.h
[1.332s] -- Up-to-date: /root/dex_hand_ws/install/dex_hand_ros2/include/dex_hand_ros2/dex_hand_ros2/msg/detail/motor_state__functions.h
[1.333s] -- Up-to-date: /root/dex_hand_ws/install/dex_hand_ros2/share/dex_hand_ros2/environment/library_path.sh
[1.333s] -- Up-to-date: /root/dex_hand_ws/install/dex_hand_ros2/share/dex_hand_ros2/environment/library_path.dsv
[1.335s] -- Up-to-date: /root/dex_hand_ws/install/dex_hand_ros2/lib/libdex_hand_ros2__rosidl_generator_c.so
[1.336s] -- Up-to-date: /root/dex_hand_ws/install/dex_hand_ros2/include/dex_hand_ros2/dex_hand_ros2
[1.336s] -- Up-to-date: /root/dex_hand_ws/install/dex_hand_ros2/include/dex_hand_ros2/dex_hand_ros2/msg
[1.336s] -- Up-to-date: /root/dex_hand_ws/install/dex_hand_ros2/include/dex_hand_ros2/dex_hand_ros2/msg/detail
[1.337s] -- Up-to-date: /root/dex_hand_ws/install/dex_hand_ros2/include/dex_hand_ros2/dex_hand_ros2/msg/detail/motor_state__rosidl_typesupport_fastrtps_c.h
[1.337s] -- Up-to-date: /root/dex_hand_ws/install/dex_hand_ros2/include/dex_hand_ros2/dex_hand_ros2/msg/detail/gesture_cmd__rosidl_typesupport_fastrtps_c.h
[1.337s] -- Up-to-date: /root/dex_hand_ws/install/dex_hand_ros2/include/dex_hand_ros2/dex_hand_ros2/msg/rosidl_typesupport_fastrtps_c__visibility_control.h
[1.338s] -- Up-to-date: /root/dex_hand_ws/install/dex_hand_ros2/lib/libdex_hand_ros2__rosidl_typesupport_fastrtps_c.so
[1.338s] -- Up-to-date: /root/dex_hand_ws/install/dex_hand_ros2/include/dex_hand_ros2/dex_hand_ros2
[1.338s] -- Up-to-date: /root/dex_hand_ws/install/dex_hand_ros2/include/dex_hand_ros2/dex_hand_ros2/msg
[1.339s] -- Up-to-date: /root/dex_hand_ws/install/dex_hand_ros2/include/dex_hand_ros2/dex_hand_ros2/msg/detail
[1.339s] -- Up-to-date: /root/dex_hand_ws/install/dex_hand_ros2/include/dex_hand_ros2/dex_hand_ros2/msg/detail/gesture_cmd__type_support.c
[1.340s] -- Up-to-date: /root/dex_hand_ws/install/dex_hand_ros2/include/dex_hand_ros2/dex_hand_ros2/msg/detail/motor_state__rosidl_typesupport_introspection_c.h
[1.340s] -- Up-to-date: /root/dex_hand_ws/install/dex_hand_ros2/include/dex_hand_ros2/dex_hand_ros2/msg/detail/gesture_cmd__rosidl_typesupport_introspection_c.h
[1.340s] -- Up-to-date: /root/dex_hand_ws/install/dex_hand_ros2/include/dex_hand_ros2/dex_hand_ros2/msg/detail/motor_state__type_support.c
[1.340s] -- Up-to-date: /root/dex_hand_ws/install/dex_hand_ros2/include/dex_hand_ros2/dex_hand_ros2/msg/rosidl_typesupport_introspection_c__visibility_control.h
[1.341s] -- Up-to-date: /root/dex_hand_ws/install/dex_hand_ros2/lib/libdex_hand_ros2__rosidl_typesupport_introspection_c.so
[1.341s] -- Up-to-date: /root/dex_hand_ws/install/dex_hand_ros2/lib/libdex_hand_ros2__rosidl_typesupport_c.so
[1.342s] -- Up-to-date: /root/dex_hand_ws/install/dex_hand_ros2/include/dex_hand_ros2/dex_hand_ros2
[1.342s] -- Up-to-date: /root/dex_hand_ws/install/dex_hand_ros2/include/dex_hand_ros2/dex_hand_ros2/msg
[1.342s] -- Up-to-date: /root/dex_hand_ws/install/dex_hand_ros2/include/dex_hand_ros2/dex_hand_ros2/msg/motor_state.hpp
[1.342s] -- Up-to-date: /root/dex_hand_ws/install/dex_hand_ros2/include/dex_hand_ros2/dex_hand_ros2/msg/detail
[1.343s] -- Up-to-date: /root/dex_hand_ws/install/dex_hand_ros2/include/dex_hand_ros2/dex_hand_ros2/msg/detail/gesture_cmd__struct.hpp
[1.343s] -- Up-to-date: /root/dex_hand_ws/install/dex_hand_ros2/include/dex_hand_ros2/dex_hand_ros2/msg/detail/motor_state__struct.hpp
[1.344s] -- Up-to-date: /root/dex_hand_ws/install/dex_hand_ros2/include/dex_hand_ros2/dex_hand_ros2/msg/detail/motor_state__builder.hpp
[1.344s] -- Up-to-date: /root/dex_hand_ws/install/dex_hand_ros2/include/dex_hand_ros2/dex_hand_ros2/msg/detail/motor_state__type_support.hpp
[1.344s] -- Up-to-date: /root/dex_hand_ws/install/dex_hand_ros2/include/dex_hand_ros2/dex_hand_ros2/msg/detail/gesture_cmd__traits.hpp
[1.345s] -- Up-to-date: /root/dex_hand_ws/install/dex_hand_ros2/include/dex_hand_ros2/dex_hand_ros2/msg/detail/gesture_cmd__type_support.hpp
[1.345s] -- Up-to-date: /root/dex_hand_ws/install/dex_hand_ros2/include/dex_hand_ros2/dex_hand_ros2/msg/detail/motor_state__traits.hpp
[1.345s] -- Up-to-date: /root/dex_hand_ws/install/dex_hand_ros2/include/dex_hand_ros2/dex_hand_ros2/msg/detail/gesture_cmd__builder.hpp
[1.345s] -- Up-to-date: /root/dex_hand_ws/install/dex_hand_ros2/include/dex_hand_ros2/dex_hand_ros2/msg/rosidl_generator_cpp__visibility_control.hpp
[1.346s] -- Up-to-date: /root/dex_hand_ws/install/dex_hand_ros2/include/dex_hand_ros2/dex_hand_ros2/msg/gesture_cmd.hpp
[1.346s] -- Up-to-date: /root/dex_hand_ws/install/dex_hand_ros2/include/dex_hand_ros2/dex_hand_ros2
[1.346s] -- Up-to-date: /root/dex_hand_ws/install/dex_hand_ros2/include/dex_hand_ros2/dex_hand_ros2/msg
[1.346s] -- Up-to-date: /root/dex_hand_ws/install/dex_hand_ros2/include/dex_hand_ros2/dex_hand_ros2/msg/rosidl_typesupport_fastrtps_cpp__visibility_control.h
[1.347s] -- Up-to-date: /root/dex_hand_ws/install/dex_hand_ros2/include/dex_hand_ros2/dex_hand_ros2/msg/detail
[1.347s] -- Up-to-date: /root/dex_hand_ws/install/dex_hand_ros2/include/dex_hand_ros2/dex_hand_ros2/msg/detail/gesture_cmd__rosidl_typesupport_fastrtps_cpp.hpp
[1.347s] -- Up-to-date: /root/dex_hand_ws/install/dex_hand_ros2/include/dex_hand_ros2/dex_hand_ros2/msg/detail/motor_state__rosidl_typesupport_fastrtps_cpp.hpp
[1.347s] -- Up-to-date: /root/dex_hand_ws/install/dex_hand_ros2/include/dex_hand_ros2/dex_hand_ros2/msg/detail/dds_fastrtps
[1.348s] -- Up-to-date: /root/dex_hand_ws/install/dex_hand_ros2/lib/libdex_hand_ros2__rosidl_typesupport_fastrtps_cpp.so
[1.349s] -- Up-to-date: /root/dex_hand_ws/install/dex_hand_ros2/include/dex_hand_ros2/dex_hand_ros2
[1.349s] -- Up-to-date: /root/dex_hand_ws/install/dex_hand_ros2/include/dex_hand_ros2/dex_hand_ros2/msg
[1.349s] -- Up-to-date: /root/dex_hand_ws/install/dex_hand_ros2/include/dex_hand_ros2/dex_hand_ros2/msg/detail
[1.350s] -- Up-to-date: /root/dex_hand_ws/install/dex_hand_ros2/include/dex_hand_ros2/dex_hand_ros2/msg/detail/gesture_cmd__type_support.cpp
[1.350s] -- Up-to-date: /root/dex_hand_ws/install/dex_hand_ros2/include/dex_hand_ros2/dex_hand_ros2/msg/detail/gesture_cmd__rosidl_typesupport_introspection_cpp.hpp
[1.350s] -- Up-to-date: /root/dex_hand_ws/install/dex_hand_ros2/include/dex_hand_ros2/dex_hand_ros2/msg/detail/motor_state__rosidl_typesupport_introspection_cpp.hpp
[1.350s] -- Up-to-date: /root/dex_hand_ws/install/dex_hand_ros2/include/dex_hand_ros2/dex_hand_ros2/msg/detail/motor_state__type_support.cpp
[1.351s] -- Up-to-date: /root/dex_hand_ws/install/dex_hand_ros2/lib/libdex_hand_ros2__rosidl_typesupport_introspection_cpp.so
[1.352s] -- Up-to-date: /root/dex_hand_ws/install/dex_hand_ros2/lib/libdex_hand_ros2__rosidl_typesupport_cpp.so
[1.352s] -- Up-to-date: /root/dex_hand_ws/install/dex_hand_ros2/share/dex_hand_ros2/environment/pythonpath.sh
[1.352s] -- Up-to-date: /root/dex_hand_ws/install/dex_hand_ros2/share/dex_hand_ros2/environment/pythonpath.dsv
[1.353s] -- Up-to-date: /root/dex_hand_ws/install/dex_hand_ros2/local/lib/python3.10/dist-packages/dex_hand_ros2-0.1.0-py3.10.egg-info
[1.353s] -- Installing: /root/dex_hand_ws/install/dex_hand_ros2/local/lib/python3.10/dist-packages/dex_hand_ros2-0.1.0-py3.10.egg-info/PKG-INFO
[1.355s] -- Installing: /root/dex_hand_ws/install/dex_hand_ros2/local/lib/python3.10/dist-packages/dex_hand_ros2-0.1.0-py3.10.egg-info/SOURCES.txt
[1.356s] -- Installing: /root/dex_hand_ws/install/dex_hand_ros2/local/lib/python3.10/dist-packages/dex_hand_ros2-0.1.0-py3.10.egg-info/top_level.txt
[1.357s] -- Installing: /root/dex_hand_ws/install/dex_hand_ros2/local/lib/python3.10/dist-packages/dex_hand_ros2-0.1.0-py3.10.egg-info/dependency_links.txt
[1.358s] -- Up-to-date: /root/dex_hand_ws/install/dex_hand_ros2/local/lib/python3.10/dist-packages/dex_hand_ros2
[1.358s] -- Up-to-date: /root/dex_hand_ws/install/dex_hand_ros2/local/lib/python3.10/dist-packages/dex_hand_ros2/dex_hand_ros2_s__rosidl_typesupport_fastrtps_c.cpython-310-x86_64-linux-gnu.so
[1.359s] -- Up-to-date: /root/dex_hand_ws/install/dex_hand_ros2/local/lib/python3.10/dist-packages/dex_hand_ros2/_dex_hand_ros2_s.ep.rosidl_typesupport_fastrtps_c.c
[1.359s] -- Up-to-date: /root/dex_hand_ws/install/dex_hand_ros2/local/lib/python3.10/dist-packages/dex_hand_ros2/msg
[1.359s] -- Up-to-date: /root/dex_hand_ws/install/dex_hand_ros2/local/lib/python3.10/dist-packages/dex_hand_ros2/msg/_motor_state_s.c
[1.359s] -- Up-to-date: /root/dex_hand_ws/install/dex_hand_ros2/local/lib/python3.10/dist-packages/dex_hand_ros2/msg/_gesture_cmd_s.c
[1.360s] -- Up-to-date: /root/dex_hand_ws/install/dex_hand_ros2/local/lib/python3.10/dist-packages/dex_hand_ros2/msg/__init__.py
[1.360s] -- Up-to-date: /root/dex_hand_ws/install/dex_hand_ros2/local/lib/python3.10/dist-packages/dex_hand_ros2/msg/_gesture_cmd.py
[1.360s] -- Up-to-date: /root/dex_hand_ws/install/dex_hand_ros2/local/lib/python3.10/dist-packages/dex_hand_ros2/msg/_motor_state.py
[1.360s] -- Up-to-date: /root/dex_hand_ws/install/dex_hand_ros2/local/lib/python3.10/dist-packages/dex_hand_ros2/_dex_hand_ros2_s.ep.rosidl_typesupport_introspection_c.c
[1.360s] -- Up-to-date: /root/dex_hand_ws/install/dex_hand_ros2/local/lib/python3.10/dist-packages/dex_hand_ros2/_dex_hand_ros2_s.ep.rosidl_typesupport_c.c
[1.361s] -- Up-to-date: /root/dex_hand_ws/install/dex_hand_ros2/local/lib/python3.10/dist-packages/dex_hand_ros2/dex_hand_ros2_s__rosidl_typesupport_introspection_c.cpython-310-x86_64-linux-gnu.so
[1.362s] -- Up-to-date: /root/dex_hand_ws/install/dex_hand_ros2/local/lib/python3.10/dist-packages/dex_hand_ros2/__init__.py
[1.362s] -- Up-to-date: /root/dex_hand_ws/install/dex_hand_ros2/local/lib/python3.10/dist-packages/dex_hand_ros2/libdex_hand_ros2__rosidl_generator_py.so
[1.363s] -- Up-to-date: /root/dex_hand_ws/install/dex_hand_ros2/local/lib/python3.10/dist-packages/dex_hand_ros2/dex_hand_ros2_s__rosidl_typesupport_c.cpython-310-x86_64-linux-gnu.so
[1.447s] Listing '/root/dex_hand_ws/install/dex_hand_ros2/local/lib/python3.10/dist-packages/dex_hand_ros2'...
[1.449s] Listing '/root/dex_hand_ws/install/dex_hand_ros2/local/lib/python3.10/dist-packages/dex_hand_ros2/msg'...
[1.451s] -- Up-to-date: /root/dex_hand_ws/install/dex_hand_ros2/local/lib/python3.10/dist-packages/dex_hand_ros2/dex_hand_ros2_s__rosidl_typesupport_fastrtps_c.cpython-310-x86_64-linux-gnu.so
[1.451s] -- Up-to-date: /root/dex_hand_ws/install/dex_hand_ros2/local/lib/python3.10/dist-packages/dex_hand_ros2/dex_hand_ros2_s__rosidl_typesupport_introspection_c.cpython-310-x86_64-linux-gnu.so
[1.452s] -- Up-to-date: /root/dex_hand_ws/install/dex_hand_ros2/local/lib/python3.10/dist-packages/dex_hand_ros2/dex_hand_ros2_s__rosidl_typesupport_c.cpython-310-x86_64-linux-gnu.so
[1.452s] -- Up-to-date: /root/dex_hand_ws/install/dex_hand_ros2/lib/libdex_hand_ros2__rosidl_generator_py.so
[1.453s] -- Up-to-date: /root/dex_hand_ws/install/dex_hand_ros2/share/dex_hand_ros2/msg/GestureCmd.idl
[1.453s] -- Up-to-date: /root/dex_hand_ws/install/dex_hand_ros2/share/dex_hand_ros2/msg/MotorState.idl
[1.453s] -- Up-to-date: /root/dex_hand_ws/install/dex_hand_ros2/share/dex_hand_ros2/msg/GestureCmd.msg
[1.454s] -- Up-to-date: /root/dex_hand_ws/install/dex_hand_ros2/share/dex_hand_ros2/msg/MotorState.msg
[1.454s] -- Installing: /root/dex_hand_ws/install/dex_hand_ros2/lib/dex_hand_ros2/hand_node.py
[1.455s] -- Installing: /root/dex_hand_ws/install/dex_hand_ros2/lib/dex_hand_ros2/hand_driver.py
[1.457s] -- Installing: /root/dex_hand_ws/install/dex_hand_ros2/lib/dex_hand_ros2/config_node.py
[1.458s] -- Up-to-date: /root/dex_hand_ws/install/dex_hand_ros2/share/ament_index/resource_index/package_run_dependencies/dex_hand_ros2
[1.458s] -- Up-to-date: /root/dex_hand_ws/install/dex_hand_ros2/share/ament_index/resource_index/parent_prefix_path/dex_hand_ros2
[1.458s] -- Up-to-date: /root/dex_hand_ws/install/dex_hand_ros2/share/dex_hand_ros2/environment/ament_prefix_path.sh
[1.459s] -- Up-to-date: /root/dex_hand_ws/install/dex_hand_ros2/share/dex_hand_ros2/environment/ament_prefix_path.dsv
[1.459s] -- Up-to-date: /root/dex_hand_ws/install/dex_hand_ros2/share/dex_hand_ros2/environment/path.sh
[1.459s] -- Up-to-date: /root/dex_hand_ws/install/dex_hand_ros2/share/dex_hand_ros2/environment/path.dsv
[1.459s] -- Up-to-date: /root/dex_hand_ws/install/dex_hand_ros2/share/dex_hand_ros2/local_setup.bash
[1.459s] -- Up-to-date: /root/dex_hand_ws/install/dex_hand_ros2/share/dex_hand_ros2/local_setup.sh
[1.460s] -- Up-to-date: /root/dex_hand_ws/install/dex_hand_ros2/share/dex_hand_ros2/local_setup.zsh
[1.460s] -- Up-to-date: /root/dex_hand_ws/install/dex_hand_ros2/share/dex_hand_ros2/local_setup.dsv
[1.460s] -- Installing: /root/dex_hand_ws/install/dex_hand_ros2/share/dex_hand_ros2/package.dsv
[1.461s] -- Up-to-date: /root/dex_hand_ws/install/dex_hand_ros2/share/ament_index/resource_index/packages/dex_hand_ros2
[1.462s] -- Up-to-date: /root/dex_hand_ws/install/dex_hand_ros2/share/dex_hand_ros2/cmake/export_dex_hand_ros2__rosidl_generator_cExport.cmake
[1.463s] -- Up-to-date: /root/dex_hand_ws/install/dex_hand_ros2/share/dex_hand_ros2/cmake/export_dex_hand_ros2__rosidl_generator_cExport-noconfig.cmake
[1.463s] -- Up-to-date: /root/dex_hand_ws/install/dex_hand_ros2/share/dex_hand_ros2/cmake/export_dex_hand_ros2__rosidl_typesupport_fastrtps_cExport.cmake
[1.463s] -- Up-to-date: /root/dex_hand_ws/install/dex_hand_ros2/share/dex_hand_ros2/cmake/export_dex_hand_ros2__rosidl_typesupport_fastrtps_cExport-noconfig.cmake
[1.464s] -- Up-to-date: /root/dex_hand_ws/install/dex_hand_ros2/share/dex_hand_ros2/cmake/dex_hand_ros2__rosidl_typesupport_introspection_cExport.cmake
[1.464s] -- Up-to-date: /root/dex_hand_ws/install/dex_hand_ros2/share/dex_hand_ros2/cmake/dex_hand_ros2__rosidl_typesupport_introspection_cExport-noconfig.cmake
[1.464s] -- Up-to-date: /root/dex_hand_ws/install/dex_hand_ros2/share/dex_hand_ros2/cmake/dex_hand_ros2__rosidl_typesupport_cExport.cmake
[1.464s] -- Up-to-date: /root/dex_hand_ws/install/dex_hand_ros2/share/dex_hand_ros2/cmake/dex_hand_ros2__rosidl_typesupport_cExport-noconfig.cmake
[1.465s] -- Up-to-date: /root/dex_hand_ws/install/dex_hand_ros2/share/dex_hand_ros2/cmake/export_dex_hand_ros2__rosidl_generator_cppExport.cmake
[1.465s] -- Up-to-date: /root/dex_hand_ws/install/dex_hand_ros2/share/dex_hand_ros2/cmake/export_dex_hand_ros2__rosidl_typesupport_fastrtps_cppExport.cmake
[1.465s] -- Up-to-date: /root/dex_hand_ws/install/dex_hand_ros2/share/dex_hand_ros2/cmake/export_dex_hand_ros2__rosidl_typesupport_fastrtps_cppExport-noconfig.cmake
[1.466s] -- Up-to-date: /root/dex_hand_ws/install/dex_hand_ros2/share/dex_hand_ros2/cmake/dex_hand_ros2__rosidl_typesupport_introspection_cppExport.cmake
[1.466s] -- Up-to-date: /root/dex_hand_ws/install/dex_hand_ros2/share/dex_hand_ros2/cmake/dex_hand_ros2__rosidl_typesupport_introspection_cppExport-noconfig.cmake
[1.466s] -- Up-to-date: /root/dex_hand_ws/install/dex_hand_ros2/share/dex_hand_ros2/cmake/dex_hand_ros2__rosidl_typesupport_cppExport.cmake
[1.466s] -- Up-to-date: /root/dex_hand_ws/install/dex_hand_ros2/share/dex_hand_ros2/cmake/dex_hand_ros2__rosidl_typesupport_cppExport-noconfig.cmake
[1.467s] -- Up-to-date: /root/dex_hand_ws/install/dex_hand_ros2/share/dex_hand_ros2/cmake/export_dex_hand_ros2__rosidl_generator_pyExport.cmake
[1.467s] -- Up-to-date: /root/dex_hand_ws/install/dex_hand_ros2/share/dex_hand_ros2/cmake/export_dex_hand_ros2__rosidl_generator_pyExport-noconfig.cmake
[1.467s] -- Up-to-date: /root/dex_hand_ws/install/dex_hand_ros2/share/dex_hand_ros2/cmake/rosidl_cmake-extras.cmake
[1.467s] -- Up-to-date: /root/dex_hand_ws/install/dex_hand_ros2/share/dex_hand_ros2/cmake/ament_cmake_export_dependencies-extras.cmake
[1.468s] -- Up-to-date: /root/dex_hand_ws/install/dex_hand_ros2/share/dex_hand_ros2/cmake/ament_cmake_export_include_directories-extras.cmake
[1.468s] -- Up-to-date: /root/dex_hand_ws/install/dex_hand_ros2/share/dex_hand_ros2/cmake/ament_cmake_export_libraries-extras.cmake
[1.468s] -- Up-to-date: /root/dex_hand_ws/install/dex_hand_ros2/share/dex_hand_ros2/cmake/ament_cmake_export_targets-extras.cmake
[1.468s] -- Up-to-date: /root/dex_hand_ws/install/dex_hand_ros2/share/dex_hand_ros2/cmake/rosidl_cmake_export_typesupport_targets-extras.cmake
[1.468s] -- Up-to-date: /root/dex_hand_ws/install/dex_hand_ros2/share/dex_hand_ros2/cmake/rosidl_cmake_export_typesupport_libraries-extras.cmake
[1.469s] -- Up-to-date: /root/dex_hand_ws/install/dex_hand_ros2/share/dex_hand_ros2/cmake/dex_hand_ros2Config.cmake
[1.469s] -- Up-to-date: /root/dex_hand_ws/install/dex_hand_ros2/share/dex_hand_ros2/cmake/dex_hand_ros2Config-version.cmake
[1.469s] -- Up-to-date: /root/dex_hand_ws/install/dex_hand_ros2/share/dex_hand_ros2/package.xml
[1.477s] Invoked command in '/root/dex_hand_ws/build/dex_hand_ros2' returned '0': CMAKE_PREFIX_PATH=${CMAKE_PREFIX_PATH}:/opt/ros/humble /usr/bin/cmake --install /root/dex_hand_ws/build/dex_hand_ros2
