/usr/lib/python3/dist-packages/setuptools/dist.py:723: UserWarning: Usage of dash-separated 'script-dir' will not be supported in future versions. Please use the underscore name 'script_dir' instead
  warnings.warn(
running develop
running egg_info
creating dex_hand_ros2.egg-info
writing dex_hand_ros2.egg-info/PKG-INFO
writing dependency_links to dex_hand_ros2.egg-info/dependency_links.txt
writing entry points to dex_hand_ros2.egg-info/entry_points.txt
writing requirements to dex_hand_ros2.egg-info/requires.txt
writing top-level names to dex_hand_ros2.egg-info/top_level.txt
writing manifest file 'dex_hand_ros2.egg-info/SOURCES.txt'
reading manifest file 'dex_hand_ros2.egg-info/SOURCES.txt'
writing manifest file 'dex_hand_ros2.egg-info/SOURCES.txt'
running build_ext
Creating /root/dex_hand_ws/install/dex_hand_ros2/lib/python3.10/site-packages/dex-hand-ros2.egg-link (link to .)
Installing config_node script to /root/dex_hand_ws/install/dex_hand_ros2/lib/dex_hand_ros2
Installing hand_node script to /root/dex_hand_ws/install/dex_hand_ros2/lib/dex_hand_ros2

Installed /root/dex_hand_ws/build/dex_hand_ros2
running symlink_data
creating /root/dex_hand_ws/install/dex_hand_ros2/share/ament_index
creating /root/dex_hand_ws/install/dex_hand_ros2/share/ament_index/resource_index
creating /root/dex_hand_ws/install/dex_hand_ros2/share/ament_index/resource_index/packages
symbolically linking /root/dex_hand_ws/build/dex_hand_ros2/resource/dex_hand_ros2 -> /root/dex_hand_ws/install/dex_hand_ros2/share/ament_index/resource_index/packages
symbolically linking /root/dex_hand_ws/build/dex_hand_ros2/package.xml -> /root/dex_hand_ws/install/dex_hand_ros2/share/dex_hand_ros2
creating /root/dex_hand_ws/install/dex_hand_ros2/share/dex_hand_ros2/msg
symbolically linking /root/dex_hand_ws/build/dex_hand_ros2/dex_hand_ros2/msg/MotorState.msg -> /root/dex_hand_ws/install/dex_hand_ros2/share/dex_hand_ros2/msg
symbolically linking /root/dex_hand_ws/build/dex_hand_ros2/dex_hand_ros2/msg/GestureCmd.msg -> /root/dex_hand_ws/install/dex_hand_ros2/share/dex_hand_ros2/msg
