[0.100s] DEBUG:colcon:Command line arguments: ['/home/airs01/miniconda3/envs/env_ros/bin/colcon', 'build', '--packages-select', 'dex_hand_ros2']
[0.100s] DEBUG:colcon:Parsed command line arguments: Namespace(log_base=None, log_level=None, verb_name='build', build_base='build', install_base='install', merge_install=False, symlink_install=False, test_result_base=None, continue_on_error=False, executor='parallel', parallel_workers=8, event_handlers=None, ignore_user_meta=False, metas=['./colcon.meta'], base_paths=['.'], packages_ignore=None, packages_ignore_regex=None, paths=None, packages_up_to=None, packages_up_to_regex=None, packages_above=None, packages_above_and_dependencies=None, packages_above_depth=None, packages_select_by_dep=None, packages_skip_by_dep=None, packages_skip_up_to=None, packages_select_build_failed=False, packages_skip_build_finished=False, packages_select_test_failures=False, packages_skip_test_passed=False, packages_select=['dex_hand_ros2'], packages_skip=None, packages_select_regex=None, packages_skip_regex=None, packages_start=None, packages_end=None, cmake_args=None, cmake_target=None, cmake_target_skip_unavailable=False, cmake_clean_cache=False, cmake_clean_first=False, cmake_force_configure=False, ament_cmake_args=None, catkin_cmake_args=None, catkin_skip_building_tests=False, verb_parser=<colcon_defaults.argument_parser.defaults.DefaultArgumentsDecorator object at 0x7dd61bbeec20>, verb_extension=<colcon_core.verb.build.BuildVerb object at 0x7dd61bb63940>, main=<bound method BuildVerb.main of <colcon_core.verb.build.BuildVerb object at 0x7dd61bb63940>>)
[0.206s] Level 1:colcon.colcon_core.package_discovery:discover_packages(colcon_meta) check parameters
[0.206s] Level 1:colcon.colcon_core.package_discovery:discover_packages(recursive) check parameters
[0.206s] Level 1:colcon.colcon_core.package_discovery:discover_packages(ignore) check parameters
[0.207s] Level 1:colcon.colcon_core.package_discovery:discover_packages(path) check parameters
[0.207s] Level 1:colcon.colcon_core.package_discovery:discover_packages(colcon_meta) discover
[0.207s] Level 1:colcon.colcon_core.package_discovery:discover_packages(recursive) discover
[0.207s] INFO:colcon.colcon_core.package_discovery:Crawling recursively for packages in '/home/airs01/yl/ros2_ws_v1.0'
[0.207s] Level 1:colcon.colcon_core.package_identification:_identify(.) by extensions ['ignore', 'ignore_ament_install']
[0.207s] Level 1:colcon.colcon_core.package_identification:_identify(.) by extension 'ignore'
[0.207s] Level 1:colcon.colcon_core.package_identification:_identify(.) by extension 'ignore_ament_install'
[0.207s] Level 1:colcon.colcon_core.package_identification:_identify(.) by extensions ['colcon_pkg']
[0.207s] Level 1:colcon.colcon_core.package_identification:_identify(.) by extension 'colcon_pkg'
[0.207s] Level 1:colcon.colcon_core.package_identification:_identify(.) by extensions ['colcon_meta']
[0.207s] Level 1:colcon.colcon_core.package_identification:_identify(.) by extension 'colcon_meta'
[0.207s] Level 1:colcon.colcon_core.package_identification:_identify(.) by extensions ['ros']
[0.207s] Level 1:colcon.colcon_core.package_identification:_identify(.) by extension 'ros'
[0.237s] Level 1:colcon.colcon_core.package_identification:_identify(.) by extensions ['cmake', 'python']
[0.237s] Level 1:colcon.colcon_core.package_identification:_identify(.) by extension 'cmake'
[0.237s] Level 1:colcon.colcon_core.package_identification:_identify(.) by extension 'python'
[0.237s] Level 1:colcon.colcon_core.package_identification:_identify(.) by extensions ['python_setup_py']
[0.237s] Level 1:colcon.colcon_core.package_identification:_identify(.) by extension 'python_setup_py'
[0.237s] Level 1:colcon.colcon_core.package_identification:_identify(build) by extensions ['ignore', 'ignore_ament_install']
[0.237s] Level 1:colcon.colcon_core.package_identification:_identify(build) by extension 'ignore'
[0.237s] Level 1:colcon.colcon_core.package_identification:_identify(build) ignored
[0.237s] Level 1:colcon.colcon_core.package_identification:_identify(install) by extensions ['ignore', 'ignore_ament_install']
[0.238s] Level 1:colcon.colcon_core.package_identification:_identify(install) by extension 'ignore'
[0.238s] Level 1:colcon.colcon_core.package_identification:_identify(install) ignored
[0.238s] Level 1:colcon.colcon_core.package_identification:_identify(log) by extensions ['ignore', 'ignore_ament_install']
[0.238s] Level 1:colcon.colcon_core.package_identification:_identify(log) by extension 'ignore'
[0.238s] Level 1:colcon.colcon_core.package_identification:_identify(log) ignored
[0.238s] Level 1:colcon.colcon_core.package_identification:_identify(src) by extensions ['ignore', 'ignore_ament_install']
[0.238s] Level 1:colcon.colcon_core.package_identification:_identify(src) by extension 'ignore'
[0.238s] Level 1:colcon.colcon_core.package_identification:_identify(src) by extension 'ignore_ament_install'
[0.238s] Level 1:colcon.colcon_core.package_identification:_identify(src) by extensions ['colcon_pkg']
[0.238s] Level 1:colcon.colcon_core.package_identification:_identify(src) by extension 'colcon_pkg'
[0.238s] Level 1:colcon.colcon_core.package_identification:_identify(src) by extensions ['colcon_meta']
[0.238s] Level 1:colcon.colcon_core.package_identification:_identify(src) by extension 'colcon_meta'
[0.238s] Level 1:colcon.colcon_core.package_identification:_identify(src) by extensions ['ros']
[0.238s] Level 1:colcon.colcon_core.package_identification:_identify(src) by extension 'ros'
[0.238s] Level 1:colcon.colcon_core.package_identification:_identify(src) by extensions ['cmake', 'python']
[0.238s] Level 1:colcon.colcon_core.package_identification:_identify(src) by extension 'cmake'
[0.238s] Level 1:colcon.colcon_core.package_identification:_identify(src) by extension 'python'
[0.238s] Level 1:colcon.colcon_core.package_identification:_identify(src) by extensions ['python_setup_py']
[0.238s] Level 1:colcon.colcon_core.package_identification:_identify(src) by extension 'python_setup_py'
[0.238s] Level 1:colcon.colcon_core.package_identification:_identify(src/dex_hand_ros2) by extensions ['ignore', 'ignore_ament_install']
[0.238s] Level 1:colcon.colcon_core.package_identification:_identify(src/dex_hand_ros2) by extension 'ignore'
[0.238s] Level 1:colcon.colcon_core.package_identification:_identify(src/dex_hand_ros2) by extension 'ignore_ament_install'
[0.239s] Level 1:colcon.colcon_core.package_identification:_identify(src/dex_hand_ros2) by extensions ['colcon_pkg']
[0.239s] Level 1:colcon.colcon_core.package_identification:_identify(src/dex_hand_ros2) by extension 'colcon_pkg'
[0.239s] Level 1:colcon.colcon_core.package_identification:_identify(src/dex_hand_ros2) by extensions ['colcon_meta']
[0.239s] Level 1:colcon.colcon_core.package_identification:_identify(src/dex_hand_ros2) by extension 'colcon_meta'
[0.239s] Level 1:colcon.colcon_core.package_identification:_identify(src/dex_hand_ros2) by extensions ['ros']
[0.239s] Level 1:colcon.colcon_core.package_identification:_identify(src/dex_hand_ros2) by extension 'ros'
[0.241s] DEBUG:colcon.colcon_core.package_identification:Package 'src/dex_hand_ros2' with type 'ros.ament_cmake' and name 'dex_hand_ros2'
[0.241s] Level 1:colcon.colcon_core.package_discovery:discover_packages(recursive) using defaults
[0.241s] Level 1:colcon.colcon_core.package_discovery:discover_packages(ignore) discover
[0.241s] Level 1:colcon.colcon_core.package_discovery:discover_packages(ignore) using defaults
[0.241s] Level 1:colcon.colcon_core.package_discovery:discover_packages(path) discover
[0.241s] Level 1:colcon.colcon_core.package_discovery:discover_packages(path) using defaults
[0.255s] Level 5:colcon.colcon_core.verb:set package 'dex_hand_ros2' build argument 'cmake_args' from command line to 'None'
[0.255s] Level 5:colcon.colcon_core.verb:set package 'dex_hand_ros2' build argument 'cmake_target' from command line to 'None'
[0.255s] Level 5:colcon.colcon_core.verb:set package 'dex_hand_ros2' build argument 'cmake_target_skip_unavailable' from command line to 'False'
[0.255s] Level 5:colcon.colcon_core.verb:set package 'dex_hand_ros2' build argument 'cmake_clean_cache' from command line to 'False'
[0.256s] Level 5:colcon.colcon_core.verb:set package 'dex_hand_ros2' build argument 'cmake_clean_first' from command line to 'False'
[0.256s] Level 5:colcon.colcon_core.verb:set package 'dex_hand_ros2' build argument 'cmake_force_configure' from command line to 'False'
[0.256s] Level 5:colcon.colcon_core.verb:set package 'dex_hand_ros2' build argument 'ament_cmake_args' from command line to 'None'
[0.256s] Level 5:colcon.colcon_core.verb:set package 'dex_hand_ros2' build argument 'catkin_cmake_args' from command line to 'None'
[0.256s] Level 5:colcon.colcon_core.verb:set package 'dex_hand_ros2' build argument 'catkin_skip_building_tests' from command line to 'False'
[0.256s] DEBUG:colcon.colcon_core.verb:Building package 'dex_hand_ros2' with the following arguments: {'ament_cmake_args': None, 'build_base': '/home/airs01/yl/ros2_ws_v1.0/build/dex_hand_ros2', 'catkin_cmake_args': None, 'catkin_skip_building_tests': False, 'cmake_args': None, 'cmake_clean_cache': False, 'cmake_clean_first': False, 'cmake_force_configure': False, 'cmake_target': None, 'cmake_target_skip_unavailable': False, 'install_base': '/home/airs01/yl/ros2_ws_v1.0/install/dex_hand_ros2', 'merge_install': False, 'path': '/home/airs01/yl/ros2_ws_v1.0/src/dex_hand_ros2', 'symlink_install': False, 'test_result_base': None}
[0.256s] INFO:colcon.colcon_core.executor:Executing jobs using 'parallel' executor
[0.257s] DEBUG:colcon.colcon_parallel_executor.executor.parallel:run_until_complete
[0.257s] INFO:colcon.colcon_ros.task.ament_cmake.build:Building ROS package in '/home/airs01/yl/ros2_ws_v1.0/src/dex_hand_ros2' with build type 'ament_cmake'
[0.257s] INFO:colcon.colcon_cmake.task.cmake.build:Building CMake package in '/home/airs01/yl/ros2_ws_v1.0/src/dex_hand_ros2'
[0.258s] INFO:colcon.colcon_core.plugin_system:Skipping extension 'colcon_core.shell.bat': Not used on non-Windows systems
[0.258s] INFO:colcon.colcon_core.shell:Skip shell extension 'powershell' for command environment: Not usable outside of PowerShell
[0.258s] DEBUG:colcon.colcon_core.shell:Skip shell extension 'dsv' for command environment
[0.259s] WARNING:colcon.colcon_ros.prefix_path.ament:The path '/home/airs01/yl/ros2_ws_v1.0/install/dex_hand_ros2' in the environment variable AMENT_PREFIX_PATH doesn't exist
[0.259s] WARNING:colcon.colcon_ros.prefix_path.catkin:The path '/home/airs01/yl/ros2_ws_v1.0/install/dex_hand_ros2' in the environment variable CMAKE_PREFIX_PATH doesn't exist
[0.265s] DEBUG:colcon.colcon_core.event_handler.log_command:Invoking command in '/home/airs01/yl/ros2_ws_v1.0/build/dex_hand_ros2': CMAKE_PREFIX_PATH=${CMAKE_PREFIX_PATH}:/home/airs01/miniconda3/envs/env_ros CONDA_PROMPT_MODIFIER=(env_ros) /home/airs01/miniconda3/envs/env_ros/bin/cmake /home/airs01/yl/ros2_ws_v1.0/src/dex_hand_ros2 -DCMAKE_INSTALL_PREFIX=/home/airs01/yl/ros2_ws_v1.0/install/dex_hand_ros2
[3.177s] DEBUG:colcon.colcon_core.event_handler.log_command:Invoked command in '/home/airs01/yl/ros2_ws_v1.0/build/dex_hand_ros2' returned '0': CMAKE_PREFIX_PATH=${CMAKE_PREFIX_PATH}:/home/airs01/miniconda3/envs/env_ros CONDA_PROMPT_MODIFIER=(env_ros) /home/airs01/miniconda3/envs/env_ros/bin/cmake /home/airs01/yl/ros2_ws_v1.0/src/dex_hand_ros2 -DCMAKE_INSTALL_PREFIX=/home/airs01/yl/ros2_ws_v1.0/install/dex_hand_ros2
[3.179s] DEBUG:colcon.colcon_core.event_handler.log_command:Invoking command in '/home/airs01/yl/ros2_ws_v1.0/build/dex_hand_ros2': CMAKE_PREFIX_PATH=${CMAKE_PREFIX_PATH}:/home/airs01/miniconda3/envs/env_ros CONDA_PROMPT_MODIFIER=(env_ros) /home/airs01/miniconda3/envs/env_ros/bin/cmake --build /home/airs01/yl/ros2_ws_v1.0/build/dex_hand_ros2 -- -j8 -l8
[7.844s] DEBUG:colcon.colcon_core.event_handler.log_command:Invoked command in '/home/airs01/yl/ros2_ws_v1.0/build/dex_hand_ros2' returned '0': CMAKE_PREFIX_PATH=${CMAKE_PREFIX_PATH}:/home/airs01/miniconda3/envs/env_ros CONDA_PROMPT_MODIFIER=(env_ros) /home/airs01/miniconda3/envs/env_ros/bin/cmake --build /home/airs01/yl/ros2_ws_v1.0/build/dex_hand_ros2 -- -j8 -l8
[7.850s] DEBUG:colcon.colcon_core.event_handler.log_command:Invoking command in '/home/airs01/yl/ros2_ws_v1.0/build/dex_hand_ros2': CMAKE_PREFIX_PATH=${CMAKE_PREFIX_PATH}:/home/airs01/miniconda3/envs/env_ros CONDA_PROMPT_MODIFIER=(env_ros) /home/airs01/miniconda3/envs/env_ros/bin/cmake --install /home/airs01/yl/ros2_ws_v1.0/build/dex_hand_ros2
[7.902s] Level 1:colcon.colcon_core.environment:create_environment_scripts_only(dex_hand_ros2)
[7.902s] DEBUG:colcon.colcon_core.event_handler.log_command:Invoked command in '/home/airs01/yl/ros2_ws_v1.0/build/dex_hand_ros2' returned '0': CMAKE_PREFIX_PATH=${CMAKE_PREFIX_PATH}:/home/airs01/miniconda3/envs/env_ros CONDA_PROMPT_MODIFIER=(env_ros) /home/airs01/miniconda3/envs/env_ros/bin/cmake --install /home/airs01/yl/ros2_ws_v1.0/build/dex_hand_ros2
[7.904s] Level 1:colcon.colcon_core.environment:checking '/home/airs01/yl/ros2_ws_v1.0/install/dex_hand_ros2' for CMake module files
[7.904s] Level 1:colcon.colcon_core.environment:checking '/home/airs01/yl/ros2_ws_v1.0/install/dex_hand_ros2' for CMake config files
[7.905s] Level 1:colcon.colcon_core.environment:checking '/home/airs01/yl/ros2_ws_v1.0/install/dex_hand_ros2/lib'
[7.905s] Level 1:colcon.colcon_core.shell:create_environment_hook('dex_hand_ros2', 'ld_library_path_lib')
[7.905s] INFO:colcon.colcon_core.shell:Creating environment hook '/home/airs01/yl/ros2_ws_v1.0/install/dex_hand_ros2/share/dex_hand_ros2/hook/ld_library_path_lib.ps1'
[7.906s] INFO:colcon.colcon_core.shell:Creating environment descriptor '/home/airs01/yl/ros2_ws_v1.0/install/dex_hand_ros2/share/dex_hand_ros2/hook/ld_library_path_lib.dsv'
[7.906s] INFO:colcon.colcon_core.shell:Creating environment hook '/home/airs01/yl/ros2_ws_v1.0/install/dex_hand_ros2/share/dex_hand_ros2/hook/ld_library_path_lib.sh'
[7.907s] Level 1:colcon.colcon_core.environment:checking '/home/airs01/yl/ros2_ws_v1.0/install/dex_hand_ros2/bin'
[7.907s] Level 1:colcon.colcon_core.environment:checking '/home/airs01/yl/ros2_ws_v1.0/install/dex_hand_ros2/lib/pkgconfig/dex_hand_ros2.pc'
[7.908s] Level 1:colcon.colcon_core.environment:checking '/home/airs01/yl/ros2_ws_v1.0/install/dex_hand_ros2/lib/python3.10/site-packages'
[7.908s] Level 1:colcon.colcon_core.shell:create_environment_hook('dex_hand_ros2', 'pythonpath')
[7.908s] INFO:colcon.colcon_core.shell:Creating environment hook '/home/airs01/yl/ros2_ws_v1.0/install/dex_hand_ros2/share/dex_hand_ros2/hook/pythonpath.ps1'
[7.908s] INFO:colcon.colcon_core.shell:Creating environment descriptor '/home/airs01/yl/ros2_ws_v1.0/install/dex_hand_ros2/share/dex_hand_ros2/hook/pythonpath.dsv'
[7.909s] INFO:colcon.colcon_core.shell:Creating environment hook '/home/airs01/yl/ros2_ws_v1.0/install/dex_hand_ros2/share/dex_hand_ros2/hook/pythonpath.sh'
[7.909s] Level 1:colcon.colcon_core.environment:checking '/home/airs01/yl/ros2_ws_v1.0/install/dex_hand_ros2/bin'
[7.910s] INFO:colcon.colcon_core.shell:Creating package script '/home/airs01/yl/ros2_ws_v1.0/install/dex_hand_ros2/share/dex_hand_ros2/package.ps1'
[7.911s] INFO:colcon.colcon_core.shell:Creating package descriptor '/home/airs01/yl/ros2_ws_v1.0/install/dex_hand_ros2/share/dex_hand_ros2/package.dsv'
[7.911s] INFO:colcon.colcon_core.shell:Creating package script '/home/airs01/yl/ros2_ws_v1.0/install/dex_hand_ros2/share/dex_hand_ros2/package.sh'
[7.912s] INFO:colcon.colcon_core.shell:Creating package script '/home/airs01/yl/ros2_ws_v1.0/install/dex_hand_ros2/share/dex_hand_ros2/package.bash'
[7.912s] INFO:colcon.colcon_core.shell:Creating package script '/home/airs01/yl/ros2_ws_v1.0/install/dex_hand_ros2/share/dex_hand_ros2/package.zsh'
[7.913s] Level 1:colcon.colcon_core.environment:create_file_with_runtime_dependencies(/home/airs01/yl/ros2_ws_v1.0/install/dex_hand_ros2/share/colcon-core/packages/dex_hand_ros2)
[7.913s] Level 1:colcon.colcon_core.environment:create_environment_scripts_only(dex_hand_ros2)
[7.913s] Level 1:colcon.colcon_core.environment:checking '/home/airs01/yl/ros2_ws_v1.0/install/dex_hand_ros2' for CMake module files
[7.914s] Level 1:colcon.colcon_core.environment:checking '/home/airs01/yl/ros2_ws_v1.0/install/dex_hand_ros2' for CMake config files
[7.914s] Level 1:colcon.colcon_core.environment:checking '/home/airs01/yl/ros2_ws_v1.0/install/dex_hand_ros2/lib'
[7.914s] Level 1:colcon.colcon_core.shell:create_environment_hook('dex_hand_ros2', 'ld_library_path_lib')
[7.914s] INFO:colcon.colcon_core.shell:Creating environment hook '/home/airs01/yl/ros2_ws_v1.0/install/dex_hand_ros2/share/dex_hand_ros2/hook/ld_library_path_lib.ps1'
[7.915s] INFO:colcon.colcon_core.shell:Creating environment descriptor '/home/airs01/yl/ros2_ws_v1.0/install/dex_hand_ros2/share/dex_hand_ros2/hook/ld_library_path_lib.dsv'
[7.915s] INFO:colcon.colcon_core.shell:Creating environment hook '/home/airs01/yl/ros2_ws_v1.0/install/dex_hand_ros2/share/dex_hand_ros2/hook/ld_library_path_lib.sh'
[7.915s] Level 1:colcon.colcon_core.environment:checking '/home/airs01/yl/ros2_ws_v1.0/install/dex_hand_ros2/bin'
[7.915s] Level 1:colcon.colcon_core.environment:checking '/home/airs01/yl/ros2_ws_v1.0/install/dex_hand_ros2/lib/pkgconfig/dex_hand_ros2.pc'
[7.916s] Level 1:colcon.colcon_core.environment:checking '/home/airs01/yl/ros2_ws_v1.0/install/dex_hand_ros2/lib/python3.10/site-packages'
[7.916s] Level 1:colcon.colcon_core.shell:create_environment_hook('dex_hand_ros2', 'pythonpath')
[7.916s] INFO:colcon.colcon_core.shell:Creating environment hook '/home/airs01/yl/ros2_ws_v1.0/install/dex_hand_ros2/share/dex_hand_ros2/hook/pythonpath.ps1'
[7.916s] INFO:colcon.colcon_core.shell:Creating environment descriptor '/home/airs01/yl/ros2_ws_v1.0/install/dex_hand_ros2/share/dex_hand_ros2/hook/pythonpath.dsv'
[7.916s] INFO:colcon.colcon_core.shell:Creating environment hook '/home/airs01/yl/ros2_ws_v1.0/install/dex_hand_ros2/share/dex_hand_ros2/hook/pythonpath.sh'
[7.917s] Level 1:colcon.colcon_core.environment:checking '/home/airs01/yl/ros2_ws_v1.0/install/dex_hand_ros2/bin'
[7.917s] INFO:colcon.colcon_core.shell:Creating package script '/home/airs01/yl/ros2_ws_v1.0/install/dex_hand_ros2/share/dex_hand_ros2/package.ps1'
[7.918s] INFO:colcon.colcon_core.shell:Creating package descriptor '/home/airs01/yl/ros2_ws_v1.0/install/dex_hand_ros2/share/dex_hand_ros2/package.dsv'
[7.918s] INFO:colcon.colcon_core.shell:Creating package script '/home/airs01/yl/ros2_ws_v1.0/install/dex_hand_ros2/share/dex_hand_ros2/package.sh'
[7.918s] INFO:colcon.colcon_core.shell:Creating package script '/home/airs01/yl/ros2_ws_v1.0/install/dex_hand_ros2/share/dex_hand_ros2/package.bash'
[7.919s] INFO:colcon.colcon_core.shell:Creating package script '/home/airs01/yl/ros2_ws_v1.0/install/dex_hand_ros2/share/dex_hand_ros2/package.zsh'
[7.919s] Level 1:colcon.colcon_core.environment:create_file_with_runtime_dependencies(/home/airs01/yl/ros2_ws_v1.0/install/dex_hand_ros2/share/colcon-core/packages/dex_hand_ros2)
[7.919s] DEBUG:colcon.colcon_parallel_executor.executor.parallel:closing loop
[7.919s] DEBUG:colcon.colcon_parallel_executor.executor.parallel:loop closed
[7.919s] DEBUG:colcon.colcon_parallel_executor.executor.parallel:run_until_complete finished with '0'
[7.919s] DEBUG:colcon.colcon_core.event_reactor:joining thread
[7.921s] INFO:colcon.colcon_core.plugin_system:Skipping extension 'colcon_notification.desktop_notification.notify2': 'notify2' not found
[7.921s] INFO:colcon.colcon_core.plugin_system:Skipping extension 'colcon_notification.desktop_notification.terminal_notifier': Not used on non-Darwin systems
[7.921s] INFO:colcon.colcon_core.plugin_system:Skipping extension 'colcon_notification.desktop_notification.win32': Not used on non-Windows systems
[7.921s] INFO:colcon.colcon_notification.desktop_notification:Sending desktop notification using 'notify_send'
[7.936s] DEBUG:colcon.colcon_core.event_reactor:joined thread
[7.936s] INFO:colcon.colcon_core.shell:Creating prefix script '/home/airs01/yl/ros2_ws_v1.0/install/local_setup.ps1'
[7.937s] INFO:colcon.colcon_core.shell:Creating prefix util module '/home/airs01/yl/ros2_ws_v1.0/install/_local_setup_util_ps1.py'
[7.938s] INFO:colcon.colcon_core.shell:Creating prefix chain script '/home/airs01/yl/ros2_ws_v1.0/install/setup.ps1'
[7.939s] INFO:colcon.colcon_core.shell:Creating prefix script '/home/airs01/yl/ros2_ws_v1.0/install/local_setup.sh'
[7.939s] INFO:colcon.colcon_core.shell:Creating prefix util module '/home/airs01/yl/ros2_ws_v1.0/install/_local_setup_util_sh.py'
[7.940s] INFO:colcon.colcon_core.shell:Creating prefix chain script '/home/airs01/yl/ros2_ws_v1.0/install/setup.sh'
[7.941s] INFO:colcon.colcon_core.shell:Creating prefix script '/home/airs01/yl/ros2_ws_v1.0/install/local_setup.bash'
[7.941s] INFO:colcon.colcon_core.shell:Creating prefix chain script '/home/airs01/yl/ros2_ws_v1.0/install/setup.bash'
[7.942s] INFO:colcon.colcon_core.shell:Creating prefix script '/home/airs01/yl/ros2_ws_v1.0/install/local_setup.zsh'
[7.942s] INFO:colcon.colcon_core.shell:Creating prefix chain script '/home/airs01/yl/ros2_ws_v1.0/install/setup.zsh'
