[0.008s] Invoking command in '/home/airs01/yl/ros2_ws_v1.0/build/dex_hand_ros2': CMAKE_PREFIX_PATH=${CMAKE_PREFIX_PATH}:/home/airs01/miniconda3/envs/env_ros CONDA_PROMPT_MODIFIER=(env_ros) /home/airs01/miniconda3/envs/env_ros/bin/cmake --build /home/airs01/yl/ros2_ws_v1.0/build/dex_hand_ros2 -- -j8 -l8
[0.038s] [  1%] Built target dex_hand_ros2__cpp
[0.042s] [ 12%] Built target dex_hand_ros2__rosidl_generator_c
[0.043s] [ 12%] Built target ament_cmake_python_copy_dex_hand_ros2
[0.058s] [ 32%] Built target dex_hand_ros2__rosidl_typesupport_cpp
[0.058s] [ 35%] Built target dex_hand_ros2__rosidl_typesupport_c
[0.058s] [ 46%] Built target dex_hand_ros2__rosidl_typesupport_introspection_c
[0.059s] [ 58%] Built target dex_hand_ros2__rosidl_typesupport_introspection_cpp
[0.060s] [ 69%] Built target dex_hand_ros2__rosidl_typesupport_fastrtps_cpp
[0.063s] [ 81%] Built target dex_hand_ros2__rosidl_typesupport_fastrtps_c
[0.073s] [ 81%] Built target dex_hand_ros2
[0.085s] [ 82%] Built target dex_hand_ros2__py
[0.102s] [ 92%] Built target dex_hand_ros2__rosidl_generator_py
[0.117s] [100%] Built target dex_hand_ros2__rosidl_typesupport_fastrtps_c__pyext
[0.117s] [100%] Built target dex_hand_ros2__rosidl_typesupport_introspection_c__pyext
[0.117s] [100%] Built target dex_hand_ros2__rosidl_typesupport_c__pyext
[0.486s] running egg_info
[0.539s] writing dex_hand_ros2.egg-info/PKG-INFO
[0.580s] writing dependency_links to dex_hand_ros2.egg-info/dependency_links.txt
[0.834s] writing top-level names to dex_hand_ros2.egg-info/top_level.txt
[0.907s] reading manifest file 'dex_hand_ros2.egg-info/SOURCES.txt'
[0.907s] writing manifest file 'dex_hand_ros2.egg-info/SOURCES.txt'
[0.928s] [100%] Built target ament_cmake_python_build_dex_hand_ros2_egg
[0.935s] Invoked command in '/home/airs01/yl/ros2_ws_v1.0/build/dex_hand_ros2' returned '0': CMAKE_PREFIX_PATH=${CMAKE_PREFIX_PATH}:/home/airs01/miniconda3/envs/env_ros CONDA_PROMPT_MODIFIER=(env_ros) /home/airs01/miniconda3/envs/env_ros/bin/cmake --build /home/airs01/yl/ros2_ws_v1.0/build/dex_hand_ros2 -- -j8 -l8
[0.940s] Invoking command in '/home/airs01/yl/ros2_ws_v1.0/build/dex_hand_ros2': CMAKE_PREFIX_PATH=${CMAKE_PREFIX_PATH}:/home/airs01/miniconda3/envs/env_ros CONDA_PROMPT_MODIFIER=(env_ros) /home/airs01/miniconda3/envs/env_ros/bin/cmake --install /home/airs01/yl/ros2_ws_v1.0/build/dex_hand_ros2
[0.943s] -- Install configuration: ""
[0.943s] -- Up-to-date: /home/airs01/yl/ros2_ws_v1.0/install/dex_hand_ros2/share/ament_index/resource_index/rosidl_interfaces/dex_hand_ros2
[0.943s] -- Up-to-date: /home/airs01/yl/ros2_ws_v1.0/install/dex_hand_ros2/include/dex_hand_ros2/dex_hand_ros2
[0.943s] -- Up-to-date: /home/airs01/yl/ros2_ws_v1.0/install/dex_hand_ros2/include/dex_hand_ros2/dex_hand_ros2/msg
[0.943s] -- Up-to-date: /home/airs01/yl/ros2_ws_v1.0/install/dex_hand_ros2/include/dex_hand_ros2/dex_hand_ros2/msg/pi_dconfig.h
[0.944s] -- Up-to-date: /home/airs01/yl/ros2_ws_v1.0/install/dex_hand_ros2/include/dex_hand_ros2/dex_hand_ros2/msg/rosidl_generator_c__visibility_control.h
[0.944s] -- Up-to-date: /home/airs01/yl/ros2_ws_v1.0/install/dex_hand_ros2/include/dex_hand_ros2/dex_hand_ros2/msg/motor_state.h
[0.944s] -- Up-to-date: /home/airs01/yl/ros2_ws_v1.0/install/dex_hand_ros2/include/dex_hand_ros2/dex_hand_ros2/msg/detail
[0.944s] -- Up-to-date: /home/airs01/yl/ros2_ws_v1.0/install/dex_hand_ros2/include/dex_hand_ros2/dex_hand_ros2/msg/detail/pi_dconfig__functions.c
[0.944s] -- Up-to-date: /home/airs01/yl/ros2_ws_v1.0/install/dex_hand_ros2/include/dex_hand_ros2/dex_hand_ros2/msg/detail/motor_state__functions.c
[0.944s] -- Up-to-date: /home/airs01/yl/ros2_ws_v1.0/install/dex_hand_ros2/include/dex_hand_ros2/dex_hand_ros2/msg/detail/motor_state__type_support.h
[0.944s] -- Up-to-date: /home/airs01/yl/ros2_ws_v1.0/install/dex_hand_ros2/include/dex_hand_ros2/dex_hand_ros2/msg/detail/gesture_cmd__functions.h
[0.944s] -- Up-to-date: /home/airs01/yl/ros2_ws_v1.0/install/dex_hand_ros2/include/dex_hand_ros2/dex_hand_ros2/msg/detail/pi_dconfig__functions.h
[0.944s] -- Up-to-date: /home/airs01/yl/ros2_ws_v1.0/install/dex_hand_ros2/include/dex_hand_ros2/dex_hand_ros2/msg/detail/gesture_cmd__struct.h
[0.944s] -- Up-to-date: /home/airs01/yl/ros2_ws_v1.0/install/dex_hand_ros2/include/dex_hand_ros2/dex_hand_ros2/msg/detail/pi_dconfig__type_support.h
[0.944s] -- Up-to-date: /home/airs01/yl/ros2_ws_v1.0/install/dex_hand_ros2/include/dex_hand_ros2/dex_hand_ros2/msg/detail/pi_dconfig__struct.h
[0.944s] -- Up-to-date: /home/airs01/yl/ros2_ws_v1.0/install/dex_hand_ros2/include/dex_hand_ros2/dex_hand_ros2/msg/detail/motor_state__struct.h
[0.944s] -- Up-to-date: /home/airs01/yl/ros2_ws_v1.0/install/dex_hand_ros2/include/dex_hand_ros2/dex_hand_ros2/msg/detail/motor_state__functions.h
[0.944s] -- Up-to-date: /home/airs01/yl/ros2_ws_v1.0/install/dex_hand_ros2/include/dex_hand_ros2/dex_hand_ros2/msg/detail/gesture_cmd__functions.c
[0.944s] -- Up-to-date: /home/airs01/yl/ros2_ws_v1.0/install/dex_hand_ros2/include/dex_hand_ros2/dex_hand_ros2/msg/detail/gesture_cmd__type_support.h
[0.945s] -- Up-to-date: /home/airs01/yl/ros2_ws_v1.0/install/dex_hand_ros2/include/dex_hand_ros2/dex_hand_ros2/msg/gesture_cmd.h
[0.945s] -- Up-to-date: /home/airs01/yl/ros2_ws_v1.0/install/dex_hand_ros2/include/dex_hand_ros2/dex_hand_ros2/srv
[0.945s] -- Up-to-date: /home/airs01/yl/ros2_ws_v1.0/install/dex_hand_ros2/include/dex_hand_ros2/dex_hand_ros2/srv/change_baud.h
[0.945s] -- Up-to-date: /home/airs01/yl/ros2_ws_v1.0/install/dex_hand_ros2/include/dex_hand_ros2/dex_hand_ros2/srv/add_gesture.h
[0.945s] -- Up-to-date: /home/airs01/yl/ros2_ws_v1.0/install/dex_hand_ros2/include/dex_hand_ros2/dex_hand_ros2/srv/detail
[0.945s] -- Up-to-date: /home/airs01/yl/ros2_ws_v1.0/install/dex_hand_ros2/include/dex_hand_ros2/dex_hand_ros2/srv/detail/change_id__struct.h
[0.945s] -- Up-to-date: /home/airs01/yl/ros2_ws_v1.0/install/dex_hand_ros2/include/dex_hand_ros2/dex_hand_ros2/srv/detail/add_gesture__struct.h
[0.945s] -- Up-to-date: /home/airs01/yl/ros2_ws_v1.0/install/dex_hand_ros2/include/dex_hand_ros2/dex_hand_ros2/srv/detail/run_gesture_pid__type_support.h
[0.945s] -- Up-to-date: /home/airs01/yl/ros2_ws_v1.0/install/dex_hand_ros2/include/dex_hand_ros2/dex_hand_ros2/srv/detail/change_id__type_support.h
[0.945s] -- Up-to-date: /home/airs01/yl/ros2_ws_v1.0/install/dex_hand_ros2/include/dex_hand_ros2/dex_hand_ros2/srv/detail/change_baud__functions.c
[0.945s] -- Up-to-date: /home/airs01/yl/ros2_ws_v1.0/install/dex_hand_ros2/include/dex_hand_ros2/dex_hand_ros2/srv/detail/add_gesture__functions.c
[0.945s] -- Up-to-date: /home/airs01/yl/ros2_ws_v1.0/install/dex_hand_ros2/include/dex_hand_ros2/dex_hand_ros2/srv/detail/run_gesture_pid__functions.h
[0.945s] -- Up-to-date: /home/airs01/yl/ros2_ws_v1.0/install/dex_hand_ros2/include/dex_hand_ros2/dex_hand_ros2/srv/detail/run_gesture_pid__struct.h
[0.945s] -- Up-to-date: /home/airs01/yl/ros2_ws_v1.0/install/dex_hand_ros2/include/dex_hand_ros2/dex_hand_ros2/srv/detail/change_baud__struct.h
[0.946s] -- Up-to-date: /home/airs01/yl/ros2_ws_v1.0/install/dex_hand_ros2/include/dex_hand_ros2/dex_hand_ros2/srv/detail/change_baud__type_support.h
[0.946s] -- Up-to-date: /home/airs01/yl/ros2_ws_v1.0/install/dex_hand_ros2/include/dex_hand_ros2/dex_hand_ros2/srv/detail/run_gesture_pid__functions.c
[0.946s] -- Up-to-date: /home/airs01/yl/ros2_ws_v1.0/install/dex_hand_ros2/include/dex_hand_ros2/dex_hand_ros2/srv/detail/change_id__functions.c
[0.946s] -- Up-to-date: /home/airs01/yl/ros2_ws_v1.0/install/dex_hand_ros2/include/dex_hand_ros2/dex_hand_ros2/srv/detail/change_id__functions.h
[0.946s] -- Up-to-date: /home/airs01/yl/ros2_ws_v1.0/install/dex_hand_ros2/include/dex_hand_ros2/dex_hand_ros2/srv/detail/change_baud__functions.h
[0.946s] -- Up-to-date: /home/airs01/yl/ros2_ws_v1.0/install/dex_hand_ros2/include/dex_hand_ros2/dex_hand_ros2/srv/detail/add_gesture__functions.h
[0.946s] -- Up-to-date: /home/airs01/yl/ros2_ws_v1.0/install/dex_hand_ros2/include/dex_hand_ros2/dex_hand_ros2/srv/detail/add_gesture__type_support.h
[0.946s] -- Up-to-date: /home/airs01/yl/ros2_ws_v1.0/install/dex_hand_ros2/include/dex_hand_ros2/dex_hand_ros2/srv/change_id.h
[0.946s] -- Up-to-date: /home/airs01/yl/ros2_ws_v1.0/install/dex_hand_ros2/include/dex_hand_ros2/dex_hand_ros2/srv/run_gesture_pid.h
[0.946s] -- Up-to-date: /home/airs01/yl/ros2_ws_v1.0/install/dex_hand_ros2/lib/libdex_hand_ros2__rosidl_generator_c.so
[0.946s] -- Up-to-date: /home/airs01/yl/ros2_ws_v1.0/install/dex_hand_ros2/include/dex_hand_ros2/dex_hand_ros2
[0.946s] -- Up-to-date: /home/airs01/yl/ros2_ws_v1.0/install/dex_hand_ros2/include/dex_hand_ros2/dex_hand_ros2/msg
[0.946s] -- Up-to-date: /home/airs01/yl/ros2_ws_v1.0/install/dex_hand_ros2/include/dex_hand_ros2/dex_hand_ros2/msg/detail
[0.946s] -- Up-to-date: /home/airs01/yl/ros2_ws_v1.0/install/dex_hand_ros2/include/dex_hand_ros2/dex_hand_ros2/msg/detail/gesture_cmd__rosidl_typesupport_fastrtps_c.h
[0.946s] -- Up-to-date: /home/airs01/yl/ros2_ws_v1.0/install/dex_hand_ros2/include/dex_hand_ros2/dex_hand_ros2/msg/detail/motor_state__rosidl_typesupport_fastrtps_c.h
[0.946s] -- Up-to-date: /home/airs01/yl/ros2_ws_v1.0/install/dex_hand_ros2/include/dex_hand_ros2/dex_hand_ros2/msg/detail/pi_dconfig__rosidl_typesupport_fastrtps_c.h
[0.946s] -- Up-to-date: /home/airs01/yl/ros2_ws_v1.0/install/dex_hand_ros2/include/dex_hand_ros2/dex_hand_ros2/msg/rosidl_typesupport_fastrtps_c__visibility_control.h
[0.947s] -- Up-to-date: /home/airs01/yl/ros2_ws_v1.0/install/dex_hand_ros2/include/dex_hand_ros2/dex_hand_ros2/srv
[0.947s] -- Up-to-date: /home/airs01/yl/ros2_ws_v1.0/install/dex_hand_ros2/include/dex_hand_ros2/dex_hand_ros2/srv/detail
[0.947s] -- Up-to-date: /home/airs01/yl/ros2_ws_v1.0/install/dex_hand_ros2/include/dex_hand_ros2/dex_hand_ros2/srv/detail/add_gesture__rosidl_typesupport_fastrtps_c.h
[0.947s] -- Up-to-date: /home/airs01/yl/ros2_ws_v1.0/install/dex_hand_ros2/include/dex_hand_ros2/dex_hand_ros2/srv/detail/change_id__rosidl_typesupport_fastrtps_c.h
[0.947s] -- Up-to-date: /home/airs01/yl/ros2_ws_v1.0/install/dex_hand_ros2/include/dex_hand_ros2/dex_hand_ros2/srv/detail/run_gesture_pid__rosidl_typesupport_fastrtps_c.h
[0.947s] -- Up-to-date: /home/airs01/yl/ros2_ws_v1.0/install/dex_hand_ros2/include/dex_hand_ros2/dex_hand_ros2/srv/detail/change_baud__rosidl_typesupport_fastrtps_c.h
[0.947s] -- Up-to-date: /home/airs01/yl/ros2_ws_v1.0/install/dex_hand_ros2/lib/libdex_hand_ros2__rosidl_typesupport_fastrtps_c.so
[0.947s] -- Up-to-date: /home/airs01/yl/ros2_ws_v1.0/install/dex_hand_ros2/include/dex_hand_ros2/dex_hand_ros2
[0.947s] -- Up-to-date: /home/airs01/yl/ros2_ws_v1.0/install/dex_hand_ros2/include/dex_hand_ros2/dex_hand_ros2/msg
[0.947s] -- Up-to-date: /home/airs01/yl/ros2_ws_v1.0/install/dex_hand_ros2/include/dex_hand_ros2/dex_hand_ros2/msg/rosidl_typesupport_introspection_c__visibility_control.h
[0.947s] -- Up-to-date: /home/airs01/yl/ros2_ws_v1.0/install/dex_hand_ros2/include/dex_hand_ros2/dex_hand_ros2/msg/detail
[0.947s] -- Up-to-date: /home/airs01/yl/ros2_ws_v1.0/install/dex_hand_ros2/include/dex_hand_ros2/dex_hand_ros2/msg/detail/pi_dconfig__type_support.c
[0.947s] -- Up-to-date: /home/airs01/yl/ros2_ws_v1.0/install/dex_hand_ros2/include/dex_hand_ros2/dex_hand_ros2/msg/detail/gesture_cmd__rosidl_typesupport_introspection_c.h
[0.947s] -- Up-to-date: /home/airs01/yl/ros2_ws_v1.0/install/dex_hand_ros2/include/dex_hand_ros2/dex_hand_ros2/msg/detail/gesture_cmd__type_support.c
[0.947s] -- Up-to-date: /home/airs01/yl/ros2_ws_v1.0/install/dex_hand_ros2/include/dex_hand_ros2/dex_hand_ros2/msg/detail/motor_state__type_support.c
[0.947s] -- Up-to-date: /home/airs01/yl/ros2_ws_v1.0/install/dex_hand_ros2/include/dex_hand_ros2/dex_hand_ros2/msg/detail/motor_state__rosidl_typesupport_introspection_c.h
[0.947s] -- Up-to-date: /home/airs01/yl/ros2_ws_v1.0/install/dex_hand_ros2/include/dex_hand_ros2/dex_hand_ros2/msg/detail/pi_dconfig__rosidl_typesupport_introspection_c.h
[0.948s] -- Up-to-date: /home/airs01/yl/ros2_ws_v1.0/install/dex_hand_ros2/include/dex_hand_ros2/dex_hand_ros2/srv
[0.948s] -- Up-to-date: /home/airs01/yl/ros2_ws_v1.0/install/dex_hand_ros2/include/dex_hand_ros2/dex_hand_ros2/srv/detail
[0.948s] -- Up-to-date: /home/airs01/yl/ros2_ws_v1.0/install/dex_hand_ros2/include/dex_hand_ros2/dex_hand_ros2/srv/detail/change_baud__type_support.c
[0.948s] -- Up-to-date: /home/airs01/yl/ros2_ws_v1.0/install/dex_hand_ros2/include/dex_hand_ros2/dex_hand_ros2/srv/detail/change_baud__rosidl_typesupport_introspection_c.h
[0.948s] -- Up-to-date: /home/airs01/yl/ros2_ws_v1.0/install/dex_hand_ros2/include/dex_hand_ros2/dex_hand_ros2/srv/detail/run_gesture_pid__rosidl_typesupport_introspection_c.h
[0.948s] -- Up-to-date: /home/airs01/yl/ros2_ws_v1.0/install/dex_hand_ros2/include/dex_hand_ros2/dex_hand_ros2/srv/detail/add_gesture__type_support.c
[0.948s] -- Up-to-date: /home/airs01/yl/ros2_ws_v1.0/install/dex_hand_ros2/include/dex_hand_ros2/dex_hand_ros2/srv/detail/change_id__rosidl_typesupport_introspection_c.h
[0.948s] -- Up-to-date: /home/airs01/yl/ros2_ws_v1.0/install/dex_hand_ros2/include/dex_hand_ros2/dex_hand_ros2/srv/detail/change_id__type_support.c
[0.948s] -- Up-to-date: /home/airs01/yl/ros2_ws_v1.0/install/dex_hand_ros2/include/dex_hand_ros2/dex_hand_ros2/srv/detail/add_gesture__rosidl_typesupport_introspection_c.h
[0.948s] -- Up-to-date: /home/airs01/yl/ros2_ws_v1.0/install/dex_hand_ros2/include/dex_hand_ros2/dex_hand_ros2/srv/detail/run_gesture_pid__type_support.c
[0.948s] -- Up-to-date: /home/airs01/yl/ros2_ws_v1.0/install/dex_hand_ros2/lib/libdex_hand_ros2__rosidl_typesupport_introspection_c.so
[0.948s] -- Up-to-date: /home/airs01/yl/ros2_ws_v1.0/install/dex_hand_ros2/lib/libdex_hand_ros2__rosidl_typesupport_c.so
[0.948s] -- Up-to-date: /home/airs01/yl/ros2_ws_v1.0/install/dex_hand_ros2/include/dex_hand_ros2/dex_hand_ros2
[0.948s] -- Up-to-date: /home/airs01/yl/ros2_ws_v1.0/install/dex_hand_ros2/include/dex_hand_ros2/dex_hand_ros2/msg
[0.948s] -- Up-to-date: /home/airs01/yl/ros2_ws_v1.0/install/dex_hand_ros2/include/dex_hand_ros2/dex_hand_ros2/msg/detail
[0.948s] -- Up-to-date: /home/airs01/yl/ros2_ws_v1.0/install/dex_hand_ros2/include/dex_hand_ros2/dex_hand_ros2/msg/detail/motor_state__struct.hpp
[0.948s] -- Up-to-date: /home/airs01/yl/ros2_ws_v1.0/install/dex_hand_ros2/include/dex_hand_ros2/dex_hand_ros2/msg/detail/gesture_cmd__struct.hpp
[0.948s] -- Up-to-date: /home/airs01/yl/ros2_ws_v1.0/install/dex_hand_ros2/include/dex_hand_ros2/dex_hand_ros2/msg/detail/motor_state__builder.hpp
[0.948s] -- Up-to-date: /home/airs01/yl/ros2_ws_v1.0/install/dex_hand_ros2/include/dex_hand_ros2/dex_hand_ros2/msg/detail/gesture_cmd__traits.hpp
[0.948s] -- Up-to-date: /home/airs01/yl/ros2_ws_v1.0/install/dex_hand_ros2/include/dex_hand_ros2/dex_hand_ros2/msg/detail/motor_state__traits.hpp
[0.949s] -- Up-to-date: /home/airs01/yl/ros2_ws_v1.0/install/dex_hand_ros2/include/dex_hand_ros2/dex_hand_ros2/msg/detail/pi_dconfig__struct.hpp
[0.949s] -- Up-to-date: /home/airs01/yl/ros2_ws_v1.0/install/dex_hand_ros2/include/dex_hand_ros2/dex_hand_ros2/msg/detail/gesture_cmd__builder.hpp
[0.949s] -- Up-to-date: /home/airs01/yl/ros2_ws_v1.0/install/dex_hand_ros2/include/dex_hand_ros2/dex_hand_ros2/msg/detail/pi_dconfig__builder.hpp
[0.949s] -- Up-to-date: /home/airs01/yl/ros2_ws_v1.0/install/dex_hand_ros2/include/dex_hand_ros2/dex_hand_ros2/msg/detail/pi_dconfig__traits.hpp
[0.949s] -- Up-to-date: /home/airs01/yl/ros2_ws_v1.0/install/dex_hand_ros2/include/dex_hand_ros2/dex_hand_ros2/msg/gesture_cmd.hpp
[0.949s] -- Up-to-date: /home/airs01/yl/ros2_ws_v1.0/install/dex_hand_ros2/include/dex_hand_ros2/dex_hand_ros2/msg/pi_dconfig.hpp
[0.949s] -- Up-to-date: /home/airs01/yl/ros2_ws_v1.0/install/dex_hand_ros2/include/dex_hand_ros2/dex_hand_ros2/msg/motor_state.hpp
[0.949s] -- Up-to-date: /home/airs01/yl/ros2_ws_v1.0/install/dex_hand_ros2/include/dex_hand_ros2/dex_hand_ros2/srv
[0.949s] -- Up-to-date: /home/airs01/yl/ros2_ws_v1.0/install/dex_hand_ros2/include/dex_hand_ros2/dex_hand_ros2/srv/change_baud.hpp
[0.949s] -- Up-to-date: /home/airs01/yl/ros2_ws_v1.0/install/dex_hand_ros2/include/dex_hand_ros2/dex_hand_ros2/srv/change_id.hpp
[0.949s] -- Up-to-date: /home/airs01/yl/ros2_ws_v1.0/install/dex_hand_ros2/include/dex_hand_ros2/dex_hand_ros2/srv/run_gesture_pid.hpp
[0.949s] -- Up-to-date: /home/airs01/yl/ros2_ws_v1.0/install/dex_hand_ros2/include/dex_hand_ros2/dex_hand_ros2/srv/detail
[0.949s] -- Up-to-date: /home/airs01/yl/ros2_ws_v1.0/install/dex_hand_ros2/include/dex_hand_ros2/dex_hand_ros2/srv/detail/change_id__struct.hpp
[0.949s] -- Up-to-date: /home/airs01/yl/ros2_ws_v1.0/install/dex_hand_ros2/include/dex_hand_ros2/dex_hand_ros2/srv/detail/add_gesture__traits.hpp
[0.949s] -- Up-to-date: /home/airs01/yl/ros2_ws_v1.0/install/dex_hand_ros2/include/dex_hand_ros2/dex_hand_ros2/srv/detail/run_gesture_pid__builder.hpp
[0.949s] -- Up-to-date: /home/airs01/yl/ros2_ws_v1.0/install/dex_hand_ros2/include/dex_hand_ros2/dex_hand_ros2/srv/detail/change_baud__traits.hpp
[0.949s] -- Up-to-date: /home/airs01/yl/ros2_ws_v1.0/install/dex_hand_ros2/include/dex_hand_ros2/dex_hand_ros2/srv/detail/change_id__builder.hpp
[0.949s] -- Up-to-date: /home/airs01/yl/ros2_ws_v1.0/install/dex_hand_ros2/include/dex_hand_ros2/dex_hand_ros2/srv/detail/change_baud__builder.hpp
[0.949s] -- Up-to-date: /home/airs01/yl/ros2_ws_v1.0/install/dex_hand_ros2/include/dex_hand_ros2/dex_hand_ros2/srv/detail/change_id__traits.hpp
[0.949s] -- Up-to-date: /home/airs01/yl/ros2_ws_v1.0/install/dex_hand_ros2/include/dex_hand_ros2/dex_hand_ros2/srv/detail/run_gesture_pid__struct.hpp
[0.950s] -- Up-to-date: /home/airs01/yl/ros2_ws_v1.0/install/dex_hand_ros2/include/dex_hand_ros2/dex_hand_ros2/srv/detail/change_baud__struct.hpp
[0.950s] -- Up-to-date: /home/airs01/yl/ros2_ws_v1.0/install/dex_hand_ros2/include/dex_hand_ros2/dex_hand_ros2/srv/detail/add_gesture__struct.hpp
[0.950s] -- Up-to-date: /home/airs01/yl/ros2_ws_v1.0/install/dex_hand_ros2/include/dex_hand_ros2/dex_hand_ros2/srv/detail/run_gesture_pid__traits.hpp
[0.950s] -- Up-to-date: /home/airs01/yl/ros2_ws_v1.0/install/dex_hand_ros2/include/dex_hand_ros2/dex_hand_ros2/srv/detail/add_gesture__builder.hpp
[0.950s] -- Up-to-date: /home/airs01/yl/ros2_ws_v1.0/install/dex_hand_ros2/include/dex_hand_ros2/dex_hand_ros2/srv/add_gesture.hpp
[0.950s] -- Up-to-date: /home/airs01/yl/ros2_ws_v1.0/install/dex_hand_ros2/include/dex_hand_ros2/dex_hand_ros2
[0.950s] -- Up-to-date: /home/airs01/yl/ros2_ws_v1.0/install/dex_hand_ros2/include/dex_hand_ros2/dex_hand_ros2/msg
[0.950s] -- Up-to-date: /home/airs01/yl/ros2_ws_v1.0/install/dex_hand_ros2/include/dex_hand_ros2/dex_hand_ros2/msg/rosidl_typesupport_fastrtps_cpp__visibility_control.h
[0.950s] -- Up-to-date: /home/airs01/yl/ros2_ws_v1.0/install/dex_hand_ros2/include/dex_hand_ros2/dex_hand_ros2/msg/detail
[0.950s] -- Up-to-date: /home/airs01/yl/ros2_ws_v1.0/install/dex_hand_ros2/include/dex_hand_ros2/dex_hand_ros2/msg/detail/dds_fastrtps
[0.950s] -- Up-to-date: /home/airs01/yl/ros2_ws_v1.0/install/dex_hand_ros2/include/dex_hand_ros2/dex_hand_ros2/msg/detail/motor_state__rosidl_typesupport_fastrtps_cpp.hpp
[0.950s] -- Up-to-date: /home/airs01/yl/ros2_ws_v1.0/install/dex_hand_ros2/include/dex_hand_ros2/dex_hand_ros2/msg/detail/gesture_cmd__rosidl_typesupport_fastrtps_cpp.hpp
[0.950s] -- Up-to-date: /home/airs01/yl/ros2_ws_v1.0/install/dex_hand_ros2/include/dex_hand_ros2/dex_hand_ros2/msg/detail/pi_dconfig__rosidl_typesupport_fastrtps_cpp.hpp
[0.950s] -- Up-to-date: /home/airs01/yl/ros2_ws_v1.0/install/dex_hand_ros2/include/dex_hand_ros2/dex_hand_ros2/srv
[0.950s] -- Up-to-date: /home/airs01/yl/ros2_ws_v1.0/install/dex_hand_ros2/include/dex_hand_ros2/dex_hand_ros2/srv/detail
[0.950s] -- Up-to-date: /home/airs01/yl/ros2_ws_v1.0/install/dex_hand_ros2/include/dex_hand_ros2/dex_hand_ros2/srv/detail/dds_fastrtps
[0.950s] -- Up-to-date: /home/airs01/yl/ros2_ws_v1.0/install/dex_hand_ros2/include/dex_hand_ros2/dex_hand_ros2/srv/detail/change_baud__rosidl_typesupport_fastrtps_cpp.hpp
[0.950s] -- Up-to-date: /home/airs01/yl/ros2_ws_v1.0/install/dex_hand_ros2/include/dex_hand_ros2/dex_hand_ros2/srv/detail/add_gesture__rosidl_typesupport_fastrtps_cpp.hpp
[0.950s] -- Up-to-date: /home/airs01/yl/ros2_ws_v1.0/install/dex_hand_ros2/include/dex_hand_ros2/dex_hand_ros2/srv/detail/change_id__rosidl_typesupport_fastrtps_cpp.hpp
[0.950s] -- Up-to-date: /home/airs01/yl/ros2_ws_v1.0/install/dex_hand_ros2/include/dex_hand_ros2/dex_hand_ros2/srv/detail/run_gesture_pid__rosidl_typesupport_fastrtps_cpp.hpp
[0.950s] -- Up-to-date: /home/airs01/yl/ros2_ws_v1.0/install/dex_hand_ros2/lib/libdex_hand_ros2__rosidl_typesupport_fastrtps_cpp.so
[0.950s] -- Up-to-date: /home/airs01/yl/ros2_ws_v1.0/install/dex_hand_ros2/include/dex_hand_ros2/dex_hand_ros2
[0.951s] -- Up-to-date: /home/airs01/yl/ros2_ws_v1.0/install/dex_hand_ros2/include/dex_hand_ros2/dex_hand_ros2/msg
[0.951s] -- Up-to-date: /home/airs01/yl/ros2_ws_v1.0/install/dex_hand_ros2/include/dex_hand_ros2/dex_hand_ros2/msg/detail
[0.951s] -- Up-to-date: /home/airs01/yl/ros2_ws_v1.0/install/dex_hand_ros2/include/dex_hand_ros2/dex_hand_ros2/msg/detail/motor_state__rosidl_typesupport_introspection_cpp.hpp
[0.951s] -- Up-to-date: /home/airs01/yl/ros2_ws_v1.0/install/dex_hand_ros2/include/dex_hand_ros2/dex_hand_ros2/msg/detail/pi_dconfig__rosidl_typesupport_introspection_cpp.hpp
[0.951s] -- Up-to-date: /home/airs01/yl/ros2_ws_v1.0/install/dex_hand_ros2/include/dex_hand_ros2/dex_hand_ros2/msg/detail/motor_state__type_support.cpp
[0.951s] -- Up-to-date: /home/airs01/yl/ros2_ws_v1.0/install/dex_hand_ros2/include/dex_hand_ros2/dex_hand_ros2/msg/detail/gesture_cmd__type_support.cpp
[0.951s] -- Up-to-date: /home/airs01/yl/ros2_ws_v1.0/install/dex_hand_ros2/include/dex_hand_ros2/dex_hand_ros2/msg/detail/gesture_cmd__rosidl_typesupport_introspection_cpp.hpp
[0.951s] -- Up-to-date: /home/airs01/yl/ros2_ws_v1.0/install/dex_hand_ros2/include/dex_hand_ros2/dex_hand_ros2/msg/detail/pi_dconfig__type_support.cpp
[0.951s] -- Up-to-date: /home/airs01/yl/ros2_ws_v1.0/install/dex_hand_ros2/include/dex_hand_ros2/dex_hand_ros2/srv
[0.951s] -- Up-to-date: /home/airs01/yl/ros2_ws_v1.0/install/dex_hand_ros2/include/dex_hand_ros2/dex_hand_ros2/srv/detail
[0.951s] -- Up-to-date: /home/airs01/yl/ros2_ws_v1.0/install/dex_hand_ros2/include/dex_hand_ros2/dex_hand_ros2/srv/detail/add_gesture__rosidl_typesupport_introspection_cpp.hpp
[0.951s] -- Up-to-date: /home/airs01/yl/ros2_ws_v1.0/install/dex_hand_ros2/include/dex_hand_ros2/dex_hand_ros2/srv/detail/change_baud__type_support.cpp
[0.951s] -- Up-to-date: /home/airs01/yl/ros2_ws_v1.0/install/dex_hand_ros2/include/dex_hand_ros2/dex_hand_ros2/srv/detail/run_gesture_pid__type_support.cpp
[0.951s] -- Up-to-date: /home/airs01/yl/ros2_ws_v1.0/install/dex_hand_ros2/include/dex_hand_ros2/dex_hand_ros2/srv/detail/change_id__type_support.cpp
[0.951s] -- Up-to-date: /home/airs01/yl/ros2_ws_v1.0/install/dex_hand_ros2/include/dex_hand_ros2/dex_hand_ros2/srv/detail/change_id__rosidl_typesupport_introspection_cpp.hpp
[0.951s] -- Up-to-date: /home/airs01/yl/ros2_ws_v1.0/install/dex_hand_ros2/include/dex_hand_ros2/dex_hand_ros2/srv/detail/run_gesture_pid__rosidl_typesupport_introspection_cpp.hpp
[0.951s] -- Up-to-date: /home/airs01/yl/ros2_ws_v1.0/install/dex_hand_ros2/include/dex_hand_ros2/dex_hand_ros2/srv/detail/change_baud__rosidl_typesupport_introspection_cpp.hpp
[0.951s] -- Up-to-date: /home/airs01/yl/ros2_ws_v1.0/install/dex_hand_ros2/include/dex_hand_ros2/dex_hand_ros2/srv/detail/add_gesture__type_support.cpp
[0.951s] -- Up-to-date: /home/airs01/yl/ros2_ws_v1.0/install/dex_hand_ros2/lib/libdex_hand_ros2__rosidl_typesupport_introspection_cpp.so
[0.951s] -- Up-to-date: /home/airs01/yl/ros2_ws_v1.0/install/dex_hand_ros2/lib/libdex_hand_ros2__rosidl_typesupport_cpp.so
[0.951s] -- Up-to-date: /home/airs01/yl/ros2_ws_v1.0/install/dex_hand_ros2/share/dex_hand_ros2/environment/pythonpath.sh
[0.952s] -- Up-to-date: /home/airs01/yl/ros2_ws_v1.0/install/dex_hand_ros2/share/dex_hand_ros2/environment/pythonpath.dsv
[0.952s] -- Up-to-date: /home/airs01/yl/ros2_ws_v1.0/install/dex_hand_ros2/lib/python3.10/site-packages/dex_hand_ros2-0.1.0-py3.10.egg-info
[0.952s] -- Installing: /home/airs01/yl/ros2_ws_v1.0/install/dex_hand_ros2/lib/python3.10/site-packages/dex_hand_ros2-0.1.0-py3.10.egg-info/SOURCES.txt
[0.952s] -- Installing: /home/airs01/yl/ros2_ws_v1.0/install/dex_hand_ros2/lib/python3.10/site-packages/dex_hand_ros2-0.1.0-py3.10.egg-info/PKG-INFO
[0.952s] -- Installing: /home/airs01/yl/ros2_ws_v1.0/install/dex_hand_ros2/lib/python3.10/site-packages/dex_hand_ros2-0.1.0-py3.10.egg-info/dependency_links.txt
[0.952s] -- Installing: /home/airs01/yl/ros2_ws_v1.0/install/dex_hand_ros2/lib/python3.10/site-packages/dex_hand_ros2-0.1.0-py3.10.egg-info/top_level.txt
[0.952s] -- Up-to-date: /home/airs01/yl/ros2_ws_v1.0/install/dex_hand_ros2/lib/python3.10/site-packages/dex_hand_ros2
[0.952s] -- Up-to-date: /home/airs01/yl/ros2_ws_v1.0/install/dex_hand_ros2/lib/python3.10/site-packages/dex_hand_ros2/libdex_hand_ros2__rosidl_generator_py.so
[0.952s] -- Up-to-date: /home/airs01/yl/ros2_ws_v1.0/install/dex_hand_ros2/lib/python3.10/site-packages/dex_hand_ros2/_dex_hand_ros2_s.ep.rosidl_typesupport_fastrtps_c.c
[0.952s] -- Up-to-date: /home/airs01/yl/ros2_ws_v1.0/install/dex_hand_ros2/lib/python3.10/site-packages/dex_hand_ros2/dex_hand_ros2_s__rosidl_typesupport_c.cpython-310-x86_64-linux-gnu.so
[0.952s] -- Up-to-date: /home/airs01/yl/ros2_ws_v1.0/install/dex_hand_ros2/lib/python3.10/site-packages/dex_hand_ros2/_dex_hand_ros2_s.ep.rosidl_typesupport_introspection_c.c
[0.952s] -- Up-to-date: /home/airs01/yl/ros2_ws_v1.0/install/dex_hand_ros2/lib/python3.10/site-packages/dex_hand_ros2/msg
[0.952s] -- Up-to-date: /home/airs01/yl/ros2_ws_v1.0/install/dex_hand_ros2/lib/python3.10/site-packages/dex_hand_ros2/msg/_pi_dconfig_s.c
[0.952s] -- Up-to-date: /home/airs01/yl/ros2_ws_v1.0/install/dex_hand_ros2/lib/python3.10/site-packages/dex_hand_ros2/msg/_motor_state_s.c
[0.952s] -- Up-to-date: /home/airs01/yl/ros2_ws_v1.0/install/dex_hand_ros2/lib/python3.10/site-packages/dex_hand_ros2/msg/_gesture_cmd_s.c
[0.952s] -- Up-to-date: /home/airs01/yl/ros2_ws_v1.0/install/dex_hand_ros2/lib/python3.10/site-packages/dex_hand_ros2/msg/__init__.py
[0.952s] -- Up-to-date: /home/airs01/yl/ros2_ws_v1.0/install/dex_hand_ros2/lib/python3.10/site-packages/dex_hand_ros2/msg/_motor_state.py
[0.952s] -- Up-to-date: /home/airs01/yl/ros2_ws_v1.0/install/dex_hand_ros2/lib/python3.10/site-packages/dex_hand_ros2/msg/_pi_dconfig.py
[0.952s] -- Up-to-date: /home/airs01/yl/ros2_ws_v1.0/install/dex_hand_ros2/lib/python3.10/site-packages/dex_hand_ros2/msg/_gesture_cmd.py
[0.952s] -- Up-to-date: /home/airs01/yl/ros2_ws_v1.0/install/dex_hand_ros2/lib/python3.10/site-packages/dex_hand_ros2/dex_hand_ros2_s__rosidl_typesupport_fastrtps_c.cpython-310-x86_64-linux-gnu.so
[0.952s] -- Installing: /home/airs01/yl/ros2_ws_v1.0/install/dex_hand_ros2/lib/python3.10/site-packages/dex_hand_ros2/__init__.py
[0.952s] -- Up-to-date: /home/airs01/yl/ros2_ws_v1.0/install/dex_hand_ros2/lib/python3.10/site-packages/dex_hand_ros2/srv
[0.953s] -- Up-to-date: /home/airs01/yl/ros2_ws_v1.0/install/dex_hand_ros2/lib/python3.10/site-packages/dex_hand_ros2/srv/_change_id.py
[0.953s] -- Up-to-date: /home/airs01/yl/ros2_ws_v1.0/install/dex_hand_ros2/lib/python3.10/site-packages/dex_hand_ros2/srv/_add_gesture_s.c
[0.953s] -- Up-to-date: /home/airs01/yl/ros2_ws_v1.0/install/dex_hand_ros2/lib/python3.10/site-packages/dex_hand_ros2/srv/_change_baud.py
[0.953s] -- Up-to-date: /home/airs01/yl/ros2_ws_v1.0/install/dex_hand_ros2/lib/python3.10/site-packages/dex_hand_ros2/srv/_add_gesture.py
[0.953s] -- Up-to-date: /home/airs01/yl/ros2_ws_v1.0/install/dex_hand_ros2/lib/python3.10/site-packages/dex_hand_ros2/srv/__init__.py
[0.953s] -- Up-to-date: /home/airs01/yl/ros2_ws_v1.0/install/dex_hand_ros2/lib/python3.10/site-packages/dex_hand_ros2/srv/_run_gesture_pid.py
[0.953s] -- Up-to-date: /home/airs01/yl/ros2_ws_v1.0/install/dex_hand_ros2/lib/python3.10/site-packages/dex_hand_ros2/srv/_change_baud_s.c
[0.953s] -- Up-to-date: /home/airs01/yl/ros2_ws_v1.0/install/dex_hand_ros2/lib/python3.10/site-packages/dex_hand_ros2/srv/_run_gesture_pid_s.c
[0.953s] -- Up-to-date: /home/airs01/yl/ros2_ws_v1.0/install/dex_hand_ros2/lib/python3.10/site-packages/dex_hand_ros2/srv/_change_id_s.c
[0.953s] -- Up-to-date: /home/airs01/yl/ros2_ws_v1.0/install/dex_hand_ros2/lib/python3.10/site-packages/dex_hand_ros2/_dex_hand_ros2_s.ep.rosidl_typesupport_c.c
[0.953s] -- Up-to-date: /home/airs01/yl/ros2_ws_v1.0/install/dex_hand_ros2/lib/python3.10/site-packages/dex_hand_ros2/dex_hand_ros2_s__rosidl_typesupport_introspection_c.cpython-310-x86_64-linux-gnu.so
[0.970s] Listing 'lib/python3.10/site-packages/dex_hand_ros2'...
[0.970s] Can't list 'lib/python3.10/site-packages/dex_hand_ros2'
[0.973s] -- Up-to-date: /home/airs01/yl/ros2_ws_v1.0/install/dex_hand_ros2/lib/python3.10/site-packages/dex_hand_ros2/dex_hand_ros2_s__rosidl_typesupport_fastrtps_c.cpython-310-x86_64-linux-gnu.so
[0.973s] -- Up-to-date: /home/airs01/yl/ros2_ws_v1.0/install/dex_hand_ros2/lib/python3.10/site-packages/dex_hand_ros2/dex_hand_ros2_s__rosidl_typesupport_introspection_c.cpython-310-x86_64-linux-gnu.so
[0.973s] -- Up-to-date: /home/airs01/yl/ros2_ws_v1.0/install/dex_hand_ros2/lib/python3.10/site-packages/dex_hand_ros2/dex_hand_ros2_s__rosidl_typesupport_c.cpython-310-x86_64-linux-gnu.so
[0.974s] -- Up-to-date: /home/airs01/yl/ros2_ws_v1.0/install/dex_hand_ros2/lib/libdex_hand_ros2__rosidl_generator_py.so
[0.974s] -- Up-to-date: /home/airs01/yl/ros2_ws_v1.0/install/dex_hand_ros2/share/dex_hand_ros2/msg/GestureCmd.idl
[0.974s] -- Up-to-date: /home/airs01/yl/ros2_ws_v1.0/install/dex_hand_ros2/share/dex_hand_ros2/msg/MotorState.idl
[0.974s] -- Up-to-date: /home/airs01/yl/ros2_ws_v1.0/install/dex_hand_ros2/share/dex_hand_ros2/msg/PIDconfig.idl
[0.974s] -- Up-to-date: /home/airs01/yl/ros2_ws_v1.0/install/dex_hand_ros2/share/dex_hand_ros2/srv/ChangeId.idl
[0.974s] -- Up-to-date: /home/airs01/yl/ros2_ws_v1.0/install/dex_hand_ros2/share/dex_hand_ros2/srv/ChangeBaud.idl
[0.974s] -- Up-to-date: /home/airs01/yl/ros2_ws_v1.0/install/dex_hand_ros2/share/dex_hand_ros2/srv/AddGesture.idl
[0.974s] -- Up-to-date: /home/airs01/yl/ros2_ws_v1.0/install/dex_hand_ros2/share/dex_hand_ros2/srv/RunGesturePid.idl
[0.974s] -- Up-to-date: /home/airs01/yl/ros2_ws_v1.0/install/dex_hand_ros2/share/dex_hand_ros2/msg/GestureCmd.msg
[0.974s] -- Up-to-date: /home/airs01/yl/ros2_ws_v1.0/install/dex_hand_ros2/share/dex_hand_ros2/msg/MotorState.msg
[0.974s] -- Up-to-date: /home/airs01/yl/ros2_ws_v1.0/install/dex_hand_ros2/share/dex_hand_ros2/msg/PIDconfig.msg
[0.974s] -- Up-to-date: /home/airs01/yl/ros2_ws_v1.0/install/dex_hand_ros2/share/dex_hand_ros2/srv/ChangeId.srv
[0.974s] -- Up-to-date: /home/airs01/yl/ros2_ws_v1.0/install/dex_hand_ros2/share/dex_hand_ros2/srv/ChangeId_Request.msg
[0.975s] -- Up-to-date: /home/airs01/yl/ros2_ws_v1.0/install/dex_hand_ros2/share/dex_hand_ros2/srv/ChangeId_Response.msg
[0.975s] -- Up-to-date: /home/airs01/yl/ros2_ws_v1.0/install/dex_hand_ros2/share/dex_hand_ros2/srv/ChangeBaud.srv
[0.975s] -- Up-to-date: /home/airs01/yl/ros2_ws_v1.0/install/dex_hand_ros2/share/dex_hand_ros2/srv/ChangeBaud_Request.msg
[0.975s] -- Up-to-date: /home/airs01/yl/ros2_ws_v1.0/install/dex_hand_ros2/share/dex_hand_ros2/srv/ChangeBaud_Response.msg
[0.975s] -- Up-to-date: /home/airs01/yl/ros2_ws_v1.0/install/dex_hand_ros2/share/dex_hand_ros2/srv/AddGesture.srv
[0.975s] -- Up-to-date: /home/airs01/yl/ros2_ws_v1.0/install/dex_hand_ros2/share/dex_hand_ros2/srv/AddGesture_Request.msg
[0.975s] -- Up-to-date: /home/airs01/yl/ros2_ws_v1.0/install/dex_hand_ros2/share/dex_hand_ros2/srv/AddGesture_Response.msg
[0.975s] -- Up-to-date: /home/airs01/yl/ros2_ws_v1.0/install/dex_hand_ros2/share/dex_hand_ros2/srv/RunGesturePid.srv
[0.975s] -- Up-to-date: /home/airs01/yl/ros2_ws_v1.0/install/dex_hand_ros2/share/dex_hand_ros2/srv/RunGesturePid_Request.msg
[0.975s] -- Up-to-date: /home/airs01/yl/ros2_ws_v1.0/install/dex_hand_ros2/share/dex_hand_ros2/srv/RunGesturePid_Response.msg
[0.975s] -- Up-to-date: /home/airs01/yl/ros2_ws_v1.0/install/dex_hand_ros2/lib/python3.10/site-packages/dex_hand_ros2
[0.975s] -- Up-to-date: /home/airs01/yl/ros2_ws_v1.0/install/dex_hand_ros2/lib/python3.10/site-packages/dex_hand_ros2/hand_driver.py
[0.975s] -- Up-to-date: /home/airs01/yl/ros2_ws_v1.0/install/dex_hand_ros2/lib/python3.10/site-packages/dex_hand_ros2/msg
[0.975s] -- Up-to-date: /home/airs01/yl/ros2_ws_v1.0/install/dex_hand_ros2/lib/python3.10/site-packages/dex_hand_ros2/config_node.py
[0.975s] -- Installing: /home/airs01/yl/ros2_ws_v1.0/install/dex_hand_ros2/lib/python3.10/site-packages/dex_hand_ros2/gesture_cli.py
[0.975s] -- Installing: /home/airs01/yl/ros2_ws_v1.0/install/dex_hand_ros2/lib/python3.10/site-packages/dex_hand_ros2/__init__.py
[0.975s] -- Up-to-date: /home/airs01/yl/ros2_ws_v1.0/install/dex_hand_ros2/lib/python3.10/site-packages/dex_hand_ros2/srv
[0.975s] -- Up-to-date: /home/airs01/yl/ros2_ws_v1.0/install/dex_hand_ros2/lib/python3.10/site-packages/dex_hand_ros2/hand_node.py
[0.975s] -- Up-to-date: /home/airs01/yl/ros2_ws_v1.0/install/dex_hand_ros2/lib/python3.10/site-packages/dex_hand_ros2/scrips
[0.975s] -- Up-to-date: /home/airs01/yl/ros2_ws_v1.0/install/dex_hand_ros2/lib/python3.10/site-packages/dex_hand_ros2/._hand_driver.py
[0.975s] -- Up-to-date: /home/airs01/yl/ros2_ws_v1.0/install/dex_hand_ros2/lib/python3.10/site-packages/dex_hand_ros2/._hand_node.py
[0.976s] -- Up-to-date: /home/airs01/yl/ros2_ws_v1.0/install/dex_hand_ros2/lib/python3.10/site-packages/dex_hand_ros2/__pycache__
[0.976s] -- Up-to-date: /home/airs01/yl/ros2_ws_v1.0/install/dex_hand_ros2/lib/dex_hand_ros2/hand_node
[0.976s] -- Up-to-date: /home/airs01/yl/ros2_ws_v1.0/install/dex_hand_ros2/lib/dex_hand_ros2/config_node
[0.977s] Invoked command in '/home/airs01/yl/ros2_ws_v1.0/build/dex_hand_ros2' returned '0': CMAKE_PREFIX_PATH=${CMAKE_PREFIX_PATH}:/home/airs01/miniconda3/envs/env_ros CONDA_PROMPT_MODIFIER=(env_ros) /home/airs01/miniconda3/envs/env_ros/bin/cmake --install /home/airs01/yl/ros2_ws_v1.0/build/dex_hand_ros2
