[0.079s] DEBUG:colcon:Command line arguments: ['/usr/bin/colcon', '--log-base', 'log_e00_run01', 'build', '--build-base', 'build_e00_run01', '--install-base', 'install_e00_run01', '--symlink-install', '--packages-up-to', 'dex_hand_ros2']
[0.080s] DEBUG:colcon:Parsed command line arguments: Namespace(log_base='log_e00_run01', log_level=None, verb_name='build', build_base='/home/airs01/yl/dex_hand_ros2/build_e00_run01', install_base='/home/airs01/yl/dex_hand_ros2/install_e00_run01', merge_install=False, symlink_install=True, test_result_base=None, continue_on_error=False, executor='parallel', parallel_workers=8, event_handlers=None, ignore_user_meta=False, metas=['./colcon.meta'], base_paths=['.'], packages_ignore=None, packages_ignore_regex=None, paths=None, packages_up_to=['dex_hand_ros2'], packages_up_to_regex=None, packages_above=None, packages_above_and_dependencies=None, packages_above_depth=None, packages_select_by_dep=None, packages_skip_by_dep=None, packages_skip_up_to=None, packages_select_build_failed=False, packages_skip_build_finished=False, packages_select_test_failures=False, packages_skip_test_passed=False, packages_select=None, packages_skip=None, packages_select_regex=None, packages_skip_regex=None, packages_start=None, packages_end=None, allow_overriding=[], cmake_args=None, cmake_target=None, cmake_target_skip_unavailable=False, cmake_clean_cache=False, cmake_clean_first=False, cmake_force_configure=False, ament_cmake_args=None, catkin_cmake_args=None, catkin_skip_building_tests=False, verb_parser=<colcon_defaults.argument_parser.defaults.DefaultArgumentsDecorator object at 0x75a3abad78e0>, verb_extension=<colcon_core.verb.build.BuildVerb object at 0x75a3abad7490>, main=<bound method BuildVerb.main of <colcon_core.verb.build.BuildVerb object at 0x75a3abad7490>>)
[0.201s] Level 1:colcon.colcon_core.package_discovery:discover_packages(colcon_meta) check parameters
[0.201s] Level 1:colcon.colcon_core.package_discovery:discover_packages(recursive) check parameters
[0.201s] Level 1:colcon.colcon_core.package_discovery:discover_packages(ignore) check parameters
[0.201s] Level 1:colcon.colcon_core.package_discovery:discover_packages(path) check parameters
[0.201s] Level 1:colcon.colcon_core.package_discovery:discover_packages(colcon_meta) discover
[0.201s] Level 1:colcon.colcon_core.package_discovery:discover_packages(recursive) discover
[0.201s] INFO:colcon.colcon_core.package_discovery:Crawling recursively for packages in '/home/airs01/yl/dex_hand_ros2'
[0.201s] Level 1:colcon.colcon_core.package_identification:_identify(.) by extensions ['ignore', 'ignore_ament_install']
[0.201s] Level 1:colcon.colcon_core.package_identification:_identify(.) by extension 'ignore'
[0.201s] Level 1:colcon.colcon_core.package_identification:_identify(.) by extension 'ignore_ament_install'
[0.201s] Level 1:colcon.colcon_core.package_identification:_identify(.) by extensions ['colcon_pkg']
[0.201s] Level 1:colcon.colcon_core.package_identification:_identify(.) by extension 'colcon_pkg'
[0.201s] Level 1:colcon.colcon_core.package_identification:_identify(.) by extensions ['colcon_meta']
[0.201s] Level 1:colcon.colcon_core.package_identification:_identify(.) by extension 'colcon_meta'
[0.201s] Level 1:colcon.colcon_core.package_identification:_identify(.) by extensions ['ros']
[0.201s] Level 1:colcon.colcon_core.package_identification:_identify(.) by extension 'ros'
[0.210s] Level 1:colcon.colcon_core.package_identification:_identify(.) by extensions ['cmake', 'python']
[0.210s] Level 1:colcon.colcon_core.package_identification:_identify(.) by extension 'cmake'
[0.210s] Level 1:colcon.colcon_core.package_identification:_identify(.) by extension 'python'
[0.210s] Level 1:colcon.colcon_core.package_identification:_identify(.) by extensions ['python_setup_py']
[0.210s] Level 1:colcon.colcon_core.package_identification:_identify(.) by extension 'python_setup_py'
[0.210s] Level 1:colcon.colcon_core.package_identification:_identify(build_e00_run01) by extensions ['ignore', 'ignore_ament_install']
[0.210s] Level 1:colcon.colcon_core.package_identification:_identify(build_e00_run01) by extension 'ignore'
[0.210s] Level 1:colcon.colcon_core.package_identification:_identify(build_e00_run01) ignored
[0.210s] Level 1:colcon.colcon_core.package_identification:_identify(docs) by extensions ['ignore', 'ignore_ament_install']
[0.210s] Level 1:colcon.colcon_core.package_identification:_identify(docs) by extension 'ignore'
[0.210s] Level 1:colcon.colcon_core.package_identification:_identify(docs) by extension 'ignore_ament_install'
[0.210s] Level 1:colcon.colcon_core.package_identification:_identify(docs) by extensions ['colcon_pkg']
[0.210s] Level 1:colcon.colcon_core.package_identification:_identify(docs) by extension 'colcon_pkg'
[0.211s] Level 1:colcon.colcon_core.package_identification:_identify(docs) by extensions ['colcon_meta']
[0.211s] Level 1:colcon.colcon_core.package_identification:_identify(docs) by extension 'colcon_meta'
[0.211s] Level 1:colcon.colcon_core.package_identification:_identify(docs) by extensions ['ros']
[0.211s] Level 1:colcon.colcon_core.package_identification:_identify(docs) by extension 'ros'
[0.211s] Level 1:colcon.colcon_core.package_identification:_identify(docs) by extensions ['cmake', 'python']
[0.211s] Level 1:colcon.colcon_core.package_identification:_identify(docs) by extension 'cmake'
[0.211s] Level 1:colcon.colcon_core.package_identification:_identify(docs) by extension 'python'
[0.211s] Level 1:colcon.colcon_core.package_identification:_identify(docs) by extensions ['python_setup_py']
[0.211s] Level 1:colcon.colcon_core.package_identification:_identify(docs) by extension 'python_setup_py'
[0.211s] Level 1:colcon.colcon_core.package_identification:_identify(experiments) by extensions ['ignore', 'ignore_ament_install']
[0.211s] Level 1:colcon.colcon_core.package_identification:_identify(experiments) by extension 'ignore'
[0.211s] Level 1:colcon.colcon_core.package_identification:_identify(experiments) by extension 'ignore_ament_install'
[0.211s] Level 1:colcon.colcon_core.package_identification:_identify(experiments) by extensions ['colcon_pkg']
[0.211s] Level 1:colcon.colcon_core.package_identification:_identify(experiments) by extension 'colcon_pkg'
[0.211s] Level 1:colcon.colcon_core.package_identification:_identify(experiments) by extensions ['colcon_meta']
[0.211s] Level 1:colcon.colcon_core.package_identification:_identify(experiments) by extension 'colcon_meta'
[0.211s] Level 1:colcon.colcon_core.package_identification:_identify(experiments) by extensions ['ros']
[0.211s] Level 1:colcon.colcon_core.package_identification:_identify(experiments) by extension 'ros'
[0.211s] Level 1:colcon.colcon_core.package_identification:_identify(experiments) by extensions ['cmake', 'python']
[0.211s] Level 1:colcon.colcon_core.package_identification:_identify(experiments) by extension 'cmake'
[0.211s] Level 1:colcon.colcon_core.package_identification:_identify(experiments) by extension 'python'
[0.211s] Level 1:colcon.colcon_core.package_identification:_identify(experiments) by extensions ['python_setup_py']
[0.211s] Level 1:colcon.colcon_core.package_identification:_identify(experiments) by extension 'python_setup_py'
[0.211s] Level 1:colcon.colcon_core.package_identification:_identify(experiments/E00_environment) by extensions ['ignore', 'ignore_ament_install']
[0.211s] Level 1:colcon.colcon_core.package_identification:_identify(experiments/E00_environment) by extension 'ignore'
[0.212s] Level 1:colcon.colcon_core.package_identification:_identify(experiments/E00_environment) by extension 'ignore_ament_install'
[0.212s] Level 1:colcon.colcon_core.package_identification:_identify(experiments/E00_environment) by extensions ['colcon_pkg']
[0.212s] Level 1:colcon.colcon_core.package_identification:_identify(experiments/E00_environment) by extension 'colcon_pkg'
[0.212s] Level 1:colcon.colcon_core.package_identification:_identify(experiments/E00_environment) by extensions ['colcon_meta']
[0.212s] Level 1:colcon.colcon_core.package_identification:_identify(experiments/E00_environment) by extension 'colcon_meta'
[0.212s] Level 1:colcon.colcon_core.package_identification:_identify(experiments/E00_environment) by extensions ['ros']
[0.212s] Level 1:colcon.colcon_core.package_identification:_identify(experiments/E00_environment) by extension 'ros'
[0.212s] Level 1:colcon.colcon_core.package_identification:_identify(experiments/E00_environment) by extensions ['cmake', 'python']
[0.212s] Level 1:colcon.colcon_core.package_identification:_identify(experiments/E00_environment) by extension 'cmake'
[0.212s] Level 1:colcon.colcon_core.package_identification:_identify(experiments/E00_environment) by extension 'python'
[0.212s] Level 1:colcon.colcon_core.package_identification:_identify(experiments/E00_environment) by extensions ['python_setup_py']
[0.212s] Level 1:colcon.colcon_core.package_identification:_identify(experiments/E00_environment) by extension 'python_setup_py'
[0.212s] Level 1:colcon.colcon_core.package_identification:_identify(experiments/E00_environment/processed) by extensions ['ignore', 'ignore_ament_install']
[0.212s] Level 1:colcon.colcon_core.package_identification:_identify(experiments/E00_environment/processed) by extension 'ignore'
[0.212s] Level 1:colcon.colcon_core.package_identification:_identify(experiments/E00_environment/processed) by extension 'ignore_ament_install'
[0.212s] Level 1:colcon.colcon_core.package_identification:_identify(experiments/E00_environment/processed) by extensions ['colcon_pkg']
[0.212s] Level 1:colcon.colcon_core.package_identification:_identify(experiments/E00_environment/processed) by extension 'colcon_pkg'
[0.212s] Level 1:colcon.colcon_core.package_identification:_identify(experiments/E00_environment/processed) by extensions ['colcon_meta']
[0.212s] Level 1:colcon.colcon_core.package_identification:_identify(experiments/E00_environment/processed) by extension 'colcon_meta'
[0.212s] Level 1:colcon.colcon_core.package_identification:_identify(experiments/E00_environment/processed) by extensions ['ros']
[0.212s] Level 1:colcon.colcon_core.package_identification:_identify(experiments/E00_environment/processed) by extension 'ros'
[0.212s] Level 1:colcon.colcon_core.package_identification:_identify(experiments/E00_environment/processed) by extensions ['cmake', 'python']
[0.212s] Level 1:colcon.colcon_core.package_identification:_identify(experiments/E00_environment/processed) by extension 'cmake'
[0.212s] Level 1:colcon.colcon_core.package_identification:_identify(experiments/E00_environment/processed) by extension 'python'
[0.212s] Level 1:colcon.colcon_core.package_identification:_identify(experiments/E00_environment/processed) by extensions ['python_setup_py']
[0.212s] Level 1:colcon.colcon_core.package_identification:_identify(experiments/E00_environment/processed) by extension 'python_setup_py'
[0.213s] Level 1:colcon.colcon_core.package_identification:_identify(experiments/E00_environment/raw) by extensions ['ignore', 'ignore_ament_install']
[0.213s] Level 1:colcon.colcon_core.package_identification:_identify(experiments/E00_environment/raw) by extension 'ignore'
[0.213s] Level 1:colcon.colcon_core.package_identification:_identify(experiments/E00_environment/raw) by extension 'ignore_ament_install'
[0.213s] Level 1:colcon.colcon_core.package_identification:_identify(experiments/E00_environment/raw) by extensions ['colcon_pkg']
[0.213s] Level 1:colcon.colcon_core.package_identification:_identify(experiments/E00_environment/raw) by extension 'colcon_pkg'
[0.213s] Level 1:colcon.colcon_core.package_identification:_identify(experiments/E00_environment/raw) by extensions ['colcon_meta']
[0.213s] Level 1:colcon.colcon_core.package_identification:_identify(experiments/E00_environment/raw) by extension 'colcon_meta'
[0.213s] Level 1:colcon.colcon_core.package_identification:_identify(experiments/E00_environment/raw) by extensions ['ros']
[0.213s] Level 1:colcon.colcon_core.package_identification:_identify(experiments/E00_environment/raw) by extension 'ros'
[0.213s] Level 1:colcon.colcon_core.package_identification:_identify(experiments/E00_environment/raw) by extensions ['cmake', 'python']
[0.213s] Level 1:colcon.colcon_core.package_identification:_identify(experiments/E00_environment/raw) by extension 'cmake'
[0.213s] Level 1:colcon.colcon_core.package_identification:_identify(experiments/E00_environment/raw) by extension 'python'
[0.213s] Level 1:colcon.colcon_core.package_identification:_identify(experiments/E00_environment/raw) by extensions ['python_setup_py']
[0.213s] Level 1:colcon.colcon_core.package_identification:_identify(experiments/E00_environment/raw) by extension 'python_setup_py'
[0.213s] Level 1:colcon.colcon_core.package_identification:_identify(install_e00_run01) by extensions ['ignore', 'ignore_ament_install']
[0.213s] Level 1:colcon.colcon_core.package_identification:_identify(install_e00_run01) by extension 'ignore'
[0.213s] Level 1:colcon.colcon_core.package_identification:_identify(install_e00_run01) ignored
[0.213s] Level 1:colcon.colcon_core.package_identification:_identify(log_e00_run01) by extensions ['ignore', 'ignore_ament_install']
[0.213s] Level 1:colcon.colcon_core.package_identification:_identify(log_e00_run01) by extension 'ignore'
[0.213s] Level 1:colcon.colcon_core.package_identification:_identify(log_e00_run01) ignored
[0.213s] Level 1:colcon.colcon_core.package_identification:_identify(src) by extensions ['ignore', 'ignore_ament_install']
[0.213s] Level 1:colcon.colcon_core.package_identification:_identify(src) by extension 'ignore'
[0.213s] Level 1:colcon.colcon_core.package_identification:_identify(src) by extension 'ignore_ament_install'
[0.214s] Level 1:colcon.colcon_core.package_identification:_identify(src) by extensions ['colcon_pkg']
[0.214s] Level 1:colcon.colcon_core.package_identification:_identify(src) by extension 'colcon_pkg'
[0.214s] Level 1:colcon.colcon_core.package_identification:_identify(src) by extensions ['colcon_meta']
[0.214s] Level 1:colcon.colcon_core.package_identification:_identify(src) by extension 'colcon_meta'
[0.214s] Level 1:colcon.colcon_core.package_identification:_identify(src) by extensions ['ros']
[0.214s] Level 1:colcon.colcon_core.package_identification:_identify(src) by extension 'ros'
[0.214s] Level 1:colcon.colcon_core.package_identification:_identify(src) by extensions ['cmake', 'python']
[0.214s] Level 1:colcon.colcon_core.package_identification:_identify(src) by extension 'cmake'
[0.214s] Level 1:colcon.colcon_core.package_identification:_identify(src) by extension 'python'
[0.214s] Level 1:colcon.colcon_core.package_identification:_identify(src) by extensions ['python_setup_py']
[0.214s] Level 1:colcon.colcon_core.package_identification:_identify(src) by extension 'python_setup_py'
[0.214s] Level 1:colcon.colcon_core.package_identification:_identify(src/dex_hand_ros2) by extensions ['ignore', 'ignore_ament_install']
[0.214s] Level 1:colcon.colcon_core.package_identification:_identify(src/dex_hand_ros2) by extension 'ignore'
[0.214s] Level 1:colcon.colcon_core.package_identification:_identify(src/dex_hand_ros2) by extension 'ignore_ament_install'
[0.214s] Level 1:colcon.colcon_core.package_identification:_identify(src/dex_hand_ros2) by extensions ['colcon_pkg']
[0.214s] Level 1:colcon.colcon_core.package_identification:_identify(src/dex_hand_ros2) by extension 'colcon_pkg'
[0.214s] Level 1:colcon.colcon_core.package_identification:_identify(src/dex_hand_ros2) by extensions ['colcon_meta']
[0.214s] Level 1:colcon.colcon_core.package_identification:_identify(src/dex_hand_ros2) by extension 'colcon_meta'
[0.214s] Level 1:colcon.colcon_core.package_identification:_identify(src/dex_hand_ros2) by extensions ['ros']
[0.214s] Level 1:colcon.colcon_core.package_identification:_identify(src/dex_hand_ros2) by extension 'ros'
[0.216s] DEBUG:colcon.colcon_core.package_identification:Package 'src/dex_hand_ros2' with type 'ros.ament_cmake' and name 'dex_hand_ros2'
[0.216s] Level 1:colcon.colcon_core.package_discovery:discover_packages(recursive) using defaults
[0.216s] Level 1:colcon.colcon_core.package_discovery:discover_packages(ignore) discover
[0.216s] Level 1:colcon.colcon_core.package_discovery:discover_packages(ignore) using defaults
[0.217s] Level 1:colcon.colcon_core.package_discovery:discover_packages(path) discover
[0.217s] Level 1:colcon.colcon_core.package_discovery:discover_packages(path) using defaults
[0.232s] Level 1:colcon.colcon_core.package_discovery:discover_packages(prefix_path) check parameters
[0.232s] Level 1:colcon.colcon_core.package_discovery:discover_packages(prefix_path) discover
[0.233s] DEBUG:colcon.colcon_installed_package_information.package_discovery:Found 273 installed packages in /opt/ros/humble
[0.235s] Level 1:colcon.colcon_core.package_discovery:discover_packages(prefix_path) using defaults
[0.271s] Level 5:colcon.colcon_core.verb:set package 'dex_hand_ros2' build argument 'cmake_args' from command line to 'None'
[0.271s] Level 5:colcon.colcon_core.verb:set package 'dex_hand_ros2' build argument 'cmake_target' from command line to 'None'
[0.271s] Level 5:colcon.colcon_core.verb:set package 'dex_hand_ros2' build argument 'cmake_target_skip_unavailable' from command line to 'False'
[0.271s] Level 5:colcon.colcon_core.verb:set package 'dex_hand_ros2' build argument 'cmake_clean_cache' from command line to 'False'
[0.271s] Level 5:colcon.colcon_core.verb:set package 'dex_hand_ros2' build argument 'cmake_clean_first' from command line to 'False'
[0.271s] Level 5:colcon.colcon_core.verb:set package 'dex_hand_ros2' build argument 'cmake_force_configure' from command line to 'False'
[0.271s] Level 5:colcon.colcon_core.verb:set package 'dex_hand_ros2' build argument 'ament_cmake_args' from command line to 'None'
[0.271s] Level 5:colcon.colcon_core.verb:set package 'dex_hand_ros2' build argument 'catkin_cmake_args' from command line to 'None'
[0.271s] Level 5:colcon.colcon_core.verb:set package 'dex_hand_ros2' build argument 'catkin_skip_building_tests' from command line to 'False'
[0.271s] DEBUG:colcon.colcon_core.verb:Building package 'dex_hand_ros2' with the following arguments: {'ament_cmake_args': None, 'build_base': '/home/airs01/yl/dex_hand_ros2/build_e00_run01/dex_hand_ros2', 'catkin_cmake_args': None, 'catkin_skip_building_tests': False, 'cmake_args': None, 'cmake_clean_cache': False, 'cmake_clean_first': False, 'cmake_force_configure': False, 'cmake_target': None, 'cmake_target_skip_unavailable': False, 'install_base': '/home/airs01/yl/dex_hand_ros2/install_e00_run01/dex_hand_ros2', 'merge_install': False, 'path': '/home/airs01/yl/dex_hand_ros2/src/dex_hand_ros2', 'symlink_install': True, 'test_result_base': None}
[0.271s] INFO:colcon.colcon_core.executor:Executing jobs using 'parallel' executor
[0.272s] DEBUG:colcon.colcon_parallel_executor.executor.parallel:run_until_complete
[0.272s] INFO:colcon.colcon_ros.task.ament_cmake.build:Building ROS package in '/home/airs01/yl/dex_hand_ros2/src/dex_hand_ros2' with build type 'ament_cmake'
[0.272s] INFO:colcon.colcon_cmake.task.cmake.build:Building CMake package in '/home/airs01/yl/dex_hand_ros2/src/dex_hand_ros2'
[0.274s] INFO:colcon.colcon_core.plugin_system:Skipping extension 'colcon_core.shell.bat': Not used on non-Windows systems
[0.274s] INFO:colcon.colcon_core.shell:Skip shell extension 'powershell' for command environment: Not usable outside of PowerShell
[0.274s] DEBUG:colcon.colcon_core.shell:Skip shell extension 'dsv' for command environment
[0.278s] DEBUG:colcon.colcon_core.event_handler.log_command:Invoking command in '/home/airs01/yl/dex_hand_ros2/build_e00_run01/dex_hand_ros2': CMAKE_PREFIX_PATH=/opt/ros/humble /usr/bin/cmake /home/airs01/yl/dex_hand_ros2/src/dex_hand_ros2 -DAMENT_CMAKE_SYMLINK_INSTALL=1 -DCMAKE_INSTALL_PREFIX=/home/airs01/yl/dex_hand_ros2/install_e00_run01/dex_hand_ros2
[1.606s] DEBUG:colcon.colcon_core.event_handler.log_command:Invoked command in '/home/airs01/yl/dex_hand_ros2/build_e00_run01/dex_hand_ros2' returned '1': CMAKE_PREFIX_PATH=/opt/ros/humble /usr/bin/cmake /home/airs01/yl/dex_hand_ros2/src/dex_hand_ros2 -DAMENT_CMAKE_SYMLINK_INSTALL=1 -DCMAKE_INSTALL_PREFIX=/home/airs01/yl/dex_hand_ros2/install_e00_run01/dex_hand_ros2
[1.614s] Level 1:colcon.colcon_core.environment:create_environment_scripts_only(dex_hand_ros2)
[1.616s] Level 1:colcon.colcon_core.environment:checking '/home/airs01/yl/dex_hand_ros2/install_e00_run01/dex_hand_ros2' for CMake module files
[1.616s] Level 1:colcon.colcon_core.environment:checking '/home/airs01/yl/dex_hand_ros2/install_e00_run01/dex_hand_ros2' for CMake config files
[1.616s] Level 1:colcon.colcon_core.environment:checking '/home/airs01/yl/dex_hand_ros2/install_e00_run01/dex_hand_ros2/bin'
[1.616s] Level 1:colcon.colcon_core.environment:checking '/home/airs01/yl/dex_hand_ros2/install_e00_run01/dex_hand_ros2/lib/pkgconfig/dex_hand_ros2.pc'
[1.616s] Level 1:colcon.colcon_core.environment:checking '/home/airs01/yl/dex_hand_ros2/install_e00_run01/dex_hand_ros2/lib/python3.10/site-packages'
[1.617s] Level 1:colcon.colcon_core.environment:checking '/home/airs01/yl/dex_hand_ros2/install_e00_run01/dex_hand_ros2/bin'
[1.617s] INFO:colcon.colcon_core.shell:Creating package script '/home/airs01/yl/dex_hand_ros2/install_e00_run01/dex_hand_ros2/share/dex_hand_ros2/package.ps1'
[1.618s] INFO:colcon.colcon_core.shell:Creating package descriptor '/home/airs01/yl/dex_hand_ros2/install_e00_run01/dex_hand_ros2/share/dex_hand_ros2/package.dsv'
[1.618s] INFO:colcon.colcon_core.shell:Creating package script '/home/airs01/yl/dex_hand_ros2/install_e00_run01/dex_hand_ros2/share/dex_hand_ros2/package.sh'
[1.618s] INFO:colcon.colcon_core.shell:Creating package script '/home/airs01/yl/dex_hand_ros2/install_e00_run01/dex_hand_ros2/share/dex_hand_ros2/package.bash'
[1.619s] INFO:colcon.colcon_core.shell:Creating package script '/home/airs01/yl/dex_hand_ros2/install_e00_run01/dex_hand_ros2/share/dex_hand_ros2/package.zsh'
[1.619s] Level 1:colcon.colcon_core.environment:create_file_with_runtime_dependencies(/home/airs01/yl/dex_hand_ros2/install_e00_run01/dex_hand_ros2/share/colcon-core/packages/dex_hand_ros2)
[1.630s] DEBUG:colcon.colcon_parallel_executor.executor.parallel:closing loop
[1.630s] DEBUG:colcon.colcon_parallel_executor.executor.parallel:loop closed
[1.630s] DEBUG:colcon.colcon_parallel_executor.executor.parallel:run_until_complete finished with '1'
[1.630s] DEBUG:colcon.colcon_core.event_reactor:joining thread
[1.634s] INFO:colcon.colcon_core.plugin_system:Skipping extension 'colcon_notification.desktop_notification.terminal_notifier': Not used on non-Darwin systems
[1.634s] INFO:colcon.colcon_core.plugin_system:Skipping extension 'colcon_notification.desktop_notification.win32': Not used on non-Windows systems
[1.634s] INFO:colcon.colcon_notification.desktop_notification:Sending desktop notification using 'notify2'
[1.643s] DEBUG:colcon.colcon_core.event_reactor:joined thread
[1.643s] INFO:colcon.colcon_core.shell:Creating prefix script '/home/airs01/yl/dex_hand_ros2/install_e00_run01/local_setup.ps1'
[1.644s] INFO:colcon.colcon_core.shell:Creating prefix util module '/home/airs01/yl/dex_hand_ros2/install_e00_run01/_local_setup_util_ps1.py'
[1.645s] INFO:colcon.colcon_core.shell:Creating prefix chain script '/home/airs01/yl/dex_hand_ros2/install_e00_run01/setup.ps1'
[1.645s] INFO:colcon.colcon_core.shell:Creating prefix script '/home/airs01/yl/dex_hand_ros2/install_e00_run01/local_setup.sh'
[1.646s] INFO:colcon.colcon_core.shell:Creating prefix util module '/home/airs01/yl/dex_hand_ros2/install_e00_run01/_local_setup_util_sh.py'
[1.646s] INFO:colcon.colcon_core.shell:Creating prefix chain script '/home/airs01/yl/dex_hand_ros2/install_e00_run01/setup.sh'
[1.647s] INFO:colcon.colcon_core.shell:Creating prefix script '/home/airs01/yl/dex_hand_ros2/install_e00_run01/local_setup.bash'
[1.647s] INFO:colcon.colcon_core.shell:Creating prefix chain script '/home/airs01/yl/dex_hand_ros2/install_e00_run01/setup.bash'
[1.648s] INFO:colcon.colcon_core.shell:Creating prefix script '/home/airs01/yl/dex_hand_ros2/install_e00_run01/local_setup.zsh'
[1.648s] INFO:colcon.colcon_core.shell:Creating prefix chain script '/home/airs01/yl/dex_hand_ros2/install_e00_run01/setup.zsh'
