[0.008s] Invoking command in '/home/airs01/yl/ros2_ws_v1.0/build/dex_hand_ros2': CMAKE_PREFIX_PATH=${CMAKE_PREFIX_PATH}:/home/airs01/miniconda3/envs/env_ros CONDA_PROMPT_MODIFIER=(env_ros) /home/airs01/miniconda3/envs/env_ros/bin/cmake /home/airs01/yl/ros2_ws_v1.0/src/dex_hand_ros2 -DCMAKE_INSTALL_PREFIX=/home/airs01/yl/ros2_ws_v1.0/install/dex_hand_ros2
[0.043s] -- The C compiler identification is GNU 11.4.0
[0.083s] -- The CXX compiler identification is GNU 11.4.0
[0.090s] -- Detecting C compiler ABI info
[0.138s] -- Detecting C compiler ABI info - done
[0.147s] -- Check for working C compiler: /usr/bin/cc - skipped
[0.147s] -- Detecting C compile features
[0.147s] -- Detecting C compile features - done
[0.149s] -- Detecting CXX compiler ABI info
[0.203s] -- Detecting CXX compiler ABI info - done
[0.212s] -- Check for working CXX compiler: /usr/bin/c++ - skipped
[0.212s] -- Detecting CXX compile features
[0.212s] -- Detecting CXX compile features - done
[0.215s] -- Found ament_cmake: 1.3.3 (/home/airs01/miniconda3/envs/env_ros/share/ament_cmake/cmake)
[0.986s] -- Found Python3: /home/airs01/miniconda3/envs/env_ros/bin/python3.10 (found version "3.10.12") found components: Interpreter 
[1.076s] -- Found rosidl_default_generators: 1.2.0 (/home/airs01/miniconda3/envs/env_ros/share/rosidl_default_generators/cmake)
[1.080s] -- Using all available rosidl_typesupport_c: rosidl_typesupport_fastrtps_c;rosidl_typesupport_introspection_c
[1.089s] -- Found rosidl_adapter: 3.1.4 (/home/airs01/miniconda3/envs/env_ros/share/rosidl_adapter/cmake)
[1.140s] -- Using all available rosidl_typesupport_cpp: rosidl_typesupport_fastrtps_cpp;rosidl_typesupport_introspection_cpp
[1.184s] -- Found std_msgs: 4.2.3 (/home/airs01/miniconda3/envs/env_ros/share/std_msgs/cmake)
[1.252s] -- Found geometry_msgs: 4.2.3 (/home/airs01/miniconda3/envs/env_ros/share/geometry_msgs/cmake)
[1.556s] -- Found ament_cmake_ros: 0.10.0 (/home/airs01/miniconda3/envs/env_ros/share/ament_cmake_ros/cmake)
[1.698s] -- Using all available rosidl_typesupport_c: rosidl_typesupport_fastrtps_c;rosidl_typesupport_introspection_c
[1.881s] -- Using all available rosidl_typesupport_cpp: rosidl_typesupport_fastrtps_cpp;rosidl_typesupport_introspection_cpp
[1.894s] -- Found PythonInterp: /home/airs01/miniconda3/envs/env_ros/bin/python3 (found suitable version "3.10.12", minimum required is "3.6") 
[1.896s] -- Found python_cmake_module: 0.10.0 (/home/airs01/miniconda3/envs/env_ros/share/python_cmake_module/cmake)
[1.911s] -- Found PythonLibs: /home/airs01/miniconda3/envs/env_ros/lib/libpython3.10.so (found suitable version "3.10.12", minimum required is "3.5") 
[1.911s] -- Using PYTHON_EXECUTABLE: /home/airs01/miniconda3/envs/env_ros/bin/python3
[1.911s] -- Using PYTHON_INCLUDE_DIRS: /home/airs01/miniconda3/envs/env_ros/include/python3.10
[1.911s] -- Using PYTHON_LIBRARIES: /home/airs01/miniconda3/envs/env_ros/lib/libpython3.10.so
[1.922s] -- Found PythonExtra: .so  
[2.800s] -- Found Python3: /home/airs01/miniconda3/envs/env_ros/include/python3.10 (found version "3.10.12") found components: Development NumPy Interpreter Development.Module Development.Embed 
[2.867s] -- Found Python3: /home/airs01/miniconda3/envs/env_ros/bin/python3.10 (found version "3.10.12") found components: Interpreter 
[2.868s] -- Configuring done (2.9s)
[2.904s] -- Generating done (0.0s)
[2.915s] -- Build files have been written to: /home/airs01/yl/ros2_ws_v1.0/build/dex_hand_ros2
[2.920s] Invoked command in '/home/airs01/yl/ros2_ws_v1.0/build/dex_hand_ros2' returned '0': CMAKE_PREFIX_PATH=${CMAKE_PREFIX_PATH}:/home/airs01/miniconda3/envs/env_ros CONDA_PROMPT_MODIFIER=(env_ros) /home/airs01/miniconda3/envs/env_ros/bin/cmake /home/airs01/yl/ros2_ws_v1.0/src/dex_hand_ros2 -DCMAKE_INSTALL_PREFIX=/home/airs01/yl/ros2_ws_v1.0/install/dex_hand_ros2
[2.922s] Invoking command in '/home/airs01/yl/ros2_ws_v1.0/build/dex_hand_ros2': CMAKE_PREFIX_PATH=${CMAKE_PREFIX_PATH}:/home/airs01/miniconda3/envs/env_ros CONDA_PROMPT_MODIFIER=(env_ros) /home/airs01/miniconda3/envs/env_ros/bin/cmake --build /home/airs01/yl/ros2_ws_v1.0/build/dex_hand_ros2 -- -j8 -l8
[2.942s] [  1%] [34m[1mGenerating C code for ROS interfaces[0m
[2.948s] [  2%] [34m[1mGenerating C++ code for ROS interfaces[0m
[2.951s] [  2%] Built target ament_cmake_python_copy_dex_hand_ros2
[3.397s] running egg_info
[3.397s] creating dex_hand_ros2.egg-info
[3.452s] writing dex_hand_ros2.egg-info/PKG-INFO
[3.494s] writing dependency_links to dex_hand_ros2.egg-info/dependency_links.txt
[3.520s] [  2%] Built target dex_hand_ros2__cpp
[3.525s] [  5%] [34m[1mGenerating C++ introspection for ROS interfaces[0m
[3.526s] [  6%] [34m[1mGenerating C++ type support dispatch for ROS interfaces[0m
[3.526s] [  6%] [34m[1mGenerating C++ type support for eProsima Fast-RTPS[0m
[3.587s] [  7%] [32mBuilding C object CMakeFiles/dex_hand_ros2__rosidl_generator_c.dir/rosidl_generator_c/dex_hand_ros2/msg/detail/motor_state__functions.c.o[0m
[3.587s] [  8%] [32mBuilding C object CMakeFiles/dex_hand_ros2__rosidl_generator_c.dir/rosidl_generator_c/dex_hand_ros2/msg/detail/gesture_cmd__functions.c.o[0m
[3.588s] [ 10%] [32mBuilding C object CMakeFiles/dex_hand_ros2__rosidl_generator_c.dir/rosidl_generator_c/dex_hand_ros2/msg/detail/pi_dconfig__functions.c.o[0m
[3.590s] [ 11%] [32mBuilding C object CMakeFiles/dex_hand_ros2__rosidl_generator_c.dir/rosidl_generator_c/dex_hand_ros2/srv/detail/change_id__functions.c.o[0m
[3.772s] writing top-level names to dex_hand_ros2.egg-info/top_level.txt
[3.775s] writing manifest file 'dex_hand_ros2.egg-info/SOURCES.txt'
[3.788s] [ 12%] [32mBuilding C object CMakeFiles/dex_hand_ros2__rosidl_generator_c.dir/rosidl_generator_c/dex_hand_ros2/srv/detail/change_baud__functions.c.o[0m
[3.793s] [ 15%] [32mBuilding C object CMakeFiles/dex_hand_ros2__rosidl_generator_c.dir/rosidl_generator_c/dex_hand_ros2/srv/detail/run_gesture_pid__functions.c.o[0m
[3.793s] [ 15%] [32mBuilding C object CMakeFiles/dex_hand_ros2__rosidl_generator_c.dir/rosidl_generator_c/dex_hand_ros2/srv/detail/add_gesture__functions.c.o[0m
[3.839s] [ 16%] [32m[1mLinking C shared library libdex_hand_ros2__rosidl_generator_c.so[0m
[3.853s] reading manifest file 'dex_hand_ros2.egg-info/SOURCES.txt'
[3.853s] writing manifest file 'dex_hand_ros2.egg-info/SOURCES.txt'
[3.865s] [ 16%] Built target dex_hand_ros2__rosidl_generator_c
[3.871s] [ 20%] [34m[1mGenerating C type support for eProsima Fast-RTPS[0m
[3.871s] [ 20%] [34m[1mGenerating C type support dispatch for ROS interfaces[0m
[3.871s] [ 20%] [34m[1mGenerating C introspection for ROS interfaces[0m
[3.885s] [ 20%] Built target ament_cmake_python_build_dex_hand_ros2_egg
[3.944s] [ 21%] [32mBuilding CXX object CMakeFiles/dex_hand_ros2__rosidl_typesupport_cpp.dir/rosidl_typesupport_cpp/dex_hand_ros2/msg/gesture_cmd__type_support.cpp.o[0m
[3.944s] [ 24%] [32mBuilding CXX object CMakeFiles/dex_hand_ros2__rosidl_typesupport_cpp.dir/rosidl_typesupport_cpp/dex_hand_ros2/msg/motor_state__type_support.cpp.o[0m
[3.944s] [ 24%] [32mBuilding CXX object CMakeFiles/dex_hand_ros2__rosidl_typesupport_cpp.dir/rosidl_typesupport_cpp/dex_hand_ros2/msg/pi_dconfig__type_support.cpp.o[0m
[4.054s] [ 25%] [32mBuilding CXX object CMakeFiles/dex_hand_ros2__rosidl_typesupport_introspection_cpp.dir/rosidl_typesupport_introspection_cpp/dex_hand_ros2/msg/detail/gesture_cmd__type_support.cpp.o[0m
[4.118s] [ 26%] [32mBuilding CXX object CMakeFiles/dex_hand_ros2__rosidl_typesupport_fastrtps_cpp.dir/rosidl_typesupport_fastrtps_cpp/dex_hand_ros2/msg/detail/dds_fastrtps/gesture_cmd__type_support.cpp.o[0m
[4.294s] [ 27%] [32mBuilding CXX object CMakeFiles/dex_hand_ros2__rosidl_typesupport_c.dir/rosidl_typesupport_c/dex_hand_ros2/msg/gesture_cmd__type_support.cpp.o[0m
[4.406s] [ 29%] [32mBuilding CXX object CMakeFiles/dex_hand_ros2__rosidl_typesupport_c.dir/rosidl_typesupport_c/dex_hand_ros2/msg/motor_state__type_support.cpp.o[0m
[4.422s] [ 30%] [32mBuilding C object CMakeFiles/dex_hand_ros2__rosidl_typesupport_introspection_c.dir/rosidl_typesupport_introspection_c/dex_hand_ros2/msg/detail/gesture_cmd__type_support.c.o[0m
[4.428s] [ 31%] [32mBuilding CXX object CMakeFiles/dex_hand_ros2__rosidl_typesupport_c.dir/rosidl_typesupport_c/dex_hand_ros2/msg/pi_dconfig__type_support.cpp.o[0m
[4.446s] [ 32%] [32mBuilding CXX object CMakeFiles/dex_hand_ros2__rosidl_typesupport_fastrtps_c.dir/rosidl_typesupport_fastrtps_c/dex_hand_ros2/msg/detail/gesture_cmd__type_support_c.cpp.o[0m
[4.456s] [ 34%] [32mBuilding C object CMakeFiles/dex_hand_ros2__rosidl_typesupport_introspection_c.dir/rosidl_typesupport_introspection_c/dex_hand_ros2/msg/detail/motor_state__type_support.c.o[0m
[4.458s] [ 35%] [32mBuilding CXX object CMakeFiles/dex_hand_ros2__rosidl_typesupport_c.dir/rosidl_typesupport_c/dex_hand_ros2/srv/change_id__type_support.cpp.o[0m
[4.485s] [ 37%] [32mBuilding CXX object CMakeFiles/dex_hand_ros2__rosidl_typesupport_c.dir/rosidl_typesupport_c/dex_hand_ros2/srv/change_baud__type_support.cpp.o[0m
[4.485s] [ 37%] [32mBuilding C object CMakeFiles/dex_hand_ros2__rosidl_typesupport_introspection_c.dir/rosidl_typesupport_introspection_c/dex_hand_ros2/msg/detail/pi_dconfig__type_support.c.o[0m
[4.511s] [ 39%] [32mBuilding C object CMakeFiles/dex_hand_ros2__rosidl_typesupport_introspection_c.dir/rosidl_typesupport_introspection_c/dex_hand_ros2/srv/detail/change_id__type_support.c.o[0m
[4.512s] [ 40%] [32mBuilding CXX object CMakeFiles/dex_hand_ros2__rosidl_typesupport_c.dir/rosidl_typesupport_c/dex_hand_ros2/srv/add_gesture__type_support.cpp.o[0m
[4.535s] [ 41%] [32mBuilding CXX object CMakeFiles/dex_hand_ros2__rosidl_typesupport_c.dir/rosidl_typesupport_c/dex_hand_ros2/srv/run_gesture_pid__type_support.cpp.o[0m
[4.542s] [ 43%] [32mBuilding C object CMakeFiles/dex_hand_ros2__rosidl_typesupport_introspection_c.dir/rosidl_typesupport_introspection_c/dex_hand_ros2/srv/detail/change_baud__type_support.c.o[0m
[4.556s] [ 44%] [32m[1mLinking CXX shared library libdex_hand_ros2__rosidl_typesupport_c.so[0m
[4.568s] [ 45%] [32mBuilding C object CMakeFiles/dex_hand_ros2__rosidl_typesupport_introspection_c.dir/rosidl_typesupport_introspection_c/dex_hand_ros2/srv/detail/add_gesture__type_support.c.o[0m
[4.586s] [ 46%] [32mBuilding CXX object CMakeFiles/dex_hand_ros2__rosidl_typesupport_cpp.dir/rosidl_typesupport_cpp/dex_hand_ros2/srv/change_baud__type_support.cpp.o[0m
[4.587s] [ 48%] [32mBuilding CXX object CMakeFiles/dex_hand_ros2__rosidl_typesupport_cpp.dir/rosidl_typesupport_cpp/dex_hand_ros2/srv/change_id__type_support.cpp.o[0m
[4.587s] [ 49%] [32mBuilding CXX object CMakeFiles/dex_hand_ros2__rosidl_typesupport_introspection_cpp.dir/rosidl_typesupport_introspection_cpp/dex_hand_ros2/msg/detail/motor_state__type_support.cpp.o[0m
[4.595s] [ 49%] Built target dex_hand_ros2__rosidl_typesupport_c
[4.599s] [ 50%] [32mBuilding CXX object CMakeFiles/dex_hand_ros2__rosidl_typesupport_fastrtps_cpp.dir/rosidl_typesupport_fastrtps_cpp/dex_hand_ros2/msg/detail/dds_fastrtps/motor_state__type_support.cpp.o[0m
[4.602s] [ 51%] [32mBuilding C object CMakeFiles/dex_hand_ros2__rosidl_typesupport_introspection_c.dir/rosidl_typesupport_introspection_c/dex_hand_ros2/srv/detail/run_gesture_pid__type_support.c.o[0m
[4.641s] [ 53%] [32m[1mLinking C shared library libdex_hand_ros2__rosidl_typesupport_introspection_c.so[0m
[4.663s] [ 53%] Built target dex_hand_ros2__rosidl_typesupport_introspection_c
[4.668s] [ 54%] [32mBuilding CXX object CMakeFiles/dex_hand_ros2__rosidl_typesupport_fastrtps_cpp.dir/rosidl_typesupport_fastrtps_cpp/dex_hand_ros2/msg/detail/dds_fastrtps/pi_dconfig__type_support.cpp.o[0m
[4.747s] [ 55%] [32mBuilding CXX object CMakeFiles/dex_hand_ros2__rosidl_typesupport_fastrtps_cpp.dir/rosidl_typesupport_fastrtps_cpp/dex_hand_ros2/srv/detail/dds_fastrtps/change_id__type_support.cpp.o[0m
[4.771s] [ 56%] [32mBuilding CXX object CMakeFiles/dex_hand_ros2__rosidl_typesupport_introspection_cpp.dir/rosidl_typesupport_introspection_cpp/dex_hand_ros2/msg/detail/pi_dconfig__type_support.cpp.o[0m
[4.778s] [ 58%] [32mBuilding CXX object CMakeFiles/dex_hand_ros2__rosidl_typesupport_fastrtps_c.dir/rosidl_typesupport_fastrtps_c/dex_hand_ros2/msg/detail/motor_state__type_support_c.cpp.o[0m
[4.821s] [ 59%] [32mBuilding CXX object CMakeFiles/dex_hand_ros2__rosidl_typesupport_introspection_cpp.dir/rosidl_typesupport_introspection_cpp/dex_hand_ros2/srv/detail/change_id__type_support.cpp.o[0m
[4.823s] [ 60%] [32mBuilding CXX object CMakeFiles/dex_hand_ros2__rosidl_typesupport_cpp.dir/rosidl_typesupport_cpp/dex_hand_ros2/srv/add_gesture__type_support.cpp.o[0m
[4.908s] [ 62%] [32mBuilding CXX object CMakeFiles/dex_hand_ros2__rosidl_typesupport_fastrtps_c.dir/rosidl_typesupport_fastrtps_c/dex_hand_ros2/msg/detail/pi_dconfig__type_support_c.cpp.o[0m
[4.935s] [ 63%] [32mBuilding CXX object CMakeFiles/dex_hand_ros2__rosidl_typesupport_cpp.dir/rosidl_typesupport_cpp/dex_hand_ros2/srv/run_gesture_pid__type_support.cpp.o[0m
[5.001s] [ 64%] [32mBuilding CXX object CMakeFiles/dex_hand_ros2__rosidl_typesupport_introspection_cpp.dir/rosidl_typesupport_introspection_cpp/dex_hand_ros2/srv/detail/change_baud__type_support.cpp.o[0m
[5.049s] [ 65%] [32mBuilding CXX object CMakeFiles/dex_hand_ros2__rosidl_typesupport_fastrtps_cpp.dir/rosidl_typesupport_fastrtps_cpp/dex_hand_ros2/srv/detail/dds_fastrtps/change_baud__type_support.cpp.o[0m
[5.092s] [ 67%] [32mBuilding CXX object CMakeFiles/dex_hand_ros2__rosidl_typesupport_introspection_cpp.dir/rosidl_typesupport_introspection_cpp/dex_hand_ros2/srv/detail/add_gesture__type_support.cpp.o[0m
[5.093s] [ 68%] [32mBuilding CXX object CMakeFiles/dex_hand_ros2__rosidl_typesupport_fastrtps_cpp.dir/rosidl_typesupport_fastrtps_cpp/dex_hand_ros2/srv/detail/dds_fastrtps/add_gesture__type_support.cpp.o[0m
[5.147s] [ 69%] [32mBuilding CXX object CMakeFiles/dex_hand_ros2__rosidl_typesupport_fastrtps_c.dir/rosidl_typesupport_fastrtps_c/dex_hand_ros2/srv/detail/change_id__type_support_c.cpp.o[0m
[5.155s] [ 70%] [32m[1mLinking CXX shared library libdex_hand_ros2__rosidl_typesupport_cpp.so[0m
[5.168s] [ 72%] [32mBuilding CXX object CMakeFiles/dex_hand_ros2__rosidl_typesupport_fastrtps_c.dir/rosidl_typesupport_fastrtps_c/dex_hand_ros2/srv/detail/change_baud__type_support_c.cpp.o[0m
[5.187s] [ 72%] Built target dex_hand_ros2__rosidl_typesupport_cpp
[5.192s] [ 73%] [32mBuilding CXX object CMakeFiles/dex_hand_ros2__rosidl_typesupport_fastrtps_c.dir/rosidl_typesupport_fastrtps_c/dex_hand_ros2/srv/detail/add_gesture__type_support_c.cpp.o[0m
[5.229s] [ 74%] [32mBuilding CXX object CMakeFiles/dex_hand_ros2__rosidl_typesupport_fastrtps_cpp.dir/rosidl_typesupport_fastrtps_cpp/dex_hand_ros2/srv/detail/dds_fastrtps/run_gesture_pid__type_support.cpp.o[0m
[5.343s] [ 75%] [32mBuilding CXX object CMakeFiles/dex_hand_ros2__rosidl_typesupport_fastrtps_c.dir/rosidl_typesupport_fastrtps_c/dex_hand_ros2/srv/detail/run_gesture_pid__type_support_c.cpp.o[0m
[5.405s] [ 77%] [32mBuilding CXX object CMakeFiles/dex_hand_ros2__rosidl_typesupport_introspection_cpp.dir/rosidl_typesupport_introspection_cpp/dex_hand_ros2/srv/detail/run_gesture_pid__type_support.cpp.o[0m
[5.571s] [ 78%] [32m[1mLinking CXX shared library libdex_hand_ros2__rosidl_typesupport_fastrtps_cpp.so[0m
[5.625s] [ 78%] Built target dex_hand_ros2__rosidl_typesupport_fastrtps_cpp
[5.629s] [ 79%] [32m[1mLinking CXX shared library libdex_hand_ros2__rosidl_typesupport_fastrtps_c.so[0m
[5.685s] [ 79%] Built target dex_hand_ros2__rosidl_typesupport_fastrtps_c
[5.706s] [ 81%] [32m[1mLinking CXX shared library libdex_hand_ros2__rosidl_typesupport_introspection_cpp.so[0m
[5.753s] [ 81%] Built target dex_hand_ros2__rosidl_typesupport_introspection_cpp
[5.763s] [ 81%] Built target dex_hand_ros2
[5.773s] [ 82%] [34m[1mGenerating Python code for ROS interfaces[0m
[6.758s] [ 82%] Built target dex_hand_ros2__py
[6.769s] [ 83%] [32mBuilding C object CMakeFiles/dex_hand_ros2__rosidl_generator_py.dir/rosidl_generator_py/dex_hand_ros2/msg/_motor_state_s.c.o[0m
[6.769s] [ 84%] [32mBuilding C object CMakeFiles/dex_hand_ros2__rosidl_generator_py.dir/rosidl_generator_py/dex_hand_ros2/msg/_pi_dconfig_s.c.o[0m
[6.769s] [ 87%] [32mBuilding C object CMakeFiles/dex_hand_ros2__rosidl_generator_py.dir/rosidl_generator_py/dex_hand_ros2/msg/_gesture_cmd_s.c.o[0m
[6.769s] [ 87%] [32mBuilding C object CMakeFiles/dex_hand_ros2__rosidl_generator_py.dir/rosidl_generator_py/dex_hand_ros2/srv/_change_id_s.c.o[0m
[6.769s] [ 88%] [32mBuilding C object CMakeFiles/dex_hand_ros2__rosidl_generator_py.dir/rosidl_generator_py/dex_hand_ros2/srv/_change_baud_s.c.o[0m
[6.769s] [ 89%] [32mBuilding C object CMakeFiles/dex_hand_ros2__rosidl_generator_py.dir/rosidl_generator_py/dex_hand_ros2/srv/_add_gesture_s.c.o[0m
[6.773s] [ 91%] [32mBuilding C object CMakeFiles/dex_hand_ros2__rosidl_generator_py.dir/rosidl_generator_py/dex_hand_ros2/srv/_run_gesture_pid_s.c.o[0m
[7.395s] [ 92%] [32m[1mLinking C shared library rosidl_generator_py/dex_hand_ros2/libdex_hand_ros2__rosidl_generator_py.so[0m
[7.421s] [ 92%] Built target dex_hand_ros2__rosidl_generator_py
[7.431s] [ 94%] [32mBuilding C object CMakeFiles/dex_hand_ros2__rosidl_typesupport_fastrtps_c__pyext.dir/rosidl_generator_py/dex_hand_ros2/_dex_hand_ros2_s.ep.rosidl_typesupport_fastrtps_c.c.o[0m
[7.432s] [ 96%] [32mBuilding C object CMakeFiles/dex_hand_ros2__rosidl_typesupport_c__pyext.dir/rosidl_generator_py/dex_hand_ros2/_dex_hand_ros2_s.ep.rosidl_typesupport_c.c.o[0m
[7.432s] [ 94%] [32mBuilding C object CMakeFiles/dex_hand_ros2__rosidl_typesupport_introspection_c__pyext.dir/rosidl_generator_py/dex_hand_ros2/_dex_hand_ros2_s.ep.rosidl_typesupport_introspection_c.c.o[0m
[7.550s] [ 97%] [32m[1mLinking C shared library rosidl_generator_py/dex_hand_ros2/dex_hand_ros2_s__rosidl_typesupport_fastrtps_c.cpython-310-x86_64-linux-gnu.so[0m
[7.557s] [100%] [32m[1mLinking C shared library rosidl_generator_py/dex_hand_ros2/dex_hand_ros2_s__rosidl_typesupport_c.cpython-310-x86_64-linux-gnu.so[0m
[7.557s] [100%] [32m[1mLinking C shared library rosidl_generator_py/dex_hand_ros2/dex_hand_ros2_s__rosidl_typesupport_introspection_c.cpython-310-x86_64-linux-gnu.so[0m
[7.574s] [100%] Built target dex_hand_ros2__rosidl_typesupport_fastrtps_c__pyext
[7.579s] [100%] Built target dex_hand_ros2__rosidl_typesupport_c__pyext
[7.579s] [100%] Built target dex_hand_ros2__rosidl_typesupport_introspection_c__pyext
[7.587s] Invoked command in '/home/airs01/yl/ros2_ws_v1.0/build/dex_hand_ros2' returned '0': CMAKE_PREFIX_PATH=${CMAKE_PREFIX_PATH}:/home/airs01/miniconda3/envs/env_ros CONDA_PROMPT_MODIFIER=(env_ros) /home/airs01/miniconda3/envs/env_ros/bin/cmake --build /home/airs01/yl/ros2_ws_v1.0/build/dex_hand_ros2 -- -j8 -l8
[7.592s] Invoking command in '/home/airs01/yl/ros2_ws_v1.0/build/dex_hand_ros2': CMAKE_PREFIX_PATH=${CMAKE_PREFIX_PATH}:/home/airs01/miniconda3/envs/env_ros CONDA_PROMPT_MODIFIER=(env_ros) /home/airs01/miniconda3/envs/env_ros/bin/cmake --install /home/airs01/yl/ros2_ws_v1.0/build/dex_hand_ros2
[7.596s] -- Install configuration: ""
[7.596s] -- Installing: /home/airs01/yl/ros2_ws_v1.0/install/dex_hand_ros2/share/ament_index/resource_index/rosidl_interfaces/dex_hand_ros2
[7.596s] -- Installing: /home/airs01/yl/ros2_ws_v1.0/install/dex_hand_ros2/include/dex_hand_ros2/dex_hand_ros2
[7.596s] -- Installing: /home/airs01/yl/ros2_ws_v1.0/install/dex_hand_ros2/include/dex_hand_ros2/dex_hand_ros2/msg
[7.596s] -- Installing: /home/airs01/yl/ros2_ws_v1.0/install/dex_hand_ros2/include/dex_hand_ros2/dex_hand_ros2/msg/pi_dconfig.h
[7.596s] -- Installing: /home/airs01/yl/ros2_ws_v1.0/install/dex_hand_ros2/include/dex_hand_ros2/dex_hand_ros2/msg/rosidl_generator_c__visibility_control.h
[7.597s] -- Installing: /home/airs01/yl/ros2_ws_v1.0/install/dex_hand_ros2/include/dex_hand_ros2/dex_hand_ros2/msg/motor_state.h
[7.597s] -- Installing: /home/airs01/yl/ros2_ws_v1.0/install/dex_hand_ros2/include/dex_hand_ros2/dex_hand_ros2/msg/detail
[7.597s] -- Installing: /home/airs01/yl/ros2_ws_v1.0/install/dex_hand_ros2/include/dex_hand_ros2/dex_hand_ros2/msg/detail/pi_dconfig__functions.c
[7.597s] -- Installing: /home/airs01/yl/ros2_ws_v1.0/install/dex_hand_ros2/include/dex_hand_ros2/dex_hand_ros2/msg/detail/motor_state__functions.c
[7.597s] -- Installing: /home/airs01/yl/ros2_ws_v1.0/install/dex_hand_ros2/include/dex_hand_ros2/dex_hand_ros2/msg/detail/motor_state__type_support.h
[7.597s] -- Installing: /home/airs01/yl/ros2_ws_v1.0/install/dex_hand_ros2/include/dex_hand_ros2/dex_hand_ros2/msg/detail/gesture_cmd__functions.h
[7.597s] -- Installing: /home/airs01/yl/ros2_ws_v1.0/install/dex_hand_ros2/include/dex_hand_ros2/dex_hand_ros2/msg/detail/pi_dconfig__functions.h
[7.597s] -- Installing: /home/airs01/yl/ros2_ws_v1.0/install/dex_hand_ros2/include/dex_hand_ros2/dex_hand_ros2/msg/detail/gesture_cmd__struct.h
[7.597s] -- Installing: /home/airs01/yl/ros2_ws_v1.0/install/dex_hand_ros2/include/dex_hand_ros2/dex_hand_ros2/msg/detail/pi_dconfig__type_support.h
[7.597s] -- Installing: /home/airs01/yl/ros2_ws_v1.0/install/dex_hand_ros2/include/dex_hand_ros2/dex_hand_ros2/msg/detail/pi_dconfig__struct.h
[7.597s] -- Installing: /home/airs01/yl/ros2_ws_v1.0/install/dex_hand_ros2/include/dex_hand_ros2/dex_hand_ros2/msg/detail/motor_state__struct.h
[7.597s] -- Installing: /home/airs01/yl/ros2_ws_v1.0/install/dex_hand_ros2/include/dex_hand_ros2/dex_hand_ros2/msg/detail/motor_state__functions.h
[7.597s] -- Installing: /home/airs01/yl/ros2_ws_v1.0/install/dex_hand_ros2/include/dex_hand_ros2/dex_hand_ros2/msg/detail/gesture_cmd__functions.c
[7.597s] -- Installing: /home/airs01/yl/ros2_ws_v1.0/install/dex_hand_ros2/include/dex_hand_ros2/dex_hand_ros2/msg/detail/gesture_cmd__type_support.h
[7.597s] -- Installing: /home/airs01/yl/ros2_ws_v1.0/install/dex_hand_ros2/include/dex_hand_ros2/dex_hand_ros2/msg/gesture_cmd.h
[7.597s] -- Installing: /home/airs01/yl/ros2_ws_v1.0/install/dex_hand_ros2/include/dex_hand_ros2/dex_hand_ros2/srv
[7.597s] -- Installing: /home/airs01/yl/ros2_ws_v1.0/install/dex_hand_ros2/include/dex_hand_ros2/dex_hand_ros2/srv/change_baud.h
[7.597s] -- Installing: /home/airs01/yl/ros2_ws_v1.0/install/dex_hand_ros2/include/dex_hand_ros2/dex_hand_ros2/srv/add_gesture.h
[7.598s] -- Installing: /home/airs01/yl/ros2_ws_v1.0/install/dex_hand_ros2/include/dex_hand_ros2/dex_hand_ros2/srv/detail
[7.598s] -- Installing: /home/airs01/yl/ros2_ws_v1.0/install/dex_hand_ros2/include/dex_hand_ros2/dex_hand_ros2/srv/detail/change_id__struct.h
[7.598s] -- Installing: /home/airs01/yl/ros2_ws_v1.0/install/dex_hand_ros2/include/dex_hand_ros2/dex_hand_ros2/srv/detail/add_gesture__struct.h
[7.598s] -- Installing: /home/airs01/yl/ros2_ws_v1.0/install/dex_hand_ros2/include/dex_hand_ros2/dex_hand_ros2/srv/detail/run_gesture_pid__type_support.h
[7.598s] -- Installing: /home/airs01/yl/ros2_ws_v1.0/install/dex_hand_ros2/include/dex_hand_ros2/dex_hand_ros2/srv/detail/change_id__type_support.h
[7.598s] -- Installing: /home/airs01/yl/ros2_ws_v1.0/install/dex_hand_ros2/include/dex_hand_ros2/dex_hand_ros2/srv/detail/change_baud__functions.c
[7.598s] -- Installing: /home/airs01/yl/ros2_ws_v1.0/install/dex_hand_ros2/include/dex_hand_ros2/dex_hand_ros2/srv/detail/add_gesture__functions.c
[7.598s] -- Installing: /home/airs01/yl/ros2_ws_v1.0/install/dex_hand_ros2/include/dex_hand_ros2/dex_hand_ros2/srv/detail/run_gesture_pid__functions.h
[7.598s] -- Installing: /home/airs01/yl/ros2_ws_v1.0/install/dex_hand_ros2/include/dex_hand_ros2/dex_hand_ros2/srv/detail/run_gesture_pid__struct.h
[7.598s] -- Installing: /home/airs01/yl/ros2_ws_v1.0/install/dex_hand_ros2/include/dex_hand_ros2/dex_hand_ros2/srv/detail/change_baud__struct.h
[7.598s] -- Installing: /home/airs01/yl/ros2_ws_v1.0/install/dex_hand_ros2/include/dex_hand_ros2/dex_hand_ros2/srv/detail/change_baud__type_support.h
[7.599s] -- Installing: /home/airs01/yl/ros2_ws_v1.0/install/dex_hand_ros2/include/dex_hand_ros2/dex_hand_ros2/srv/detail/run_gesture_pid__functions.c
[7.599s] -- Installing: /home/airs01/yl/ros2_ws_v1.0/install/dex_hand_ros2/include/dex_hand_ros2/dex_hand_ros2/srv/detail/change_id__functions.c
[7.599s] -- Installing: /home/airs01/yl/ros2_ws_v1.0/install/dex_hand_ros2/include/dex_hand_ros2/dex_hand_ros2/srv/detail/change_id__functions.h
[7.599s] -- Installing: /home/airs01/yl/ros2_ws_v1.0/install/dex_hand_ros2/include/dex_hand_ros2/dex_hand_ros2/srv/detail/change_baud__functions.h
[7.599s] -- Installing: /home/airs01/yl/ros2_ws_v1.0/install/dex_hand_ros2/include/dex_hand_ros2/dex_hand_ros2/srv/detail/add_gesture__functions.h
[7.599s] -- Installing: /home/airs01/yl/ros2_ws_v1.0/install/dex_hand_ros2/include/dex_hand_ros2/dex_hand_ros2/srv/detail/add_gesture__type_support.h
[7.599s] -- Installing: /home/airs01/yl/ros2_ws_v1.0/install/dex_hand_ros2/include/dex_hand_ros2/dex_hand_ros2/srv/change_id.h
[7.599s] -- Installing: /home/airs01/yl/ros2_ws_v1.0/install/dex_hand_ros2/include/dex_hand_ros2/dex_hand_ros2/srv/run_gesture_pid.h
[7.599s] -- Installing: /home/airs01/yl/ros2_ws_v1.0/install/dex_hand_ros2/lib/libdex_hand_ros2__rosidl_generator_c.so
[7.599s] -- Set runtime path of "/home/airs01/yl/ros2_ws_v1.0/install/dex_hand_ros2/lib/libdex_hand_ros2__rosidl_generator_c.so" to ""
[7.599s] -- Up-to-date: /home/airs01/yl/ros2_ws_v1.0/install/dex_hand_ros2/include/dex_hand_ros2/dex_hand_ros2
[7.600s] -- Up-to-date: /home/airs01/yl/ros2_ws_v1.0/install/dex_hand_ros2/include/dex_hand_ros2/dex_hand_ros2/msg
[7.600s] -- Up-to-date: /home/airs01/yl/ros2_ws_v1.0/install/dex_hand_ros2/include/dex_hand_ros2/dex_hand_ros2/msg/detail
[7.600s] -- Installing: /home/airs01/yl/ros2_ws_v1.0/install/dex_hand_ros2/include/dex_hand_ros2/dex_hand_ros2/msg/detail/gesture_cmd__rosidl_typesupport_fastrtps_c.h
[7.600s] -- Installing: /home/airs01/yl/ros2_ws_v1.0/install/dex_hand_ros2/include/dex_hand_ros2/dex_hand_ros2/msg/detail/motor_state__rosidl_typesupport_fastrtps_c.h
[7.600s] -- Installing: /home/airs01/yl/ros2_ws_v1.0/install/dex_hand_ros2/include/dex_hand_ros2/dex_hand_ros2/msg/detail/pi_dconfig__rosidl_typesupport_fastrtps_c.h
[7.600s] -- Installing: /home/airs01/yl/ros2_ws_v1.0/install/dex_hand_ros2/include/dex_hand_ros2/dex_hand_ros2/msg/rosidl_typesupport_fastrtps_c__visibility_control.h
[7.600s] -- Up-to-date: /home/airs01/yl/ros2_ws_v1.0/install/dex_hand_ros2/include/dex_hand_ros2/dex_hand_ros2/srv
[7.600s] -- Up-to-date: /home/airs01/yl/ros2_ws_v1.0/install/dex_hand_ros2/include/dex_hand_ros2/dex_hand_ros2/srv/detail
[7.600s] -- Installing: /home/airs01/yl/ros2_ws_v1.0/install/dex_hand_ros2/include/dex_hand_ros2/dex_hand_ros2/srv/detail/add_gesture__rosidl_typesupport_fastrtps_c.h
[7.600s] -- Installing: /home/airs01/yl/ros2_ws_v1.0/install/dex_hand_ros2/include/dex_hand_ros2/dex_hand_ros2/srv/detail/change_id__rosidl_typesupport_fastrtps_c.h
[7.600s] -- Installing: /home/airs01/yl/ros2_ws_v1.0/install/dex_hand_ros2/include/dex_hand_ros2/dex_hand_ros2/srv/detail/run_gesture_pid__rosidl_typesupport_fastrtps_c.h
[7.600s] -- Installing: /home/airs01/yl/ros2_ws_v1.0/install/dex_hand_ros2/include/dex_hand_ros2/dex_hand_ros2/srv/detail/change_baud__rosidl_typesupport_fastrtps_c.h
[7.601s] -- Installing: /home/airs01/yl/ros2_ws_v1.0/install/dex_hand_ros2/lib/libdex_hand_ros2__rosidl_typesupport_fastrtps_c.so
[7.601s] -- Set runtime path of "/home/airs01/yl/ros2_ws_v1.0/install/dex_hand_ros2/lib/libdex_hand_ros2__rosidl_typesupport_fastrtps_c.so" to ""
[7.601s] -- Up-to-date: /home/airs01/yl/ros2_ws_v1.0/install/dex_hand_ros2/include/dex_hand_ros2/dex_hand_ros2
[7.601s] -- Up-to-date: /home/airs01/yl/ros2_ws_v1.0/install/dex_hand_ros2/include/dex_hand_ros2/dex_hand_ros2/msg
[7.601s] -- Installing: /home/airs01/yl/ros2_ws_v1.0/install/dex_hand_ros2/include/dex_hand_ros2/dex_hand_ros2/msg/rosidl_typesupport_introspection_c__visibility_control.h
[7.601s] -- Up-to-date: /home/airs01/yl/ros2_ws_v1.0/install/dex_hand_ros2/include/dex_hand_ros2/dex_hand_ros2/msg/detail
[7.601s] -- Installing: /home/airs01/yl/ros2_ws_v1.0/install/dex_hand_ros2/include/dex_hand_ros2/dex_hand_ros2/msg/detail/pi_dconfig__type_support.c
[7.601s] -- Installing: /home/airs01/yl/ros2_ws_v1.0/install/dex_hand_ros2/include/dex_hand_ros2/dex_hand_ros2/msg/detail/gesture_cmd__rosidl_typesupport_introspection_c.h
[7.601s] -- Installing: /home/airs01/yl/ros2_ws_v1.0/install/dex_hand_ros2/include/dex_hand_ros2/dex_hand_ros2/msg/detail/gesture_cmd__type_support.c
[7.601s] -- Installing: /home/airs01/yl/ros2_ws_v1.0/install/dex_hand_ros2/include/dex_hand_ros2/dex_hand_ros2/msg/detail/motor_state__type_support.c
[7.601s] -- Installing: /home/airs01/yl/ros2_ws_v1.0/install/dex_hand_ros2/include/dex_hand_ros2/dex_hand_ros2/msg/detail/motor_state__rosidl_typesupport_introspection_c.h
[7.601s] -- Installing: /home/airs01/yl/ros2_ws_v1.0/install/dex_hand_ros2/include/dex_hand_ros2/dex_hand_ros2/msg/detail/pi_dconfig__rosidl_typesupport_introspection_c.h
[7.601s] -- Up-to-date: /home/airs01/yl/ros2_ws_v1.0/install/dex_hand_ros2/include/dex_hand_ros2/dex_hand_ros2/srv
[7.601s] -- Up-to-date: /home/airs01/yl/ros2_ws_v1.0/install/dex_hand_ros2/include/dex_hand_ros2/dex_hand_ros2/srv/detail
[7.602s] -- Installing: /home/airs01/yl/ros2_ws_v1.0/install/dex_hand_ros2/include/dex_hand_ros2/dex_hand_ros2/srv/detail/change_baud__type_support.c
[7.602s] -- Installing: /home/airs01/yl/ros2_ws_v1.0/install/dex_hand_ros2/include/dex_hand_ros2/dex_hand_ros2/srv/detail/change_baud__rosidl_typesupport_introspection_c.h
[7.602s] -- Installing: /home/airs01/yl/ros2_ws_v1.0/install/dex_hand_ros2/include/dex_hand_ros2/dex_hand_ros2/srv/detail/run_gesture_pid__rosidl_typesupport_introspection_c.h
[7.602s] -- Installing: /home/airs01/yl/ros2_ws_v1.0/install/dex_hand_ros2/include/dex_hand_ros2/dex_hand_ros2/srv/detail/add_gesture__type_support.c
[7.602s] -- Installing: /home/airs01/yl/ros2_ws_v1.0/install/dex_hand_ros2/include/dex_hand_ros2/dex_hand_ros2/srv/detail/change_id__rosidl_typesupport_introspection_c.h
[7.602s] -- Installing: /home/airs01/yl/ros2_ws_v1.0/install/dex_hand_ros2/include/dex_hand_ros2/dex_hand_ros2/srv/detail/change_id__type_support.c
[7.602s] -- Installing: /home/airs01/yl/ros2_ws_v1.0/install/dex_hand_ros2/include/dex_hand_ros2/dex_hand_ros2/srv/detail/add_gesture__rosidl_typesupport_introspection_c.h
[7.602s] -- Installing: /home/airs01/yl/ros2_ws_v1.0/install/dex_hand_ros2/include/dex_hand_ros2/dex_hand_ros2/srv/detail/run_gesture_pid__type_support.c
[7.602s] -- Installing: /home/airs01/yl/ros2_ws_v1.0/install/dex_hand_ros2/lib/libdex_hand_ros2__rosidl_typesupport_introspection_c.so
[7.602s] -- Set runtime path of "/home/airs01/yl/ros2_ws_v1.0/install/dex_hand_ros2/lib/libdex_hand_ros2__rosidl_typesupport_introspection_c.so" to ""
[7.602s] -- Installing: /home/airs01/yl/ros2_ws_v1.0/install/dex_hand_ros2/lib/libdex_hand_ros2__rosidl_typesupport_c.so
[7.602s] -- Set runtime path of "/home/airs01/yl/ros2_ws_v1.0/install/dex_hand_ros2/lib/libdex_hand_ros2__rosidl_typesupport_c.so" to ""
[7.602s] -- Up-to-date: /home/airs01/yl/ros2_ws_v1.0/install/dex_hand_ros2/include/dex_hand_ros2/dex_hand_ros2
[7.602s] -- Up-to-date: /home/airs01/yl/ros2_ws_v1.0/install/dex_hand_ros2/include/dex_hand_ros2/dex_hand_ros2/msg
[7.603s] -- Up-to-date: /home/airs01/yl/ros2_ws_v1.0/install/dex_hand_ros2/include/dex_hand_ros2/dex_hand_ros2/msg/detail
[7.603s] -- Installing: /home/airs01/yl/ros2_ws_v1.0/install/dex_hand_ros2/include/dex_hand_ros2/dex_hand_ros2/msg/detail/motor_state__struct.hpp
[7.603s] -- Installing: /home/airs01/yl/ros2_ws_v1.0/install/dex_hand_ros2/include/dex_hand_ros2/dex_hand_ros2/msg/detail/gesture_cmd__struct.hpp
[7.603s] -- Installing: /home/airs01/yl/ros2_ws_v1.0/install/dex_hand_ros2/include/dex_hand_ros2/dex_hand_ros2/msg/detail/motor_state__builder.hpp
[7.603s] -- Installing: /home/airs01/yl/ros2_ws_v1.0/install/dex_hand_ros2/include/dex_hand_ros2/dex_hand_ros2/msg/detail/gesture_cmd__traits.hpp
[7.603s] -- Installing: /home/airs01/yl/ros2_ws_v1.0/install/dex_hand_ros2/include/dex_hand_ros2/dex_hand_ros2/msg/detail/motor_state__traits.hpp
[7.603s] -- Installing: /home/airs01/yl/ros2_ws_v1.0/install/dex_hand_ros2/include/dex_hand_ros2/dex_hand_ros2/msg/detail/pi_dconfig__struct.hpp
[7.603s] -- Installing: /home/airs01/yl/ros2_ws_v1.0/install/dex_hand_ros2/include/dex_hand_ros2/dex_hand_ros2/msg/detail/gesture_cmd__builder.hpp
[7.603s] -- Installing: /home/airs01/yl/ros2_ws_v1.0/install/dex_hand_ros2/include/dex_hand_ros2/dex_hand_ros2/msg/detail/pi_dconfig__builder.hpp
[7.603s] -- Installing: /home/airs01/yl/ros2_ws_v1.0/install/dex_hand_ros2/include/dex_hand_ros2/dex_hand_ros2/msg/detail/pi_dconfig__traits.hpp
[7.603s] -- Installing: /home/airs01/yl/ros2_ws_v1.0/install/dex_hand_ros2/include/dex_hand_ros2/dex_hand_ros2/msg/gesture_cmd.hpp
[7.603s] -- Installing: /home/airs01/yl/ros2_ws_v1.0/install/dex_hand_ros2/include/dex_hand_ros2/dex_hand_ros2/msg/pi_dconfig.hpp
[7.603s] -- Installing: /home/airs01/yl/ros2_ws_v1.0/install/dex_hand_ros2/include/dex_hand_ros2/dex_hand_ros2/msg/motor_state.hpp
[7.603s] -- Up-to-date: /home/airs01/yl/ros2_ws_v1.0/install/dex_hand_ros2/include/dex_hand_ros2/dex_hand_ros2/srv
[7.603s] -- Installing: /home/airs01/yl/ros2_ws_v1.0/install/dex_hand_ros2/include/dex_hand_ros2/dex_hand_ros2/srv/change_baud.hpp
[7.603s] -- Installing: /home/airs01/yl/ros2_ws_v1.0/install/dex_hand_ros2/include/dex_hand_ros2/dex_hand_ros2/srv/change_id.hpp
[7.604s] -- Installing: /home/airs01/yl/ros2_ws_v1.0/install/dex_hand_ros2/include/dex_hand_ros2/dex_hand_ros2/srv/run_gesture_pid.hpp
[7.604s] -- Up-to-date: /home/airs01/yl/ros2_ws_v1.0/install/dex_hand_ros2/include/dex_hand_ros2/dex_hand_ros2/srv/detail
[7.604s] -- Installing: /home/airs01/yl/ros2_ws_v1.0/install/dex_hand_ros2/include/dex_hand_ros2/dex_hand_ros2/srv/detail/change_id__struct.hpp
[7.604s] -- Installing: /home/airs01/yl/ros2_ws_v1.0/install/dex_hand_ros2/include/dex_hand_ros2/dex_hand_ros2/srv/detail/add_gesture__traits.hpp
[7.604s] -- Installing: /home/airs01/yl/ros2_ws_v1.0/install/dex_hand_ros2/include/dex_hand_ros2/dex_hand_ros2/srv/detail/run_gesture_pid__builder.hpp
[7.604s] -- Installing: /home/airs01/yl/ros2_ws_v1.0/install/dex_hand_ros2/include/dex_hand_ros2/dex_hand_ros2/srv/detail/change_baud__traits.hpp
[7.604s] -- Installing: /home/airs01/yl/ros2_ws_v1.0/install/dex_hand_ros2/include/dex_hand_ros2/dex_hand_ros2/srv/detail/change_id__builder.hpp
[7.604s] -- Installing: /home/airs01/yl/ros2_ws_v1.0/install/dex_hand_ros2/include/dex_hand_ros2/dex_hand_ros2/srv/detail/change_baud__builder.hpp
[7.604s] -- Installing: /home/airs01/yl/ros2_ws_v1.0/install/dex_hand_ros2/include/dex_hand_ros2/dex_hand_ros2/srv/detail/change_id__traits.hpp
[7.604s] -- Installing: /home/airs01/yl/ros2_ws_v1.0/install/dex_hand_ros2/include/dex_hand_ros2/dex_hand_ros2/srv/detail/run_gesture_pid__struct.hpp
[7.604s] -- Installing: /home/airs01/yl/ros2_ws_v1.0/install/dex_hand_ros2/include/dex_hand_ros2/dex_hand_ros2/srv/detail/change_baud__struct.hpp
[7.604s] -- Installing: /home/airs01/yl/ros2_ws_v1.0/install/dex_hand_ros2/include/dex_hand_ros2/dex_hand_ros2/srv/detail/add_gesture__struct.hpp
[7.604s] -- Installing: /home/airs01/yl/ros2_ws_v1.0/install/dex_hand_ros2/include/dex_hand_ros2/dex_hand_ros2/srv/detail/run_gesture_pid__traits.hpp
[7.605s] -- Installing: /home/airs01/yl/ros2_ws_v1.0/install/dex_hand_ros2/include/dex_hand_ros2/dex_hand_ros2/srv/detail/add_gesture__builder.hpp
[7.606s] -- Installing: /home/airs01/yl/ros2_ws_v1.0/install/dex_hand_ros2/include/dex_hand_ros2/dex_hand_ros2/srv/add_gesture.hpp
[7.608s] -- Up-to-date: /home/airs01/yl/ros2_ws_v1.0/install/dex_hand_ros2/include/dex_hand_ros2/dex_hand_ros2
[7.608s] -- Up-to-date: /home/airs01/yl/ros2_ws_v1.0/install/dex_hand_ros2/include/dex_hand_ros2/dex_hand_ros2/msg
[7.608s] -- Installing: /home/airs01/yl/ros2_ws_v1.0/install/dex_hand_ros2/include/dex_hand_ros2/dex_hand_ros2/msg/rosidl_typesupport_fastrtps_cpp__visibility_control.h
[7.608s] -- Up-to-date: /home/airs01/yl/ros2_ws_v1.0/install/dex_hand_ros2/include/dex_hand_ros2/dex_hand_ros2/msg/detail
[7.608s] -- Installing: /home/airs01/yl/ros2_ws_v1.0/install/dex_hand_ros2/include/dex_hand_ros2/dex_hand_ros2/msg/detail/dds_fastrtps
[7.608s] -- Installing: /home/airs01/yl/ros2_ws_v1.0/install/dex_hand_ros2/include/dex_hand_ros2/dex_hand_ros2/msg/detail/motor_state__rosidl_typesupport_fastrtps_cpp.hpp
[7.608s] -- Installing: /home/airs01/yl/ros2_ws_v1.0/install/dex_hand_ros2/include/dex_hand_ros2/dex_hand_ros2/msg/detail/gesture_cmd__rosidl_typesupport_fastrtps_cpp.hpp
[7.609s] -- Installing: /home/airs01/yl/ros2_ws_v1.0/install/dex_hand_ros2/include/dex_hand_ros2/dex_hand_ros2/msg/detail/pi_dconfig__rosidl_typesupport_fastrtps_cpp.hpp
[7.609s] -- Up-to-date: /home/airs01/yl/ros2_ws_v1.0/install/dex_hand_ros2/include/dex_hand_ros2/dex_hand_ros2/srv
[7.609s] -- Up-to-date: /home/airs01/yl/ros2_ws_v1.0/install/dex_hand_ros2/include/dex_hand_ros2/dex_hand_ros2/srv/detail
[7.609s] -- Installing: /home/airs01/yl/ros2_ws_v1.0/install/dex_hand_ros2/include/dex_hand_ros2/dex_hand_ros2/srv/detail/dds_fastrtps
[7.609s] -- Installing: /home/airs01/yl/ros2_ws_v1.0/install/dex_hand_ros2/include/dex_hand_ros2/dex_hand_ros2/srv/detail/change_baud__rosidl_typesupport_fastrtps_cpp.hpp
[7.609s] -- Installing: /home/airs01/yl/ros2_ws_v1.0/install/dex_hand_ros2/include/dex_hand_ros2/dex_hand_ros2/srv/detail/add_gesture__rosidl_typesupport_fastrtps_cpp.hpp
[7.609s] -- Installing: /home/airs01/yl/ros2_ws_v1.0/install/dex_hand_ros2/include/dex_hand_ros2/dex_hand_ros2/srv/detail/change_id__rosidl_typesupport_fastrtps_cpp.hpp
[7.609s] -- Installing: /home/airs01/yl/ros2_ws_v1.0/install/dex_hand_ros2/include/dex_hand_ros2/dex_hand_ros2/srv/detail/run_gesture_pid__rosidl_typesupport_fastrtps_cpp.hpp
[7.609s] -- Installing: /home/airs01/yl/ros2_ws_v1.0/install/dex_hand_ros2/lib/libdex_hand_ros2__rosidl_typesupport_fastrtps_cpp.so
[7.609s] -- Set runtime path of "/home/airs01/yl/ros2_ws_v1.0/install/dex_hand_ros2/lib/libdex_hand_ros2__rosidl_typesupport_fastrtps_cpp.so" to ""
[7.609s] -- Up-to-date: /home/airs01/yl/ros2_ws_v1.0/install/dex_hand_ros2/include/dex_hand_ros2/dex_hand_ros2
[7.609s] -- Up-to-date: /home/airs01/yl/ros2_ws_v1.0/install/dex_hand_ros2/include/dex_hand_ros2/dex_hand_ros2/msg
[7.609s] -- Up-to-date: /home/airs01/yl/ros2_ws_v1.0/install/dex_hand_ros2/include/dex_hand_ros2/dex_hand_ros2/msg/detail
[7.609s] -- Installing: /home/airs01/yl/ros2_ws_v1.0/install/dex_hand_ros2/include/dex_hand_ros2/dex_hand_ros2/msg/detail/motor_state__rosidl_typesupport_introspection_cpp.hpp
[7.609s] -- Installing: /home/airs01/yl/ros2_ws_v1.0/install/dex_hand_ros2/include/dex_hand_ros2/dex_hand_ros2/msg/detail/pi_dconfig__rosidl_typesupport_introspection_cpp.hpp
[7.609s] -- Installing: /home/airs01/yl/ros2_ws_v1.0/install/dex_hand_ros2/include/dex_hand_ros2/dex_hand_ros2/msg/detail/motor_state__type_support.cpp
[7.609s] -- Installing: /home/airs01/yl/ros2_ws_v1.0/install/dex_hand_ros2/include/dex_hand_ros2/dex_hand_ros2/msg/detail/gesture_cmd__type_support.cpp
[7.610s] -- Installing: /home/airs01/yl/ros2_ws_v1.0/install/dex_hand_ros2/include/dex_hand_ros2/dex_hand_ros2/msg/detail/gesture_cmd__rosidl_typesupport_introspection_cpp.hpp
[7.610s] -- Installing: /home/airs01/yl/ros2_ws_v1.0/install/dex_hand_ros2/include/dex_hand_ros2/dex_hand_ros2/msg/detail/pi_dconfig__type_support.cpp
[7.610s] -- Up-to-date: /home/airs01/yl/ros2_ws_v1.0/install/dex_hand_ros2/include/dex_hand_ros2/dex_hand_ros2/srv
[7.610s] -- Up-to-date: /home/airs01/yl/ros2_ws_v1.0/install/dex_hand_ros2/include/dex_hand_ros2/dex_hand_ros2/srv/detail
[7.610s] -- Installing: /home/airs01/yl/ros2_ws_v1.0/install/dex_hand_ros2/include/dex_hand_ros2/dex_hand_ros2/srv/detail/add_gesture__rosidl_typesupport_introspection_cpp.hpp
[7.610s] -- Installing: /home/airs01/yl/ros2_ws_v1.0/install/dex_hand_ros2/include/dex_hand_ros2/dex_hand_ros2/srv/detail/change_baud__type_support.cpp
[7.610s] -- Installing: /home/airs01/yl/ros2_ws_v1.0/install/dex_hand_ros2/include/dex_hand_ros2/dex_hand_ros2/srv/detail/run_gesture_pid__type_support.cpp
[7.610s] -- Installing: /home/airs01/yl/ros2_ws_v1.0/install/dex_hand_ros2/include/dex_hand_ros2/dex_hand_ros2/srv/detail/change_id__type_support.cpp
[7.610s] -- Installing: /home/airs01/yl/ros2_ws_v1.0/install/dex_hand_ros2/include/dex_hand_ros2/dex_hand_ros2/srv/detail/change_id__rosidl_typesupport_introspection_cpp.hpp
[7.610s] -- Installing: /home/airs01/yl/ros2_ws_v1.0/install/dex_hand_ros2/include/dex_hand_ros2/dex_hand_ros2/srv/detail/run_gesture_pid__rosidl_typesupport_introspection_cpp.hpp
[7.610s] -- Installing: /home/airs01/yl/ros2_ws_v1.0/install/dex_hand_ros2/include/dex_hand_ros2/dex_hand_ros2/srv/detail/change_baud__rosidl_typesupport_introspection_cpp.hpp
[7.610s] -- Installing: /home/airs01/yl/ros2_ws_v1.0/install/dex_hand_ros2/include/dex_hand_ros2/dex_hand_ros2/srv/detail/add_gesture__type_support.cpp
[7.610s] -- Installing: /home/airs01/yl/ros2_ws_v1.0/install/dex_hand_ros2/lib/libdex_hand_ros2__rosidl_typesupport_introspection_cpp.so
[7.610s] -- Set runtime path of "/home/airs01/yl/ros2_ws_v1.0/install/dex_hand_ros2/lib/libdex_hand_ros2__rosidl_typesupport_introspection_cpp.so" to ""
[7.610s] -- Installing: /home/airs01/yl/ros2_ws_v1.0/install/dex_hand_ros2/lib/libdex_hand_ros2__rosidl_typesupport_cpp.so
[7.610s] -- Set runtime path of "/home/airs01/yl/ros2_ws_v1.0/install/dex_hand_ros2/lib/libdex_hand_ros2__rosidl_typesupport_cpp.so" to ""
[7.610s] -- Installing: /home/airs01/yl/ros2_ws_v1.0/install/dex_hand_ros2/share/dex_hand_ros2/environment/pythonpath.sh
[7.611s] -- Installing: /home/airs01/yl/ros2_ws_v1.0/install/dex_hand_ros2/share/dex_hand_ros2/environment/pythonpath.dsv
[7.611s] -- Installing: /home/airs01/yl/ros2_ws_v1.0/install/dex_hand_ros2/lib/python3.10/site-packages/dex_hand_ros2-0.1.0-py3.10.egg-info
[7.611s] -- Installing: /home/airs01/yl/ros2_ws_v1.0/install/dex_hand_ros2/lib/python3.10/site-packages/dex_hand_ros2-0.1.0-py3.10.egg-info/SOURCES.txt
[7.611s] -- Installing: /home/airs01/yl/ros2_ws_v1.0/install/dex_hand_ros2/lib/python3.10/site-packages/dex_hand_ros2-0.1.0-py3.10.egg-info/PKG-INFO
[7.611s] -- Installing: /home/airs01/yl/ros2_ws_v1.0/install/dex_hand_ros2/lib/python3.10/site-packages/dex_hand_ros2-0.1.0-py3.10.egg-info/dependency_links.txt
[7.611s] -- Installing: /home/airs01/yl/ros2_ws_v1.0/install/dex_hand_ros2/lib/python3.10/site-packages/dex_hand_ros2-0.1.0-py3.10.egg-info/top_level.txt
[7.611s] -- Installing: /home/airs01/yl/ros2_ws_v1.0/install/dex_hand_ros2/lib/python3.10/site-packages/dex_hand_ros2
[7.611s] -- Installing: /home/airs01/yl/ros2_ws_v1.0/install/dex_hand_ros2/lib/python3.10/site-packages/dex_hand_ros2/libdex_hand_ros2__rosidl_generator_py.so
[7.611s] -- Installing: /home/airs01/yl/ros2_ws_v1.0/install/dex_hand_ros2/lib/python3.10/site-packages/dex_hand_ros2/_dex_hand_ros2_s.ep.rosidl_typesupport_fastrtps_c.c
[7.611s] -- Installing: /home/airs01/yl/ros2_ws_v1.0/install/dex_hand_ros2/lib/python3.10/site-packages/dex_hand_ros2/dex_hand_ros2_s__rosidl_typesupport_c.cpython-310-x86_64-linux-gnu.so
[7.611s] -- Installing: /home/airs01/yl/ros2_ws_v1.0/install/dex_hand_ros2/lib/python3.10/site-packages/dex_hand_ros2/_dex_hand_ros2_s.ep.rosidl_typesupport_introspection_c.c
[7.611s] -- Installing: /home/airs01/yl/ros2_ws_v1.0/install/dex_hand_ros2/lib/python3.10/site-packages/dex_hand_ros2/msg
[7.611s] -- Installing: /home/airs01/yl/ros2_ws_v1.0/install/dex_hand_ros2/lib/python3.10/site-packages/dex_hand_ros2/msg/_pi_dconfig_s.c
[7.611s] -- Installing: /home/airs01/yl/ros2_ws_v1.0/install/dex_hand_ros2/lib/python3.10/site-packages/dex_hand_ros2/msg/_motor_state_s.c
[7.611s] -- Installing: /home/airs01/yl/ros2_ws_v1.0/install/dex_hand_ros2/lib/python3.10/site-packages/dex_hand_ros2/msg/_gesture_cmd_s.c
[7.612s] -- Installing: /home/airs01/yl/ros2_ws_v1.0/install/dex_hand_ros2/lib/python3.10/site-packages/dex_hand_ros2/msg/__init__.py
[7.612s] -- Installing: /home/airs01/yl/ros2_ws_v1.0/install/dex_hand_ros2/lib/python3.10/site-packages/dex_hand_ros2/msg/_motor_state.py
[7.612s] -- Installing: /home/airs01/yl/ros2_ws_v1.0/install/dex_hand_ros2/lib/python3.10/site-packages/dex_hand_ros2/msg/_pi_dconfig.py
[7.612s] -- Installing: /home/airs01/yl/ros2_ws_v1.0/install/dex_hand_ros2/lib/python3.10/site-packages/dex_hand_ros2/msg/_gesture_cmd.py
[7.612s] -- Installing: /home/airs01/yl/ros2_ws_v1.0/install/dex_hand_ros2/lib/python3.10/site-packages/dex_hand_ros2/dex_hand_ros2_s__rosidl_typesupport_fastrtps_c.cpython-310-x86_64-linux-gnu.so
[7.612s] -- Installing: /home/airs01/yl/ros2_ws_v1.0/install/dex_hand_ros2/lib/python3.10/site-packages/dex_hand_ros2/__init__.py
[7.612s] -- Installing: /home/airs01/yl/ros2_ws_v1.0/install/dex_hand_ros2/lib/python3.10/site-packages/dex_hand_ros2/srv
[7.612s] -- Installing: /home/airs01/yl/ros2_ws_v1.0/install/dex_hand_ros2/lib/python3.10/site-packages/dex_hand_ros2/srv/_change_id.py
[7.612s] -- Installing: /home/airs01/yl/ros2_ws_v1.0/install/dex_hand_ros2/lib/python3.10/site-packages/dex_hand_ros2/srv/_add_gesture_s.c
[7.612s] -- Installing: /home/airs01/yl/ros2_ws_v1.0/install/dex_hand_ros2/lib/python3.10/site-packages/dex_hand_ros2/srv/_change_baud.py
[7.612s] -- Installing: /home/airs01/yl/ros2_ws_v1.0/install/dex_hand_ros2/lib/python3.10/site-packages/dex_hand_ros2/srv/_add_gesture.py
[7.612s] -- Installing: /home/airs01/yl/ros2_ws_v1.0/install/dex_hand_ros2/lib/python3.10/site-packages/dex_hand_ros2/srv/__init__.py
[7.612s] -- Installing: /home/airs01/yl/ros2_ws_v1.0/install/dex_hand_ros2/lib/python3.10/site-packages/dex_hand_ros2/srv/_run_gesture_pid.py
[7.612s] -- Installing: /home/airs01/yl/ros2_ws_v1.0/install/dex_hand_ros2/lib/python3.10/site-packages/dex_hand_ros2/srv/_change_baud_s.c
[7.612s] -- Installing: /home/airs01/yl/ros2_ws_v1.0/install/dex_hand_ros2/lib/python3.10/site-packages/dex_hand_ros2/srv/_run_gesture_pid_s.c
[7.612s] -- Installing: /home/airs01/yl/ros2_ws_v1.0/install/dex_hand_ros2/lib/python3.10/site-packages/dex_hand_ros2/srv/_change_id_s.c
[7.612s] -- Installing: /home/airs01/yl/ros2_ws_v1.0/install/dex_hand_ros2/lib/python3.10/site-packages/dex_hand_ros2/_dex_hand_ros2_s.ep.rosidl_typesupport_c.c
[7.613s] -- Installing: /home/airs01/yl/ros2_ws_v1.0/install/dex_hand_ros2/lib/python3.10/site-packages/dex_hand_ros2/dex_hand_ros2_s__rosidl_typesupport_introspection_c.cpython-310-x86_64-linux-gnu.so
[7.637s] Listing 'lib/python3.10/site-packages/dex_hand_ros2'...
[7.637s] Can't list 'lib/python3.10/site-packages/dex_hand_ros2'
[7.640s] -- Installing: /home/airs01/yl/ros2_ws_v1.0/install/dex_hand_ros2/lib/python3.10/site-packages/dex_hand_ros2/dex_hand_ros2_s__rosidl_typesupport_fastrtps_c.cpython-310-x86_64-linux-gnu.so
[7.640s] -- Set runtime path of "/home/airs01/yl/ros2_ws_v1.0/install/dex_hand_ros2/lib/python3.10/site-packages/dex_hand_ros2/dex_hand_ros2_s__rosidl_typesupport_fastrtps_c.cpython-310-x86_64-linux-gnu.so" to ""
[7.640s] -- Installing: /home/airs01/yl/ros2_ws_v1.0/install/dex_hand_ros2/lib/python3.10/site-packages/dex_hand_ros2/dex_hand_ros2_s__rosidl_typesupport_introspection_c.cpython-310-x86_64-linux-gnu.so
[7.641s] -- Set runtime path of "/home/airs01/yl/ros2_ws_v1.0/install/dex_hand_ros2/lib/python3.10/site-packages/dex_hand_ros2/dex_hand_ros2_s__rosidl_typesupport_introspection_c.cpython-310-x86_64-linux-gnu.so" to ""
[7.641s] -- Installing: /home/airs01/yl/ros2_ws_v1.0/install/dex_hand_ros2/lib/python3.10/site-packages/dex_hand_ros2/dex_hand_ros2_s__rosidl_typesupport_c.cpython-310-x86_64-linux-gnu.so
[7.641s] -- Set runtime path of "/home/airs01/yl/ros2_ws_v1.0/install/dex_hand_ros2/lib/python3.10/site-packages/dex_hand_ros2/dex_hand_ros2_s__rosidl_typesupport_c.cpython-310-x86_64-linux-gnu.so" to ""
[7.641s] -- Installing: /home/airs01/yl/ros2_ws_v1.0/install/dex_hand_ros2/lib/libdex_hand_ros2__rosidl_generator_py.so
[7.641s] -- Set runtime path of "/home/airs01/yl/ros2_ws_v1.0/install/dex_hand_ros2/lib/libdex_hand_ros2__rosidl_generator_py.so" to ""
[7.641s] -- Installing: /home/airs01/yl/ros2_ws_v1.0/install/dex_hand_ros2/share/dex_hand_ros2/msg/GestureCmd.idl
[7.641s] -- Installing: /home/airs01/yl/ros2_ws_v1.0/install/dex_hand_ros2/share/dex_hand_ros2/msg/MotorState.idl
[7.641s] -- Installing: /home/airs01/yl/ros2_ws_v1.0/install/dex_hand_ros2/share/dex_hand_ros2/msg/PIDconfig.idl
[7.642s] -- Installing: /home/airs01/yl/ros2_ws_v1.0/install/dex_hand_ros2/share/dex_hand_ros2/srv/ChangeId.idl
[7.642s] -- Installing: /home/airs01/yl/ros2_ws_v1.0/install/dex_hand_ros2/share/dex_hand_ros2/srv/ChangeBaud.idl
[7.642s] -- Installing: /home/airs01/yl/ros2_ws_v1.0/install/dex_hand_ros2/share/dex_hand_ros2/srv/AddGesture.idl
[7.642s] -- Installing: /home/airs01/yl/ros2_ws_v1.0/install/dex_hand_ros2/share/dex_hand_ros2/srv/RunGesturePid.idl
[7.642s] -- Installing: /home/airs01/yl/ros2_ws_v1.0/install/dex_hand_ros2/share/dex_hand_ros2/msg/GestureCmd.msg
[7.642s] -- Installing: /home/airs01/yl/ros2_ws_v1.0/install/dex_hand_ros2/share/dex_hand_ros2/msg/MotorState.msg
[7.642s] -- Installing: /home/airs01/yl/ros2_ws_v1.0/install/dex_hand_ros2/share/dex_hand_ros2/msg/PIDconfig.msg
[7.642s] -- Installing: /home/airs01/yl/ros2_ws_v1.0/install/dex_hand_ros2/share/dex_hand_ros2/srv/ChangeId.srv
[7.642s] -- Installing: /home/airs01/yl/ros2_ws_v1.0/install/dex_hand_ros2/share/dex_hand_ros2/srv/ChangeId_Request.msg
[7.642s] -- Installing: /home/airs01/yl/ros2_ws_v1.0/install/dex_hand_ros2/share/dex_hand_ros2/srv/ChangeId_Response.msg
[7.642s] -- Installing: /home/airs01/yl/ros2_ws_v1.0/install/dex_hand_ros2/share/dex_hand_ros2/srv/ChangeBaud.srv
[7.642s] -- Installing: /home/airs01/yl/ros2_ws_v1.0/install/dex_hand_ros2/share/dex_hand_ros2/srv/ChangeBaud_Request.msg
[7.642s] -- Installing: /home/airs01/yl/ros2_ws_v1.0/install/dex_hand_ros2/share/dex_hand_ros2/srv/ChangeBaud_Response.msg
[7.642s] -- Installing: /home/airs01/yl/ros2_ws_v1.0/install/dex_hand_ros2/share/dex_hand_ros2/srv/AddGesture.srv
[7.642s] -- Installing: /home/airs01/yl/ros2_ws_v1.0/install/dex_hand_ros2/share/dex_hand_ros2/srv/AddGesture_Request.msg
[7.643s] -- Installing: /home/airs01/yl/ros2_ws_v1.0/install/dex_hand_ros2/share/dex_hand_ros2/srv/AddGesture_Response.msg
[7.643s] -- Installing: /home/airs01/yl/ros2_ws_v1.0/install/dex_hand_ros2/share/dex_hand_ros2/srv/RunGesturePid.srv
[7.643s] -- Installing: /home/airs01/yl/ros2_ws_v1.0/install/dex_hand_ros2/share/dex_hand_ros2/srv/RunGesturePid_Request.msg
[7.643s] -- Installing: /home/airs01/yl/ros2_ws_v1.0/install/dex_hand_ros2/share/dex_hand_ros2/srv/RunGesturePid_Response.msg
[7.643s] -- Up-to-date: /home/airs01/yl/ros2_ws_v1.0/install/dex_hand_ros2/lib/python3.10/site-packages/dex_hand_ros2
[7.643s] -- Installing: /home/airs01/yl/ros2_ws_v1.0/install/dex_hand_ros2/lib/python3.10/site-packages/dex_hand_ros2/hand_driver.py
[7.643s] -- Up-to-date: /home/airs01/yl/ros2_ws_v1.0/install/dex_hand_ros2/lib/python3.10/site-packages/dex_hand_ros2/msg
[7.643s] -- Installing: /home/airs01/yl/ros2_ws_v1.0/install/dex_hand_ros2/lib/python3.10/site-packages/dex_hand_ros2/config_node.py
[7.643s] -- Installing: /home/airs01/yl/ros2_ws_v1.0/install/dex_hand_ros2/lib/python3.10/site-packages/dex_hand_ros2/__init__.py
[7.643s] -- Up-to-date: /home/airs01/yl/ros2_ws_v1.0/install/dex_hand_ros2/lib/python3.10/site-packages/dex_hand_ros2/srv
[7.643s] -- Installing: /home/airs01/yl/ros2_ws_v1.0/install/dex_hand_ros2/lib/python3.10/site-packages/dex_hand_ros2/hand_node.py
[7.643s] -- Installing: /home/airs01/yl/ros2_ws_v1.0/install/dex_hand_ros2/lib/python3.10/site-packages/dex_hand_ros2/scrips
[7.643s] -- Installing: /home/airs01/yl/ros2_ws_v1.0/install/dex_hand_ros2/lib/python3.10/site-packages/dex_hand_ros2/._hand_driver.py
[7.643s] -- Installing: /home/airs01/yl/ros2_ws_v1.0/install/dex_hand_ros2/lib/python3.10/site-packages/dex_hand_ros2/._hand_node.py
[7.643s] -- Installing: /home/airs01/yl/ros2_ws_v1.0/install/dex_hand_ros2/lib/python3.10/site-packages/dex_hand_ros2/__pycache__
[7.643s] -- Installing: /home/airs01/yl/ros2_ws_v1.0/install/dex_hand_ros2/lib/dex_hand_ros2/hand_node
[7.644s] -- Installing: /home/airs01/yl/ros2_ws_v1.0/install/dex_hand_ros2/lib/dex_hand_ros2/config_node
[7.645s] Invoked command in '/home/airs01/yl/ros2_ws_v1.0/build/dex_hand_ros2' returned '0': CMAKE_PREFIX_PATH=${CMAKE_PREFIX_PATH}:/home/airs01/miniconda3/envs/env_ros CONDA_PROMPT_MODIFIER=(env_ros) /home/airs01/miniconda3/envs/env_ros/bin/cmake --install /home/airs01/yl/ros2_ws_v1.0/build/dex_hand_ros2
