[0.038s] Invoking command in '/root/dex_hand_ws/build/dex_hand_ros2': CMAKE_PREFIX_PATH=${CMAKE_PREFIX_PATH}:/opt/ros/humble /usr/bin/cmake --build /root/dex_hand_ws/build/dex_hand_ros2 -- -j10 -l10
[0.148s] -- Found ament_cmake: 1.3.12 (/opt/ros/humble/share/ament_cmake/cmake)
[0.415s] -- Found rosidl_default_generators: 1.2.0 (/opt/ros/humble/share/rosidl_default_generators/cmake)
[0.418s] -- Using all available rosidl_typesupport_c: rosidl_typesupport_fastrtps_c;rosidl_typesupport_introspection_c
[0.419s] -- Found rosidl_adapter: 3.1.8 (/opt/ros/humble/share/rosidl_adapter/cmake)
[0.438s] -- Using all available rosidl_typesupport_cpp: rosidl_typesupport_fastrtps_cpp;rosidl_typesupport_introspection_cpp
[0.451s] -- Found std_msgs: 4.9.0 (/opt/ros/humble/share/std_msgs/cmake)
[0.466s] -- Found geometry_msgs: 4.9.0 (/opt/ros/humble/share/geometry_msgs/cmake)
[0.474s] -- Found rclpy: 3.3.19 (/opt/ros/humble/share/rclpy/cmake)
[1.030s] -- Found ament_cmake_ros: 0.10.0 (/opt/ros/humble/share/ament_cmake_ros/cmake)
[1.544s] -- Using all available rosidl_typesupport_c: rosidl_typesupport_fastrtps_c;rosidl_typesupport_introspection_c
[2.229s] -- Using all available rosidl_typesupport_cpp: rosidl_typesupport_fastrtps_cpp;rosidl_typesupport_introspection_cpp
[2.295s] -- Found python_cmake_module: 0.10.0 (/opt/ros/humble/share/python_cmake_module/cmake)
[2.360s] -- Using PYTHON_EXECUTABLE: /usr/bin/python3
[2.360s] -- Using PYTHON_INCLUDE_DIRS: /usr/include/python3.10
[2.360s] -- Using PYTHON_LIBRARIES: /usr/lib/x86_64-linux-gnu/libpython3.10.so
[2.544s] -- Configuring done
[2.660s] -- Generating done
[2.698s] -- Build files have been written to: /root/dex_hand_ws/build/dex_hand_ros2
[2.849s] [35m[1mConsolidate compiler generated dependencies of target dex_hand_ros2__rosidl_generator_c[0m
[2.921s] [  2%] Built target dex_hand_ros2__cpp
[2.943s] [ 12%] Built target dex_hand_ros2__rosidl_generator_c
[2.994s] [ 12%] Built target ament_cmake_python_copy_dex_hand_ros2
[3.027s] [35m[1mConsolidate compiler generated dependencies of target dex_hand_ros2__rosidl_typesupport_cpp[0m
[3.030s] [35m[1mConsolidate compiler generated dependencies of target dex_hand_ros2__rosidl_typesupport_fastrtps_cpp[0m
[3.031s] [35m[1mConsolidate compiler generated dependencies of target dex_hand_ros2__rosidl_typesupport_introspection_cpp[0m
[3.050s] [35m[1mConsolidate compiler generated dependencies of target dex_hand_ros2__rosidl_typesupport_fastrtps_c[0m
[3.051s] [35m[1mConsolidate compiler generated dependencies of target dex_hand_ros2__rosidl_typesupport_introspection_c[0m
[3.052s] [35m[1mConsolidate compiler generated dependencies of target dex_hand_ros2__rosidl_typesupport_c[0m
[3.159s] [ 33%] Built target dex_hand_ros2__rosidl_typesupport_introspection_c
[3.160s] [ 33%] Built target dex_hand_ros2__rosidl_typesupport_c
[3.195s] [ 43%] Built target dex_hand_ros2__rosidl_typesupport_cpp
[3.210s] [ 56%] Built target dex_hand_ros2__rosidl_typesupport_fastrtps_cpp
[3.213s] [ 64%] Built target dex_hand_ros2__rosidl_typesupport_introspection_cpp
[3.220s] [ 74%] Built target dex_hand_ros2__rosidl_typesupport_fastrtps_c
[3.352s] running egg_info
[3.353s] writing dex_hand_ros2.egg-info/PKG-INFO
[3.354s] writing dependency_links to dex_hand_ros2.egg-info/dependency_links.txt
[3.356s] writing top-level names to dex_hand_ros2.egg-info/top_level.txt
[3.361s] reading manifest file 'dex_hand_ros2.egg-info/SOURCES.txt'
[3.362s] writing manifest file 'dex_hand_ros2.egg-info/SOURCES.txt'
[3.376s] [ 74%] Built target dex_hand_ros2
[3.422s] [ 74%] Built target ament_cmake_python_build_dex_hand_ros2_egg
[3.515s] [ 76%] Built target dex_hand_ros2__py
[3.582s] [35m[1mConsolidate compiler generated dependencies of target dex_hand_ros2__rosidl_generator_py[0m
[3.666s] [ 84%] Built target dex_hand_ros2__rosidl_generator_py
[3.748s] [35m[1mConsolidate compiler generated dependencies of target dex_hand_ros2__rosidl_typesupport_fastrtps_c__pyext[0m
[3.756s] [35m[1mConsolidate compiler generated dependencies of target dex_hand_ros2__rosidl_typesupport_introspection_c__pyext[0m
[3.760s] [35m[1mConsolidate compiler generated dependencies of target dex_hand_ros2__rosidl_typesupport_c__pyext[0m
[3.859s] [ 89%] Built target dex_hand_ros2__rosidl_typesupport_fastrtps_c__pyext
[3.866s] [ 94%] Built target dex_hand_ros2__rosidl_typesupport_introspection_c__pyext
[3.868s] [100%] Built target dex_hand_ros2__rosidl_typesupport_c__pyext
[3.907s] Invoked command in '/root/dex_hand_ws/build/dex_hand_ros2' returned '0': CMAKE_PREFIX_PATH=${CMAKE_PREFIX_PATH}:/opt/ros/humble /usr/bin/cmake --build /root/dex_hand_ws/build/dex_hand_ros2 -- -j10 -l10
[3.941s] Invoking command in '/root/dex_hand_ws/build/dex_hand_ros2': CMAKE_PREFIX_PATH=${CMAKE_PREFIX_PATH}:/opt/ros/humble /usr/bin/cmake --install /root/dex_hand_ws/build/dex_hand_ros2
[3.978s] -- Install configuration: ""
[3.979s] -- Up-to-date: /root/dex_hand_ws/install/dex_hand_ros2/share/ament_index/resource_index/rosidl_interfaces/dex_hand_ros2
[3.980s] -- Up-to-date: /root/dex_hand_ws/install/dex_hand_ros2/include/dex_hand_ros2/dex_hand_ros2
[3.980s] -- Up-to-date: /root/dex_hand_ws/install/dex_hand_ros2/include/dex_hand_ros2/dex_hand_ros2/msg
[3.980s] -- Up-to-date: /root/dex_hand_ws/install/dex_hand_ros2/include/dex_hand_ros2/dex_hand_ros2/msg/rosidl_generator_c__visibility_control.h
[3.981s] -- Up-to-date: /root/dex_hand_ws/install/dex_hand_ros2/include/dex_hand_ros2/dex_hand_ros2/msg/gesture_cmd.h
[3.981s] -- Up-to-date: /root/dex_hand_ws/install/dex_hand_ros2/include/dex_hand_ros2/dex_hand_ros2/msg/motor_state.h
[3.981s] -- Up-to-date: /root/dex_hand_ws/install/dex_hand_ros2/include/dex_hand_ros2/dex_hand_ros2/msg/detail
[3.982s] -- Up-to-date: /root/dex_hand_ws/install/dex_hand_ros2/include/dex_hand_ros2/dex_hand_ros2/msg/detail/gesture_cmd__functions.h
[3.982s] -- Up-to-date: /root/dex_hand_ws/install/dex_hand_ros2/include/dex_hand_ros2/dex_hand_ros2/msg/detail/motor_state__struct.h
[3.983s] -- Up-to-date: /root/dex_hand_ws/install/dex_hand_ros2/include/dex_hand_ros2/dex_hand_ros2/msg/detail/motor_state__functions.c
[3.983s] -- Up-to-date: /root/dex_hand_ws/install/dex_hand_ros2/include/dex_hand_ros2/dex_hand_ros2/msg/detail/motor_state__type_support.h
[3.983s] -- Up-to-date: /root/dex_hand_ws/install/dex_hand_ros2/include/dex_hand_ros2/dex_hand_ros2/msg/detail/gesture_cmd__type_support.h
[3.983s] -- Up-to-date: /root/dex_hand_ws/install/dex_hand_ros2/include/dex_hand_ros2/dex_hand_ros2/msg/detail/gesture_cmd__functions.c
[3.984s] -- Up-to-date: /root/dex_hand_ws/install/dex_hand_ros2/include/dex_hand_ros2/dex_hand_ros2/msg/detail/gesture_cmd__struct.h
[3.984s] -- Up-to-date: /root/dex_hand_ws/install/dex_hand_ros2/include/dex_hand_ros2/dex_hand_ros2/msg/detail/motor_state__functions.h
[3.984s] -- Up-to-date: /root/dex_hand_ws/install/dex_hand_ros2/share/dex_hand_ros2/environment/library_path.sh
[3.984s] -- Installing: /root/dex_hand_ws/install/dex_hand_ros2/share/dex_hand_ros2/environment/library_path.dsv
[3.988s] -- Up-to-date: /root/dex_hand_ws/install/dex_hand_ros2/lib/libdex_hand_ros2__rosidl_generator_c.so
[3.988s] -- Up-to-date: /root/dex_hand_ws/install/dex_hand_ros2/include/dex_hand_ros2/dex_hand_ros2
[3.989s] -- Up-to-date: /root/dex_hand_ws/install/dex_hand_ros2/include/dex_hand_ros2/dex_hand_ros2/msg
[3.989s] -- Up-to-date: /root/dex_hand_ws/install/dex_hand_ros2/include/dex_hand_ros2/dex_hand_ros2/msg/detail
[3.990s] -- Up-to-date: /root/dex_hand_ws/install/dex_hand_ros2/include/dex_hand_ros2/dex_hand_ros2/msg/detail/motor_state__rosidl_typesupport_fastrtps_c.h
[3.990s] -- Up-to-date: /root/dex_hand_ws/install/dex_hand_ros2/include/dex_hand_ros2/dex_hand_ros2/msg/detail/gesture_cmd__rosidl_typesupport_fastrtps_c.h
[3.990s] -- Up-to-date: /root/dex_hand_ws/install/dex_hand_ros2/include/dex_hand_ros2/dex_hand_ros2/msg/rosidl_typesupport_fastrtps_c__visibility_control.h
[3.991s] -- Up-to-date: /root/dex_hand_ws/install/dex_hand_ros2/lib/libdex_hand_ros2__rosidl_typesupport_fastrtps_c.so
[3.991s] -- Up-to-date: /root/dex_hand_ws/install/dex_hand_ros2/include/dex_hand_ros2/dex_hand_ros2
[3.992s] -- Up-to-date: /root/dex_hand_ws/install/dex_hand_ros2/include/dex_hand_ros2/dex_hand_ros2/msg
[3.992s] -- Up-to-date: /root/dex_hand_ws/install/dex_hand_ros2/include/dex_hand_ros2/dex_hand_ros2/msg/detail
[3.992s] -- Up-to-date: /root/dex_hand_ws/install/dex_hand_ros2/include/dex_hand_ros2/dex_hand_ros2/msg/detail/gesture_cmd__type_support.c
[3.992s] -- Up-to-date: /root/dex_hand_ws/install/dex_hand_ros2/include/dex_hand_ros2/dex_hand_ros2/msg/detail/motor_state__rosidl_typesupport_introspection_c.h
[3.993s] -- Up-to-date: /root/dex_hand_ws/install/dex_hand_ros2/include/dex_hand_ros2/dex_hand_ros2/msg/detail/gesture_cmd__rosidl_typesupport_introspection_c.h
[3.993s] -- Up-to-date: /root/dex_hand_ws/install/dex_hand_ros2/include/dex_hand_ros2/dex_hand_ros2/msg/detail/motor_state__type_support.c
[3.993s] -- Up-to-date: /root/dex_hand_ws/install/dex_hand_ros2/include/dex_hand_ros2/dex_hand_ros2/msg/rosidl_typesupport_introspection_c__visibility_control.h
[3.994s] -- Up-to-date: /root/dex_hand_ws/install/dex_hand_ros2/lib/libdex_hand_ros2__rosidl_typesupport_introspection_c.so
[3.994s] -- Up-to-date: /root/dex_hand_ws/install/dex_hand_ros2/lib/libdex_hand_ros2__rosidl_typesupport_c.so
[3.994s] -- Up-to-date: /root/dex_hand_ws/install/dex_hand_ros2/include/dex_hand_ros2/dex_hand_ros2
[3.995s] -- Up-to-date: /root/dex_hand_ws/install/dex_hand_ros2/include/dex_hand_ros2/dex_hand_ros2/msg
[3.995s] -- Up-to-date: /root/dex_hand_ws/install/dex_hand_ros2/include/dex_hand_ros2/dex_hand_ros2/msg/motor_state.hpp
[3.995s] -- Up-to-date: /root/dex_hand_ws/install/dex_hand_ros2/include/dex_hand_ros2/dex_hand_ros2/msg/detail
[3.995s] -- Up-to-date: /root/dex_hand_ws/install/dex_hand_ros2/include/dex_hand_ros2/dex_hand_ros2/msg/detail/gesture_cmd__struct.hpp
[3.996s] -- Up-to-date: /root/dex_hand_ws/install/dex_hand_ros2/include/dex_hand_ros2/dex_hand_ros2/msg/detail/motor_state__struct.hpp
[3.996s] -- Up-to-date: /root/dex_hand_ws/install/dex_hand_ros2/include/dex_hand_ros2/dex_hand_ros2/msg/detail/motor_state__builder.hpp
[3.996s] -- Up-to-date: /root/dex_hand_ws/install/dex_hand_ros2/include/dex_hand_ros2/dex_hand_ros2/msg/detail/motor_state__type_support.hpp
[3.996s] -- Up-to-date: /root/dex_hand_ws/install/dex_hand_ros2/include/dex_hand_ros2/dex_hand_ros2/msg/detail/gesture_cmd__traits.hpp
[3.997s] -- Up-to-date: /root/dex_hand_ws/install/dex_hand_ros2/include/dex_hand_ros2/dex_hand_ros2/msg/detail/gesture_cmd__type_support.hpp
[3.997s] -- Up-to-date: /root/dex_hand_ws/install/dex_hand_ros2/include/dex_hand_ros2/dex_hand_ros2/msg/detail/motor_state__traits.hpp
[3.997s] -- Up-to-date: /root/dex_hand_ws/install/dex_hand_ros2/include/dex_hand_ros2/dex_hand_ros2/msg/detail/gesture_cmd__builder.hpp
[3.997s] -- Up-to-date: /root/dex_hand_ws/install/dex_hand_ros2/include/dex_hand_ros2/dex_hand_ros2/msg/rosidl_generator_cpp__visibility_control.hpp
[3.997s] -- Up-to-date: /root/dex_hand_ws/install/dex_hand_ros2/include/dex_hand_ros2/dex_hand_ros2/msg/gesture_cmd.hpp
[3.998s] -- Up-to-date: /root/dex_hand_ws/install/dex_hand_ros2/include/dex_hand_ros2/dex_hand_ros2
[3.998s] -- Up-to-date: /root/dex_hand_ws/install/dex_hand_ros2/include/dex_hand_ros2/dex_hand_ros2/msg
[3.998s] -- Up-to-date: /root/dex_hand_ws/install/dex_hand_ros2/include/dex_hand_ros2/dex_hand_ros2/msg/rosidl_typesupport_fastrtps_cpp__visibility_control.h
[3.998s] -- Up-to-date: /root/dex_hand_ws/install/dex_hand_ros2/include/dex_hand_ros2/dex_hand_ros2/msg/detail
[3.999s] -- Up-to-date: /root/dex_hand_ws/install/dex_hand_ros2/include/dex_hand_ros2/dex_hand_ros2/msg/detail/gesture_cmd__rosidl_typesupport_fastrtps_cpp.hpp
[3.999s] -- Up-to-date: /root/dex_hand_ws/install/dex_hand_ros2/include/dex_hand_ros2/dex_hand_ros2/msg/detail/motor_state__rosidl_typesupport_fastrtps_cpp.hpp
[3.999s] -- Up-to-date: /root/dex_hand_ws/install/dex_hand_ros2/include/dex_hand_ros2/dex_hand_ros2/msg/detail/dds_fastrtps
[3.999s] -- Up-to-date: /root/dex_hand_ws/install/dex_hand_ros2/lib/libdex_hand_ros2__rosidl_typesupport_fastrtps_cpp.so
[4.000s] -- Up-to-date: /root/dex_hand_ws/install/dex_hand_ros2/include/dex_hand_ros2/dex_hand_ros2
[4.000s] -- Up-to-date: /root/dex_hand_ws/install/dex_hand_ros2/include/dex_hand_ros2/dex_hand_ros2/msg
[4.000s] -- Up-to-date: /root/dex_hand_ws/install/dex_hand_ros2/include/dex_hand_ros2/dex_hand_ros2/msg/detail
[4.001s] -- Up-to-date: /root/dex_hand_ws/install/dex_hand_ros2/include/dex_hand_ros2/dex_hand_ros2/msg/detail/gesture_cmd__type_support.cpp
[4.001s] -- Up-to-date: /root/dex_hand_ws/install/dex_hand_ros2/include/dex_hand_ros2/dex_hand_ros2/msg/detail/gesture_cmd__rosidl_typesupport_introspection_cpp.hpp
[4.001s] -- Up-to-date: /root/dex_hand_ws/install/dex_hand_ros2/include/dex_hand_ros2/dex_hand_ros2/msg/detail/motor_state__rosidl_typesupport_introspection_cpp.hpp
[4.001s] -- Up-to-date: /root/dex_hand_ws/install/dex_hand_ros2/include/dex_hand_ros2/dex_hand_ros2/msg/detail/motor_state__type_support.cpp
[4.002s] -- Up-to-date: /root/dex_hand_ws/install/dex_hand_ros2/lib/libdex_hand_ros2__rosidl_typesupport_introspection_cpp.so
[4.002s] -- Up-to-date: /root/dex_hand_ws/install/dex_hand_ros2/lib/libdex_hand_ros2__rosidl_typesupport_cpp.so
[4.003s] -- Up-to-date: /root/dex_hand_ws/install/dex_hand_ros2/share/dex_hand_ros2/environment/pythonpath.sh
[4.003s] -- Installing: /root/dex_hand_ws/install/dex_hand_ros2/share/dex_hand_ros2/environment/pythonpath.dsv
[4.004s] -- Up-to-date: /root/dex_hand_ws/install/dex_hand_ros2/local/lib/python3.10/dist-packages/dex_hand_ros2-0.1.0-py3.10.egg-info
[4.004s] -- Installing: /root/dex_hand_ws/install/dex_hand_ros2/local/lib/python3.10/dist-packages/dex_hand_ros2-0.1.0-py3.10.egg-info/PKG-INFO
[4.005s] -- Installing: /root/dex_hand_ws/install/dex_hand_ros2/local/lib/python3.10/dist-packages/dex_hand_ros2-0.1.0-py3.10.egg-info/SOURCES.txt
[4.006s] -- Installing: /root/dex_hand_ws/install/dex_hand_ros2/local/lib/python3.10/dist-packages/dex_hand_ros2-0.1.0-py3.10.egg-info/top_level.txt
[4.007s] -- Installing: /root/dex_hand_ws/install/dex_hand_ros2/local/lib/python3.10/dist-packages/dex_hand_ros2-0.1.0-py3.10.egg-info/dependency_links.txt
[4.008s] -- Up-to-date: /root/dex_hand_ws/install/dex_hand_ros2/local/lib/python3.10/dist-packages/dex_hand_ros2
[4.008s] -- Up-to-date: /root/dex_hand_ws/install/dex_hand_ros2/local/lib/python3.10/dist-packages/dex_hand_ros2/dex_hand_ros2_s__rosidl_typesupport_fastrtps_c.cpython-310-x86_64-linux-gnu.so
[4.009s] -- Up-to-date: /root/dex_hand_ws/install/dex_hand_ros2/local/lib/python3.10/dist-packages/dex_hand_ros2/_dex_hand_ros2_s.ep.rosidl_typesupport_fastrtps_c.c
[4.009s] -- Up-to-date: /root/dex_hand_ws/install/dex_hand_ros2/local/lib/python3.10/dist-packages/dex_hand_ros2/msg
[4.009s] -- Up-to-date: /root/dex_hand_ws/install/dex_hand_ros2/local/lib/python3.10/dist-packages/dex_hand_ros2/msg/_motor_state_s.c
[4.009s] -- Up-to-date: /root/dex_hand_ws/install/dex_hand_ros2/local/lib/python3.10/dist-packages/dex_hand_ros2/msg/_gesture_cmd_s.c
[4.009s] -- Up-to-date: /root/dex_hand_ws/install/dex_hand_ros2/local/lib/python3.10/dist-packages/dex_hand_ros2/msg/__init__.py
[4.010s] -- Up-to-date: /root/dex_hand_ws/install/dex_hand_ros2/local/lib/python3.10/dist-packages/dex_hand_ros2/msg/_gesture_cmd.py
[4.010s] -- Up-to-date: /root/dex_hand_ws/install/dex_hand_ros2/local/lib/python3.10/dist-packages/dex_hand_ros2/msg/_motor_state.py
[4.010s] -- Up-to-date: /root/dex_hand_ws/install/dex_hand_ros2/local/lib/python3.10/dist-packages/dex_hand_ros2/_dex_hand_ros2_s.ep.rosidl_typesupport_introspection_c.c
[4.010s] -- Up-to-date: /root/dex_hand_ws/install/dex_hand_ros2/local/lib/python3.10/dist-packages/dex_hand_ros2/_dex_hand_ros2_s.ep.rosidl_typesupport_c.c
[4.011s] -- Up-to-date: /root/dex_hand_ws/install/dex_hand_ros2/local/lib/python3.10/dist-packages/dex_hand_ros2/dex_hand_ros2_s__rosidl_typesupport_introspection_c.cpython-310-x86_64-linux-gnu.so
[4.011s] -- Installing: /root/dex_hand_ws/install/dex_hand_ros2/local/lib/python3.10/dist-packages/dex_hand_ros2/__init__.py
[4.012s] -- Up-to-date: /root/dex_hand_ws/install/dex_hand_ros2/local/lib/python3.10/dist-packages/dex_hand_ros2/libdex_hand_ros2__rosidl_generator_py.so
[4.012s] -- Up-to-date: /root/dex_hand_ws/install/dex_hand_ros2/local/lib/python3.10/dist-packages/dex_hand_ros2/dex_hand_ros2_s__rosidl_typesupport_c.cpython-310-x86_64-linux-gnu.so
[4.095s] Listing '/root/dex_hand_ws/install/dex_hand_ros2/local/lib/python3.10/dist-packages/dex_hand_ros2'...
[4.095s] Compiling '/root/dex_hand_ws/install/dex_hand_ros2/local/lib/python3.10/dist-packages/dex_hand_ros2/__init__.py'...
[4.095s] Listing '/root/dex_hand_ws/install/dex_hand_ros2/local/lib/python3.10/dist-packages/dex_hand_ros2/msg'...
[4.099s] -- Up-to-date: /root/dex_hand_ws/install/dex_hand_ros2/local/lib/python3.10/dist-packages/dex_hand_ros2/dex_hand_ros2_s__rosidl_typesupport_fastrtps_c.cpython-310-x86_64-linux-gnu.so
[4.099s] -- Up-to-date: /root/dex_hand_ws/install/dex_hand_ros2/local/lib/python3.10/dist-packages/dex_hand_ros2/dex_hand_ros2_s__rosidl_typesupport_introspection_c.cpython-310-x86_64-linux-gnu.so
[4.100s] -- Up-to-date: /root/dex_hand_ws/install/dex_hand_ros2/local/lib/python3.10/dist-packages/dex_hand_ros2/dex_hand_ros2_s__rosidl_typesupport_c.cpython-310-x86_64-linux-gnu.so
[4.100s] -- Up-to-date: /root/dex_hand_ws/install/dex_hand_ros2/lib/libdex_hand_ros2__rosidl_generator_py.so
[4.101s] -- Up-to-date: /root/dex_hand_ws/install/dex_hand_ros2/share/dex_hand_ros2/msg/GestureCmd.idl
[4.101s] -- Up-to-date: /root/dex_hand_ws/install/dex_hand_ros2/share/dex_hand_ros2/msg/MotorState.idl
[4.102s] -- Up-to-date: /root/dex_hand_ws/install/dex_hand_ros2/share/dex_hand_ros2/msg/GestureCmd.msg
[4.102s] -- Up-to-date: /root/dex_hand_ws/install/dex_hand_ros2/share/dex_hand_ros2/msg/MotorState.msg
[4.102s] -- Installing: /root/dex_hand_ws/install/dex_hand_ros2/local/lib/python3.10/dist-packages/dex_hand_ros2/hand_node.py
[4.103s] -- Installing: /root/dex_hand_ws/install/dex_hand_ros2/local/lib/python3.10/dist-packages/dex_hand_ros2/hand_driver.py
[4.104s] -- Installing: /root/dex_hand_ws/install/dex_hand_ros2/local/lib/python3.10/dist-packages/dex_hand_ros2/config_node.py
[4.105s] -- Installing: /root/dex_hand_ws/install/dex_hand_ros2/lib/dex_hand_ros2/hand_node
[4.106s] -- Installing: /root/dex_hand_ws/install/dex_hand_ros2/lib/dex_hand_ros2/config_node
[4.113s] Invoked command in '/root/dex_hand_ws/build/dex_hand_ros2' returned '0': CMAKE_PREFIX_PATH=${CMAKE_PREFIX_PATH}:/opt/ros/humble /usr/bin/cmake --install /root/dex_hand_ws/build/dex_hand_ros2
