[0.041s] Invoking command in '/root/dex_hand_ws/build/dex_hand_ros2': CMAKE_PREFIX_PATH=${CMAKE_PREFIX_PATH}:/opt/ros/humble /usr/bin/cmake --build /root/dex_hand_ws/build/dex_hand_ros2 -- -j10 -l10
[0.292s] [35m[1mConsolidate compiler generated dependencies of target dex_hand_ros2__rosidl_generator_c[0m
[0.362s] [  2%] Built target dex_hand_ros2__cpp
[0.387s] [ 12%] Built target dex_hand_ros2__rosidl_generator_c
[0.470s] [ 12%] Built target ament_cmake_python_copy_dex_hand_ros2
[0.494s] [35m[1mConsolidate compiler generated dependencies of target dex_hand_ros2__rosidl_typesupport_fastrtps_cpp[0m
[0.495s] [35m[1mConsolidate compiler generated dependencies of target dex_hand_ros2__rosidl_typesupport_cpp[0m
[0.507s] [35m[1mConsolidate compiler generated dependencies of target dex_hand_ros2__rosidl_typesupport_introspection_c[0m
[0.509s] [35m[1mConsolidate compiler generated dependencies of target dex_hand_ros2__rosidl_typesupport_introspection_cpp[0m
[0.510s] [35m[1mConsolidate compiler generated dependencies of target dex_hand_ros2__rosidl_typesupport_c[0m
[0.511s] [35m[1mConsolidate compiler generated dependencies of target dex_hand_ros2__rosidl_typesupport_fastrtps_c[0m
[0.633s] [ 23%] Built target dex_hand_ros2__rosidl_typesupport_c
[0.641s] [ 33%] Built target dex_hand_ros2__rosidl_typesupport_introspection_c
[0.692s] [ 53%] Built target dex_hand_ros2__rosidl_typesupport_fastrtps_cpp
[0.693s] [ 53%] Built target dex_hand_ros2__rosidl_typesupport_cpp
[0.708s] [ 64%] Built target dex_hand_ros2__rosidl_typesupport_fastrtps_c
[0.710s] [ 74%] Built target dex_hand_ros2__rosidl_typesupport_introspection_cpp
[0.842s] running egg_info
[0.843s] writing dex_hand_ros2.egg-info/PKG-INFO
[0.843s] writing dependency_links to dex_hand_ros2.egg-info/dependency_links.txt
[0.844s] writing top-level names to dex_hand_ros2.egg-info/top_level.txt
[0.848s] reading manifest file 'dex_hand_ros2.egg-info/SOURCES.txt'
[0.850s] writing manifest file 'dex_hand_ros2.egg-info/SOURCES.txt'
[0.862s] [ 74%] Built target dex_hand_ros2
[0.903s] [ 74%] Built target ament_cmake_python_build_dex_hand_ros2_egg
[0.999s] [ 76%] Built target dex_hand_ros2__py
[1.067s] [35m[1mConsolidate compiler generated dependencies of target dex_hand_ros2__rosidl_generator_py[0m
[1.151s] [ 84%] Built target dex_hand_ros2__rosidl_generator_py
[1.235s] [35m[1mConsolidate compiler generated dependencies of target dex_hand_ros2__rosidl_typesupport_fastrtps_c__pyext[0m
[1.238s] [35m[1mConsolidate compiler generated dependencies of target dex_hand_ros2__rosidl_typesupport_introspection_c__pyext[0m
[1.244s] [35m[1mConsolidate compiler generated dependencies of target dex_hand_ros2__rosidl_typesupport_c__pyext[0m
[1.346s] [ 89%] Built target dex_hand_ros2__rosidl_typesupport_introspection_c__pyext
[1.350s] [ 97%] Built target dex_hand_ros2__rosidl_typesupport_fastrtps_c__pyext
[1.350s] [100%] Built target dex_hand_ros2__rosidl_typesupport_c__pyext
[1.390s] Invoked command in '/root/dex_hand_ws/build/dex_hand_ros2' returned '0': CMAKE_PREFIX_PATH=${CMAKE_PREFIX_PATH}:/opt/ros/humble /usr/bin/cmake --build /root/dex_hand_ws/build/dex_hand_ros2 -- -j10 -l10
[1.425s] Invoking command in '/root/dex_hand_ws/build/dex_hand_ros2': CMAKE_PREFIX_PATH=${CMAKE_PREFIX_PATH}:/opt/ros/humble /usr/bin/cmake --install /root/dex_hand_ws/build/dex_hand_ros2
[1.463s] -- Install configuration: ""
[1.464s] -- Up-to-date: /root/dex_hand_ws/install/dex_hand_ros2/share/ament_index/resource_index/rosidl_interfaces/dex_hand_ros2
[1.464s] -- Up-to-date: /root/dex_hand_ws/install/dex_hand_ros2/include/dex_hand_ros2/dex_hand_ros2
[1.464s] -- Up-to-date: /root/dex_hand_ws/install/dex_hand_ros2/include/dex_hand_ros2/dex_hand_ros2/msg
[1.465s] -- Up-to-date: /root/dex_hand_ws/install/dex_hand_ros2/include/dex_hand_ros2/dex_hand_ros2/msg/rosidl_generator_c__visibility_control.h
[1.465s] -- Up-to-date: /root/dex_hand_ws/install/dex_hand_ros2/include/dex_hand_ros2/dex_hand_ros2/msg/gesture_cmd.h
[1.465s] -- Up-to-date: /root/dex_hand_ws/install/dex_hand_ros2/include/dex_hand_ros2/dex_hand_ros2/msg/motor_state.h
[1.466s] -- Up-to-date: /root/dex_hand_ws/install/dex_hand_ros2/include/dex_hand_ros2/dex_hand_ros2/msg/detail
[1.467s] -- Up-to-date: /root/dex_hand_ws/install/dex_hand_ros2/include/dex_hand_ros2/dex_hand_ros2/msg/detail/gesture_cmd__functions.h
[1.467s] -- Up-to-date: /root/dex_hand_ws/install/dex_hand_ros2/include/dex_hand_ros2/dex_hand_ros2/msg/detail/motor_state__struct.h
[1.467s] -- Up-to-date: /root/dex_hand_ws/install/dex_hand_ros2/include/dex_hand_ros2/dex_hand_ros2/msg/detail/motor_state__functions.c
[1.467s] -- Up-to-date: /root/dex_hand_ws/install/dex_hand_ros2/include/dex_hand_ros2/dex_hand_ros2/msg/detail/motor_state__type_support.h
[1.468s] -- Up-to-date: /root/dex_hand_ws/install/dex_hand_ros2/include/dex_hand_ros2/dex_hand_ros2/msg/detail/gesture_cmd__type_support.h
[1.468s] -- Up-to-date: /root/dex_hand_ws/install/dex_hand_ros2/include/dex_hand_ros2/dex_hand_ros2/msg/detail/gesture_cmd__functions.c
[1.469s] -- Up-to-date: /root/dex_hand_ws/install/dex_hand_ros2/include/dex_hand_ros2/dex_hand_ros2/msg/detail/gesture_cmd__struct.h
[1.469s] -- Up-to-date: /root/dex_hand_ws/install/dex_hand_ros2/include/dex_hand_ros2/dex_hand_ros2/msg/detail/motor_state__functions.h
[1.469s] -- Up-to-date: /root/dex_hand_ws/install/dex_hand_ros2/share/dex_hand_ros2/environment/library_path.sh
[1.470s] -- Up-to-date: /root/dex_hand_ws/install/dex_hand_ros2/share/dex_hand_ros2/environment/library_path.dsv
[1.471s] -- Up-to-date: /root/dex_hand_ws/install/dex_hand_ros2/lib/libdex_hand_ros2__rosidl_generator_c.so
[1.472s] -- Up-to-date: /root/dex_hand_ws/install/dex_hand_ros2/include/dex_hand_ros2/dex_hand_ros2
[1.472s] -- Up-to-date: /root/dex_hand_ws/install/dex_hand_ros2/include/dex_hand_ros2/dex_hand_ros2/msg
[1.473s] -- Up-to-date: /root/dex_hand_ws/install/dex_hand_ros2/include/dex_hand_ros2/dex_hand_ros2/msg/detail
[1.473s] -- Up-to-date: /root/dex_hand_ws/install/dex_hand_ros2/include/dex_hand_ros2/dex_hand_ros2/msg/detail/motor_state__rosidl_typesupport_fastrtps_c.h
[1.473s] -- Up-to-date: /root/dex_hand_ws/install/dex_hand_ros2/include/dex_hand_ros2/dex_hand_ros2/msg/detail/gesture_cmd__rosidl_typesupport_fastrtps_c.h
[1.473s] -- Up-to-date: /root/dex_hand_ws/install/dex_hand_ros2/include/dex_hand_ros2/dex_hand_ros2/msg/rosidl_typesupport_fastrtps_c__visibility_control.h
[1.474s] -- Up-to-date: /root/dex_hand_ws/install/dex_hand_ros2/lib/libdex_hand_ros2__rosidl_typesupport_fastrtps_c.so
[1.474s] -- Up-to-date: /root/dex_hand_ws/install/dex_hand_ros2/include/dex_hand_ros2/dex_hand_ros2
[1.475s] -- Up-to-date: /root/dex_hand_ws/install/dex_hand_ros2/include/dex_hand_ros2/dex_hand_ros2/msg
[1.475s] -- Up-to-date: /root/dex_hand_ws/install/dex_hand_ros2/include/dex_hand_ros2/dex_hand_ros2/msg/detail
[1.475s] -- Up-to-date: /root/dex_hand_ws/install/dex_hand_ros2/include/dex_hand_ros2/dex_hand_ros2/msg/detail/gesture_cmd__type_support.c
[1.476s] -- Up-to-date: /root/dex_hand_ws/install/dex_hand_ros2/include/dex_hand_ros2/dex_hand_ros2/msg/detail/motor_state__rosidl_typesupport_introspection_c.h
[1.476s] -- Up-to-date: /root/dex_hand_ws/install/dex_hand_ros2/include/dex_hand_ros2/dex_hand_ros2/msg/detail/gesture_cmd__rosidl_typesupport_introspection_c.h
[1.476s] -- Up-to-date: /root/dex_hand_ws/install/dex_hand_ros2/include/dex_hand_ros2/dex_hand_ros2/msg/detail/motor_state__type_support.c
[1.476s] -- Up-to-date: /root/dex_hand_ws/install/dex_hand_ros2/include/dex_hand_ros2/dex_hand_ros2/msg/rosidl_typesupport_introspection_c__visibility_control.h
[1.477s] -- Up-to-date: /root/dex_hand_ws/install/dex_hand_ros2/lib/libdex_hand_ros2__rosidl_typesupport_introspection_c.so
[1.477s] -- Up-to-date: /root/dex_hand_ws/install/dex_hand_ros2/lib/libdex_hand_ros2__rosidl_typesupport_c.so
[1.478s] -- Up-to-date: /root/dex_hand_ws/install/dex_hand_ros2/include/dex_hand_ros2/dex_hand_ros2
[1.478s] -- Up-to-date: /root/dex_hand_ws/install/dex_hand_ros2/include/dex_hand_ros2/dex_hand_ros2/msg
[1.478s] -- Up-to-date: /root/dex_hand_ws/install/dex_hand_ros2/include/dex_hand_ros2/dex_hand_ros2/msg/motor_state.hpp
[1.479s] -- Up-to-date: /root/dex_hand_ws/install/dex_hand_ros2/include/dex_hand_ros2/dex_hand_ros2/msg/detail
[1.479s] -- Up-to-date: /root/dex_hand_ws/install/dex_hand_ros2/include/dex_hand_ros2/dex_hand_ros2/msg/detail/gesture_cmd__struct.hpp
[1.479s] -- Up-to-date: /root/dex_hand_ws/install/dex_hand_ros2/include/dex_hand_ros2/dex_hand_ros2/msg/detail/motor_state__struct.hpp
[1.479s] -- Up-to-date: /root/dex_hand_ws/install/dex_hand_ros2/include/dex_hand_ros2/dex_hand_ros2/msg/detail/motor_state__builder.hpp
[1.479s] -- Up-to-date: /root/dex_hand_ws/install/dex_hand_ros2/include/dex_hand_ros2/dex_hand_ros2/msg/detail/motor_state__type_support.hpp
[1.480s] -- Up-to-date: /root/dex_hand_ws/install/dex_hand_ros2/include/dex_hand_ros2/dex_hand_ros2/msg/detail/gesture_cmd__traits.hpp
[1.480s] -- Up-to-date: /root/dex_hand_ws/install/dex_hand_ros2/include/dex_hand_ros2/dex_hand_ros2/msg/detail/gesture_cmd__type_support.hpp
[1.480s] -- Up-to-date: /root/dex_hand_ws/install/dex_hand_ros2/include/dex_hand_ros2/dex_hand_ros2/msg/detail/motor_state__traits.hpp
[1.480s] -- Up-to-date: /root/dex_hand_ws/install/dex_hand_ros2/include/dex_hand_ros2/dex_hand_ros2/msg/detail/gesture_cmd__builder.hpp
[1.481s] -- Up-to-date: /root/dex_hand_ws/install/dex_hand_ros2/include/dex_hand_ros2/dex_hand_ros2/msg/rosidl_generator_cpp__visibility_control.hpp
[1.481s] -- Up-to-date: /root/dex_hand_ws/install/dex_hand_ros2/include/dex_hand_ros2/dex_hand_ros2/msg/gesture_cmd.hpp
[1.481s] -- Up-to-date: /root/dex_hand_ws/install/dex_hand_ros2/include/dex_hand_ros2/dex_hand_ros2
[1.481s] -- Up-to-date: /root/dex_hand_ws/install/dex_hand_ros2/include/dex_hand_ros2/dex_hand_ros2/msg
[1.481s] -- Up-to-date: /root/dex_hand_ws/install/dex_hand_ros2/include/dex_hand_ros2/dex_hand_ros2/msg/rosidl_typesupport_fastrtps_cpp__visibility_control.h
[1.482s] -- Up-to-date: /root/dex_hand_ws/install/dex_hand_ros2/include/dex_hand_ros2/dex_hand_ros2/msg/detail
[1.482s] -- Up-to-date: /root/dex_hand_ws/install/dex_hand_ros2/include/dex_hand_ros2/dex_hand_ros2/msg/detail/gesture_cmd__rosidl_typesupport_fastrtps_cpp.hpp
[1.482s] -- Up-to-date: /root/dex_hand_ws/install/dex_hand_ros2/include/dex_hand_ros2/dex_hand_ros2/msg/detail/motor_state__rosidl_typesupport_fastrtps_cpp.hpp
[1.482s] -- Up-to-date: /root/dex_hand_ws/install/dex_hand_ros2/include/dex_hand_ros2/dex_hand_ros2/msg/detail/dds_fastrtps
[1.483s] -- Up-to-date: /root/dex_hand_ws/install/dex_hand_ros2/lib/libdex_hand_ros2__rosidl_typesupport_fastrtps_cpp.so
[1.483s] -- Up-to-date: /root/dex_hand_ws/install/dex_hand_ros2/include/dex_hand_ros2/dex_hand_ros2
[1.483s] -- Up-to-date: /root/dex_hand_ws/install/dex_hand_ros2/include/dex_hand_ros2/dex_hand_ros2/msg
[1.484s] -- Up-to-date: /root/dex_hand_ws/install/dex_hand_ros2/include/dex_hand_ros2/dex_hand_ros2/msg/detail
[1.484s] -- Up-to-date: /root/dex_hand_ws/install/dex_hand_ros2/include/dex_hand_ros2/dex_hand_ros2/msg/detail/gesture_cmd__type_support.cpp
[1.484s] -- Up-to-date: /root/dex_hand_ws/install/dex_hand_ros2/include/dex_hand_ros2/dex_hand_ros2/msg/detail/gesture_cmd__rosidl_typesupport_introspection_cpp.hpp
[1.484s] -- Up-to-date: /root/dex_hand_ws/install/dex_hand_ros2/include/dex_hand_ros2/dex_hand_ros2/msg/detail/motor_state__rosidl_typesupport_introspection_cpp.hpp
[1.485s] -- Up-to-date: /root/dex_hand_ws/install/dex_hand_ros2/include/dex_hand_ros2/dex_hand_ros2/msg/detail/motor_state__type_support.cpp
[1.485s] -- Up-to-date: /root/dex_hand_ws/install/dex_hand_ros2/lib/libdex_hand_ros2__rosidl_typesupport_introspection_cpp.so
[1.486s] -- Up-to-date: /root/dex_hand_ws/install/dex_hand_ros2/lib/libdex_hand_ros2__rosidl_typesupport_cpp.so
[1.486s] -- Up-to-date: /root/dex_hand_ws/install/dex_hand_ros2/share/dex_hand_ros2/environment/pythonpath.sh
[1.486s] -- Up-to-date: /root/dex_hand_ws/install/dex_hand_ros2/share/dex_hand_ros2/environment/pythonpath.dsv
[1.486s] -- Up-to-date: /root/dex_hand_ws/install/dex_hand_ros2/local/lib/python3.10/dist-packages/dex_hand_ros2-0.1.0-py3.10.egg-info
[1.487s] -- Installing: /root/dex_hand_ws/install/dex_hand_ros2/local/lib/python3.10/dist-packages/dex_hand_ros2-0.1.0-py3.10.egg-info/PKG-INFO
[1.488s] -- Installing: /root/dex_hand_ws/install/dex_hand_ros2/local/lib/python3.10/dist-packages/dex_hand_ros2-0.1.0-py3.10.egg-info/SOURCES.txt
[1.489s] -- Installing: /root/dex_hand_ws/install/dex_hand_ros2/local/lib/python3.10/dist-packages/dex_hand_ros2-0.1.0-py3.10.egg-info/top_level.txt
[1.490s] -- Installing: /root/dex_hand_ws/install/dex_hand_ros2/local/lib/python3.10/dist-packages/dex_hand_ros2-0.1.0-py3.10.egg-info/dependency_links.txt
[1.491s] -- Up-to-date: /root/dex_hand_ws/install/dex_hand_ros2/local/lib/python3.10/dist-packages/dex_hand_ros2
[1.492s] -- Up-to-date: /root/dex_hand_ws/install/dex_hand_ros2/local/lib/python3.10/dist-packages/dex_hand_ros2/dex_hand_ros2_s__rosidl_typesupport_fastrtps_c.cpython-310-x86_64-linux-gnu.so
[1.492s] -- Up-to-date: /root/dex_hand_ws/install/dex_hand_ros2/local/lib/python3.10/dist-packages/dex_hand_ros2/_dex_hand_ros2_s.ep.rosidl_typesupport_fastrtps_c.c
[1.492s] -- Up-to-date: /root/dex_hand_ws/install/dex_hand_ros2/local/lib/python3.10/dist-packages/dex_hand_ros2/msg
[1.493s] -- Up-to-date: /root/dex_hand_ws/install/dex_hand_ros2/local/lib/python3.10/dist-packages/dex_hand_ros2/msg/_motor_state_s.c
[1.493s] -- Up-to-date: /root/dex_hand_ws/install/dex_hand_ros2/local/lib/python3.10/dist-packages/dex_hand_ros2/msg/_gesture_cmd_s.c
[1.493s] -- Up-to-date: /root/dex_hand_ws/install/dex_hand_ros2/local/lib/python3.10/dist-packages/dex_hand_ros2/msg/__init__.py
[1.493s] -- Up-to-date: /root/dex_hand_ws/install/dex_hand_ros2/local/lib/python3.10/dist-packages/dex_hand_ros2/msg/_gesture_cmd.py
[1.494s] -- Up-to-date: /root/dex_hand_ws/install/dex_hand_ros2/local/lib/python3.10/dist-packages/dex_hand_ros2/msg/_motor_state.py
[1.494s] -- Up-to-date: /root/dex_hand_ws/install/dex_hand_ros2/local/lib/python3.10/dist-packages/dex_hand_ros2/_dex_hand_ros2_s.ep.rosidl_typesupport_introspection_c.c
[1.494s] -- Up-to-date: /root/dex_hand_ws/install/dex_hand_ros2/local/lib/python3.10/dist-packages/dex_hand_ros2/_dex_hand_ros2_s.ep.rosidl_typesupport_c.c
[1.494s] -- Up-to-date: /root/dex_hand_ws/install/dex_hand_ros2/local/lib/python3.10/dist-packages/dex_hand_ros2/dex_hand_ros2_s__rosidl_typesupport_introspection_c.cpython-310-x86_64-linux-gnu.so
[1.494s] -- Up-to-date: /root/dex_hand_ws/install/dex_hand_ros2/local/lib/python3.10/dist-packages/dex_hand_ros2/__init__.py
[1.494s] -- Up-to-date: /root/dex_hand_ws/install/dex_hand_ros2/local/lib/python3.10/dist-packages/dex_hand_ros2/libdex_hand_ros2__rosidl_generator_py.so
[1.495s] -- Up-to-date: /root/dex_hand_ws/install/dex_hand_ros2/local/lib/python3.10/dist-packages/dex_hand_ros2/dex_hand_ros2_s__rosidl_typesupport_c.cpython-310-x86_64-linux-gnu.so
[1.576s] Listing '/root/dex_hand_ws/install/dex_hand_ros2/local/lib/python3.10/dist-packages/dex_hand_ros2'...
[1.576s] Listing '/root/dex_hand_ws/install/dex_hand_ros2/local/lib/python3.10/dist-packages/dex_hand_ros2/msg'...
[1.577s] -- Up-to-date: /root/dex_hand_ws/install/dex_hand_ros2/local/lib/python3.10/dist-packages/dex_hand_ros2/dex_hand_ros2_s__rosidl_typesupport_fastrtps_c.cpython-310-x86_64-linux-gnu.so
[1.578s] -- Up-to-date: /root/dex_hand_ws/install/dex_hand_ros2/local/lib/python3.10/dist-packages/dex_hand_ros2/dex_hand_ros2_s__rosidl_typesupport_introspection_c.cpython-310-x86_64-linux-gnu.so
[1.578s] -- Up-to-date: /root/dex_hand_ws/install/dex_hand_ros2/local/lib/python3.10/dist-packages/dex_hand_ros2/dex_hand_ros2_s__rosidl_typesupport_c.cpython-310-x86_64-linux-gnu.so
[1.579s] -- Up-to-date: /root/dex_hand_ws/install/dex_hand_ros2/lib/libdex_hand_ros2__rosidl_generator_py.so
[1.579s] -- Up-to-date: /root/dex_hand_ws/install/dex_hand_ros2/share/dex_hand_ros2/msg/GestureCmd.idl
[1.580s] -- Up-to-date: /root/dex_hand_ws/install/dex_hand_ros2/share/dex_hand_ros2/msg/MotorState.idl
[1.580s] -- Up-to-date: /root/dex_hand_ws/install/dex_hand_ros2/share/dex_hand_ros2/msg/GestureCmd.msg
[1.581s] -- Up-to-date: /root/dex_hand_ws/install/dex_hand_ros2/share/dex_hand_ros2/msg/MotorState.msg
[1.581s] -- Up-to-date: /root/dex_hand_ws/install/dex_hand_ros2/lib/dex_hand_ros2/hand_node.py
[1.582s] -- Up-to-date: /root/dex_hand_ws/install/dex_hand_ros2/lib/dex_hand_ros2/hand_driver.py
[1.582s] -- Up-to-date: /root/dex_hand_ws/install/dex_hand_ros2/lib/dex_hand_ros2/config_node.py
[1.582s] -- Up-to-date: /root/dex_hand_ws/install/dex_hand_ros2/share/ament_index/resource_index/package_run_dependencies/dex_hand_ros2
[1.583s] -- Up-to-date: /root/dex_hand_ws/install/dex_hand_ros2/share/ament_index/resource_index/parent_prefix_path/dex_hand_ros2
[1.583s] -- Up-to-date: /root/dex_hand_ws/install/dex_hand_ros2/share/dex_hand_ros2/environment/ament_prefix_path.sh
[1.583s] -- Up-to-date: /root/dex_hand_ws/install/dex_hand_ros2/share/dex_hand_ros2/environment/ament_prefix_path.dsv
[1.583s] -- Up-to-date: /root/dex_hand_ws/install/dex_hand_ros2/share/dex_hand_ros2/environment/path.sh
[1.584s] -- Up-to-date: /root/dex_hand_ws/install/dex_hand_ros2/share/dex_hand_ros2/environment/path.dsv
[1.584s] -- Up-to-date: /root/dex_hand_ws/install/dex_hand_ros2/share/dex_hand_ros2/local_setup.bash
[1.585s] -- Up-to-date: /root/dex_hand_ws/install/dex_hand_ros2/share/dex_hand_ros2/local_setup.sh
[1.585s] -- Up-to-date: /root/dex_hand_ws/install/dex_hand_ros2/share/dex_hand_ros2/local_setup.zsh
[1.585s] -- Up-to-date: /root/dex_hand_ws/install/dex_hand_ros2/share/dex_hand_ros2/local_setup.dsv
[1.586s] -- Installing: /root/dex_hand_ws/install/dex_hand_ros2/share/dex_hand_ros2/package.dsv
[1.587s] -- Up-to-date: /root/dex_hand_ws/install/dex_hand_ros2/share/ament_index/resource_index/packages/dex_hand_ros2
[1.588s] -- Up-to-date: /root/dex_hand_ws/install/dex_hand_ros2/share/dex_hand_ros2/cmake/export_dex_hand_ros2__rosidl_generator_cExport.cmake
[1.588s] -- Up-to-date: /root/dex_hand_ws/install/dex_hand_ros2/share/dex_hand_ros2/cmake/export_dex_hand_ros2__rosidl_generator_cExport-noconfig.cmake
[1.588s] -- Up-to-date: /root/dex_hand_ws/install/dex_hand_ros2/share/dex_hand_ros2/cmake/export_dex_hand_ros2__rosidl_typesupport_fastrtps_cExport.cmake
[1.588s] -- Up-to-date: /root/dex_hand_ws/install/dex_hand_ros2/share/dex_hand_ros2/cmake/export_dex_hand_ros2__rosidl_typesupport_fastrtps_cExport-noconfig.cmake
[1.589s] -- Up-to-date: /root/dex_hand_ws/install/dex_hand_ros2/share/dex_hand_ros2/cmake/dex_hand_ros2__rosidl_typesupport_introspection_cExport.cmake
[1.589s] -- Up-to-date: /root/dex_hand_ws/install/dex_hand_ros2/share/dex_hand_ros2/cmake/dex_hand_ros2__rosidl_typesupport_introspection_cExport-noconfig.cmake
[1.589s] -- Up-to-date: /root/dex_hand_ws/install/dex_hand_ros2/share/dex_hand_ros2/cmake/dex_hand_ros2__rosidl_typesupport_cExport.cmake
[1.590s] -- Up-to-date: /root/dex_hand_ws/install/dex_hand_ros2/share/dex_hand_ros2/cmake/dex_hand_ros2__rosidl_typesupport_cExport-noconfig.cmake
[1.590s] -- Up-to-date: /root/dex_hand_ws/install/dex_hand_ros2/share/dex_hand_ros2/cmake/export_dex_hand_ros2__rosidl_generator_cppExport.cmake
[1.590s] -- Up-to-date: /root/dex_hand_ws/install/dex_hand_ros2/share/dex_hand_ros2/cmake/export_dex_hand_ros2__rosidl_typesupport_fastrtps_cppExport.cmake
[1.591s] -- Up-to-date: /root/dex_hand_ws/install/dex_hand_ros2/share/dex_hand_ros2/cmake/export_dex_hand_ros2__rosidl_typesupport_fastrtps_cppExport-noconfig.cmake
[1.591s] -- Up-to-date: /root/dex_hand_ws/install/dex_hand_ros2/share/dex_hand_ros2/cmake/dex_hand_ros2__rosidl_typesupport_introspection_cppExport.cmake
[1.591s] -- Up-to-date: /root/dex_hand_ws/install/dex_hand_ros2/share/dex_hand_ros2/cmake/dex_hand_ros2__rosidl_typesupport_introspection_cppExport-noconfig.cmake
[1.591s] -- Up-to-date: /root/dex_hand_ws/install/dex_hand_ros2/share/dex_hand_ros2/cmake/dex_hand_ros2__rosidl_typesupport_cppExport.cmake
[1.592s] -- Up-to-date: /root/dex_hand_ws/install/dex_hand_ros2/share/dex_hand_ros2/cmake/dex_hand_ros2__rosidl_typesupport_cppExport-noconfig.cmake
[1.592s] -- Up-to-date: /root/dex_hand_ws/install/dex_hand_ros2/share/dex_hand_ros2/cmake/export_dex_hand_ros2__rosidl_generator_pyExport.cmake
[1.592s] -- Up-to-date: /root/dex_hand_ws/install/dex_hand_ros2/share/dex_hand_ros2/cmake/export_dex_hand_ros2__rosidl_generator_pyExport-noconfig.cmake
[1.593s] -- Up-to-date: /root/dex_hand_ws/install/dex_hand_ros2/share/dex_hand_ros2/cmake/rosidl_cmake-extras.cmake
[1.593s] -- Up-to-date: /root/dex_hand_ws/install/dex_hand_ros2/share/dex_hand_ros2/cmake/ament_cmake_export_dependencies-extras.cmake
[1.593s] -- Up-to-date: /root/dex_hand_ws/install/dex_hand_ros2/share/dex_hand_ros2/cmake/ament_cmake_export_include_directories-extras.cmake
[1.593s] -- Up-to-date: /root/dex_hand_ws/install/dex_hand_ros2/share/dex_hand_ros2/cmake/ament_cmake_export_libraries-extras.cmake
[1.593s] -- Up-to-date: /root/dex_hand_ws/install/dex_hand_ros2/share/dex_hand_ros2/cmake/ament_cmake_export_targets-extras.cmake
[1.594s] -- Up-to-date: /root/dex_hand_ws/install/dex_hand_ros2/share/dex_hand_ros2/cmake/rosidl_cmake_export_typesupport_targets-extras.cmake
[1.594s] -- Up-to-date: /root/dex_hand_ws/install/dex_hand_ros2/share/dex_hand_ros2/cmake/rosidl_cmake_export_typesupport_libraries-extras.cmake
[1.594s] -- Up-to-date: /root/dex_hand_ws/install/dex_hand_ros2/share/dex_hand_ros2/cmake/dex_hand_ros2Config.cmake
[1.594s] -- Up-to-date: /root/dex_hand_ws/install/dex_hand_ros2/share/dex_hand_ros2/cmake/dex_hand_ros2Config-version.cmake
[1.595s] -- Up-to-date: /root/dex_hand_ws/install/dex_hand_ros2/share/dex_hand_ros2/package.xml
[1.602s] Invoked command in '/root/dex_hand_ws/build/dex_hand_ros2' returned '0': CMAKE_PREFIX_PATH=${CMAKE_PREFIX_PATH}:/opt/ros/humble /usr/bin/cmake --install /root/dex_hand_ws/build/dex_hand_ros2
