[0.006s] Invoking command in '/home/airs01/yl/dex_hand_ros2/build_e00_run01/dex_hand_ros2': CMAKE_PREFIX_PATH=/opt/ros/humble /usr/bin/cmake /home/airs01/yl/dex_hand_ros2/src/dex_hand_ros2 -DAMENT_CMAKE_SYMLINK_INSTALL=1 -DCMAKE_INSTALL_PREFIX=/home/airs01/yl/dex_hand_ros2/install_e00_run01/dex_hand_ros2
[0.042s] -- The C compiler identification is GNU 11.4.0
[0.080s] -- The CXX compiler identification is GNU 11.4.0
[0.085s] -- Detecting C compiler ABI info
[0.134s] -- Detecting C compiler ABI info - done
[0.141s] -- Check for working C compiler: /usr/bin/cc - skipped
[0.141s] -- Detecting C compile features
[0.141s] -- Detecting C compile features - done
[0.144s] -- Detecting CXX compiler ABI info
[0.204s] -- Detecting CXX compiler ABI info - done
[0.211s] -- Check for working CXX compiler: /usr/bin/c++ - skipped
[0.211s] -- Detecting CXX compile features
[0.212s] -- Detecting CXX compile features - done
[0.213s] -- Found ament_cmake: 1.3.14 (/opt/ros/humble/share/ament_cmake/cmake)
[0.324s] -- Found Python3: /usr/bin/python3 (found version "3.10.12") found components: Interpreter 
[0.370s] -- Override CMake install command with custom implementation using symlinks instead of copying resources
[0.385s] -- Found rclpy: 3.3.21 (/opt/ros/humble/share/rclpy/cmake)
[0.385s] -- Found std_msgs: 4.9.1 (/opt/ros/humble/share/std_msgs/cmake)
[0.407s] -- Found rosidl_generator_c: 3.1.9 (/opt/ros/humble/share/rosidl_generator_c/cmake)
[0.410s] -- Found rosidl_adapter: 3.1.9 (/opt/ros/humble/share/rosidl_adapter/cmake)
[0.416s] -- Found rosidl_generator_cpp: 3.1.9 (/opt/ros/humble/share/rosidl_generator_cpp/cmake)
[0.424s] -- Using all available rosidl_typesupport_c: rosidl_typesupport_fastrtps_c;rosidl_typesupport_introspection_c
[0.435s] -- Using all available rosidl_typesupport_cpp: rosidl_typesupport_fastrtps_cpp;rosidl_typesupport_introspection_cpp
[0.455s] -- Found std_srvs: 4.9.1 (/opt/ros/humble/share/std_srvs/cmake)
[0.462s] -- Found rosidl_default_generators: 1.2.1 (/opt/ros/humble/share/rosidl_default_generators/cmake)
[0.677s] -- Found ament_cmake_ros: 0.10.0 (/opt/ros/humble/share/ament_cmake_ros/cmake)
[0.892s] -- Using all available rosidl_typesupport_c: rosidl_typesupport_fastrtps_c;rosidl_typesupport_introspection_c
[0.974s] -- Using all available rosidl_typesupport_cpp: rosidl_typesupport_fastrtps_cpp;rosidl_typesupport_introspection_cpp
[0.990s] -- Found PythonInterp: /usr/bin/python3 (found suitable version "3.10.12", minimum required is "3.6") 
[0.991s] -- Found python_cmake_module: 0.10.0 (/opt/ros/humble/share/python_cmake_module/cmake)
[1.009s] -- Found PythonLibs: /usr/lib/x86_64-linux-gnu/libpython3.10.so (found suitable version "3.10.12", minimum required is "3.5") 
[1.009s] -- Using PYTHON_EXECUTABLE: /usr/bin/python3
[1.009s] -- Using PYTHON_INCLUDE_DIRS: /usr/include/python3.10
[1.009s] -- Using PYTHON_LIBRARIES: /usr/lib/x86_64-linux-gnu/libpython3.10.so
[1.024s] -- Found PythonExtra: .so  
[1.091s] CMake Error at /opt/ros/humble/share/ament_cmake_python/cmake/ament_python_install_package.cmake:106 (add_custom_target):
[1.091s]   add_custom_target cannot create target
[1.091s]   "ament_cmake_python_symlink_dex_hand_ros2" because another target with the
[1.091s]   same name already exists.  The existing target is a custom target created
[1.091s]   in source directory "/home/airs01/yl/dex_hand_ros2/src/dex_hand_ros2".  See
[1.091s]   documentation for policy CMP0002 for more details.
[1.092s] Call Stack (most recent call first):
[1.092s]   /opt/ros/humble/share/ament_cmake_python/cmake/ament_python_install_package.cmake:39 (_ament_cmake_python_install_package)
[1.092s]   CMakeLists.txt:21 (ament_python_install_package)
[1.092s] 
[1.092s] 
[1.092s] CMake Error at /opt/ros/humble/share/ament_cmake_python/cmake/ament_python_install_package.cmake:141 (add_custom_target):
[1.092s]   add_custom_target cannot create target
[1.092s]   "ament_cmake_python_build_dex_hand_ros2_egg" because another target with
[1.092s]   the same name already exists.  The existing target is a custom target
[1.092s]   created in source directory
[1.092s]   "/home/airs01/yl/dex_hand_ros2/src/dex_hand_ros2".  See documentation for
[1.092s]   policy CMP0002 for more details.
[1.092s] Call Stack (most recent call first):
[1.092s]   /opt/ros/humble/share/ament_cmake_python/cmake/ament_python_install_package.cmake:39 (_ament_cmake_python_install_package)
[1.092s]   CMakeLists.txt:21 (ament_python_install_package)
[1.092s] 
[1.092s] 
[1.327s] -- Configuring incomplete, errors occurred!
[1.328s] See also "/home/airs01/yl/dex_hand_ros2/build_e00_run01/dex_hand_ros2/CMakeFiles/CMakeOutput.log".
[1.334s] Invoked command in '/home/airs01/yl/dex_hand_ros2/build_e00_run01/dex_hand_ros2' returned '1': CMAKE_PREFIX_PATH=/opt/ros/humble /usr/bin/cmake /home/airs01/yl/dex_hand_ros2/src/dex_hand_ros2 -DAMENT_CMAKE_SYMLINK_INSTALL=1 -DCMAKE_INSTALL_PREFIX=/home/airs01/yl/dex_hand_ros2/install_e00_run01/dex_hand_ros2
