-- The C compiler identification is GNU 11.4.0
-- The CXX compiler identification is GNU 11.4.0
-- Detecting C compiler ABI info
-- Detecting C compiler ABI info - done
-- Check for working C compiler: /usr/bin/cc - skipped
-- Detecting C compile features
-- Detecting C compile features - done
-- Detecting CXX compiler ABI info
-- Detecting CXX compiler ABI info - done
-- Check for working CXX compiler: /usr/bin/c++ - skipped
-- Detecting CXX compile features
-- Detecting CXX compile features - done
-- Found ament_cmake: 1.3.3 (/home/airs01/miniconda3/envs/env_ros/share/ament_cmake/cmake)
-- Found Python3: /home/airs01/miniconda3/envs/env_ros/bin/python3.10 (found version "3.10.12") found components: Interpreter 
-- Found rosidl_default_generators: 1.2.0 (/home/airs01/miniconda3/envs/env_ros/share/rosidl_default_generators/cmake)
-- Using all available rosidl_typesupport_c: rosidl_typesupport_fastrtps_c;rosidl_typesupport_introspection_c
-- Found rosidl_adapter: 3.1.4 (/home/airs01/miniconda3/envs/env_ros/share/rosidl_adapter/cmake)
-- Using all available rosidl_typesupport_cpp: rosidl_typesupport_fastrtps_cpp;rosidl_typesupport_introspection_cpp
-- Found std_msgs: 4.2.3 (/home/airs01/miniconda3/envs/env_ros/share/std_msgs/cmake)
-- Found geometry_msgs: 4.2.3 (/home/airs01/miniconda3/envs/env_ros/share/geometry_msgs/cmake)
-- Found ament_cmake_ros: 0.10.0 (/home/airs01/miniconda3/envs/env_ros/share/ament_cmake_ros/cmake)
-- Using all available rosidl_typesupport_c: rosidl_typesupport_fastrtps_c;rosidl_typesupport_introspection_c
-- Using all available rosidl_typesupport_cpp: rosidl_typesupport_fastrtps_cpp;rosidl_typesupport_introspection_cpp
-- Found PythonInterp: /home/airs01/miniconda3/envs/env_ros/bin/python3 (found suitable version "3.10.12", minimum required is "3.6") 
-- Found python_cmake_module: 0.10.0 (/home/airs01/miniconda3/envs/env_ros/share/python_cmake_module/cmake)
-- Found PythonLibs: /home/airs01/miniconda3/envs/env_ros/lib/libpython3.10.so (found suitable version "3.10.12", minimum required is "3.5") 
-- Using PYTHON_EXECUTABLE: /home/airs01/miniconda3/envs/env_ros/bin/python3
-- Using PYTHON_INCLUDE_DIRS: /home/airs01/miniconda3/envs/env_ros/include/python3.10
-- Using PYTHON_LIBRARIES: /home/airs01/miniconda3/envs/env_ros/lib/libpython3.10.so
-- Found PythonExtra: .so  
-- Found Python3: /home/airs01/miniconda3/envs/env_ros/include/python3.10 (found version "3.10.12") found components: Development NumPy Interpreter Development.Module Development.Embed 
-- Found Python3: /home/airs01/miniconda3/envs/env_ros/bin/python3.10 (found version "3.10.12") found components: Interpreter 
-- Configuring done (2.8s)
-- Generating done (0.0s)
-- Build files have been written to: /home/airs01/yl/ros2_ws_v1.0/build/dex_hand_ros2
[  1%] [34m[1mGenerating C code for ROS interfaces[0m
[  2%] [34m[1mGenerating C++ code for ROS interfaces[0m
[  2%] Built target ament_cmake_python_copy_dex_hand_ros2
running egg_info
creating dex_hand_ros2.egg-info
writing dex_hand_ros2.egg-info/PKG-INFO
writing dependency_links to dex_hand_ros2.egg-info/dependency_links.txt
[  2%] Built target dex_hand_ros2__cpp
[  6%] [34m[1mGenerating C++ type support for eProsima Fast-RTPS[0m
[  6%] [34m[1mGenerating C++ introspection for ROS interfaces[0m
[  6%] [34m[1mGenerating C++ type support dispatch for ROS interfaces[0m
[ 10%] [32mBuilding C object CMakeFiles/dex_hand_ros2__rosidl_generator_c.dir/rosidl_generator_c/dex_hand_ros2/msg/detail/motor_state__functions.c.o[0m
[ 10%] [32mBuilding C object CMakeFiles/dex_hand_ros2__rosidl_generator_c.dir/rosidl_generator_c/dex_hand_ros2/msg/detail/pi_dconfig__functions.c.o[0m
[ 10%] [32mBuilding C object CMakeFiles/dex_hand_ros2__rosidl_generator_c.dir/rosidl_generator_c/dex_hand_ros2/msg/detail/gesture_cmd__functions.c.o[0m
[ 11%] [32mBuilding C object CMakeFiles/dex_hand_ros2__rosidl_generator_c.dir/rosidl_generator_c/dex_hand_ros2/srv/detail/change_id__functions.c.o[0m
[ 13%] [32mBuilding C object CMakeFiles/dex_hand_ros2__rosidl_generator_c.dir/rosidl_generator_c/dex_hand_ros2/srv/detail/add_gesture__functions.c.o[0m
[ 13%] [32mBuilding C object CMakeFiles/dex_hand_ros2__rosidl_generator_c.dir/rosidl_generator_c/dex_hand_ros2/srv/detail/change_baud__functions.c.o[0m
[ 15%] [32mBuilding C object CMakeFiles/dex_hand_ros2__rosidl_generator_c.dir/rosidl_generator_c/dex_hand_ros2/srv/detail/run_gesture_pid__functions.c.o[0m
[ 16%] [32m[1mLinking C shared library libdex_hand_ros2__rosidl_generator_c.so[0m
[ 16%] Built target dex_hand_ros2__rosidl_generator_c
[ 20%] [34m[1mGenerating C type support for eProsima Fast-RTPS[0m
[ 20%] [34m[1mGenerating C introspection for ROS interfaces[0m
[ 20%] [34m[1mGenerating C type support dispatch for ROS interfaces[0m
writing top-level names to dex_hand_ros2.egg-info/top_level.txt
writing manifest file 'dex_hand_ros2.egg-info/SOURCES.txt'
reading manifest file 'dex_hand_ros2.egg-info/SOURCES.txt'
writing manifest file 'dex_hand_ros2.egg-info/SOURCES.txt'
[ 20%] Built target ament_cmake_python_build_dex_hand_ros2_egg
[ 24%] [32mBuilding CXX object CMakeFiles/dex_hand_ros2__rosidl_typesupport_cpp.dir/rosidl_typesupport_cpp/dex_hand_ros2/msg/pi_dconfig__type_support.cpp.o[0m
[ 24%] [32mBuilding CXX object CMakeFiles/dex_hand_ros2__rosidl_typesupport_cpp.dir/rosidl_typesupport_cpp/dex_hand_ros2/msg/gesture_cmd__type_support.cpp.o[0m
[ 24%] [32mBuilding CXX object CMakeFiles/dex_hand_ros2__rosidl_typesupport_cpp.dir/rosidl_typesupport_cpp/dex_hand_ros2/msg/motor_state__type_support.cpp.o[0m
[ 25%] [32mBuilding CXX object CMakeFiles/dex_hand_ros2__rosidl_typesupport_introspection_cpp.dir/rosidl_typesupport_introspection_cpp/dex_hand_ros2/msg/detail/gesture_cmd__type_support.cpp.o[0m
[ 26%] [32mBuilding CXX object CMakeFiles/dex_hand_ros2__rosidl_typesupport_c.dir/rosidl_typesupport_c/dex_hand_ros2/msg/gesture_cmd__type_support.cpp.o[0m
[ 27%] [32mBuilding CXX object CMakeFiles/dex_hand_ros2__rosidl_typesupport_fastrtps_cpp.dir/rosidl_typesupport_fastrtps_cpp/dex_hand_ros2/msg/detail/dds_fastrtps/gesture_cmd__type_support.cpp.o[0m
[ 29%] [32mBuilding CXX object CMakeFiles/dex_hand_ros2__rosidl_typesupport_c.dir/rosidl_typesupport_c/dex_hand_ros2/msg/motor_state__type_support.cpp.o[0m
[ 30%] [32mBuilding CXX object CMakeFiles/dex_hand_ros2__rosidl_typesupport_c.dir/rosidl_typesupport_c/dex_hand_ros2/msg/pi_dconfig__type_support.cpp.o[0m
[ 31%] [32mBuilding CXX object CMakeFiles/dex_hand_ros2__rosidl_typesupport_c.dir/rosidl_typesupport_c/dex_hand_ros2/srv/change_id__type_support.cpp.o[0m
[ 32%] [32mBuilding CXX object CMakeFiles/dex_hand_ros2__rosidl_typesupport_fastrtps_cpp.dir/rosidl_typesupport_fastrtps_cpp/dex_hand_ros2/msg/detail/dds_fastrtps/motor_state__type_support.cpp.o[0m
[ 34%] [32mBuilding CXX object CMakeFiles/dex_hand_ros2__rosidl_typesupport_cpp.dir/rosidl_typesupport_cpp/dex_hand_ros2/srv/change_id__type_support.cpp.o[0m
[ 35%] [32mBuilding CXX object CMakeFiles/dex_hand_ros2__rosidl_typesupport_cpp.dir/rosidl_typesupport_cpp/dex_hand_ros2/srv/change_baud__type_support.cpp.o[0m
[ 36%] [32mBuilding CXX object CMakeFiles/dex_hand_ros2__rosidl_typesupport_c.dir/rosidl_typesupport_c/dex_hand_ros2/srv/change_baud__type_support.cpp.o[0m
[ 37%] [32mBuilding CXX object CMakeFiles/dex_hand_ros2__rosidl_typesupport_c.dir/rosidl_typesupport_c/dex_hand_ros2/srv/add_gesture__type_support.cpp.o[0m
[ 39%] [32mBuilding CXX object CMakeFiles/dex_hand_ros2__rosidl_typesupport_c.dir/rosidl_typesupport_c/dex_hand_ros2/srv/run_gesture_pid__type_support.cpp.o[0m
[ 40%] [32mBuilding C object CMakeFiles/dex_hand_ros2__rosidl_typesupport_introspection_c.dir/rosidl_typesupport_introspection_c/dex_hand_ros2/msg/detail/gesture_cmd__type_support.c.o[0m
[ 41%] [32m[1mLinking CXX shared library libdex_hand_ros2__rosidl_typesupport_c.so[0m
[ 43%] [32mBuilding CXX object CMakeFiles/dex_hand_ros2__rosidl_typesupport_fastrtps_c.dir/rosidl_typesupport_fastrtps_c/dex_hand_ros2/msg/detail/gesture_cmd__type_support_c.cpp.o[0m
[ 44%] [32mBuilding C object CMakeFiles/dex_hand_ros2__rosidl_typesupport_introspection_c.dir/rosidl_typesupport_introspection_c/dex_hand_ros2/msg/detail/motor_state__type_support.c.o[0m
[ 44%] Built target dex_hand_ros2__rosidl_typesupport_c
[ 45%] [32mBuilding CXX object CMakeFiles/dex_hand_ros2__rosidl_typesupport_cpp.dir/rosidl_typesupport_cpp/dex_hand_ros2/srv/add_gesture__type_support.cpp.o[0m
[ 46%] [32mBuilding C object CMakeFiles/dex_hand_ros2__rosidl_typesupport_introspection_c.dir/rosidl_typesupport_introspection_c/dex_hand_ros2/msg/detail/pi_dconfig__type_support.c.o[0m
[ 48%] [32mBuilding C object CMakeFiles/dex_hand_ros2__rosidl_typesupport_introspection_c.dir/rosidl_typesupport_introspection_c/dex_hand_ros2/srv/detail/change_id__type_support.c.o[0m
[ 49%] [32mBuilding C object CMakeFiles/dex_hand_ros2__rosidl_typesupport_introspection_c.dir/rosidl_typesupport_introspection_c/dex_hand_ros2/srv/detail/change_baud__type_support.c.o[0m
[ 50%] [32mBuilding CXX object CMakeFiles/dex_hand_ros2__rosidl_typesupport_introspection_cpp.dir/rosidl_typesupport_introspection_cpp/dex_hand_ros2/msg/detail/motor_state__type_support.cpp.o[0m
[ 51%] [32mBuilding C object CMakeFiles/dex_hand_ros2__rosidl_typesupport_introspection_c.dir/rosidl_typesupport_introspection_c/dex_hand_ros2/srv/detail/add_gesture__type_support.c.o[0m
[ 53%] [32mBuilding CXX object CMakeFiles/dex_hand_ros2__rosidl_typesupport_fastrtps_c.dir/rosidl_typesupport_fastrtps_c/dex_hand_ros2/msg/detail/motor_state__type_support_c.cpp.o[0m
[ 54%] [32mBuilding CXX object CMakeFiles/dex_hand_ros2__rosidl_typesupport_fastrtps_cpp.dir/rosidl_typesupport_fastrtps_cpp/dex_hand_ros2/msg/detail/dds_fastrtps/pi_dconfig__type_support.cpp.o[0m
[ 55%] [32mBuilding C object CMakeFiles/dex_hand_ros2__rosidl_typesupport_introspection_c.dir/rosidl_typesupport_introspection_c/dex_hand_ros2/srv/detail/run_gesture_pid__type_support.c.o[0m
[ 56%] [32mBuilding CXX object CMakeFiles/dex_hand_ros2__rosidl_typesupport_fastrtps_c.dir/rosidl_typesupport_fastrtps_c/dex_hand_ros2/msg/detail/pi_dconfig__type_support_c.cpp.o[0m
[ 58%] [32m[1mLinking C shared library libdex_hand_ros2__rosidl_typesupport_introspection_c.so[0m
[ 58%] Built target dex_hand_ros2__rosidl_typesupport_introspection_c
[ 59%] [32mBuilding CXX object CMakeFiles/dex_hand_ros2__rosidl_typesupport_fastrtps_c.dir/rosidl_typesupport_fastrtps_c/dex_hand_ros2/srv/detail/change_id__type_support_c.cpp.o[0m
[ 60%] [32mBuilding CXX object CMakeFiles/dex_hand_ros2__rosidl_typesupport_fastrtps_c.dir/rosidl_typesupport_fastrtps_c/dex_hand_ros2/srv/detail/change_baud__type_support_c.cpp.o[0m
[ 62%] [32mBuilding CXX object CMakeFiles/dex_hand_ros2__rosidl_typesupport_fastrtps_c.dir/rosidl_typesupport_fastrtps_c/dex_hand_ros2/srv/detail/add_gesture__type_support_c.cpp.o[0m
[ 63%] [32mBuilding CXX object CMakeFiles/dex_hand_ros2__rosidl_typesupport_cpp.dir/rosidl_typesupport_cpp/dex_hand_ros2/srv/run_gesture_pid__type_support.cpp.o[0m
[ 64%] [32mBuilding CXX object CMakeFiles/dex_hand_ros2__rosidl_typesupport_introspection_cpp.dir/rosidl_typesupport_introspection_cpp/dex_hand_ros2/msg/detail/pi_dconfig__type_support.cpp.o[0m
[ 65%] [32mBuilding CXX object CMakeFiles/dex_hand_ros2__rosidl_typesupport_introspection_cpp.dir/rosidl_typesupport_introspection_cpp/dex_hand_ros2/srv/detail/change_id__type_support.cpp.o[0m
[ 67%] [32mBuilding CXX object CMakeFiles/dex_hand_ros2__rosidl_typesupport_introspection_cpp.dir/rosidl_typesupport_introspection_cpp/dex_hand_ros2/srv/detail/change_baud__type_support.cpp.o[0m
[ 68%] [32mBuilding CXX object CMakeFiles/dex_hand_ros2__rosidl_typesupport_fastrtps_cpp.dir/rosidl_typesupport_fastrtps_cpp/dex_hand_ros2/srv/detail/dds_fastrtps/change_id__type_support.cpp.o[0m
[ 69%] [32m[1mLinking CXX shared library libdex_hand_ros2__rosidl_typesupport_cpp.so[0m
[ 70%] [32mBuilding CXX object CMakeFiles/dex_hand_ros2__rosidl_typesupport_introspection_cpp.dir/rosidl_typesupport_introspection_cpp/dex_hand_ros2/srv/detail/add_gesture__type_support.cpp.o[0m
[ 70%] Built target dex_hand_ros2__rosidl_typesupport_cpp
[ 72%] [32mBuilding CXX object CMakeFiles/dex_hand_ros2__rosidl_typesupport_fastrtps_cpp.dir/rosidl_typesupport_fastrtps_cpp/dex_hand_ros2/srv/detail/dds_fastrtps/change_baud__type_support.cpp.o[0m
[ 73%] [32mBuilding CXX object CMakeFiles/dex_hand_ros2__rosidl_typesupport_introspection_cpp.dir/rosidl_typesupport_introspection_cpp/dex_hand_ros2/srv/detail/run_gesture_pid__type_support.cpp.o[0m
[ 74%] [32mBuilding CXX object CMakeFiles/dex_hand_ros2__rosidl_typesupport_fastrtps_c.dir/rosidl_typesupport_fastrtps_c/dex_hand_ros2/srv/detail/run_gesture_pid__type_support_c.cpp.o[0m
[ 75%] [32mBuilding CXX object CMakeFiles/dex_hand_ros2__rosidl_typesupport_fastrtps_cpp.dir/rosidl_typesupport_fastrtps_cpp/dex_hand_ros2/srv/detail/dds_fastrtps/add_gesture__type_support.cpp.o[0m
[ 77%] [32mBuilding CXX object CMakeFiles/dex_hand_ros2__rosidl_typesupport_fastrtps_cpp.dir/rosidl_typesupport_fastrtps_cpp/dex_hand_ros2/srv/detail/dds_fastrtps/run_gesture_pid__type_support.cpp.o[0m
[ 78%] [32m[1mLinking CXX shared library libdex_hand_ros2__rosidl_typesupport_fastrtps_c.so[0m
[ 79%] [32m[1mLinking CXX shared library libdex_hand_ros2__rosidl_typesupport_introspection_cpp.so[0m
[ 79%] Built target dex_hand_ros2__rosidl_typesupport_fastrtps_c
[ 79%] Built target dex_hand_ros2__rosidl_typesupport_introspection_cpp
[ 81%] [32m[1mLinking CXX shared library libdex_hand_ros2__rosidl_typesupport_fastrtps_cpp.so[0m
[ 81%] Built target dex_hand_ros2__rosidl_typesupport_fastrtps_cpp
[ 81%] Built target dex_hand_ros2
[ 82%] [34m[1mGenerating Python code for ROS interfaces[0m
[ 82%] Built target dex_hand_ros2__py
[ 84%] [32mBuilding C object CMakeFiles/dex_hand_ros2__rosidl_generator_py.dir/rosidl_generator_py/dex_hand_ros2/msg/_motor_state_s.c.o[0m
[ 84%] [32mBuilding C object CMakeFiles/dex_hand_ros2__rosidl_generator_py.dir/rosidl_generator_py/dex_hand_ros2/msg/_gesture_cmd_s.c.o[0m
[ 86%] [32mBuilding C object CMakeFiles/dex_hand_ros2__rosidl_generator_py.dir/rosidl_generator_py/dex_hand_ros2/msg/_pi_dconfig_s.c.o[0m
[ 87%] [32mBuilding C object CMakeFiles/dex_hand_ros2__rosidl_generator_py.dir/rosidl_generator_py/dex_hand_ros2/srv/_change_id_s.c.o[0m
[ 88%] [32mBuilding C object CMakeFiles/dex_hand_ros2__rosidl_generator_py.dir/rosidl_generator_py/dex_hand_ros2/srv/_change_baud_s.c.o[0m
[ 89%] [32mBuilding C object CMakeFiles/dex_hand_ros2__rosidl_generator_py.dir/rosidl_generator_py/dex_hand_ros2/srv/_add_gesture_s.c.o[0m
[ 91%] [32mBuilding C object CMakeFiles/dex_hand_ros2__rosidl_generator_py.dir/rosidl_generator_py/dex_hand_ros2/srv/_run_gesture_pid_s.c.o[0m
[ 92%] [32m[1mLinking C shared library rosidl_generator_py/dex_hand_ros2/libdex_hand_ros2__rosidl_generator_py.so[0m
[ 92%] Built target dex_hand_ros2__rosidl_generator_py
[ 96%] [32mBuilding C object CMakeFiles/dex_hand_ros2__rosidl_typesupport_fastrtps_c__pyext.dir/rosidl_generator_py/dex_hand_ros2/_dex_hand_ros2_s.ep.rosidl_typesupport_fastrtps_c.c.o[0m
[ 96%] [32mBuilding C object CMakeFiles/dex_hand_ros2__rosidl_typesupport_introspection_c__pyext.dir/rosidl_generator_py/dex_hand_ros2/_dex_hand_ros2_s.ep.rosidl_typesupport_introspection_c.c.o[0m
[ 96%] [32mBuilding C object CMakeFiles/dex_hand_ros2__rosidl_typesupport_c__pyext.dir/rosidl_generator_py/dex_hand_ros2/_dex_hand_ros2_s.ep.rosidl_typesupport_c.c.o[0m
[100%] [32m[1mLinking C shared library rosidl_generator_py/dex_hand_ros2/dex_hand_ros2_s__rosidl_typesupport_introspection_c.cpython-310-x86_64-linux-gnu.so[0m
[100%] [32m[1mLinking C shared library rosidl_generator_py/dex_hand_ros2/dex_hand_ros2_s__rosidl_typesupport_fastrtps_c.cpython-310-x86_64-linux-gnu.so[0m
[100%] [32m[1mLinking C shared library rosidl_generator_py/dex_hand_ros2/dex_hand_ros2_s__rosidl_typesupport_c.cpython-310-x86_64-linux-gnu.so[0m
[100%] Built target dex_hand_ros2__rosidl_typesupport_fastrtps_c__pyext
[100%] Built target dex_hand_ros2__rosidl_typesupport_c__pyext
[100%] Built target dex_hand_ros2__rosidl_typesupport_introspection_c__pyext
-- Install configuration: ""
-- Installing: /home/airs01/yl/ros2_ws_v1.0/install/dex_hand_ros2/share/ament_index/resource_index/rosidl_interfaces/dex_hand_ros2
-- Installing: /home/airs01/yl/ros2_ws_v1.0/install/dex_hand_ros2/include/dex_hand_ros2/dex_hand_ros2
-- Installing: /home/airs01/yl/ros2_ws_v1.0/install/dex_hand_ros2/include/dex_hand_ros2/dex_hand_ros2/msg
-- Installing: /home/airs01/yl/ros2_ws_v1.0/install/dex_hand_ros2/include/dex_hand_ros2/dex_hand_ros2/msg/pi_dconfig.h
-- Installing: /home/airs01/yl/ros2_ws_v1.0/install/dex_hand_ros2/include/dex_hand_ros2/dex_hand_ros2/msg/rosidl_generator_c__visibility_control.h
-- Installing: /home/airs01/yl/ros2_ws_v1.0/install/dex_hand_ros2/include/dex_hand_ros2/dex_hand_ros2/msg/motor_state.h
-- Installing: /home/airs01/yl/ros2_ws_v1.0/install/dex_hand_ros2/include/dex_hand_ros2/dex_hand_ros2/msg/detail
-- Installing: /home/airs01/yl/ros2_ws_v1.0/install/dex_hand_ros2/include/dex_hand_ros2/dex_hand_ros2/msg/detail/pi_dconfig__functions.c
-- Installing: /home/airs01/yl/ros2_ws_v1.0/install/dex_hand_ros2/include/dex_hand_ros2/dex_hand_ros2/msg/detail/motor_state__functions.c
-- Installing: /home/airs01/yl/ros2_ws_v1.0/install/dex_hand_ros2/include/dex_hand_ros2/dex_hand_ros2/msg/detail/motor_state__type_support.h
-- Installing: /home/airs01/yl/ros2_ws_v1.0/install/dex_hand_ros2/include/dex_hand_ros2/dex_hand_ros2/msg/detail/gesture_cmd__functions.h
-- Installing: /home/airs01/yl/ros2_ws_v1.0/install/dex_hand_ros2/include/dex_hand_ros2/dex_hand_ros2/msg/detail/pi_dconfig__functions.h
-- Installing: /home/airs01/yl/ros2_ws_v1.0/install/dex_hand_ros2/include/dex_hand_ros2/dex_hand_ros2/msg/detail/gesture_cmd__struct.h
-- Installing: /home/airs01/yl/ros2_ws_v1.0/install/dex_hand_ros2/include/dex_hand_ros2/dex_hand_ros2/msg/detail/pi_dconfig__type_support.h
-- Installing: /home/airs01/yl/ros2_ws_v1.0/install/dex_hand_ros2/include/dex_hand_ros2/dex_hand_ros2/msg/detail/pi_dconfig__struct.h
-- Installing: /home/airs01/yl/ros2_ws_v1.0/install/dex_hand_ros2/include/dex_hand_ros2/dex_hand_ros2/msg/detail/motor_state__struct.h
-- Installing: /home/airs01/yl/ros2_ws_v1.0/install/dex_hand_ros2/include/dex_hand_ros2/dex_hand_ros2/msg/detail/motor_state__functions.h
-- Installing: /home/airs01/yl/ros2_ws_v1.0/install/dex_hand_ros2/include/dex_hand_ros2/dex_hand_ros2/msg/detail/gesture_cmd__functions.c
-- Installing: /home/airs01/yl/ros2_ws_v1.0/install/dex_hand_ros2/include/dex_hand_ros2/dex_hand_ros2/msg/detail/gesture_cmd__type_support.h
-- Installing: /home/airs01/yl/ros2_ws_v1.0/install/dex_hand_ros2/include/dex_hand_ros2/dex_hand_ros2/msg/gesture_cmd.h
-- Installing: /home/airs01/yl/ros2_ws_v1.0/install/dex_hand_ros2/include/dex_hand_ros2/dex_hand_ros2/srv
-- Installing: /home/airs01/yl/ros2_ws_v1.0/install/dex_hand_ros2/include/dex_hand_ros2/dex_hand_ros2/srv/change_baud.h
-- Installing: /home/airs01/yl/ros2_ws_v1.0/install/dex_hand_ros2/include/dex_hand_ros2/dex_hand_ros2/srv/add_gesture.h
-- Installing: /home/airs01/yl/ros2_ws_v1.0/install/dex_hand_ros2/include/dex_hand_ros2/dex_hand_ros2/srv/detail
-- Installing: /home/airs01/yl/ros2_ws_v1.0/install/dex_hand_ros2/include/dex_hand_ros2/dex_hand_ros2/srv/detail/change_id__struct.h
-- Installing: /home/airs01/yl/ros2_ws_v1.0/install/dex_hand_ros2/include/dex_hand_ros2/dex_hand_ros2/srv/detail/add_gesture__struct.h
-- Installing: /home/airs01/yl/ros2_ws_v1.0/install/dex_hand_ros2/include/dex_hand_ros2/dex_hand_ros2/srv/detail/run_gesture_pid__type_support.h
-- Installing: /home/airs01/yl/ros2_ws_v1.0/install/dex_hand_ros2/include/dex_hand_ros2/dex_hand_ros2/srv/detail/change_id__type_support.h
-- Installing: /home/airs01/yl/ros2_ws_v1.0/install/dex_hand_ros2/include/dex_hand_ros2/dex_hand_ros2/srv/detail/change_baud__functions.c
-- Installing: /home/airs01/yl/ros2_ws_v1.0/install/dex_hand_ros2/include/dex_hand_ros2/dex_hand_ros2/srv/detail/add_gesture__functions.c
-- Installing: /home/airs01/yl/ros2_ws_v1.0/install/dex_hand_ros2/include/dex_hand_ros2/dex_hand_ros2/srv/detail/run_gesture_pid__functions.h
-- Installing: /home/airs01/yl/ros2_ws_v1.0/install/dex_hand_ros2/include/dex_hand_ros2/dex_hand_ros2/srv/detail/run_gesture_pid__struct.h
-- Installing: /home/airs01/yl/ros2_ws_v1.0/install/dex_hand_ros2/include/dex_hand_ros2/dex_hand_ros2/srv/detail/change_baud__struct.h
-- Installing: /home/airs01/yl/ros2_ws_v1.0/install/dex_hand_ros2/include/dex_hand_ros2/dex_hand_ros2/srv/detail/change_baud__type_support.h
-- Installing: /home/airs01/yl/ros2_ws_v1.0/install/dex_hand_ros2/include/dex_hand_ros2/dex_hand_ros2/srv/detail/run_gesture_pid__functions.c
-- Installing: /home/airs01/yl/ros2_ws_v1.0/install/dex_hand_ros2/include/dex_hand_ros2/dex_hand_ros2/srv/detail/change_id__functions.c
-- Installing: /home/airs01/yl/ros2_ws_v1.0/install/dex_hand_ros2/include/dex_hand_ros2/dex_hand_ros2/srv/detail/change_id__functions.h
-- Installing: /home/airs01/yl/ros2_ws_v1.0/install/dex_hand_ros2/include/dex_hand_ros2/dex_hand_ros2/srv/detail/change_baud__functions.h
-- Installing: /home/airs01/yl/ros2_ws_v1.0/install/dex_hand_ros2/include/dex_hand_ros2/dex_hand_ros2/srv/detail/add_gesture__functions.h
-- Installing: /home/airs01/yl/ros2_ws_v1.0/install/dex_hand_ros2/include/dex_hand_ros2/dex_hand_ros2/srv/detail/add_gesture__type_support.h
-- Installing: /home/airs01/yl/ros2_ws_v1.0/install/dex_hand_ros2/include/dex_hand_ros2/dex_hand_ros2/srv/change_id.h
-- Installing: /home/airs01/yl/ros2_ws_v1.0/install/dex_hand_ros2/include/dex_hand_ros2/dex_hand_ros2/srv/run_gesture_pid.h
-- Installing: /home/airs01/yl/ros2_ws_v1.0/install/dex_hand_ros2/lib/libdex_hand_ros2__rosidl_generator_c.so
-- Set runtime path of "/home/airs01/yl/ros2_ws_v1.0/install/dex_hand_ros2/lib/libdex_hand_ros2__rosidl_generator_c.so" to ""
-- Up-to-date: /home/airs01/yl/ros2_ws_v1.0/install/dex_hand_ros2/include/dex_hand_ros2/dex_hand_ros2
-- Up-to-date: /home/airs01/yl/ros2_ws_v1.0/install/dex_hand_ros2/include/dex_hand_ros2/dex_hand_ros2/msg
-- Up-to-date: /home/airs01/yl/ros2_ws_v1.0/install/dex_hand_ros2/include/dex_hand_ros2/dex_hand_ros2/msg/detail
-- Installing: /home/airs01/yl/ros2_ws_v1.0/install/dex_hand_ros2/include/dex_hand_ros2/dex_hand_ros2/msg/detail/gesture_cmd__rosidl_typesupport_fastrtps_c.h
-- Installing: /home/airs01/yl/ros2_ws_v1.0/install/dex_hand_ros2/include/dex_hand_ros2/dex_hand_ros2/msg/detail/motor_state__rosidl_typesupport_fastrtps_c.h
-- Installing: /home/airs01/yl/ros2_ws_v1.0/install/dex_hand_ros2/include/dex_hand_ros2/dex_hand_ros2/msg/detail/pi_dconfig__rosidl_typesupport_fastrtps_c.h
-- Installing: /home/airs01/yl/ros2_ws_v1.0/install/dex_hand_ros2/include/dex_hand_ros2/dex_hand_ros2/msg/rosidl_typesupport_fastrtps_c__visibility_control.h
-- Up-to-date: /home/airs01/yl/ros2_ws_v1.0/install/dex_hand_ros2/include/dex_hand_ros2/dex_hand_ros2/srv
-- Up-to-date: /home/airs01/yl/ros2_ws_v1.0/install/dex_hand_ros2/include/dex_hand_ros2/dex_hand_ros2/srv/detail
-- Installing: /home/airs01/yl/ros2_ws_v1.0/install/dex_hand_ros2/include/dex_hand_ros2/dex_hand_ros2/srv/detail/add_gesture__rosidl_typesupport_fastrtps_c.h
-- Installing: /home/airs01/yl/ros2_ws_v1.0/install/dex_hand_ros2/include/dex_hand_ros2/dex_hand_ros2/srv/detail/change_id__rosidl_typesupport_fastrtps_c.h
-- Installing: /home/airs01/yl/ros2_ws_v1.0/install/dex_hand_ros2/include/dex_hand_ros2/dex_hand_ros2/srv/detail/run_gesture_pid__rosidl_typesupport_fastrtps_c.h
-- Installing: /home/airs01/yl/ros2_ws_v1.0/install/dex_hand_ros2/include/dex_hand_ros2/dex_hand_ros2/srv/detail/change_baud__rosidl_typesupport_fastrtps_c.h
-- Installing: /home/airs01/yl/ros2_ws_v1.0/install/dex_hand_ros2/lib/libdex_hand_ros2__rosidl_typesupport_fastrtps_c.so
-- Set runtime path of "/home/airs01/yl/ros2_ws_v1.0/install/dex_hand_ros2/lib/libdex_hand_ros2__rosidl_typesupport_fastrtps_c.so" to ""
-- Up-to-date: /home/airs01/yl/ros2_ws_v1.0/install/dex_hand_ros2/include/dex_hand_ros2/dex_hand_ros2
-- Up-to-date: /home/airs01/yl/ros2_ws_v1.0/install/dex_hand_ros2/include/dex_hand_ros2/dex_hand_ros2/msg
-- Installing: /home/airs01/yl/ros2_ws_v1.0/install/dex_hand_ros2/include/dex_hand_ros2/dex_hand_ros2/msg/rosidl_typesupport_introspection_c__visibility_control.h
-- Up-to-date: /home/airs01/yl/ros2_ws_v1.0/install/dex_hand_ros2/include/dex_hand_ros2/dex_hand_ros2/msg/detail
-- Installing: /home/airs01/yl/ros2_ws_v1.0/install/dex_hand_ros2/include/dex_hand_ros2/dex_hand_ros2/msg/detail/pi_dconfig__type_support.c
-- Installing: /home/airs01/yl/ros2_ws_v1.0/install/dex_hand_ros2/include/dex_hand_ros2/dex_hand_ros2/msg/detail/gesture_cmd__rosidl_typesupport_introspection_c.h
-- Installing: /home/airs01/yl/ros2_ws_v1.0/install/dex_hand_ros2/include/dex_hand_ros2/dex_hand_ros2/msg/detail/gesture_cmd__type_support.c
-- Installing: /home/airs01/yl/ros2_ws_v1.0/install/dex_hand_ros2/include/dex_hand_ros2/dex_hand_ros2/msg/detail/motor_state__type_support.c
-- Installing: /home/airs01/yl/ros2_ws_v1.0/install/dex_hand_ros2/include/dex_hand_ros2/dex_hand_ros2/msg/detail/motor_state__rosidl_typesupport_introspection_c.h
-- Installing: /home/airs01/yl/ros2_ws_v1.0/install/dex_hand_ros2/include/dex_hand_ros2/dex_hand_ros2/msg/detail/pi_dconfig__rosidl_typesupport_introspection_c.h
-- Up-to-date: /home/airs01/yl/ros2_ws_v1.0/install/dex_hand_ros2/include/dex_hand_ros2/dex_hand_ros2/srv
-- Up-to-date: /home/airs01/yl/ros2_ws_v1.0/install/dex_hand_ros2/include/dex_hand_ros2/dex_hand_ros2/srv/detail
-- Installing: /home/airs01/yl/ros2_ws_v1.0/install/dex_hand_ros2/include/dex_hand_ros2/dex_hand_ros2/srv/detail/change_baud__type_support.c
-- Installing: /home/airs01/yl/ros2_ws_v1.0/install/dex_hand_ros2/include/dex_hand_ros2/dex_hand_ros2/srv/detail/change_baud__rosidl_typesupport_introspection_c.h
-- Installing: /home/airs01/yl/ros2_ws_v1.0/install/dex_hand_ros2/include/dex_hand_ros2/dex_hand_ros2/srv/detail/run_gesture_pid__rosidl_typesupport_introspection_c.h
-- Installing: /home/airs01/yl/ros2_ws_v1.0/install/dex_hand_ros2/include/dex_hand_ros2/dex_hand_ros2/srv/detail/add_gesture__type_support.c
-- Installing: /home/airs01/yl/ros2_ws_v1.0/install/dex_hand_ros2/include/dex_hand_ros2/dex_hand_ros2/srv/detail/change_id__rosidl_typesupport_introspection_c.h
-- Installing: /home/airs01/yl/ros2_ws_v1.0/install/dex_hand_ros2/include/dex_hand_ros2/dex_hand_ros2/srv/detail/change_id__type_support.c
-- Installing: /home/airs01/yl/ros2_ws_v1.0/install/dex_hand_ros2/include/dex_hand_ros2/dex_hand_ros2/srv/detail/add_gesture__rosidl_typesupport_introspection_c.h
-- Installing: /home/airs01/yl/ros2_ws_v1.0/install/dex_hand_ros2/include/dex_hand_ros2/dex_hand_ros2/srv/detail/run_gesture_pid__type_support.c
-- Installing: /home/airs01/yl/ros2_ws_v1.0/install/dex_hand_ros2/lib/libdex_hand_ros2__rosidl_typesupport_introspection_c.so
-- Set runtime path of "/home/airs01/yl/ros2_ws_v1.0/install/dex_hand_ros2/lib/libdex_hand_ros2__rosidl_typesupport_introspection_c.so" to ""
-- Installing: /home/airs01/yl/ros2_ws_v1.0/install/dex_hand_ros2/lib/libdex_hand_ros2__rosidl_typesupport_c.so
-- Set runtime path of "/home/airs01/yl/ros2_ws_v1.0/install/dex_hand_ros2/lib/libdex_hand_ros2__rosidl_typesupport_c.so" to ""
-- Up-to-date: /home/airs01/yl/ros2_ws_v1.0/install/dex_hand_ros2/include/dex_hand_ros2/dex_hand_ros2
-- Up-to-date: /home/airs01/yl/ros2_ws_v1.0/install/dex_hand_ros2/include/dex_hand_ros2/dex_hand_ros2/msg
-- Up-to-date: /home/airs01/yl/ros2_ws_v1.0/install/dex_hand_ros2/include/dex_hand_ros2/dex_hand_ros2/msg/detail
-- Installing: /home/airs01/yl/ros2_ws_v1.0/install/dex_hand_ros2/include/dex_hand_ros2/dex_hand_ros2/msg/detail/motor_state__struct.hpp
-- Installing: /home/airs01/yl/ros2_ws_v1.0/install/dex_hand_ros2/include/dex_hand_ros2/dex_hand_ros2/msg/detail/gesture_cmd__struct.hpp
-- Installing: /home/airs01/yl/ros2_ws_v1.0/install/dex_hand_ros2/include/dex_hand_ros2/dex_hand_ros2/msg/detail/motor_state__builder.hpp
-- Installing: /home/airs01/yl/ros2_ws_v1.0/install/dex_hand_ros2/include/dex_hand_ros2/dex_hand_ros2/msg/detail/gesture_cmd__traits.hpp
-- Installing: /home/airs01/yl/ros2_ws_v1.0/install/dex_hand_ros2/include/dex_hand_ros2/dex_hand_ros2/msg/detail/motor_state__traits.hpp
-- Installing: /home/airs01/yl/ros2_ws_v1.0/install/dex_hand_ros2/include/dex_hand_ros2/dex_hand_ros2/msg/detail/pi_dconfig__struct.hpp
-- Installing: /home/airs01/yl/ros2_ws_v1.0/install/dex_hand_ros2/include/dex_hand_ros2/dex_hand_ros2/msg/detail/gesture_cmd__builder.hpp
-- Installing: /home/airs01/yl/ros2_ws_v1.0/install/dex_hand_ros2/include/dex_hand_ros2/dex_hand_ros2/msg/detail/pi_dconfig__builder.hpp
-- Installing: /home/airs01/yl/ros2_ws_v1.0/install/dex_hand_ros2/include/dex_hand_ros2/dex_hand_ros2/msg/detail/pi_dconfig__traits.hpp
-- Installing: /home/airs01/yl/ros2_ws_v1.0/install/dex_hand_ros2/include/dex_hand_ros2/dex_hand_ros2/msg/gesture_cmd.hpp
-- Installing: /home/airs01/yl/ros2_ws_v1.0/install/dex_hand_ros2/include/dex_hand_ros2/dex_hand_ros2/msg/pi_dconfig.hpp
-- Installing: /home/airs01/yl/ros2_ws_v1.0/install/dex_hand_ros2/include/dex_hand_ros2/dex_hand_ros2/msg/motor_state.hpp
-- Up-to-date: /home/airs01/yl/ros2_ws_v1.0/install/dex_hand_ros2/include/dex_hand_ros2/dex_hand_ros2/srv
-- Installing: /home/airs01/yl/ros2_ws_v1.0/install/dex_hand_ros2/include/dex_hand_ros2/dex_hand_ros2/srv/change_baud.hpp
-- Installing: /home/airs01/yl/ros2_ws_v1.0/install/dex_hand_ros2/include/dex_hand_ros2/dex_hand_ros2/srv/change_id.hpp
-- Installing: /home/airs01/yl/ros2_ws_v1.0/install/dex_hand_ros2/include/dex_hand_ros2/dex_hand_ros2/srv/run_gesture_pid.hpp
-- Up-to-date: /home/airs01/yl/ros2_ws_v1.0/install/dex_hand_ros2/include/dex_hand_ros2/dex_hand_ros2/srv/detail
-- Installing: /home/airs01/yl/ros2_ws_v1.0/install/dex_hand_ros2/include/dex_hand_ros2/dex_hand_ros2/srv/detail/change_id__struct.hpp
-- Installing: /home/airs01/yl/ros2_ws_v1.0/install/dex_hand_ros2/include/dex_hand_ros2/dex_hand_ros2/srv/detail/add_gesture__traits.hpp
-- Installing: /home/airs01/yl/ros2_ws_v1.0/install/dex_hand_ros2/include/dex_hand_ros2/dex_hand_ros2/srv/detail/run_gesture_pid__builder.hpp
-- Installing: /home/airs01/yl/ros2_ws_v1.0/install/dex_hand_ros2/include/dex_hand_ros2/dex_hand_ros2/srv/detail/change_baud__traits.hpp
-- Installing: /home/airs01/yl/ros2_ws_v1.0/install/dex_hand_ros2/include/dex_hand_ros2/dex_hand_ros2/srv/detail/change_id__builder.hpp
-- Installing: /home/airs01/yl/ros2_ws_v1.0/install/dex_hand_ros2/include/dex_hand_ros2/dex_hand_ros2/srv/detail/change_baud__builder.hpp
-- Installing: /home/airs01/yl/ros2_ws_v1.0/install/dex_hand_ros2/include/dex_hand_ros2/dex_hand_ros2/srv/detail/change_id__traits.hpp
-- Installing: /home/airs01/yl/ros2_ws_v1.0/install/dex_hand_ros2/include/dex_hand_ros2/dex_hand_ros2/srv/detail/run_gesture_pid__struct.hpp
-- Installing: /home/airs01/yl/ros2_ws_v1.0/install/dex_hand_ros2/include/dex_hand_ros2/dex_hand_ros2/srv/detail/change_baud__struct.hpp
-- Installing: /home/airs01/yl/ros2_ws_v1.0/install/dex_hand_ros2/include/dex_hand_ros2/dex_hand_ros2/srv/detail/add_gesture__struct.hpp
-- Installing: /home/airs01/yl/ros2_ws_v1.0/install/dex_hand_ros2/include/dex_hand_ros2/dex_hand_ros2/srv/detail/run_gesture_pid__traits.hpp
-- Installing: /home/airs01/yl/ros2_ws_v1.0/install/dex_hand_ros2/include/dex_hand_ros2/dex_hand_ros2/srv/detail/add_gesture__builder.hpp
-- Installing: /home/airs01/yl/ros2_ws_v1.0/install/dex_hand_ros2/include/dex_hand_ros2/dex_hand_ros2/srv/add_gesture.hpp
-- Up-to-date: /home/airs01/yl/ros2_ws_v1.0/install/dex_hand_ros2/include/dex_hand_ros2/dex_hand_ros2
-- Up-to-date: /home/airs01/yl/ros2_ws_v1.0/install/dex_hand_ros2/include/dex_hand_ros2/dex_hand_ros2/msg
-- Installing: /home/airs01/yl/ros2_ws_v1.0/install/dex_hand_ros2/include/dex_hand_ros2/dex_hand_ros2/msg/rosidl_typesupport_fastrtps_cpp__visibility_control.h
-- Up-to-date: /home/airs01/yl/ros2_ws_v1.0/install/dex_hand_ros2/include/dex_hand_ros2/dex_hand_ros2/msg/detail
-- Installing: /home/airs01/yl/ros2_ws_v1.0/install/dex_hand_ros2/include/dex_hand_ros2/dex_hand_ros2/msg/detail/dds_fastrtps
-- Installing: /home/airs01/yl/ros2_ws_v1.0/install/dex_hand_ros2/include/dex_hand_ros2/dex_hand_ros2/msg/detail/motor_state__rosidl_typesupport_fastrtps_cpp.hpp
-- Installing: /home/airs01/yl/ros2_ws_v1.0/install/dex_hand_ros2/include/dex_hand_ros2/dex_hand_ros2/msg/detail/gesture_cmd__rosidl_typesupport_fastrtps_cpp.hpp
-- Installing: /home/airs01/yl/ros2_ws_v1.0/install/dex_hand_ros2/include/dex_hand_ros2/dex_hand_ros2/msg/detail/pi_dconfig__rosidl_typesupport_fastrtps_cpp.hpp
-- Up-to-date: /home/airs01/yl/ros2_ws_v1.0/install/dex_hand_ros2/include/dex_hand_ros2/dex_hand_ros2/srv
-- Up-to-date: /home/airs01/yl/ros2_ws_v1.0/install/dex_hand_ros2/include/dex_hand_ros2/dex_hand_ros2/srv/detail
-- Installing: /home/airs01/yl/ros2_ws_v1.0/install/dex_hand_ros2/include/dex_hand_ros2/dex_hand_ros2/srv/detail/dds_fastrtps
-- Installing: /home/airs01/yl/ros2_ws_v1.0/install/dex_hand_ros2/include/dex_hand_ros2/dex_hand_ros2/srv/detail/change_baud__rosidl_typesupport_fastrtps_cpp.hpp
-- Installing: /home/airs01/yl/ros2_ws_v1.0/install/dex_hand_ros2/include/dex_hand_ros2/dex_hand_ros2/srv/detail/add_gesture__rosidl_typesupport_fastrtps_cpp.hpp
-- Installing: /home/airs01/yl/ros2_ws_v1.0/install/dex_hand_ros2/include/dex_hand_ros2/dex_hand_ros2/srv/detail/change_id__rosidl_typesupport_fastrtps_cpp.hpp
-- Installing: /home/airs01/yl/ros2_ws_v1.0/install/dex_hand_ros2/include/dex_hand_ros2/dex_hand_ros2/srv/detail/run_gesture_pid__rosidl_typesupport_fastrtps_cpp.hpp
-- Installing: /home/airs01/yl/ros2_ws_v1.0/install/dex_hand_ros2/lib/libdex_hand_ros2__rosidl_typesupport_fastrtps_cpp.so
-- Set runtime path of "/home/airs01/yl/ros2_ws_v1.0/install/dex_hand_ros2/lib/libdex_hand_ros2__rosidl_typesupport_fastrtps_cpp.so" to ""
-- Up-to-date: /home/airs01/yl/ros2_ws_v1.0/install/dex_hand_ros2/include/dex_hand_ros2/dex_hand_ros2
-- Up-to-date: /home/airs01/yl/ros2_ws_v1.0/install/dex_hand_ros2/include/dex_hand_ros2/dex_hand_ros2/msg
-- Up-to-date: /home/airs01/yl/ros2_ws_v1.0/install/dex_hand_ros2/include/dex_hand_ros2/dex_hand_ros2/msg/detail
-- Installing: /home/airs01/yl/ros2_ws_v1.0/install/dex_hand_ros2/include/dex_hand_ros2/dex_hand_ros2/msg/detail/motor_state__rosidl_typesupport_introspection_cpp.hpp
-- Installing: /home/airs01/yl/ros2_ws_v1.0/install/dex_hand_ros2/include/dex_hand_ros2/dex_hand_ros2/msg/detail/pi_dconfig__rosidl_typesupport_introspection_cpp.hpp
-- Installing: /home/airs01/yl/ros2_ws_v1.0/install/dex_hand_ros2/include/dex_hand_ros2/dex_hand_ros2/msg/detail/motor_state__type_support.cpp
-- Installing: /home/airs01/yl/ros2_ws_v1.0/install/dex_hand_ros2/include/dex_hand_ros2/dex_hand_ros2/msg/detail/gesture_cmd__type_support.cpp
-- Installing: /home/airs01/yl/ros2_ws_v1.0/install/dex_hand_ros2/include/dex_hand_ros2/dex_hand_ros2/msg/detail/gesture_cmd__rosidl_typesupport_introspection_cpp.hpp
-- Installing: /home/airs01/yl/ros2_ws_v1.0/install/dex_hand_ros2/include/dex_hand_ros2/dex_hand_ros2/msg/detail/pi_dconfig__type_support.cpp
-- Up-to-date: /home/airs01/yl/ros2_ws_v1.0/install/dex_hand_ros2/include/dex_hand_ros2/dex_hand_ros2/srv
-- Up-to-date: /home/airs01/yl/ros2_ws_v1.0/install/dex_hand_ros2/include/dex_hand_ros2/dex_hand_ros2/srv/detail
-- Installing: /home/airs01/yl/ros2_ws_v1.0/install/dex_hand_ros2/include/dex_hand_ros2/dex_hand_ros2/srv/detail/add_gesture__rosidl_typesupport_introspection_cpp.hpp
-- Installing: /home/airs01/yl/ros2_ws_v1.0/install/dex_hand_ros2/include/dex_hand_ros2/dex_hand_ros2/srv/detail/change_baud__type_support.cpp
-- Installing: /home/airs01/yl/ros2_ws_v1.0/install/dex_hand_ros2/include/dex_hand_ros2/dex_hand_ros2/srv/detail/run_gesture_pid__type_support.cpp
-- Installing: /home/airs01/yl/ros2_ws_v1.0/install/dex_hand_ros2/include/dex_hand_ros2/dex_hand_ros2/srv/detail/change_id__type_support.cpp
-- Installing: /home/airs01/yl/ros2_ws_v1.0/install/dex_hand_ros2/include/dex_hand_ros2/dex_hand_ros2/srv/detail/change_id__rosidl_typesupport_introspection_cpp.hpp
-- Installing: /home/airs01/yl/ros2_ws_v1.0/install/dex_hand_ros2/include/dex_hand_ros2/dex_hand_ros2/srv/detail/run_gesture_pid__rosidl_typesupport_introspection_cpp.hpp
-- Installing: /home/airs01/yl/ros2_ws_v1.0/install/dex_hand_ros2/include/dex_hand_ros2/dex_hand_ros2/srv/detail/change_baud__rosidl_typesupport_introspection_cpp.hpp
-- Installing: /home/airs01/yl/ros2_ws_v1.0/install/dex_hand_ros2/include/dex_hand_ros2/dex_hand_ros2/srv/detail/add_gesture__type_support.cpp
-- Installing: /home/airs01/yl/ros2_ws_v1.0/install/dex_hand_ros2/lib/libdex_hand_ros2__rosidl_typesupport_introspection_cpp.so
-- Set runtime path of "/home/airs01/yl/ros2_ws_v1.0/install/dex_hand_ros2/lib/libdex_hand_ros2__rosidl_typesupport_introspection_cpp.so" to ""
-- Installing: /home/airs01/yl/ros2_ws_v1.0/install/dex_hand_ros2/lib/libdex_hand_ros2__rosidl_typesupport_cpp.so
-- Set runtime path of "/home/airs01/yl/ros2_ws_v1.0/install/dex_hand_ros2/lib/libdex_hand_ros2__rosidl_typesupport_cpp.so" to ""
-- Installing: /home/airs01/yl/ros2_ws_v1.0/install/dex_hand_ros2/share/dex_hand_ros2/environment/pythonpath.sh
-- Installing: /home/airs01/yl/ros2_ws_v1.0/install/dex_hand_ros2/share/dex_hand_ros2/environment/pythonpath.dsv
-- Installing: /home/airs01/yl/ros2_ws_v1.0/install/dex_hand_ros2/lib/python3.10/site-packages/dex_hand_ros2-0.1.0-py3.10.egg-info
-- Installing: /home/airs01/yl/ros2_ws_v1.0/install/dex_hand_ros2/lib/python3.10/site-packages/dex_hand_ros2-0.1.0-py3.10.egg-info/SOURCES.txt
-- Installing: /home/airs01/yl/ros2_ws_v1.0/install/dex_hand_ros2/lib/python3.10/site-packages/dex_hand_ros2-0.1.0-py3.10.egg-info/PKG-INFO
-- Installing: /home/airs01/yl/ros2_ws_v1.0/install/dex_hand_ros2/lib/python3.10/site-packages/dex_hand_ros2-0.1.0-py3.10.egg-info/dependency_links.txt
-- Installing: /home/airs01/yl/ros2_ws_v1.0/install/dex_hand_ros2/lib/python3.10/site-packages/dex_hand_ros2-0.1.0-py3.10.egg-info/top_level.txt
-- Installing: /home/airs01/yl/ros2_ws_v1.0/install/dex_hand_ros2/lib/python3.10/site-packages/dex_hand_ros2
-- Installing: /home/airs01/yl/ros2_ws_v1.0/install/dex_hand_ros2/lib/python3.10/site-packages/dex_hand_ros2/libdex_hand_ros2__rosidl_generator_py.so
-- Installing: /home/airs01/yl/ros2_ws_v1.0/install/dex_hand_ros2/lib/python3.10/site-packages/dex_hand_ros2/_dex_hand_ros2_s.ep.rosidl_typesupport_fastrtps_c.c
-- Installing: /home/airs01/yl/ros2_ws_v1.0/install/dex_hand_ros2/lib/python3.10/site-packages/dex_hand_ros2/dex_hand_ros2_s__rosidl_typesupport_c.cpython-310-x86_64-linux-gnu.so
-- Installing: /home/airs01/yl/ros2_ws_v1.0/install/dex_hand_ros2/lib/python3.10/site-packages/dex_hand_ros2/_dex_hand_ros2_s.ep.rosidl_typesupport_introspection_c.c
-- Installing: /home/airs01/yl/ros2_ws_v1.0/install/dex_hand_ros2/lib/python3.10/site-packages/dex_hand_ros2/msg
-- Installing: /home/airs01/yl/ros2_ws_v1.0/install/dex_hand_ros2/lib/python3.10/site-packages/dex_hand_ros2/msg/_pi_dconfig_s.c
-- Installing: /home/airs01/yl/ros2_ws_v1.0/install/dex_hand_ros2/lib/python3.10/site-packages/dex_hand_ros2/msg/_motor_state_s.c
-- Installing: /home/airs01/yl/ros2_ws_v1.0/install/dex_hand_ros2/lib/python3.10/site-packages/dex_hand_ros2/msg/_gesture_cmd_s.c
-- Installing: /home/airs01/yl/ros2_ws_v1.0/install/dex_hand_ros2/lib/python3.10/site-packages/dex_hand_ros2/msg/__init__.py
-- Installing: /home/airs01/yl/ros2_ws_v1.0/install/dex_hand_ros2/lib/python3.10/site-packages/dex_hand_ros2/msg/_motor_state.py
-- Installing: /home/airs01/yl/ros2_ws_v1.0/install/dex_hand_ros2/lib/python3.10/site-packages/dex_hand_ros2/msg/_pi_dconfig.py
-- Installing: /home/airs01/yl/ros2_ws_v1.0/install/dex_hand_ros2/lib/python3.10/site-packages/dex_hand_ros2/msg/_gesture_cmd.py
-- Installing: /home/airs01/yl/ros2_ws_v1.0/install/dex_hand_ros2/lib/python3.10/site-packages/dex_hand_ros2/dex_hand_ros2_s__rosidl_typesupport_fastrtps_c.cpython-310-x86_64-linux-gnu.so
-- Installing: /home/airs01/yl/ros2_ws_v1.0/install/dex_hand_ros2/lib/python3.10/site-packages/dex_hand_ros2/__init__.py
-- Installing: /home/airs01/yl/ros2_ws_v1.0/install/dex_hand_ros2/lib/python3.10/site-packages/dex_hand_ros2/srv
-- Installing: /home/airs01/yl/ros2_ws_v1.0/install/dex_hand_ros2/lib/python3.10/site-packages/dex_hand_ros2/srv/_change_id.py
-- Installing: /home/airs01/yl/ros2_ws_v1.0/install/dex_hand_ros2/lib/python3.10/site-packages/dex_hand_ros2/srv/_add_gesture_s.c
-- Installing: /home/airs01/yl/ros2_ws_v1.0/install/dex_hand_ros2/lib/python3.10/site-packages/dex_hand_ros2/srv/_change_baud.py
-- Installing: /home/airs01/yl/ros2_ws_v1.0/install/dex_hand_ros2/lib/python3.10/site-packages/dex_hand_ros2/srv/_add_gesture.py
-- Installing: /home/airs01/yl/ros2_ws_v1.0/install/dex_hand_ros2/lib/python3.10/site-packages/dex_hand_ros2/srv/__init__.py
-- Installing: /home/airs01/yl/ros2_ws_v1.0/install/dex_hand_ros2/lib/python3.10/site-packages/dex_hand_ros2/srv/_run_gesture_pid.py
-- Installing: /home/airs01/yl/ros2_ws_v1.0/install/dex_hand_ros2/lib/python3.10/site-packages/dex_hand_ros2/srv/_change_baud_s.c
-- Installing: /home/airs01/yl/ros2_ws_v1.0/install/dex_hand_ros2/lib/python3.10/site-packages/dex_hand_ros2/srv/_run_gesture_pid_s.c
-- Installing: /home/airs01/yl/ros2_ws_v1.0/install/dex_hand_ros2/lib/python3.10/site-packages/dex_hand_ros2/srv/_change_id_s.c
-- Installing: /home/airs01/yl/ros2_ws_v1.0/install/dex_hand_ros2/lib/python3.10/site-packages/dex_hand_ros2/_dex_hand_ros2_s.ep.rosidl_typesupport_c.c
-- Installing: /home/airs01/yl/ros2_ws_v1.0/install/dex_hand_ros2/lib/python3.10/site-packages/dex_hand_ros2/dex_hand_ros2_s__rosidl_typesupport_introspection_c.cpython-310-x86_64-linux-gnu.so
Listing 'lib/python3.10/site-packages/dex_hand_ros2'...
Can't list 'lib/python3.10/site-packages/dex_hand_ros2'
-- Installing: /home/airs01/yl/ros2_ws_v1.0/install/dex_hand_ros2/lib/python3.10/site-packages/dex_hand_ros2/dex_hand_ros2_s__rosidl_typesupport_fastrtps_c.cpython-310-x86_64-linux-gnu.so
-- Set runtime path of "/home/airs01/yl/ros2_ws_v1.0/install/dex_hand_ros2/lib/python3.10/site-packages/dex_hand_ros2/dex_hand_ros2_s__rosidl_typesupport_fastrtps_c.cpython-310-x86_64-linux-gnu.so" to ""
-- Installing: /home/airs01/yl/ros2_ws_v1.0/install/dex_hand_ros2/lib/python3.10/site-packages/dex_hand_ros2/dex_hand_ros2_s__rosidl_typesupport_introspection_c.cpython-310-x86_64-linux-gnu.so
-- Set runtime path of "/home/airs01/yl/ros2_ws_v1.0/install/dex_hand_ros2/lib/python3.10/site-packages/dex_hand_ros2/dex_hand_ros2_s__rosidl_typesupport_introspection_c.cpython-310-x86_64-linux-gnu.so" to ""
-- Installing: /home/airs01/yl/ros2_ws_v1.0/install/dex_hand_ros2/lib/python3.10/site-packages/dex_hand_ros2/dex_hand_ros2_s__rosidl_typesupport_c.cpython-310-x86_64-linux-gnu.so
-- Set runtime path of "/home/airs01/yl/ros2_ws_v1.0/install/dex_hand_ros2/lib/python3.10/site-packages/dex_hand_ros2/dex_hand_ros2_s__rosidl_typesupport_c.cpython-310-x86_64-linux-gnu.so" to ""
-- Installing: /home/airs01/yl/ros2_ws_v1.0/install/dex_hand_ros2/lib/libdex_hand_ros2__rosidl_generator_py.so
-- Set runtime path of "/home/airs01/yl/ros2_ws_v1.0/install/dex_hand_ros2/lib/libdex_hand_ros2__rosidl_generator_py.so" to ""
-- Installing: /home/airs01/yl/ros2_ws_v1.0/install/dex_hand_ros2/share/dex_hand_ros2/msg/GestureCmd.idl
-- Installing: /home/airs01/yl/ros2_ws_v1.0/install/dex_hand_ros2/share/dex_hand_ros2/msg/MotorState.idl
-- Installing: /home/airs01/yl/ros2_ws_v1.0/install/dex_hand_ros2/share/dex_hand_ros2/msg/PIDconfig.idl
-- Installing: /home/airs01/yl/ros2_ws_v1.0/install/dex_hand_ros2/share/dex_hand_ros2/srv/ChangeId.idl
-- Installing: /home/airs01/yl/ros2_ws_v1.0/install/dex_hand_ros2/share/dex_hand_ros2/srv/ChangeBaud.idl
-- Installing: /home/airs01/yl/ros2_ws_v1.0/install/dex_hand_ros2/share/dex_hand_ros2/srv/AddGesture.idl
-- Installing: /home/airs01/yl/ros2_ws_v1.0/install/dex_hand_ros2/share/dex_hand_ros2/srv/RunGesturePid.idl
-- Installing: /home/airs01/yl/ros2_ws_v1.0/install/dex_hand_ros2/share/dex_hand_ros2/msg/GestureCmd.msg
-- Installing: /home/airs01/yl/ros2_ws_v1.0/install/dex_hand_ros2/share/dex_hand_ros2/msg/MotorState.msg
-- Installing: /home/airs01/yl/ros2_ws_v1.0/install/dex_hand_ros2/share/dex_hand_ros2/msg/PIDconfig.msg
-- Installing: /home/airs01/yl/ros2_ws_v1.0/install/dex_hand_ros2/share/dex_hand_ros2/srv/ChangeId.srv
-- Installing: /home/airs01/yl/ros2_ws_v1.0/install/dex_hand_ros2/share/dex_hand_ros2/srv/ChangeId_Request.msg
-- Installing: /home/airs01/yl/ros2_ws_v1.0/install/dex_hand_ros2/share/dex_hand_ros2/srv/ChangeId_Response.msg
-- Installing: /home/airs01/yl/ros2_ws_v1.0/install/dex_hand_ros2/share/dex_hand_ros2/srv/ChangeBaud.srv
-- Installing: /home/airs01/yl/ros2_ws_v1.0/install/dex_hand_ros2/share/dex_hand_ros2/srv/ChangeBaud_Request.msg
-- Installing: /home/airs01/yl/ros2_ws_v1.0/install/dex_hand_ros2/share/dex_hand_ros2/srv/ChangeBaud_Response.msg
-- Installing: /home/airs01/yl/ros2_ws_v1.0/install/dex_hand_ros2/share/dex_hand_ros2/srv/AddGesture.srv
-- Installing: /home/airs01/yl/ros2_ws_v1.0/install/dex_hand_ros2/share/dex_hand_ros2/srv/AddGesture_Request.msg
-- Installing: /home/airs01/yl/ros2_ws_v1.0/install/dex_hand_ros2/share/dex_hand_ros2/srv/AddGesture_Response.msg
-- Installing: /home/airs01/yl/ros2_ws_v1.0/install/dex_hand_ros2/share/dex_hand_ros2/srv/RunGesturePid.srv
-- Installing: /home/airs01/yl/ros2_ws_v1.0/install/dex_hand_ros2/share/dex_hand_ros2/srv/RunGesturePid_Request.msg
-- Installing: /home/airs01/yl/ros2_ws_v1.0/install/dex_hand_ros2/share/dex_hand_ros2/srv/RunGesturePid_Response.msg
-- Up-to-date: /home/airs01/yl/ros2_ws_v1.0/install/dex_hand_ros2/lib/python3.10/site-packages/dex_hand_ros2
-- Installing: /home/airs01/yl/ros2_ws_v1.0/install/dex_hand_ros2/lib/python3.10/site-packages/dex_hand_ros2/hand_driver.py
-- Up-to-date: /home/airs01/yl/ros2_ws_v1.0/install/dex_hand_ros2/lib/python3.10/site-packages/dex_hand_ros2/msg
-- Installing: /home/airs01/yl/ros2_ws_v1.0/install/dex_hand_ros2/lib/python3.10/site-packages/dex_hand_ros2/config_node.py
-- Installing: /home/airs01/yl/ros2_ws_v1.0/install/dex_hand_ros2/lib/python3.10/site-packages/dex_hand_ros2/__init__.py
-- Up-to-date: /home/airs01/yl/ros2_ws_v1.0/install/dex_hand_ros2/lib/python3.10/site-packages/dex_hand_ros2/srv
-- Installing: /home/airs01/yl/ros2_ws_v1.0/install/dex_hand_ros2/lib/python3.10/site-packages/dex_hand_ros2/hand_node.py
-- Installing: /home/airs01/yl/ros2_ws_v1.0/install/dex_hand_ros2/lib/python3.10/site-packages/dex_hand_ros2/scrips
-- Installing: /home/airs01/yl/ros2_ws_v1.0/install/dex_hand_ros2/lib/python3.10/site-packages/dex_hand_ros2/._hand_driver.py
-- Installing: /home/airs01/yl/ros2_ws_v1.0/install/dex_hand_ros2/lib/python3.10/site-packages/dex_hand_ros2/._hand_node.py
-- Installing: /home/airs01/yl/ros2_ws_v1.0/install/dex_hand_ros2/lib/python3.10/site-packages/dex_hand_ros2/__pycache__
-- Installing: /home/airs01/yl/ros2_ws_v1.0/install/dex_hand_ros2/lib/dex_hand_ros2/hand_node
-- Installing: /home/airs01/yl/ros2_ws_v1.0/install/dex_hand_ros2/lib/dex_hand_ros2/config_node
