[0.008s] Invoking command in '/home/airs01/yl/ros2_ws_v1.0/build/dex_hand_ros2': CMAKE_PREFIX_PATH=${CMAKE_PREFIX_PATH}:/home/airs01/miniconda3/envs/env_ros CONDA_PROMPT_MODIFIER=(env_ros) /home/airs01/miniconda3/envs/env_ros/bin/cmake /home/airs01/yl/ros2_ws_v1.0/src/dex_hand_ros2 -DCMAKE_INSTALL_PREFIX=/home/airs01/yl/ros2_ws_v1.0/install/dex_hand_ros2
[0.041s] -- The C compiler identification is GNU 11.4.0
[0.080s] -- The CXX compiler identification is GNU 11.4.0
[0.087s] -- Detecting C compiler ABI info
[0.136s] -- Detecting C compiler ABI info - done
[0.145s] -- Check for working C compiler: /usr/bin/cc - skipped
[0.145s] -- Detecting C compile features
[0.145s] -- Detecting C compile features - done
[0.148s] -- Detecting CXX compiler ABI info
[0.206s] -- Detecting CXX compiler ABI info - done
[0.215s] -- Check for working CXX compiler: /usr/bin/c++ - skipped
[0.216s] -- Detecting CXX compile features
[0.216s] -- Detecting CXX compile features - done
[0.219s] -- Found ament_cmake: 1.3.3 (/home/airs01/miniconda3/envs/env_ros/share/ament_cmake/cmake)
[0.968s] -- Found Python3: /home/airs01/miniconda3/envs/env_ros/bin/python3.10 (found version "3.10.12") found components: Interpreter 
[1.057s] -- Found rosidl_default_generators: 1.2.0 (/home/airs01/miniconda3/envs/env_ros/share/rosidl_default_generators/cmake)
[1.060s] -- Using all available rosidl_typesupport_c: rosidl_typesupport_fastrtps_c;rosidl_typesupport_introspection_c
[1.069s] -- Found rosidl_adapter: 3.1.4 (/home/airs01/miniconda3/envs/env_ros/share/rosidl_adapter/cmake)
[1.115s] -- Using all available rosidl_typesupport_cpp: rosidl_typesupport_fastrtps_cpp;rosidl_typesupport_introspection_cpp
[1.155s] -- Found std_msgs: 4.2.3 (/home/airs01/miniconda3/envs/env_ros/share/std_msgs/cmake)
[1.221s] -- Found geometry_msgs: 4.2.3 (/home/airs01/miniconda3/envs/env_ros/share/geometry_msgs/cmake)
[1.490s] -- Found ament_cmake_ros: 0.10.0 (/home/airs01/miniconda3/envs/env_ros/share/ament_cmake_ros/cmake)
[1.631s] -- Using all available rosidl_typesupport_c: rosidl_typesupport_fastrtps_c;rosidl_typesupport_introspection_c
[1.798s] -- Using all available rosidl_typesupport_cpp: rosidl_typesupport_fastrtps_cpp;rosidl_typesupport_introspection_cpp
[1.811s] -- Found PythonInterp: /home/airs01/miniconda3/envs/env_ros/bin/python3 (found suitable version "3.10.12", minimum required is "3.6") 
[1.813s] -- Found python_cmake_module: 0.10.0 (/home/airs01/miniconda3/envs/env_ros/share/python_cmake_module/cmake)
[1.827s] -- Found PythonLibs: /home/airs01/miniconda3/envs/env_ros/lib/libpython3.10.so (found suitable version "3.10.12", minimum required is "3.5") 
[1.828s] -- Using PYTHON_EXECUTABLE: /home/airs01/miniconda3/envs/env_ros/bin/python3
[1.828s] -- Using PYTHON_INCLUDE_DIRS: /home/airs01/miniconda3/envs/env_ros/include/python3.10
[1.828s] -- Using PYTHON_LIBRARIES: /home/airs01/miniconda3/envs/env_ros/lib/libpython3.10.so
[1.839s] -- Found PythonExtra: .so  
[2.701s] -- Found Python3: /home/airs01/miniconda3/envs/env_ros/include/python3.10 (found version "3.10.12") found components: Development NumPy Interpreter Development.Module Development.Embed 
[2.767s] -- Found Python3: /home/airs01/miniconda3/envs/env_ros/bin/python3.10 (found version "3.10.12") found components: Interpreter 
[2.768s] -- Configuring done (2.8s)
[2.804s] -- Generating done (0.0s)
[2.815s] -- Build files have been written to: /home/airs01/yl/ros2_ws_v1.0/build/dex_hand_ros2
[2.820s] Invoked command in '/home/airs01/yl/ros2_ws_v1.0/build/dex_hand_ros2' returned '0': CMAKE_PREFIX_PATH=${CMAKE_PREFIX_PATH}:/home/airs01/miniconda3/envs/env_ros CONDA_PROMPT_MODIFIER=(env_ros) /home/airs01/miniconda3/envs/env_ros/bin/cmake /home/airs01/yl/ros2_ws_v1.0/src/dex_hand_ros2 -DCMAKE_INSTALL_PREFIX=/home/airs01/yl/ros2_ws_v1.0/install/dex_hand_ros2
[2.822s] Invoking command in '/home/airs01/yl/ros2_ws_v1.0/build/dex_hand_ros2': CMAKE_PREFIX_PATH=${CMAKE_PREFIX_PATH}:/home/airs01/miniconda3/envs/env_ros CONDA_PROMPT_MODIFIER=(env_ros) /home/airs01/miniconda3/envs/env_ros/bin/cmake --build /home/airs01/yl/ros2_ws_v1.0/build/dex_hand_ros2 -- -j8 -l8
[2.843s] [  1%] [34m[1mGenerating C code for ROS interfaces[0m
[2.848s] [  2%] [34m[1mGenerating C++ code for ROS interfaces[0m
[2.852s] [  2%] Built target ament_cmake_python_copy_dex_hand_ros2
[3.292s] running egg_info
[3.292s] creating dex_hand_ros2.egg-info
[3.348s] writing dex_hand_ros2.egg-info/PKG-INFO
[3.391s] writing dependency_links to dex_hand_ros2.egg-info/dependency_links.txt
[3.420s] [  2%] Built target dex_hand_ros2__cpp
[3.425s] [  6%] [34m[1mGenerating C++ type support for eProsima Fast-RTPS[0m
[3.425s] [  6%] [34m[1mGenerating C++ introspection for ROS interfaces[0m
[3.425s] [  6%] [34m[1mGenerating C++ type support dispatch for ROS interfaces[0m
[3.479s] [ 10%] [32mBuilding C object CMakeFiles/dex_hand_ros2__rosidl_generator_c.dir/rosidl_generator_c/dex_hand_ros2/msg/detail/motor_state__functions.c.o[0m
[3.479s] [ 10%] [32mBuilding C object CMakeFiles/dex_hand_ros2__rosidl_generator_c.dir/rosidl_generator_c/dex_hand_ros2/msg/detail/pi_dconfig__functions.c.o[0m
[3.479s] [ 10%] [32mBuilding C object CMakeFiles/dex_hand_ros2__rosidl_generator_c.dir/rosidl_generator_c/dex_hand_ros2/msg/detail/gesture_cmd__functions.c.o[0m
[3.481s] [ 11%] [32mBuilding C object CMakeFiles/dex_hand_ros2__rosidl_generator_c.dir/rosidl_generator_c/dex_hand_ros2/srv/detail/change_id__functions.c.o[0m
[3.514s] [ 13%] [32mBuilding C object CMakeFiles/dex_hand_ros2__rosidl_generator_c.dir/rosidl_generator_c/dex_hand_ros2/srv/detail/add_gesture__functions.c.o[0m
[3.514s] [ 13%] [32mBuilding C object CMakeFiles/dex_hand_ros2__rosidl_generator_c.dir/rosidl_generator_c/dex_hand_ros2/srv/detail/change_baud__functions.c.o[0m
[3.517s] [ 15%] [32mBuilding C object CMakeFiles/dex_hand_ros2__rosidl_generator_c.dir/rosidl_generator_c/dex_hand_ros2/srv/detail/run_gesture_pid__functions.c.o[0m
[3.560s] [ 16%] [32m[1mLinking C shared library libdex_hand_ros2__rosidl_generator_c.so[0m
[3.585s] [ 16%] Built target dex_hand_ros2__rosidl_generator_c
[3.592s] [ 20%] [34m[1mGenerating C type support for eProsima Fast-RTPS[0m
[3.592s] [ 20%] [34m[1mGenerating C introspection for ROS interfaces[0m
[3.593s] [ 20%] [34m[1mGenerating C type support dispatch for ROS interfaces[0m
[3.671s] writing top-level names to dex_hand_ros2.egg-info/top_level.txt
[3.672s] writing manifest file 'dex_hand_ros2.egg-info/SOURCES.txt'
[3.751s] reading manifest file 'dex_hand_ros2.egg-info/SOURCES.txt'
[3.752s] writing manifest file 'dex_hand_ros2.egg-info/SOURCES.txt'
[3.781s] [ 20%] Built target ament_cmake_python_build_dex_hand_ros2_egg
[3.845s] [ 24%] [32mBuilding CXX object CMakeFiles/dex_hand_ros2__rosidl_typesupport_cpp.dir/rosidl_typesupport_cpp/dex_hand_ros2/msg/pi_dconfig__type_support.cpp.o[0m
[3.845s] [ 24%] [32mBuilding CXX object CMakeFiles/dex_hand_ros2__rosidl_typesupport_cpp.dir/rosidl_typesupport_cpp/dex_hand_ros2/msg/gesture_cmd__type_support.cpp.o[0m
[3.845s] [ 24%] [32mBuilding CXX object CMakeFiles/dex_hand_ros2__rosidl_typesupport_cpp.dir/rosidl_typesupport_cpp/dex_hand_ros2/msg/motor_state__type_support.cpp.o[0m
[3.958s] [ 25%] [32mBuilding CXX object CMakeFiles/dex_hand_ros2__rosidl_typesupport_introspection_cpp.dir/rosidl_typesupport_introspection_cpp/dex_hand_ros2/msg/detail/gesture_cmd__type_support.cpp.o[0m
[4.022s] [ 26%] [32mBuilding CXX object CMakeFiles/dex_hand_ros2__rosidl_typesupport_c.dir/rosidl_typesupport_c/dex_hand_ros2/msg/gesture_cmd__type_support.cpp.o[0m
[4.023s] [ 27%] [32mBuilding CXX object CMakeFiles/dex_hand_ros2__rosidl_typesupport_fastrtps_cpp.dir/rosidl_typesupport_fastrtps_cpp/dex_hand_ros2/msg/detail/dds_fastrtps/gesture_cmd__type_support.cpp.o[0m
[4.044s] [ 29%] [32mBuilding CXX object CMakeFiles/dex_hand_ros2__rosidl_typesupport_c.dir/rosidl_typesupport_c/dex_hand_ros2/msg/motor_state__type_support.cpp.o[0m
[4.066s] [ 30%] [32mBuilding CXX object CMakeFiles/dex_hand_ros2__rosidl_typesupport_c.dir/rosidl_typesupport_c/dex_hand_ros2/msg/pi_dconfig__type_support.cpp.o[0m
[4.073s] [ 31%] [32mBuilding CXX object CMakeFiles/dex_hand_ros2__rosidl_typesupport_c.dir/rosidl_typesupport_c/dex_hand_ros2/srv/change_id__type_support.cpp.o[0m
[4.078s] [ 32%] [32mBuilding CXX object CMakeFiles/dex_hand_ros2__rosidl_typesupport_fastrtps_cpp.dir/rosidl_typesupport_fastrtps_cpp/dex_hand_ros2/msg/detail/dds_fastrtps/motor_state__type_support.cpp.o[0m
[4.090s] [ 34%] [32mBuilding CXX object CMakeFiles/dex_hand_ros2__rosidl_typesupport_cpp.dir/rosidl_typesupport_cpp/dex_hand_ros2/srv/change_id__type_support.cpp.o[0m
[4.090s] [ 35%] [32mBuilding CXX object CMakeFiles/dex_hand_ros2__rosidl_typesupport_cpp.dir/rosidl_typesupport_cpp/dex_hand_ros2/srv/change_baud__type_support.cpp.o[0m
[4.100s] [ 36%] [32mBuilding CXX object CMakeFiles/dex_hand_ros2__rosidl_typesupport_c.dir/rosidl_typesupport_c/dex_hand_ros2/srv/change_baud__type_support.cpp.o[0m
[4.127s] [ 37%] [32mBuilding CXX object CMakeFiles/dex_hand_ros2__rosidl_typesupport_c.dir/rosidl_typesupport_c/dex_hand_ros2/srv/add_gesture__type_support.cpp.o[0m
[4.149s] [ 39%] [32mBuilding CXX object CMakeFiles/dex_hand_ros2__rosidl_typesupport_c.dir/rosidl_typesupport_c/dex_hand_ros2/srv/run_gesture_pid__type_support.cpp.o[0m
[4.165s] [ 40%] [32mBuilding C object CMakeFiles/dex_hand_ros2__rosidl_typesupport_introspection_c.dir/rosidl_typesupport_introspection_c/dex_hand_ros2/msg/detail/gesture_cmd__type_support.c.o[0m
[4.172s] [ 41%] [32m[1mLinking CXX shared library libdex_hand_ros2__rosidl_typesupport_c.so[0m
[4.181s] [ 43%] [32mBuilding CXX object CMakeFiles/dex_hand_ros2__rosidl_typesupport_fastrtps_c.dir/rosidl_typesupport_fastrtps_c/dex_hand_ros2/msg/detail/gesture_cmd__type_support_c.cpp.o[0m
[4.191s] [ 44%] [32mBuilding C object CMakeFiles/dex_hand_ros2__rosidl_typesupport_introspection_c.dir/rosidl_typesupport_introspection_c/dex_hand_ros2/msg/detail/motor_state__type_support.c.o[0m
[4.203s] [ 44%] Built target dex_hand_ros2__rosidl_typesupport_c
[4.209s] [ 45%] [32mBuilding CXX object CMakeFiles/dex_hand_ros2__rosidl_typesupport_cpp.dir/rosidl_typesupport_cpp/dex_hand_ros2/srv/add_gesture__type_support.cpp.o[0m
[4.216s] [ 46%] [32mBuilding C object CMakeFiles/dex_hand_ros2__rosidl_typesupport_introspection_c.dir/rosidl_typesupport_introspection_c/dex_hand_ros2/msg/detail/pi_dconfig__type_support.c.o[0m
[4.241s] [ 48%] [32mBuilding C object CMakeFiles/dex_hand_ros2__rosidl_typesupport_introspection_c.dir/rosidl_typesupport_introspection_c/dex_hand_ros2/srv/detail/change_id__type_support.c.o[0m
[4.268s] [ 49%] [32mBuilding C object CMakeFiles/dex_hand_ros2__rosidl_typesupport_introspection_c.dir/rosidl_typesupport_introspection_c/dex_hand_ros2/srv/detail/change_baud__type_support.c.o[0m
[4.280s] [ 50%] [32mBuilding CXX object CMakeFiles/dex_hand_ros2__rosidl_typesupport_introspection_cpp.dir/rosidl_typesupport_introspection_cpp/dex_hand_ros2/msg/detail/motor_state__type_support.cpp.o[0m
[4.324s] [ 51%] [32mBuilding C object CMakeFiles/dex_hand_ros2__rosidl_typesupport_introspection_c.dir/rosidl_typesupport_introspection_c/dex_hand_ros2/srv/detail/add_gesture__type_support.c.o[0m
[4.331s] [ 53%] [32mBuilding CXX object CMakeFiles/dex_hand_ros2__rosidl_typesupport_fastrtps_c.dir/rosidl_typesupport_fastrtps_c/dex_hand_ros2/msg/detail/motor_state__type_support_c.cpp.o[0m
[4.334s] [ 54%] [32mBuilding CXX object CMakeFiles/dex_hand_ros2__rosidl_typesupport_fastrtps_cpp.dir/rosidl_typesupport_fastrtps_cpp/dex_hand_ros2/msg/detail/dds_fastrtps/pi_dconfig__type_support.cpp.o[0m
[4.364s] [ 55%] [32mBuilding C object CMakeFiles/dex_hand_ros2__rosidl_typesupport_introspection_c.dir/rosidl_typesupport_introspection_c/dex_hand_ros2/srv/detail/run_gesture_pid__type_support.c.o[0m
[4.367s] [ 56%] [32mBuilding CXX object CMakeFiles/dex_hand_ros2__rosidl_typesupport_fastrtps_c.dir/rosidl_typesupport_fastrtps_c/dex_hand_ros2/msg/detail/pi_dconfig__type_support_c.cpp.o[0m
[4.406s] [ 58%] [32m[1mLinking C shared library libdex_hand_ros2__rosidl_typesupport_introspection_c.so[0m
[4.431s] [ 58%] Built target dex_hand_ros2__rosidl_typesupport_introspection_c
[4.437s] [ 59%] [32mBuilding CXX object CMakeFiles/dex_hand_ros2__rosidl_typesupport_fastrtps_c.dir/rosidl_typesupport_fastrtps_c/dex_hand_ros2/srv/detail/change_id__type_support_c.cpp.o[0m
[4.453s] [ 60%] [32mBuilding CXX object CMakeFiles/dex_hand_ros2__rosidl_typesupport_fastrtps_c.dir/rosidl_typesupport_fastrtps_c/dex_hand_ros2/srv/detail/change_baud__type_support_c.cpp.o[0m
[4.481s] [ 62%] [32mBuilding CXX object CMakeFiles/dex_hand_ros2__rosidl_typesupport_fastrtps_c.dir/rosidl_typesupport_fastrtps_c/dex_hand_ros2/srv/detail/add_gesture__type_support_c.cpp.o[0m
[4.486s] [ 63%] [32mBuilding CXX object CMakeFiles/dex_hand_ros2__rosidl_typesupport_cpp.dir/rosidl_typesupport_cpp/dex_hand_ros2/srv/run_gesture_pid__type_support.cpp.o[0m
[4.622s] [ 64%] [32mBuilding CXX object CMakeFiles/dex_hand_ros2__rosidl_typesupport_introspection_cpp.dir/rosidl_typesupport_introspection_cpp/dex_hand_ros2/msg/detail/pi_dconfig__type_support.cpp.o[0m
[4.629s] [ 65%] [32mBuilding CXX object CMakeFiles/dex_hand_ros2__rosidl_typesupport_introspection_cpp.dir/rosidl_typesupport_introspection_cpp/dex_hand_ros2/srv/detail/change_id__type_support.cpp.o[0m
[4.658s] [ 67%] [32mBuilding CXX object CMakeFiles/dex_hand_ros2__rosidl_typesupport_introspection_cpp.dir/rosidl_typesupport_introspection_cpp/dex_hand_ros2/srv/detail/change_baud__type_support.cpp.o[0m
[4.681s] [ 68%] [32mBuilding CXX object CMakeFiles/dex_hand_ros2__rosidl_typesupport_fastrtps_cpp.dir/rosidl_typesupport_fastrtps_cpp/dex_hand_ros2/srv/detail/dds_fastrtps/change_id__type_support.cpp.o[0m
[4.721s] [ 69%] [32m[1mLinking CXX shared library libdex_hand_ros2__rosidl_typesupport_cpp.so[0m
[4.741s] [ 70%] [32mBuilding CXX object CMakeFiles/dex_hand_ros2__rosidl_typesupport_introspection_cpp.dir/rosidl_typesupport_introspection_cpp/dex_hand_ros2/srv/detail/add_gesture__type_support.cpp.o[0m
[4.756s] [ 70%] Built target dex_hand_ros2__rosidl_typesupport_cpp
[4.759s] [ 72%] [32mBuilding CXX object CMakeFiles/dex_hand_ros2__rosidl_typesupport_fastrtps_cpp.dir/rosidl_typesupport_fastrtps_cpp/dex_hand_ros2/srv/detail/dds_fastrtps/change_baud__type_support.cpp.o[0m
[4.761s] [ 73%] [32mBuilding CXX object CMakeFiles/dex_hand_ros2__rosidl_typesupport_introspection_cpp.dir/rosidl_typesupport_introspection_cpp/dex_hand_ros2/srv/detail/run_gesture_pid__type_support.cpp.o[0m
[4.798s] [ 74%] [32mBuilding CXX object CMakeFiles/dex_hand_ros2__rosidl_typesupport_fastrtps_c.dir/rosidl_typesupport_fastrtps_c/dex_hand_ros2/srv/detail/run_gesture_pid__type_support_c.cpp.o[0m
[4.948s] [ 75%] [32mBuilding CXX object CMakeFiles/dex_hand_ros2__rosidl_typesupport_fastrtps_cpp.dir/rosidl_typesupport_fastrtps_cpp/dex_hand_ros2/srv/detail/dds_fastrtps/add_gesture__type_support.cpp.o[0m
[4.958s] [ 77%] [32mBuilding CXX object CMakeFiles/dex_hand_ros2__rosidl_typesupport_fastrtps_cpp.dir/rosidl_typesupport_fastrtps_cpp/dex_hand_ros2/srv/detail/dds_fastrtps/run_gesture_pid__type_support.cpp.o[0m
[5.100s] [ 78%] [32m[1mLinking CXX shared library libdex_hand_ros2__rosidl_typesupport_fastrtps_c.so[0m
[5.106s] [ 79%] [32m[1mLinking CXX shared library libdex_hand_ros2__rosidl_typesupport_introspection_cpp.so[0m
[5.166s] [ 79%] Built target dex_hand_ros2__rosidl_typesupport_fastrtps_c
[5.170s] [ 79%] Built target dex_hand_ros2__rosidl_typesupport_introspection_cpp
[5.315s] [ 81%] [32m[1mLinking CXX shared library libdex_hand_ros2__rosidl_typesupport_fastrtps_cpp.so[0m
[5.366s] [ 81%] Built target dex_hand_ros2__rosidl_typesupport_fastrtps_cpp
[5.376s] [ 81%] Built target dex_hand_ros2
[5.386s] [ 82%] [34m[1mGenerating Python code for ROS interfaces[0m
[6.357s] [ 82%] Built target dex_hand_ros2__py
[6.369s] [ 84%] [32mBuilding C object CMakeFiles/dex_hand_ros2__rosidl_generator_py.dir/rosidl_generator_py/dex_hand_ros2/msg/_motor_state_s.c.o[0m
[6.369s] [ 84%] [32mBuilding C object CMakeFiles/dex_hand_ros2__rosidl_generator_py.dir/rosidl_generator_py/dex_hand_ros2/msg/_gesture_cmd_s.c.o[0m
[6.369s] [ 86%] [32mBuilding C object CMakeFiles/dex_hand_ros2__rosidl_generator_py.dir/rosidl_generator_py/dex_hand_ros2/msg/_pi_dconfig_s.c.o[0m
[6.369s] [ 87%] [32mBuilding C object CMakeFiles/dex_hand_ros2__rosidl_generator_py.dir/rosidl_generator_py/dex_hand_ros2/srv/_change_id_s.c.o[0m
[6.369s] [ 88%] [32mBuilding C object CMakeFiles/dex_hand_ros2__rosidl_generator_py.dir/rosidl_generator_py/dex_hand_ros2/srv/_change_baud_s.c.o[0m
[6.370s] [ 89%] [32mBuilding C object CMakeFiles/dex_hand_ros2__rosidl_generator_py.dir/rosidl_generator_py/dex_hand_ros2/srv/_add_gesture_s.c.o[0m
[6.370s] [ 91%] [32mBuilding C object CMakeFiles/dex_hand_ros2__rosidl_generator_py.dir/rosidl_generator_py/dex_hand_ros2/srv/_run_gesture_pid_s.c.o[0m
[6.462s] [ 92%] [32m[1mLinking C shared library rosidl_generator_py/dex_hand_ros2/libdex_hand_ros2__rosidl_generator_py.so[0m
[6.485s] [ 92%] Built target dex_hand_ros2__rosidl_generator_py
[6.495s] [ 96%] [32mBuilding C object CMakeFiles/dex_hand_ros2__rosidl_typesupport_fastrtps_c__pyext.dir/rosidl_generator_py/dex_hand_ros2/_dex_hand_ros2_s.ep.rosidl_typesupport_fastrtps_c.c.o[0m
[6.495s] [ 96%] [32mBuilding C object CMakeFiles/dex_hand_ros2__rosidl_typesupport_introspection_c__pyext.dir/rosidl_generator_py/dex_hand_ros2/_dex_hand_ros2_s.ep.rosidl_typesupport_introspection_c.c.o[0m
[6.495s] [ 96%] [32mBuilding C object CMakeFiles/dex_hand_ros2__rosidl_typesupport_c__pyext.dir/rosidl_generator_py/dex_hand_ros2/_dex_hand_ros2_s.ep.rosidl_typesupport_c.c.o[0m
[6.598s] [100%] [32m[1mLinking C shared library rosidl_generator_py/dex_hand_ros2/dex_hand_ros2_s__rosidl_typesupport_introspection_c.cpython-310-x86_64-linux-gnu.so[0m
[6.598s] [100%] [32m[1mLinking C shared library rosidl_generator_py/dex_hand_ros2/dex_hand_ros2_s__rosidl_typesupport_fastrtps_c.cpython-310-x86_64-linux-gnu.so[0m
[6.598s] [100%] [32m[1mLinking C shared library rosidl_generator_py/dex_hand_ros2/dex_hand_ros2_s__rosidl_typesupport_c.cpython-310-x86_64-linux-gnu.so[0m
[6.619s] [100%] Built target dex_hand_ros2__rosidl_typesupport_fastrtps_c__pyext
[6.619s] [100%] Built target dex_hand_ros2__rosidl_typesupport_c__pyext
[6.620s] [100%] Built target dex_hand_ros2__rosidl_typesupport_introspection_c__pyext
[6.626s] Invoked command in '/home/airs01/yl/ros2_ws_v1.0/build/dex_hand_ros2' returned '0': CMAKE_PREFIX_PATH=${CMAKE_PREFIX_PATH}:/home/airs01/miniconda3/envs/env_ros CONDA_PROMPT_MODIFIER=(env_ros) /home/airs01/miniconda3/envs/env_ros/bin/cmake --build /home/airs01/yl/ros2_ws_v1.0/build/dex_hand_ros2 -- -j8 -l8
[6.631s] Invoking command in '/home/airs01/yl/ros2_ws_v1.0/build/dex_hand_ros2': CMAKE_PREFIX_PATH=${CMAKE_PREFIX_PATH}:/home/airs01/miniconda3/envs/env_ros CONDA_PROMPT_MODIFIER=(env_ros) /home/airs01/miniconda3/envs/env_ros/bin/cmake --install /home/airs01/yl/ros2_ws_v1.0/build/dex_hand_ros2
[6.635s] -- Install configuration: ""
[6.635s] -- Installing: /home/airs01/yl/ros2_ws_v1.0/install/dex_hand_ros2/share/ament_index/resource_index/rosidl_interfaces/dex_hand_ros2
[6.635s] -- Installing: /home/airs01/yl/ros2_ws_v1.0/install/dex_hand_ros2/include/dex_hand_ros2/dex_hand_ros2
[6.635s] -- Installing: /home/airs01/yl/ros2_ws_v1.0/install/dex_hand_ros2/include/dex_hand_ros2/dex_hand_ros2/msg
[6.635s] -- Installing: /home/airs01/yl/ros2_ws_v1.0/install/dex_hand_ros2/include/dex_hand_ros2/dex_hand_ros2/msg/pi_dconfig.h
[6.635s] -- Installing: /home/airs01/yl/ros2_ws_v1.0/install/dex_hand_ros2/include/dex_hand_ros2/dex_hand_ros2/msg/rosidl_generator_c__visibility_control.h
[6.635s] -- Installing: /home/airs01/yl/ros2_ws_v1.0/install/dex_hand_ros2/include/dex_hand_ros2/dex_hand_ros2/msg/motor_state.h
[6.635s] -- Installing: /home/airs01/yl/ros2_ws_v1.0/install/dex_hand_ros2/include/dex_hand_ros2/dex_hand_ros2/msg/detail
[6.635s] -- Installing: /home/airs01/yl/ros2_ws_v1.0/install/dex_hand_ros2/include/dex_hand_ros2/dex_hand_ros2/msg/detail/pi_dconfig__functions.c
[6.636s] -- Installing: /home/airs01/yl/ros2_ws_v1.0/install/dex_hand_ros2/include/dex_hand_ros2/dex_hand_ros2/msg/detail/motor_state__functions.c
[6.636s] -- Installing: /home/airs01/yl/ros2_ws_v1.0/install/dex_hand_ros2/include/dex_hand_ros2/dex_hand_ros2/msg/detail/motor_state__type_support.h
[6.636s] -- Installing: /home/airs01/yl/ros2_ws_v1.0/install/dex_hand_ros2/include/dex_hand_ros2/dex_hand_ros2/msg/detail/gesture_cmd__functions.h
[6.636s] -- Installing: /home/airs01/yl/ros2_ws_v1.0/install/dex_hand_ros2/include/dex_hand_ros2/dex_hand_ros2/msg/detail/pi_dconfig__functions.h
[6.636s] -- Installing: /home/airs01/yl/ros2_ws_v1.0/install/dex_hand_ros2/include/dex_hand_ros2/dex_hand_ros2/msg/detail/gesture_cmd__struct.h
[6.636s] -- Installing: /home/airs01/yl/ros2_ws_v1.0/install/dex_hand_ros2/include/dex_hand_ros2/dex_hand_ros2/msg/detail/pi_dconfig__type_support.h
[6.636s] -- Installing: /home/airs01/yl/ros2_ws_v1.0/install/dex_hand_ros2/include/dex_hand_ros2/dex_hand_ros2/msg/detail/pi_dconfig__struct.h
[6.636s] -- Installing: /home/airs01/yl/ros2_ws_v1.0/install/dex_hand_ros2/include/dex_hand_ros2/dex_hand_ros2/msg/detail/motor_state__struct.h
[6.636s] -- Installing: /home/airs01/yl/ros2_ws_v1.0/install/dex_hand_ros2/include/dex_hand_ros2/dex_hand_ros2/msg/detail/motor_state__functions.h
[6.636s] -- Installing: /home/airs01/yl/ros2_ws_v1.0/install/dex_hand_ros2/include/dex_hand_ros2/dex_hand_ros2/msg/detail/gesture_cmd__functions.c
[6.636s] -- Installing: /home/airs01/yl/ros2_ws_v1.0/install/dex_hand_ros2/include/dex_hand_ros2/dex_hand_ros2/msg/detail/gesture_cmd__type_support.h
[6.636s] -- Installing: /home/airs01/yl/ros2_ws_v1.0/install/dex_hand_ros2/include/dex_hand_ros2/dex_hand_ros2/msg/gesture_cmd.h
[6.636s] -- Installing: /home/airs01/yl/ros2_ws_v1.0/install/dex_hand_ros2/include/dex_hand_ros2/dex_hand_ros2/srv
[6.636s] -- Installing: /home/airs01/yl/ros2_ws_v1.0/install/dex_hand_ros2/include/dex_hand_ros2/dex_hand_ros2/srv/change_baud.h
[6.636s] -- Installing: /home/airs01/yl/ros2_ws_v1.0/install/dex_hand_ros2/include/dex_hand_ros2/dex_hand_ros2/srv/add_gesture.h
[6.636s] -- Installing: /home/airs01/yl/ros2_ws_v1.0/install/dex_hand_ros2/include/dex_hand_ros2/dex_hand_ros2/srv/detail
[6.636s] -- Installing: /home/airs01/yl/ros2_ws_v1.0/install/dex_hand_ros2/include/dex_hand_ros2/dex_hand_ros2/srv/detail/change_id__struct.h
[6.637s] -- Installing: /home/airs01/yl/ros2_ws_v1.0/install/dex_hand_ros2/include/dex_hand_ros2/dex_hand_ros2/srv/detail/add_gesture__struct.h
[6.637s] -- Installing: /home/airs01/yl/ros2_ws_v1.0/install/dex_hand_ros2/include/dex_hand_ros2/dex_hand_ros2/srv/detail/run_gesture_pid__type_support.h
[6.637s] -- Installing: /home/airs01/yl/ros2_ws_v1.0/install/dex_hand_ros2/include/dex_hand_ros2/dex_hand_ros2/srv/detail/change_id__type_support.h
[6.637s] -- Installing: /home/airs01/yl/ros2_ws_v1.0/install/dex_hand_ros2/include/dex_hand_ros2/dex_hand_ros2/srv/detail/change_baud__functions.c
[6.637s] -- Installing: /home/airs01/yl/ros2_ws_v1.0/install/dex_hand_ros2/include/dex_hand_ros2/dex_hand_ros2/srv/detail/add_gesture__functions.c
[6.637s] -- Installing: /home/airs01/yl/ros2_ws_v1.0/install/dex_hand_ros2/include/dex_hand_ros2/dex_hand_ros2/srv/detail/run_gesture_pid__functions.h
[6.637s] -- Installing: /home/airs01/yl/ros2_ws_v1.0/install/dex_hand_ros2/include/dex_hand_ros2/dex_hand_ros2/srv/detail/run_gesture_pid__struct.h
[6.637s] -- Installing: /home/airs01/yl/ros2_ws_v1.0/install/dex_hand_ros2/include/dex_hand_ros2/dex_hand_ros2/srv/detail/change_baud__struct.h
[6.637s] -- Installing: /home/airs01/yl/ros2_ws_v1.0/install/dex_hand_ros2/include/dex_hand_ros2/dex_hand_ros2/srv/detail/change_baud__type_support.h
[6.637s] -- Installing: /home/airs01/yl/ros2_ws_v1.0/install/dex_hand_ros2/include/dex_hand_ros2/dex_hand_ros2/srv/detail/run_gesture_pid__functions.c
[6.637s] -- Installing: /home/airs01/yl/ros2_ws_v1.0/install/dex_hand_ros2/include/dex_hand_ros2/dex_hand_ros2/srv/detail/change_id__functions.c
[6.637s] -- Installing: /home/airs01/yl/ros2_ws_v1.0/install/dex_hand_ros2/include/dex_hand_ros2/dex_hand_ros2/srv/detail/change_id__functions.h
[6.637s] -- Installing: /home/airs01/yl/ros2_ws_v1.0/install/dex_hand_ros2/include/dex_hand_ros2/dex_hand_ros2/srv/detail/change_baud__functions.h
[6.637s] -- Installing: /home/airs01/yl/ros2_ws_v1.0/install/dex_hand_ros2/include/dex_hand_ros2/dex_hand_ros2/srv/detail/add_gesture__functions.h
[6.637s] -- Installing: /home/airs01/yl/ros2_ws_v1.0/install/dex_hand_ros2/include/dex_hand_ros2/dex_hand_ros2/srv/detail/add_gesture__type_support.h
[6.637s] -- Installing: /home/airs01/yl/ros2_ws_v1.0/install/dex_hand_ros2/include/dex_hand_ros2/dex_hand_ros2/srv/change_id.h
[6.637s] -- Installing: /home/airs01/yl/ros2_ws_v1.0/install/dex_hand_ros2/include/dex_hand_ros2/dex_hand_ros2/srv/run_gesture_pid.h
[6.637s] -- Installing: /home/airs01/yl/ros2_ws_v1.0/install/dex_hand_ros2/lib/libdex_hand_ros2__rosidl_generator_c.so
[6.637s] -- Set runtime path of "/home/airs01/yl/ros2_ws_v1.0/install/dex_hand_ros2/lib/libdex_hand_ros2__rosidl_generator_c.so" to ""
[6.638s] -- Up-to-date: /home/airs01/yl/ros2_ws_v1.0/install/dex_hand_ros2/include/dex_hand_ros2/dex_hand_ros2
[6.638s] -- Up-to-date: /home/airs01/yl/ros2_ws_v1.0/install/dex_hand_ros2/include/dex_hand_ros2/dex_hand_ros2/msg
[6.638s] -- Up-to-date: /home/airs01/yl/ros2_ws_v1.0/install/dex_hand_ros2/include/dex_hand_ros2/dex_hand_ros2/msg/detail
[6.638s] -- Installing: /home/airs01/yl/ros2_ws_v1.0/install/dex_hand_ros2/include/dex_hand_ros2/dex_hand_ros2/msg/detail/gesture_cmd__rosidl_typesupport_fastrtps_c.h
[6.638s] -- Installing: /home/airs01/yl/ros2_ws_v1.0/install/dex_hand_ros2/include/dex_hand_ros2/dex_hand_ros2/msg/detail/motor_state__rosidl_typesupport_fastrtps_c.h
[6.638s] -- Installing: /home/airs01/yl/ros2_ws_v1.0/install/dex_hand_ros2/include/dex_hand_ros2/dex_hand_ros2/msg/detail/pi_dconfig__rosidl_typesupport_fastrtps_c.h
[6.638s] -- Installing: /home/airs01/yl/ros2_ws_v1.0/install/dex_hand_ros2/include/dex_hand_ros2/dex_hand_ros2/msg/rosidl_typesupport_fastrtps_c__visibility_control.h
[6.638s] -- Up-to-date: /home/airs01/yl/ros2_ws_v1.0/install/dex_hand_ros2/include/dex_hand_ros2/dex_hand_ros2/srv
[6.638s] -- Up-to-date: /home/airs01/yl/ros2_ws_v1.0/install/dex_hand_ros2/include/dex_hand_ros2/dex_hand_ros2/srv/detail
[6.638s] -- Installing: /home/airs01/yl/ros2_ws_v1.0/install/dex_hand_ros2/include/dex_hand_ros2/dex_hand_ros2/srv/detail/add_gesture__rosidl_typesupport_fastrtps_c.h
[6.638s] -- Installing: /home/airs01/yl/ros2_ws_v1.0/install/dex_hand_ros2/include/dex_hand_ros2/dex_hand_ros2/srv/detail/change_id__rosidl_typesupport_fastrtps_c.h
[6.638s] -- Installing: /home/airs01/yl/ros2_ws_v1.0/install/dex_hand_ros2/include/dex_hand_ros2/dex_hand_ros2/srv/detail/run_gesture_pid__rosidl_typesupport_fastrtps_c.h
[6.638s] -- Installing: /home/airs01/yl/ros2_ws_v1.0/install/dex_hand_ros2/include/dex_hand_ros2/dex_hand_ros2/srv/detail/change_baud__rosidl_typesupport_fastrtps_c.h
[6.638s] -- Installing: /home/airs01/yl/ros2_ws_v1.0/install/dex_hand_ros2/lib/libdex_hand_ros2__rosidl_typesupport_fastrtps_c.so
[6.638s] -- Set runtime path of "/home/airs01/yl/ros2_ws_v1.0/install/dex_hand_ros2/lib/libdex_hand_ros2__rosidl_typesupport_fastrtps_c.so" to ""
[6.638s] -- Up-to-date: /home/airs01/yl/ros2_ws_v1.0/install/dex_hand_ros2/include/dex_hand_ros2/dex_hand_ros2
[6.638s] -- Up-to-date: /home/airs01/yl/ros2_ws_v1.0/install/dex_hand_ros2/include/dex_hand_ros2/dex_hand_ros2/msg
[6.638s] -- Installing: /home/airs01/yl/ros2_ws_v1.0/install/dex_hand_ros2/include/dex_hand_ros2/dex_hand_ros2/msg/rosidl_typesupport_introspection_c__visibility_control.h
[6.639s] -- Up-to-date: /home/airs01/yl/ros2_ws_v1.0/install/dex_hand_ros2/include/dex_hand_ros2/dex_hand_ros2/msg/detail
[6.639s] -- Installing: /home/airs01/yl/ros2_ws_v1.0/install/dex_hand_ros2/include/dex_hand_ros2/dex_hand_ros2/msg/detail/pi_dconfig__type_support.c
[6.639s] -- Installing: /home/airs01/yl/ros2_ws_v1.0/install/dex_hand_ros2/include/dex_hand_ros2/dex_hand_ros2/msg/detail/gesture_cmd__rosidl_typesupport_introspection_c.h
[6.639s] -- Installing: /home/airs01/yl/ros2_ws_v1.0/install/dex_hand_ros2/include/dex_hand_ros2/dex_hand_ros2/msg/detail/gesture_cmd__type_support.c
[6.639s] -- Installing: /home/airs01/yl/ros2_ws_v1.0/install/dex_hand_ros2/include/dex_hand_ros2/dex_hand_ros2/msg/detail/motor_state__type_support.c
[6.639s] -- Installing: /home/airs01/yl/ros2_ws_v1.0/install/dex_hand_ros2/include/dex_hand_ros2/dex_hand_ros2/msg/detail/motor_state__rosidl_typesupport_introspection_c.h
[6.639s] -- Installing: /home/airs01/yl/ros2_ws_v1.0/install/dex_hand_ros2/include/dex_hand_ros2/dex_hand_ros2/msg/detail/pi_dconfig__rosidl_typesupport_introspection_c.h
[6.639s] -- Up-to-date: /home/airs01/yl/ros2_ws_v1.0/install/dex_hand_ros2/include/dex_hand_ros2/dex_hand_ros2/srv
[6.639s] -- Up-to-date: /home/airs01/yl/ros2_ws_v1.0/install/dex_hand_ros2/include/dex_hand_ros2/dex_hand_ros2/srv/detail
[6.639s] -- Installing: /home/airs01/yl/ros2_ws_v1.0/install/dex_hand_ros2/include/dex_hand_ros2/dex_hand_ros2/srv/detail/change_baud__type_support.c
[6.639s] -- Installing: /home/airs01/yl/ros2_ws_v1.0/install/dex_hand_ros2/include/dex_hand_ros2/dex_hand_ros2/srv/detail/change_baud__rosidl_typesupport_introspection_c.h
[6.639s] -- Installing: /home/airs01/yl/ros2_ws_v1.0/install/dex_hand_ros2/include/dex_hand_ros2/dex_hand_ros2/srv/detail/run_gesture_pid__rosidl_typesupport_introspection_c.h
[6.639s] -- Installing: /home/airs01/yl/ros2_ws_v1.0/install/dex_hand_ros2/include/dex_hand_ros2/dex_hand_ros2/srv/detail/add_gesture__type_support.c
[6.639s] -- Installing: /home/airs01/yl/ros2_ws_v1.0/install/dex_hand_ros2/include/dex_hand_ros2/dex_hand_ros2/srv/detail/change_id__rosidl_typesupport_introspection_c.h
[6.639s] -- Installing: /home/airs01/yl/ros2_ws_v1.0/install/dex_hand_ros2/include/dex_hand_ros2/dex_hand_ros2/srv/detail/change_id__type_support.c
[6.639s] -- Installing: /home/airs01/yl/ros2_ws_v1.0/install/dex_hand_ros2/include/dex_hand_ros2/dex_hand_ros2/srv/detail/add_gesture__rosidl_typesupport_introspection_c.h
[6.639s] -- Installing: /home/airs01/yl/ros2_ws_v1.0/install/dex_hand_ros2/include/dex_hand_ros2/dex_hand_ros2/srv/detail/run_gesture_pid__type_support.c
[6.639s] -- Installing: /home/airs01/yl/ros2_ws_v1.0/install/dex_hand_ros2/lib/libdex_hand_ros2__rosidl_typesupport_introspection_c.so
[6.639s] -- Set runtime path of "/home/airs01/yl/ros2_ws_v1.0/install/dex_hand_ros2/lib/libdex_hand_ros2__rosidl_typesupport_introspection_c.so" to ""
[6.640s] -- Installing: /home/airs01/yl/ros2_ws_v1.0/install/dex_hand_ros2/lib/libdex_hand_ros2__rosidl_typesupport_c.so
[6.640s] -- Set runtime path of "/home/airs01/yl/ros2_ws_v1.0/install/dex_hand_ros2/lib/libdex_hand_ros2__rosidl_typesupport_c.so" to ""
[6.640s] -- Up-to-date: /home/airs01/yl/ros2_ws_v1.0/install/dex_hand_ros2/include/dex_hand_ros2/dex_hand_ros2
[6.640s] -- Up-to-date: /home/airs01/yl/ros2_ws_v1.0/install/dex_hand_ros2/include/dex_hand_ros2/dex_hand_ros2/msg
[6.640s] -- Up-to-date: /home/airs01/yl/ros2_ws_v1.0/install/dex_hand_ros2/include/dex_hand_ros2/dex_hand_ros2/msg/detail
[6.640s] -- Installing: /home/airs01/yl/ros2_ws_v1.0/install/dex_hand_ros2/include/dex_hand_ros2/dex_hand_ros2/msg/detail/motor_state__struct.hpp
[6.640s] -- Installing: /home/airs01/yl/ros2_ws_v1.0/install/dex_hand_ros2/include/dex_hand_ros2/dex_hand_ros2/msg/detail/gesture_cmd__struct.hpp
[6.640s] -- Installing: /home/airs01/yl/ros2_ws_v1.0/install/dex_hand_ros2/include/dex_hand_ros2/dex_hand_ros2/msg/detail/motor_state__builder.hpp
[6.640s] -- Installing: /home/airs01/yl/ros2_ws_v1.0/install/dex_hand_ros2/include/dex_hand_ros2/dex_hand_ros2/msg/detail/gesture_cmd__traits.hpp
[6.640s] -- Installing: /home/airs01/yl/ros2_ws_v1.0/install/dex_hand_ros2/include/dex_hand_ros2/dex_hand_ros2/msg/detail/motor_state__traits.hpp
[6.640s] -- Installing: /home/airs01/yl/ros2_ws_v1.0/install/dex_hand_ros2/include/dex_hand_ros2/dex_hand_ros2/msg/detail/pi_dconfig__struct.hpp
[6.640s] -- Installing: /home/airs01/yl/ros2_ws_v1.0/install/dex_hand_ros2/include/dex_hand_ros2/dex_hand_ros2/msg/detail/gesture_cmd__builder.hpp
[6.640s] -- Installing: /home/airs01/yl/ros2_ws_v1.0/install/dex_hand_ros2/include/dex_hand_ros2/dex_hand_ros2/msg/detail/pi_dconfig__builder.hpp
[6.640s] -- Installing: /home/airs01/yl/ros2_ws_v1.0/install/dex_hand_ros2/include/dex_hand_ros2/dex_hand_ros2/msg/detail/pi_dconfig__traits.hpp
[6.640s] -- Installing: /home/airs01/yl/ros2_ws_v1.0/install/dex_hand_ros2/include/dex_hand_ros2/dex_hand_ros2/msg/gesture_cmd.hpp
[6.640s] -- Installing: /home/airs01/yl/ros2_ws_v1.0/install/dex_hand_ros2/include/dex_hand_ros2/dex_hand_ros2/msg/pi_dconfig.hpp
[6.640s] -- Installing: /home/airs01/yl/ros2_ws_v1.0/install/dex_hand_ros2/include/dex_hand_ros2/dex_hand_ros2/msg/motor_state.hpp
[6.640s] -- Up-to-date: /home/airs01/yl/ros2_ws_v1.0/install/dex_hand_ros2/include/dex_hand_ros2/dex_hand_ros2/srv
[6.641s] -- Installing: /home/airs01/yl/ros2_ws_v1.0/install/dex_hand_ros2/include/dex_hand_ros2/dex_hand_ros2/srv/change_baud.hpp
[6.641s] -- Installing: /home/airs01/yl/ros2_ws_v1.0/install/dex_hand_ros2/include/dex_hand_ros2/dex_hand_ros2/srv/change_id.hpp
[6.641s] -- Installing: /home/airs01/yl/ros2_ws_v1.0/install/dex_hand_ros2/include/dex_hand_ros2/dex_hand_ros2/srv/run_gesture_pid.hpp
[6.641s] -- Up-to-date: /home/airs01/yl/ros2_ws_v1.0/install/dex_hand_ros2/include/dex_hand_ros2/dex_hand_ros2/srv/detail
[6.641s] -- Installing: /home/airs01/yl/ros2_ws_v1.0/install/dex_hand_ros2/include/dex_hand_ros2/dex_hand_ros2/srv/detail/change_id__struct.hpp
[6.641s] -- Installing: /home/airs01/yl/ros2_ws_v1.0/install/dex_hand_ros2/include/dex_hand_ros2/dex_hand_ros2/srv/detail/add_gesture__traits.hpp
[6.641s] -- Installing: /home/airs01/yl/ros2_ws_v1.0/install/dex_hand_ros2/include/dex_hand_ros2/dex_hand_ros2/srv/detail/run_gesture_pid__builder.hpp
[6.641s] -- Installing: /home/airs01/yl/ros2_ws_v1.0/install/dex_hand_ros2/include/dex_hand_ros2/dex_hand_ros2/srv/detail/change_baud__traits.hpp
[6.641s] -- Installing: /home/airs01/yl/ros2_ws_v1.0/install/dex_hand_ros2/include/dex_hand_ros2/dex_hand_ros2/srv/detail/change_id__builder.hpp
[6.641s] -- Installing: /home/airs01/yl/ros2_ws_v1.0/install/dex_hand_ros2/include/dex_hand_ros2/dex_hand_ros2/srv/detail/change_baud__builder.hpp
[6.641s] -- Installing: /home/airs01/yl/ros2_ws_v1.0/install/dex_hand_ros2/include/dex_hand_ros2/dex_hand_ros2/srv/detail/change_id__traits.hpp
[6.641s] -- Installing: /home/airs01/yl/ros2_ws_v1.0/install/dex_hand_ros2/include/dex_hand_ros2/dex_hand_ros2/srv/detail/run_gesture_pid__struct.hpp
[6.641s] -- Installing: /home/airs01/yl/ros2_ws_v1.0/install/dex_hand_ros2/include/dex_hand_ros2/dex_hand_ros2/srv/detail/change_baud__struct.hpp
[6.641s] -- Installing: /home/airs01/yl/ros2_ws_v1.0/install/dex_hand_ros2/include/dex_hand_ros2/dex_hand_ros2/srv/detail/add_gesture__struct.hpp
[6.641s] -- Installing: /home/airs01/yl/ros2_ws_v1.0/install/dex_hand_ros2/include/dex_hand_ros2/dex_hand_ros2/srv/detail/run_gesture_pid__traits.hpp
[6.641s] -- Installing: /home/airs01/yl/ros2_ws_v1.0/install/dex_hand_ros2/include/dex_hand_ros2/dex_hand_ros2/srv/detail/add_gesture__builder.hpp
[6.641s] -- Installing: /home/airs01/yl/ros2_ws_v1.0/install/dex_hand_ros2/include/dex_hand_ros2/dex_hand_ros2/srv/add_gesture.hpp
[6.642s] -- Up-to-date: /home/airs01/yl/ros2_ws_v1.0/install/dex_hand_ros2/include/dex_hand_ros2/dex_hand_ros2
[6.642s] -- Up-to-date: /home/airs01/yl/ros2_ws_v1.0/install/dex_hand_ros2/include/dex_hand_ros2/dex_hand_ros2/msg
[6.642s] -- Installing: /home/airs01/yl/ros2_ws_v1.0/install/dex_hand_ros2/include/dex_hand_ros2/dex_hand_ros2/msg/rosidl_typesupport_fastrtps_cpp__visibility_control.h
[6.642s] -- Up-to-date: /home/airs01/yl/ros2_ws_v1.0/install/dex_hand_ros2/include/dex_hand_ros2/dex_hand_ros2/msg/detail
[6.642s] -- Installing: /home/airs01/yl/ros2_ws_v1.0/install/dex_hand_ros2/include/dex_hand_ros2/dex_hand_ros2/msg/detail/dds_fastrtps
[6.642s] -- Installing: /home/airs01/yl/ros2_ws_v1.0/install/dex_hand_ros2/include/dex_hand_ros2/dex_hand_ros2/msg/detail/motor_state__rosidl_typesupport_fastrtps_cpp.hpp
[6.642s] -- Installing: /home/airs01/yl/ros2_ws_v1.0/install/dex_hand_ros2/include/dex_hand_ros2/dex_hand_ros2/msg/detail/gesture_cmd__rosidl_typesupport_fastrtps_cpp.hpp
[6.642s] -- Installing: /home/airs01/yl/ros2_ws_v1.0/install/dex_hand_ros2/include/dex_hand_ros2/dex_hand_ros2/msg/detail/pi_dconfig__rosidl_typesupport_fastrtps_cpp.hpp
[6.642s] -- Up-to-date: /home/airs01/yl/ros2_ws_v1.0/install/dex_hand_ros2/include/dex_hand_ros2/dex_hand_ros2/srv
[6.642s] -- Up-to-date: /home/airs01/yl/ros2_ws_v1.0/install/dex_hand_ros2/include/dex_hand_ros2/dex_hand_ros2/srv/detail
[6.642s] -- Installing: /home/airs01/yl/ros2_ws_v1.0/install/dex_hand_ros2/include/dex_hand_ros2/dex_hand_ros2/srv/detail/dds_fastrtps
[6.642s] -- Installing: /home/airs01/yl/ros2_ws_v1.0/install/dex_hand_ros2/include/dex_hand_ros2/dex_hand_ros2/srv/detail/change_baud__rosidl_typesupport_fastrtps_cpp.hpp
[6.642s] -- Installing: /home/airs01/yl/ros2_ws_v1.0/install/dex_hand_ros2/include/dex_hand_ros2/dex_hand_ros2/srv/detail/add_gesture__rosidl_typesupport_fastrtps_cpp.hpp
[6.642s] -- Installing: /home/airs01/yl/ros2_ws_v1.0/install/dex_hand_ros2/include/dex_hand_ros2/dex_hand_ros2/srv/detail/change_id__rosidl_typesupport_fastrtps_cpp.hpp
[6.642s] -- Installing: /home/airs01/yl/ros2_ws_v1.0/install/dex_hand_ros2/include/dex_hand_ros2/dex_hand_ros2/srv/detail/run_gesture_pid__rosidl_typesupport_fastrtps_cpp.hpp
[6.642s] -- Installing: /home/airs01/yl/ros2_ws_v1.0/install/dex_hand_ros2/lib/libdex_hand_ros2__rosidl_typesupport_fastrtps_cpp.so
[6.643s] -- Set runtime path of "/home/airs01/yl/ros2_ws_v1.0/install/dex_hand_ros2/lib/libdex_hand_ros2__rosidl_typesupport_fastrtps_cpp.so" to ""
[6.643s] -- Up-to-date: /home/airs01/yl/ros2_ws_v1.0/install/dex_hand_ros2/include/dex_hand_ros2/dex_hand_ros2
[6.643s] -- Up-to-date: /home/airs01/yl/ros2_ws_v1.0/install/dex_hand_ros2/include/dex_hand_ros2/dex_hand_ros2/msg
[6.643s] -- Up-to-date: /home/airs01/yl/ros2_ws_v1.0/install/dex_hand_ros2/include/dex_hand_ros2/dex_hand_ros2/msg/detail
[6.643s] -- Installing: /home/airs01/yl/ros2_ws_v1.0/install/dex_hand_ros2/include/dex_hand_ros2/dex_hand_ros2/msg/detail/motor_state__rosidl_typesupport_introspection_cpp.hpp
[6.643s] -- Installing: /home/airs01/yl/ros2_ws_v1.0/install/dex_hand_ros2/include/dex_hand_ros2/dex_hand_ros2/msg/detail/pi_dconfig__rosidl_typesupport_introspection_cpp.hpp
[6.643s] -- Installing: /home/airs01/yl/ros2_ws_v1.0/install/dex_hand_ros2/include/dex_hand_ros2/dex_hand_ros2/msg/detail/motor_state__type_support.cpp
[6.644s] -- Installing: /home/airs01/yl/ros2_ws_v1.0/install/dex_hand_ros2/include/dex_hand_ros2/dex_hand_ros2/msg/detail/gesture_cmd__type_support.cpp
[6.644s] -- Installing: /home/airs01/yl/ros2_ws_v1.0/install/dex_hand_ros2/include/dex_hand_ros2/dex_hand_ros2/msg/detail/gesture_cmd__rosidl_typesupport_introspection_cpp.hpp
[6.644s] -- Installing: /home/airs01/yl/ros2_ws_v1.0/install/dex_hand_ros2/include/dex_hand_ros2/dex_hand_ros2/msg/detail/pi_dconfig__type_support.cpp
[6.644s] -- Up-to-date: /home/airs01/yl/ros2_ws_v1.0/install/dex_hand_ros2/include/dex_hand_ros2/dex_hand_ros2/srv
[6.644s] -- Up-to-date: /home/airs01/yl/ros2_ws_v1.0/install/dex_hand_ros2/include/dex_hand_ros2/dex_hand_ros2/srv/detail
[6.644s] -- Installing: /home/airs01/yl/ros2_ws_v1.0/install/dex_hand_ros2/include/dex_hand_ros2/dex_hand_ros2/srv/detail/add_gesture__rosidl_typesupport_introspection_cpp.hpp
[6.644s] -- Installing: /home/airs01/yl/ros2_ws_v1.0/install/dex_hand_ros2/include/dex_hand_ros2/dex_hand_ros2/srv/detail/change_baud__type_support.cpp
[6.644s] -- Installing: /home/airs01/yl/ros2_ws_v1.0/install/dex_hand_ros2/include/dex_hand_ros2/dex_hand_ros2/srv/detail/run_gesture_pid__type_support.cpp
[6.644s] -- Installing: /home/airs01/yl/ros2_ws_v1.0/install/dex_hand_ros2/include/dex_hand_ros2/dex_hand_ros2/srv/detail/change_id__type_support.cpp
[6.644s] -- Installing: /home/airs01/yl/ros2_ws_v1.0/install/dex_hand_ros2/include/dex_hand_ros2/dex_hand_ros2/srv/detail/change_id__rosidl_typesupport_introspection_cpp.hpp
[6.644s] -- Installing: /home/airs01/yl/ros2_ws_v1.0/install/dex_hand_ros2/include/dex_hand_ros2/dex_hand_ros2/srv/detail/run_gesture_pid__rosidl_typesupport_introspection_cpp.hpp
[6.644s] -- Installing: /home/airs01/yl/ros2_ws_v1.0/install/dex_hand_ros2/include/dex_hand_ros2/dex_hand_ros2/srv/detail/change_baud__rosidl_typesupport_introspection_cpp.hpp
[6.644s] -- Installing: /home/airs01/yl/ros2_ws_v1.0/install/dex_hand_ros2/include/dex_hand_ros2/dex_hand_ros2/srv/detail/add_gesture__type_support.cpp
[6.645s] -- Installing: /home/airs01/yl/ros2_ws_v1.0/install/dex_hand_ros2/lib/libdex_hand_ros2__rosidl_typesupport_introspection_cpp.so
[6.645s] -- Set runtime path of "/home/airs01/yl/ros2_ws_v1.0/install/dex_hand_ros2/lib/libdex_hand_ros2__rosidl_typesupport_introspection_cpp.so" to ""
[6.645s] -- Installing: /home/airs01/yl/ros2_ws_v1.0/install/dex_hand_ros2/lib/libdex_hand_ros2__rosidl_typesupport_cpp.so
[6.645s] -- Set runtime path of "/home/airs01/yl/ros2_ws_v1.0/install/dex_hand_ros2/lib/libdex_hand_ros2__rosidl_typesupport_cpp.so" to ""
[6.645s] -- Installing: /home/airs01/yl/ros2_ws_v1.0/install/dex_hand_ros2/share/dex_hand_ros2/environment/pythonpath.sh
[6.645s] -- Installing: /home/airs01/yl/ros2_ws_v1.0/install/dex_hand_ros2/share/dex_hand_ros2/environment/pythonpath.dsv
[6.645s] -- Installing: /home/airs01/yl/ros2_ws_v1.0/install/dex_hand_ros2/lib/python3.10/site-packages/dex_hand_ros2-0.1.0-py3.10.egg-info
[6.645s] -- Installing: /home/airs01/yl/ros2_ws_v1.0/install/dex_hand_ros2/lib/python3.10/site-packages/dex_hand_ros2-0.1.0-py3.10.egg-info/SOURCES.txt
[6.645s] -- Installing: /home/airs01/yl/ros2_ws_v1.0/install/dex_hand_ros2/lib/python3.10/site-packages/dex_hand_ros2-0.1.0-py3.10.egg-info/PKG-INFO
[6.645s] -- Installing: /home/airs01/yl/ros2_ws_v1.0/install/dex_hand_ros2/lib/python3.10/site-packages/dex_hand_ros2-0.1.0-py3.10.egg-info/dependency_links.txt
[6.646s] -- Installing: /home/airs01/yl/ros2_ws_v1.0/install/dex_hand_ros2/lib/python3.10/site-packages/dex_hand_ros2-0.1.0-py3.10.egg-info/top_level.txt
[6.646s] -- Installing: /home/airs01/yl/ros2_ws_v1.0/install/dex_hand_ros2/lib/python3.10/site-packages/dex_hand_ros2
[6.646s] -- Installing: /home/airs01/yl/ros2_ws_v1.0/install/dex_hand_ros2/lib/python3.10/site-packages/dex_hand_ros2/libdex_hand_ros2__rosidl_generator_py.so
[6.646s] -- Installing: /home/airs01/yl/ros2_ws_v1.0/install/dex_hand_ros2/lib/python3.10/site-packages/dex_hand_ros2/_dex_hand_ros2_s.ep.rosidl_typesupport_fastrtps_c.c
[6.646s] -- Installing: /home/airs01/yl/ros2_ws_v1.0/install/dex_hand_ros2/lib/python3.10/site-packages/dex_hand_ros2/dex_hand_ros2_s__rosidl_typesupport_c.cpython-310-x86_64-linux-gnu.so
[6.646s] -- Installing: /home/airs01/yl/ros2_ws_v1.0/install/dex_hand_ros2/lib/python3.10/site-packages/dex_hand_ros2/_dex_hand_ros2_s.ep.rosidl_typesupport_introspection_c.c
[6.646s] -- Installing: /home/airs01/yl/ros2_ws_v1.0/install/dex_hand_ros2/lib/python3.10/site-packages/dex_hand_ros2/msg
[6.646s] -- Installing: /home/airs01/yl/ros2_ws_v1.0/install/dex_hand_ros2/lib/python3.10/site-packages/dex_hand_ros2/msg/_pi_dconfig_s.c
[6.646s] -- Installing: /home/airs01/yl/ros2_ws_v1.0/install/dex_hand_ros2/lib/python3.10/site-packages/dex_hand_ros2/msg/_motor_state_s.c
[6.646s] -- Installing: /home/airs01/yl/ros2_ws_v1.0/install/dex_hand_ros2/lib/python3.10/site-packages/dex_hand_ros2/msg/_gesture_cmd_s.c
[6.646s] -- Installing: /home/airs01/yl/ros2_ws_v1.0/install/dex_hand_ros2/lib/python3.10/site-packages/dex_hand_ros2/msg/__init__.py
[6.646s] -- Installing: /home/airs01/yl/ros2_ws_v1.0/install/dex_hand_ros2/lib/python3.10/site-packages/dex_hand_ros2/msg/_motor_state.py
[6.646s] -- Installing: /home/airs01/yl/ros2_ws_v1.0/install/dex_hand_ros2/lib/python3.10/site-packages/dex_hand_ros2/msg/_pi_dconfig.py
[6.646s] -- Installing: /home/airs01/yl/ros2_ws_v1.0/install/dex_hand_ros2/lib/python3.10/site-packages/dex_hand_ros2/msg/_gesture_cmd.py
[6.647s] -- Installing: /home/airs01/yl/ros2_ws_v1.0/install/dex_hand_ros2/lib/python3.10/site-packages/dex_hand_ros2/dex_hand_ros2_s__rosidl_typesupport_fastrtps_c.cpython-310-x86_64-linux-gnu.so
[6.647s] -- Installing: /home/airs01/yl/ros2_ws_v1.0/install/dex_hand_ros2/lib/python3.10/site-packages/dex_hand_ros2/__init__.py
[6.647s] -- Installing: /home/airs01/yl/ros2_ws_v1.0/install/dex_hand_ros2/lib/python3.10/site-packages/dex_hand_ros2/srv
[6.647s] -- Installing: /home/airs01/yl/ros2_ws_v1.0/install/dex_hand_ros2/lib/python3.10/site-packages/dex_hand_ros2/srv/_change_id.py
[6.647s] -- Installing: /home/airs01/yl/ros2_ws_v1.0/install/dex_hand_ros2/lib/python3.10/site-packages/dex_hand_ros2/srv/_add_gesture_s.c
[6.647s] -- Installing: /home/airs01/yl/ros2_ws_v1.0/install/dex_hand_ros2/lib/python3.10/site-packages/dex_hand_ros2/srv/_change_baud.py
[6.647s] -- Installing: /home/airs01/yl/ros2_ws_v1.0/install/dex_hand_ros2/lib/python3.10/site-packages/dex_hand_ros2/srv/_add_gesture.py
[6.647s] -- Installing: /home/airs01/yl/ros2_ws_v1.0/install/dex_hand_ros2/lib/python3.10/site-packages/dex_hand_ros2/srv/__init__.py
[6.647s] -- Installing: /home/airs01/yl/ros2_ws_v1.0/install/dex_hand_ros2/lib/python3.10/site-packages/dex_hand_ros2/srv/_run_gesture_pid.py
[6.647s] -- Installing: /home/airs01/yl/ros2_ws_v1.0/install/dex_hand_ros2/lib/python3.10/site-packages/dex_hand_ros2/srv/_change_baud_s.c
[6.647s] -- Installing: /home/airs01/yl/ros2_ws_v1.0/install/dex_hand_ros2/lib/python3.10/site-packages/dex_hand_ros2/srv/_run_gesture_pid_s.c
[6.647s] -- Installing: /home/airs01/yl/ros2_ws_v1.0/install/dex_hand_ros2/lib/python3.10/site-packages/dex_hand_ros2/srv/_change_id_s.c
[6.647s] -- Installing: /home/airs01/yl/ros2_ws_v1.0/install/dex_hand_ros2/lib/python3.10/site-packages/dex_hand_ros2/_dex_hand_ros2_s.ep.rosidl_typesupport_c.c
[6.648s] -- Installing: /home/airs01/yl/ros2_ws_v1.0/install/dex_hand_ros2/lib/python3.10/site-packages/dex_hand_ros2/dex_hand_ros2_s__rosidl_typesupport_introspection_c.cpython-310-x86_64-linux-gnu.so
[6.669s] Listing 'lib/python3.10/site-packages/dex_hand_ros2'...
[6.670s] Can't list 'lib/python3.10/site-packages/dex_hand_ros2'
[6.673s] -- Installing: /home/airs01/yl/ros2_ws_v1.0/install/dex_hand_ros2/lib/python3.10/site-packages/dex_hand_ros2/dex_hand_ros2_s__rosidl_typesupport_fastrtps_c.cpython-310-x86_64-linux-gnu.so
[6.673s] -- Set runtime path of "/home/airs01/yl/ros2_ws_v1.0/install/dex_hand_ros2/lib/python3.10/site-packages/dex_hand_ros2/dex_hand_ros2_s__rosidl_typesupport_fastrtps_c.cpython-310-x86_64-linux-gnu.so" to ""
[6.673s] -- Installing: /home/airs01/yl/ros2_ws_v1.0/install/dex_hand_ros2/lib/python3.10/site-packages/dex_hand_ros2/dex_hand_ros2_s__rosidl_typesupport_introspection_c.cpython-310-x86_64-linux-gnu.so
[6.673s] -- Set runtime path of "/home/airs01/yl/ros2_ws_v1.0/install/dex_hand_ros2/lib/python3.10/site-packages/dex_hand_ros2/dex_hand_ros2_s__rosidl_typesupport_introspection_c.cpython-310-x86_64-linux-gnu.so" to ""
[6.673s] -- Installing: /home/airs01/yl/ros2_ws_v1.0/install/dex_hand_ros2/lib/python3.10/site-packages/dex_hand_ros2/dex_hand_ros2_s__rosidl_typesupport_c.cpython-310-x86_64-linux-gnu.so
[6.673s] -- Set runtime path of "/home/airs01/yl/ros2_ws_v1.0/install/dex_hand_ros2/lib/python3.10/site-packages/dex_hand_ros2/dex_hand_ros2_s__rosidl_typesupport_c.cpython-310-x86_64-linux-gnu.so" to ""
[6.673s] -- Installing: /home/airs01/yl/ros2_ws_v1.0/install/dex_hand_ros2/lib/libdex_hand_ros2__rosidl_generator_py.so
[6.674s] -- Set runtime path of "/home/airs01/yl/ros2_ws_v1.0/install/dex_hand_ros2/lib/libdex_hand_ros2__rosidl_generator_py.so" to ""
[6.674s] -- Installing: /home/airs01/yl/ros2_ws_v1.0/install/dex_hand_ros2/share/dex_hand_ros2/msg/GestureCmd.idl
[6.674s] -- Installing: /home/airs01/yl/ros2_ws_v1.0/install/dex_hand_ros2/share/dex_hand_ros2/msg/MotorState.idl
[6.674s] -- Installing: /home/airs01/yl/ros2_ws_v1.0/install/dex_hand_ros2/share/dex_hand_ros2/msg/PIDconfig.idl
[6.674s] -- Installing: /home/airs01/yl/ros2_ws_v1.0/install/dex_hand_ros2/share/dex_hand_ros2/srv/ChangeId.idl
[6.674s] -- Installing: /home/airs01/yl/ros2_ws_v1.0/install/dex_hand_ros2/share/dex_hand_ros2/srv/ChangeBaud.idl
[6.674s] -- Installing: /home/airs01/yl/ros2_ws_v1.0/install/dex_hand_ros2/share/dex_hand_ros2/srv/AddGesture.idl
[6.674s] -- Installing: /home/airs01/yl/ros2_ws_v1.0/install/dex_hand_ros2/share/dex_hand_ros2/srv/RunGesturePid.idl
[6.674s] -- Installing: /home/airs01/yl/ros2_ws_v1.0/install/dex_hand_ros2/share/dex_hand_ros2/msg/GestureCmd.msg
[6.674s] -- Installing: /home/airs01/yl/ros2_ws_v1.0/install/dex_hand_ros2/share/dex_hand_ros2/msg/MotorState.msg
[6.674s] -- Installing: /home/airs01/yl/ros2_ws_v1.0/install/dex_hand_ros2/share/dex_hand_ros2/msg/PIDconfig.msg
[6.675s] -- Installing: /home/airs01/yl/ros2_ws_v1.0/install/dex_hand_ros2/share/dex_hand_ros2/srv/ChangeId.srv
[6.675s] -- Installing: /home/airs01/yl/ros2_ws_v1.0/install/dex_hand_ros2/share/dex_hand_ros2/srv/ChangeId_Request.msg
[6.675s] -- Installing: /home/airs01/yl/ros2_ws_v1.0/install/dex_hand_ros2/share/dex_hand_ros2/srv/ChangeId_Response.msg
[6.675s] -- Installing: /home/airs01/yl/ros2_ws_v1.0/install/dex_hand_ros2/share/dex_hand_ros2/srv/ChangeBaud.srv
[6.675s] -- Installing: /home/airs01/yl/ros2_ws_v1.0/install/dex_hand_ros2/share/dex_hand_ros2/srv/ChangeBaud_Request.msg
[6.675s] -- Installing: /home/airs01/yl/ros2_ws_v1.0/install/dex_hand_ros2/share/dex_hand_ros2/srv/ChangeBaud_Response.msg
[6.675s] -- Installing: /home/airs01/yl/ros2_ws_v1.0/install/dex_hand_ros2/share/dex_hand_ros2/srv/AddGesture.srv
[6.675s] -- Installing: /home/airs01/yl/ros2_ws_v1.0/install/dex_hand_ros2/share/dex_hand_ros2/srv/AddGesture_Request.msg
[6.675s] -- Installing: /home/airs01/yl/ros2_ws_v1.0/install/dex_hand_ros2/share/dex_hand_ros2/srv/AddGesture_Response.msg
[6.675s] -- Installing: /home/airs01/yl/ros2_ws_v1.0/install/dex_hand_ros2/share/dex_hand_ros2/srv/RunGesturePid.srv
[6.675s] -- Installing: /home/airs01/yl/ros2_ws_v1.0/install/dex_hand_ros2/share/dex_hand_ros2/srv/RunGesturePid_Request.msg
[6.675s] -- Installing: /home/airs01/yl/ros2_ws_v1.0/install/dex_hand_ros2/share/dex_hand_ros2/srv/RunGesturePid_Response.msg
[6.675s] -- Up-to-date: /home/airs01/yl/ros2_ws_v1.0/install/dex_hand_ros2/lib/python3.10/site-packages/dex_hand_ros2
[6.675s] -- Installing: /home/airs01/yl/ros2_ws_v1.0/install/dex_hand_ros2/lib/python3.10/site-packages/dex_hand_ros2/hand_driver.py
[6.675s] -- Up-to-date: /home/airs01/yl/ros2_ws_v1.0/install/dex_hand_ros2/lib/python3.10/site-packages/dex_hand_ros2/msg
[6.675s] -- Installing: /home/airs01/yl/ros2_ws_v1.0/install/dex_hand_ros2/lib/python3.10/site-packages/dex_hand_ros2/config_node.py
[6.676s] -- Installing: /home/airs01/yl/ros2_ws_v1.0/install/dex_hand_ros2/lib/python3.10/site-packages/dex_hand_ros2/__init__.py
[6.676s] -- Up-to-date: /home/airs01/yl/ros2_ws_v1.0/install/dex_hand_ros2/lib/python3.10/site-packages/dex_hand_ros2/srv
[6.676s] -- Installing: /home/airs01/yl/ros2_ws_v1.0/install/dex_hand_ros2/lib/python3.10/site-packages/dex_hand_ros2/hand_node.py
[6.676s] -- Installing: /home/airs01/yl/ros2_ws_v1.0/install/dex_hand_ros2/lib/python3.10/site-packages/dex_hand_ros2/scrips
[6.676s] -- Installing: /home/airs01/yl/ros2_ws_v1.0/install/dex_hand_ros2/lib/python3.10/site-packages/dex_hand_ros2/._hand_driver.py
[6.676s] -- Installing: /home/airs01/yl/ros2_ws_v1.0/install/dex_hand_ros2/lib/python3.10/site-packages/dex_hand_ros2/._hand_node.py
[6.676s] -- Installing: /home/airs01/yl/ros2_ws_v1.0/install/dex_hand_ros2/lib/python3.10/site-packages/dex_hand_ros2/__pycache__
[6.676s] -- Installing: /home/airs01/yl/ros2_ws_v1.0/install/dex_hand_ros2/lib/dex_hand_ros2/hand_node
[6.676s] -- Installing: /home/airs01/yl/ros2_ws_v1.0/install/dex_hand_ros2/lib/dex_hand_ros2/config_node
[6.678s] Invoked command in '/home/airs01/yl/ros2_ws_v1.0/build/dex_hand_ros2' returned '0': CMAKE_PREFIX_PATH=${CMAKE_PREFIX_PATH}:/home/airs01/miniconda3/envs/env_ros CONDA_PROMPT_MODIFIER=(env_ros) /home/airs01/miniconda3/envs/env_ros/bin/cmake --install /home/airs01/yl/ros2_ws_v1.0/build/dex_hand_ros2
