[0.101s] DEBUG:colcon:Command line arguments: ['/home/airs01/miniconda3/envs/env_ros/bin/colcon', 'build', '--packages-select', 'dex_hand_ros2']
[0.101s] DEBUG:colcon:Parsed command line arguments: Namespace(log_base=None, log_level=None, verb_name='build', build_base='build', install_base='install', merge_install=False, symlink_install=False, test_result_base=None, continue_on_error=False, executor='parallel', parallel_workers=8, event_handlers=None, ignore_user_meta=False, metas=['./colcon.meta'], base_paths=['.'], packages_ignore=None, packages_ignore_regex=None, paths=None, packages_up_to=None, packages_up_to_regex=None, packages_above=None, packages_above_and_dependencies=None, packages_above_depth=None, packages_select_by_dep=None, packages_skip_by_dep=None, packages_skip_up_to=None, packages_select_build_failed=False, packages_skip_build_finished=False, packages_select_test_failures=False, packages_skip_test_passed=False, packages_select=['dex_hand_ros2'], packages_skip=None, packages_select_regex=None, packages_skip_regex=None, packages_start=None, packages_end=None, cmake_args=None, cmake_target=None, cmake_target_skip_unavailable=False, cmake_clean_cache=False, cmake_clean_first=False, cmake_force_configure=False, ament_cmake_args=None, catkin_cmake_args=None, catkin_skip_building_tests=False, verb_parser=<colcon_defaults.argument_parser.defaults.DefaultArgumentsDecorator object at 0x77001d3eee30>, verb_extension=<colcon_core.verb.build.BuildVerb object at 0x77001d363b50>, main=<bound method BuildVerb.main of <colcon_core.verb.build.BuildVerb object at 0x77001d363b50>>)
[0.209s] Level 1:colcon.colcon_core.package_discovery:discover_packages(colcon_meta) check parameters
[0.209s] Level 1:colcon.colcon_core.package_discovery:discover_packages(recursive) check parameters
[0.209s] Level 1:colcon.colcon_core.package_discovery:discover_packages(ignore) check parameters
[0.209s] Level 1:colcon.colcon_core.package_discovery:discover_packages(path) check parameters
[0.209s] Level 1:colcon.colcon_core.package_discovery:discover_packages(colcon_meta) discover
[0.209s] Level 1:colcon.colcon_core.package_discovery:discover_packages(recursive) discover
[0.209s] INFO:colcon.colcon_core.package_discovery:Crawling recursively for packages in '/home/airs01/yl/ros2_ws_v1.0'
[0.209s] Level 1:colcon.colcon_core.package_identification:_identify(.) by extensions ['ignore', 'ignore_ament_install']
[0.210s] Level 1:colcon.colcon_core.package_identification:_identify(.) by extension 'ignore'
[0.210s] Level 1:colcon.colcon_core.package_identification:_identify(.) by extension 'ignore_ament_install'
[0.210s] Level 1:colcon.colcon_core.package_identification:_identify(.) by extensions ['colcon_pkg']
[0.210s] Level 1:colcon.colcon_core.package_identification:_identify(.) by extension 'colcon_pkg'
[0.210s] Level 1:colcon.colcon_core.package_identification:_identify(.) by extensions ['colcon_meta']
[0.210s] Level 1:colcon.colcon_core.package_identification:_identify(.) by extension 'colcon_meta'
[0.210s] Level 1:colcon.colcon_core.package_identification:_identify(.) by extensions ['ros']
[0.210s] Level 1:colcon.colcon_core.package_identification:_identify(.) by extension 'ros'
[0.239s] Level 1:colcon.colcon_core.package_identification:_identify(.) by extensions ['cmake', 'python']
[0.239s] Level 1:colcon.colcon_core.package_identification:_identify(.) by extension 'cmake'
[0.239s] Level 1:colcon.colcon_core.package_identification:_identify(.) by extension 'python'
[0.239s] Level 1:colcon.colcon_core.package_identification:_identify(.) by extensions ['python_setup_py']
[0.239s] Level 1:colcon.colcon_core.package_identification:_identify(.) by extension 'python_setup_py'
[0.239s] Level 1:colcon.colcon_core.package_identification:_identify(build) by extensions ['ignore', 'ignore_ament_install']
[0.239s] Level 1:colcon.colcon_core.package_identification:_identify(build) by extension 'ignore'
[0.239s] Level 1:colcon.colcon_core.package_identification:_identify(build) ignored
[0.239s] Level 1:colcon.colcon_core.package_identification:_identify(install) by extensions ['ignore', 'ignore_ament_install']
[0.239s] Level 1:colcon.colcon_core.package_identification:_identify(install) by extension 'ignore'
[0.239s] Level 1:colcon.colcon_core.package_identification:_identify(install) ignored
[0.239s] Level 1:colcon.colcon_core.package_identification:_identify(log) by extensions ['ignore', 'ignore_ament_install']
[0.239s] Level 1:colcon.colcon_core.package_identification:_identify(log) by extension 'ignore'
[0.239s] Level 1:colcon.colcon_core.package_identification:_identify(log) ignored
[0.240s] Level 1:colcon.colcon_core.package_identification:_identify(src) by extensions ['ignore', 'ignore_ament_install']
[0.240s] Level 1:colcon.colcon_core.package_identification:_identify(src) by extension 'ignore'
[0.240s] Level 1:colcon.colcon_core.package_identification:_identify(src) by extension 'ignore_ament_install'
[0.240s] Level 1:colcon.colcon_core.package_identification:_identify(src) by extensions ['colcon_pkg']
[0.240s] Level 1:colcon.colcon_core.package_identification:_identify(src) by extension 'colcon_pkg'
[0.240s] Level 1:colcon.colcon_core.package_identification:_identify(src) by extensions ['colcon_meta']
[0.240s] Level 1:colcon.colcon_core.package_identification:_identify(src) by extension 'colcon_meta'
[0.240s] Level 1:colcon.colcon_core.package_identification:_identify(src) by extensions ['ros']
[0.240s] Level 1:colcon.colcon_core.package_identification:_identify(src) by extension 'ros'
[0.240s] Level 1:colcon.colcon_core.package_identification:_identify(src) by extensions ['cmake', 'python']
[0.240s] Level 1:colcon.colcon_core.package_identification:_identify(src) by extension 'cmake'
[0.240s] Level 1:colcon.colcon_core.package_identification:_identify(src) by extension 'python'
[0.240s] Level 1:colcon.colcon_core.package_identification:_identify(src) by extensions ['python_setup_py']
[0.240s] Level 1:colcon.colcon_core.package_identification:_identify(src) by extension 'python_setup_py'
[0.240s] Level 1:colcon.colcon_core.package_identification:_identify(src/dex_hand_ros2) by extensions ['ignore', 'ignore_ament_install']
[0.240s] Level 1:colcon.colcon_core.package_identification:_identify(src/dex_hand_ros2) by extension 'ignore'
[0.240s] Level 1:colcon.colcon_core.package_identification:_identify(src/dex_hand_ros2) by extension 'ignore_ament_install'
[0.240s] Level 1:colcon.colcon_core.package_identification:_identify(src/dex_hand_ros2) by extensions ['colcon_pkg']
[0.240s] Level 1:colcon.colcon_core.package_identification:_identify(src/dex_hand_ros2) by extension 'colcon_pkg'
[0.240s] Level 1:colcon.colcon_core.package_identification:_identify(src/dex_hand_ros2) by extensions ['colcon_meta']
[0.240s] Level 1:colcon.colcon_core.package_identification:_identify(src/dex_hand_ros2) by extension 'colcon_meta'
[0.240s] Level 1:colcon.colcon_core.package_identification:_identify(src/dex_hand_ros2) by extensions ['ros']
[0.240s] Level 1:colcon.colcon_core.package_identification:_identify(src/dex_hand_ros2) by extension 'ros'
[0.242s] DEBUG:colcon.colcon_core.package_identification:Package 'src/dex_hand_ros2' with type 'ros.ament_cmake' and name 'dex_hand_ros2'
[0.242s] Level 1:colcon.colcon_core.package_discovery:discover_packages(recursive) using defaults
[0.242s] Level 1:colcon.colcon_core.package_discovery:discover_packages(ignore) discover
[0.242s] Level 1:colcon.colcon_core.package_discovery:discover_packages(ignore) using defaults
[0.242s] Level 1:colcon.colcon_core.package_discovery:discover_packages(path) discover
[0.242s] Level 1:colcon.colcon_core.package_discovery:discover_packages(path) using defaults
[0.257s] Level 5:colcon.colcon_core.verb:set package 'dex_hand_ros2' build argument 'cmake_args' from command line to 'None'
[0.257s] Level 5:colcon.colcon_core.verb:set package 'dex_hand_ros2' build argument 'cmake_target' from command line to 'None'
[0.257s] Level 5:colcon.colcon_core.verb:set package 'dex_hand_ros2' build argument 'cmake_target_skip_unavailable' from command line to 'False'
[0.257s] Level 5:colcon.colcon_core.verb:set package 'dex_hand_ros2' build argument 'cmake_clean_cache' from command line to 'False'
[0.257s] Level 5:colcon.colcon_core.verb:set package 'dex_hand_ros2' build argument 'cmake_clean_first' from command line to 'False'
[0.257s] Level 5:colcon.colcon_core.verb:set package 'dex_hand_ros2' build argument 'cmake_force_configure' from command line to 'False'
[0.257s] Level 5:colcon.colcon_core.verb:set package 'dex_hand_ros2' build argument 'ament_cmake_args' from command line to 'None'
[0.257s] Level 5:colcon.colcon_core.verb:set package 'dex_hand_ros2' build argument 'catkin_cmake_args' from command line to 'None'
[0.257s] Level 5:colcon.colcon_core.verb:set package 'dex_hand_ros2' build argument 'catkin_skip_building_tests' from command line to 'False'
[0.257s] DEBUG:colcon.colcon_core.verb:Building package 'dex_hand_ros2' with the following arguments: {'ament_cmake_args': None, 'build_base': '/home/airs01/yl/ros2_ws_v1.0/build/dex_hand_ros2', 'catkin_cmake_args': None, 'catkin_skip_building_tests': False, 'cmake_args': None, 'cmake_clean_cache': False, 'cmake_clean_first': False, 'cmake_force_configure': False, 'cmake_target': None, 'cmake_target_skip_unavailable': False, 'install_base': '/home/airs01/yl/ros2_ws_v1.0/install/dex_hand_ros2', 'merge_install': False, 'path': '/home/airs01/yl/ros2_ws_v1.0/src/dex_hand_ros2', 'symlink_install': False, 'test_result_base': None}
[0.257s] INFO:colcon.colcon_core.executor:Executing jobs using 'parallel' executor
[0.258s] DEBUG:colcon.colcon_parallel_executor.executor.parallel:run_until_complete
[0.258s] INFO:colcon.colcon_ros.task.ament_cmake.build:Building ROS package in '/home/airs01/yl/ros2_ws_v1.0/src/dex_hand_ros2' with build type 'ament_cmake'
[0.258s] INFO:colcon.colcon_cmake.task.cmake.build:Building CMake package in '/home/airs01/yl/ros2_ws_v1.0/src/dex_hand_ros2'
[0.260s] INFO:colcon.colcon_core.plugin_system:Skipping extension 'colcon_core.shell.bat': Not used on non-Windows systems
[0.260s] INFO:colcon.colcon_core.shell:Skip shell extension 'powershell' for command environment: Not usable outside of PowerShell
[0.260s] DEBUG:colcon.colcon_core.shell:Skip shell extension 'dsv' for command environment
[0.260s] WARNING:colcon.colcon_ros.prefix_path.ament:The path '/home/airs01/yl/ros2_ws_v1.0/install/dex_hand_ros2' in the environment variable AMENT_PREFIX_PATH doesn't exist
[0.261s] WARNING:colcon.colcon_ros.prefix_path.catkin:The path '/home/airs01/yl/ros2_ws_v1.0/install/dex_hand_ros2' in the environment variable CMAKE_PREFIX_PATH doesn't exist
[0.266s] DEBUG:colcon.colcon_core.event_handler.log_command:Invoking command in '/home/airs01/yl/ros2_ws_v1.0/build/dex_hand_ros2': CMAKE_PREFIX_PATH=${CMAKE_PREFIX_PATH}:/home/airs01/miniconda3/envs/env_ros CONDA_PROMPT_MODIFIER=(env_ros) /home/airs01/miniconda3/envs/env_ros/bin/cmake /home/airs01/yl/ros2_ws_v1.0/src/dex_hand_ros2 -DCMAKE_INSTALL_PREFIX=/home/airs01/yl/ros2_ws_v1.0/install/dex_hand_ros2
[3.076s] DEBUG:colcon.colcon_core.event_handler.log_command:Invoked command in '/home/airs01/yl/ros2_ws_v1.0/build/dex_hand_ros2' returned '0': CMAKE_PREFIX_PATH=${CMAKE_PREFIX_PATH}:/home/airs01/miniconda3/envs/env_ros CONDA_PROMPT_MODIFIER=(env_ros) /home/airs01/miniconda3/envs/env_ros/bin/cmake /home/airs01/yl/ros2_ws_v1.0/src/dex_hand_ros2 -DCMAKE_INSTALL_PREFIX=/home/airs01/yl/ros2_ws_v1.0/install/dex_hand_ros2
[3.077s] DEBUG:colcon.colcon_core.event_handler.log_command:Invoking command in '/home/airs01/yl/ros2_ws_v1.0/build/dex_hand_ros2': CMAKE_PREFIX_PATH=${CMAKE_PREFIX_PATH}:/home/airs01/miniconda3/envs/env_ros CONDA_PROMPT_MODIFIER=(env_ros) /home/airs01/miniconda3/envs/env_ros/bin/cmake --build /home/airs01/yl/ros2_ws_v1.0/build/dex_hand_ros2 -- -j8 -l8
[6.806s] DEBUG:colcon.colcon_core.event_handler.log_command:Invoked command in '/home/airs01/yl/ros2_ws_v1.0/build/dex_hand_ros2' returned '0': CMAKE_PREFIX_PATH=${CMAKE_PREFIX_PATH}:/home/airs01/miniconda3/envs/env_ros CONDA_PROMPT_MODIFIER=(env_ros) /home/airs01/miniconda3/envs/env_ros/bin/cmake --build /home/airs01/yl/ros2_ws_v1.0/build/dex_hand_ros2 -- -j8 -l8
[6.811s] DEBUG:colcon.colcon_core.event_handler.log_command:Invoking command in '/home/airs01/yl/ros2_ws_v1.0/build/dex_hand_ros2': CMAKE_PREFIX_PATH=${CMAKE_PREFIX_PATH}:/home/airs01/miniconda3/envs/env_ros CONDA_PROMPT_MODIFIER=(env_ros) /home/airs01/miniconda3/envs/env_ros/bin/cmake --install /home/airs01/yl/ros2_ws_v1.0/build/dex_hand_ros2
[6.856s] Level 1:colcon.colcon_core.environment:create_environment_scripts_only(dex_hand_ros2)
[6.857s] DEBUG:colcon.colcon_core.event_handler.log_command:Invoked command in '/home/airs01/yl/ros2_ws_v1.0/build/dex_hand_ros2' returned '0': CMAKE_PREFIX_PATH=${CMAKE_PREFIX_PATH}:/home/airs01/miniconda3/envs/env_ros CONDA_PROMPT_MODIFIER=(env_ros) /home/airs01/miniconda3/envs/env_ros/bin/cmake --install /home/airs01/yl/ros2_ws_v1.0/build/dex_hand_ros2
[6.858s] Level 1:colcon.colcon_core.environment:checking '/home/airs01/yl/ros2_ws_v1.0/install/dex_hand_ros2' for CMake module files
[6.859s] Level 1:colcon.colcon_core.environment:checking '/home/airs01/yl/ros2_ws_v1.0/install/dex_hand_ros2' for CMake config files
[6.859s] Level 1:colcon.colcon_core.environment:checking '/home/airs01/yl/ros2_ws_v1.0/install/dex_hand_ros2/lib'
[6.859s] Level 1:colcon.colcon_core.shell:create_environment_hook('dex_hand_ros2', 'ld_library_path_lib')
[6.860s] INFO:colcon.colcon_core.shell:Creating environment hook '/home/airs01/yl/ros2_ws_v1.0/install/dex_hand_ros2/share/dex_hand_ros2/hook/ld_library_path_lib.ps1'
[6.860s] INFO:colcon.colcon_core.shell:Creating environment descriptor '/home/airs01/yl/ros2_ws_v1.0/install/dex_hand_ros2/share/dex_hand_ros2/hook/ld_library_path_lib.dsv'
[6.860s] INFO:colcon.colcon_core.shell:Creating environment hook '/home/airs01/yl/ros2_ws_v1.0/install/dex_hand_ros2/share/dex_hand_ros2/hook/ld_library_path_lib.sh'
[6.861s] Level 1:colcon.colcon_core.environment:checking '/home/airs01/yl/ros2_ws_v1.0/install/dex_hand_ros2/bin'
[6.861s] Level 1:colcon.colcon_core.environment:checking '/home/airs01/yl/ros2_ws_v1.0/install/dex_hand_ros2/lib/pkgconfig/dex_hand_ros2.pc'
[6.862s] Level 1:colcon.colcon_core.environment:checking '/home/airs01/yl/ros2_ws_v1.0/install/dex_hand_ros2/lib/python3.10/site-packages'
[6.862s] Level 1:colcon.colcon_core.shell:create_environment_hook('dex_hand_ros2', 'pythonpath')
[6.862s] INFO:colcon.colcon_core.shell:Creating environment hook '/home/airs01/yl/ros2_ws_v1.0/install/dex_hand_ros2/share/dex_hand_ros2/hook/pythonpath.ps1'
[6.862s] INFO:colcon.colcon_core.shell:Creating environment descriptor '/home/airs01/yl/ros2_ws_v1.0/install/dex_hand_ros2/share/dex_hand_ros2/hook/pythonpath.dsv'
[6.862s] INFO:colcon.colcon_core.shell:Creating environment hook '/home/airs01/yl/ros2_ws_v1.0/install/dex_hand_ros2/share/dex_hand_ros2/hook/pythonpath.sh'
[6.863s] Level 1:colcon.colcon_core.environment:checking '/home/airs01/yl/ros2_ws_v1.0/install/dex_hand_ros2/bin'
[6.863s] INFO:colcon.colcon_core.shell:Creating package script '/home/airs01/yl/ros2_ws_v1.0/install/dex_hand_ros2/share/dex_hand_ros2/package.ps1'
[6.864s] INFO:colcon.colcon_core.shell:Creating package descriptor '/home/airs01/yl/ros2_ws_v1.0/install/dex_hand_ros2/share/dex_hand_ros2/package.dsv'
[6.864s] INFO:colcon.colcon_core.shell:Creating package script '/home/airs01/yl/ros2_ws_v1.0/install/dex_hand_ros2/share/dex_hand_ros2/package.sh'
[6.865s] INFO:colcon.colcon_core.shell:Creating package script '/home/airs01/yl/ros2_ws_v1.0/install/dex_hand_ros2/share/dex_hand_ros2/package.bash'
[6.865s] INFO:colcon.colcon_core.shell:Creating package script '/home/airs01/yl/ros2_ws_v1.0/install/dex_hand_ros2/share/dex_hand_ros2/package.zsh'
[6.866s] Level 1:colcon.colcon_core.environment:create_file_with_runtime_dependencies(/home/airs01/yl/ros2_ws_v1.0/install/dex_hand_ros2/share/colcon-core/packages/dex_hand_ros2)
[6.866s] Level 1:colcon.colcon_core.environment:create_environment_scripts_only(dex_hand_ros2)
[6.867s] Level 1:colcon.colcon_core.environment:checking '/home/airs01/yl/ros2_ws_v1.0/install/dex_hand_ros2' for CMake module files
[6.867s] Level 1:colcon.colcon_core.environment:checking '/home/airs01/yl/ros2_ws_v1.0/install/dex_hand_ros2' for CMake config files
[6.868s] Level 1:colcon.colcon_core.environment:checking '/home/airs01/yl/ros2_ws_v1.0/install/dex_hand_ros2/lib'
[6.868s] Level 1:colcon.colcon_core.shell:create_environment_hook('dex_hand_ros2', 'ld_library_path_lib')
[6.868s] INFO:colcon.colcon_core.shell:Creating environment hook '/home/airs01/yl/ros2_ws_v1.0/install/dex_hand_ros2/share/dex_hand_ros2/hook/ld_library_path_lib.ps1'
[6.868s] INFO:colcon.colcon_core.shell:Creating environment descriptor '/home/airs01/yl/ros2_ws_v1.0/install/dex_hand_ros2/share/dex_hand_ros2/hook/ld_library_path_lib.dsv'
[6.868s] INFO:colcon.colcon_core.shell:Creating environment hook '/home/airs01/yl/ros2_ws_v1.0/install/dex_hand_ros2/share/dex_hand_ros2/hook/ld_library_path_lib.sh'
[6.869s] Level 1:colcon.colcon_core.environment:checking '/home/airs01/yl/ros2_ws_v1.0/install/dex_hand_ros2/bin'
[6.869s] Level 1:colcon.colcon_core.environment:checking '/home/airs01/yl/ros2_ws_v1.0/install/dex_hand_ros2/lib/pkgconfig/dex_hand_ros2.pc'
[6.869s] Level 1:colcon.colcon_core.environment:checking '/home/airs01/yl/ros2_ws_v1.0/install/dex_hand_ros2/lib/python3.10/site-packages'
[6.869s] Level 1:colcon.colcon_core.shell:create_environment_hook('dex_hand_ros2', 'pythonpath')
[6.869s] INFO:colcon.colcon_core.shell:Creating environment hook '/home/airs01/yl/ros2_ws_v1.0/install/dex_hand_ros2/share/dex_hand_ros2/hook/pythonpath.ps1'
[6.869s] INFO:colcon.colcon_core.shell:Creating environment descriptor '/home/airs01/yl/ros2_ws_v1.0/install/dex_hand_ros2/share/dex_hand_ros2/hook/pythonpath.dsv'
[6.870s] INFO:colcon.colcon_core.shell:Creating environment hook '/home/airs01/yl/ros2_ws_v1.0/install/dex_hand_ros2/share/dex_hand_ros2/hook/pythonpath.sh'
[6.870s] Level 1:colcon.colcon_core.environment:checking '/home/airs01/yl/ros2_ws_v1.0/install/dex_hand_ros2/bin'
[6.870s] INFO:colcon.colcon_core.shell:Creating package script '/home/airs01/yl/ros2_ws_v1.0/install/dex_hand_ros2/share/dex_hand_ros2/package.ps1'
[6.871s] INFO:colcon.colcon_core.shell:Creating package descriptor '/home/airs01/yl/ros2_ws_v1.0/install/dex_hand_ros2/share/dex_hand_ros2/package.dsv'
[6.871s] INFO:colcon.colcon_core.shell:Creating package script '/home/airs01/yl/ros2_ws_v1.0/install/dex_hand_ros2/share/dex_hand_ros2/package.sh'
[6.871s] INFO:colcon.colcon_core.shell:Creating package script '/home/airs01/yl/ros2_ws_v1.0/install/dex_hand_ros2/share/dex_hand_ros2/package.bash'
[6.872s] INFO:colcon.colcon_core.shell:Creating package script '/home/airs01/yl/ros2_ws_v1.0/install/dex_hand_ros2/share/dex_hand_ros2/package.zsh'
[6.872s] Level 1:colcon.colcon_core.environment:create_file_with_runtime_dependencies(/home/airs01/yl/ros2_ws_v1.0/install/dex_hand_ros2/share/colcon-core/packages/dex_hand_ros2)
[6.872s] DEBUG:colcon.colcon_parallel_executor.executor.parallel:closing loop
[6.872s] DEBUG:colcon.colcon_parallel_executor.executor.parallel:loop closed
[6.872s] DEBUG:colcon.colcon_parallel_executor.executor.parallel:run_until_complete finished with '0'
[6.873s] DEBUG:colcon.colcon_core.event_reactor:joining thread
[6.874s] INFO:colcon.colcon_core.plugin_system:Skipping extension 'colcon_notification.desktop_notification.notify2': 'notify2' not found
[6.874s] INFO:colcon.colcon_core.plugin_system:Skipping extension 'colcon_notification.desktop_notification.terminal_notifier': Not used on non-Darwin systems
[6.874s] INFO:colcon.colcon_core.plugin_system:Skipping extension 'colcon_notification.desktop_notification.win32': Not used on non-Windows systems
[6.874s] INFO:colcon.colcon_notification.desktop_notification:Sending desktop notification using 'notify_send'
[6.888s] DEBUG:colcon.colcon_core.event_reactor:joined thread
[6.888s] INFO:colcon.colcon_core.shell:Creating prefix script '/home/airs01/yl/ros2_ws_v1.0/install/local_setup.ps1'
[6.889s] INFO:colcon.colcon_core.shell:Creating prefix util module '/home/airs01/yl/ros2_ws_v1.0/install/_local_setup_util_ps1.py'
[6.890s] INFO:colcon.colcon_core.shell:Creating prefix chain script '/home/airs01/yl/ros2_ws_v1.0/install/setup.ps1'
[6.891s] INFO:colcon.colcon_core.shell:Creating prefix script '/home/airs01/yl/ros2_ws_v1.0/install/local_setup.sh'
[6.891s] INFO:colcon.colcon_core.shell:Creating prefix util module '/home/airs01/yl/ros2_ws_v1.0/install/_local_setup_util_sh.py'
[6.891s] INFO:colcon.colcon_core.shell:Creating prefix chain script '/home/airs01/yl/ros2_ws_v1.0/install/setup.sh'
[6.892s] INFO:colcon.colcon_core.shell:Creating prefix script '/home/airs01/yl/ros2_ws_v1.0/install/local_setup.bash'
[6.893s] INFO:colcon.colcon_core.shell:Creating prefix chain script '/home/airs01/yl/ros2_ws_v1.0/install/setup.bash'
[6.893s] INFO:colcon.colcon_core.shell:Creating prefix script '/home/airs01/yl/ros2_ws_v1.0/install/local_setup.zsh'
[6.894s] INFO:colcon.colcon_core.shell:Creating prefix chain script '/home/airs01/yl/ros2_ws_v1.0/install/setup.zsh'
