-- The C compiler identification is GNU 11.4.0
-- The CXX compiler identification is GNU 11.4.0
-- Detecting C compiler ABI info
-- Detecting C compiler ABI info - done
-- Check for working C compiler: /usr/bin/cc - skipped
-- Detecting C compile features
-- Detecting C compile features - done
-- Detecting CXX compiler ABI info
-- Detecting CXX compiler ABI info - done
-- Check for working CXX compiler: /usr/bin/c++ - skipped
-- Detecting CXX compile features
-- Detecting CXX compile features - done
-- Found ament_cmake: 1.3.3 (/home/airs01/miniconda3/envs/env_ros/share/ament_cmake/cmake)
-- Found Python3: /home/airs01/miniconda3/envs/env_ros/bin/python3.10 (found version "3.10.12") found components: Interpreter 
-- Found rosidl_default_generators: 1.2.0 (/home/airs01/miniconda3/envs/env_ros/share/rosidl_default_generators/cmake)
-- Using all available rosidl_typesupport_c: rosidl_typesupport_fastrtps_c;rosidl_typesupport_introspection_c
-- Found rosidl_adapter: 3.1.4 (/home/airs01/miniconda3/envs/env_ros/share/rosidl_adapter/cmake)
-- Using all available rosidl_typesupport_cpp: rosidl_typesupport_fastrtps_cpp;rosidl_typesupport_introspection_cpp
-- Found std_msgs: 4.2.3 (/home/airs01/miniconda3/envs/env_ros/share/std_msgs/cmake)
-- Found geometry_msgs: 4.2.3 (/home/airs01/miniconda3/envs/env_ros/share/geometry_msgs/cmake)
[31mCMake Error at /home/airs01/miniconda3/envs/env_ros/share/rosidl_cmake/cmake/rosidl_generate_interfaces.cmake:93 (message):
  rosidl_generate_interfaces() the passed file 'msg/GestureCmd.msg' doesn't
  exist relative to the CMAKE_CURRENT_SOURCE_DIR
  '/home/airs01/yl/ros2_ws_v1.0/src/dex_hand_ros2'
Call Stack (most recent call first):
  CMakeLists.txt:15 (rosidl_generate_interfaces)

[0m
-- Configuring incomplete, errors occurred!
