[  2%] Built target dex_hand_ros2__cpp
[ 12%] Built target dex_hand_ros2__rosidl_generator_c
[ 12%] Built target ament_cmake_python_copy_dex_hand_ros2
[ 23%] Built target dex_hand_ros2__rosidl_typesupport_introspection_cpp
[ 33%] Built target dex_hand_ros2__rosidl_typesupport_c
[ 46%] Built target dex_hand_ros2__rosidl_typesupport_fastrtps_cpp
[ 53%] Built target dex_hand_ros2__rosidl_typesupport_introspection_c
[ 64%] Built target dex_hand_ros2__rosidl_typesupport_cpp
[ 74%] Built target dex_hand_ros2__rosidl_typesupport_fastrtps_c
[ 74%] Built target dex_hand_ros2
running egg_info
writing dex_hand_ros2.egg-info/PKG-INFO
writing dependency_links to dex_hand_ros2.egg-info/dependency_links.txt
writing top-level names to dex_hand_ros2.egg-info/top_level.txt
reading manifest file 'dex_hand_ros2.egg-info/SOURCES.txt'
writing manifest file 'dex_hand_ros2.egg-info/SOURCES.txt'
[ 74%] Built target ament_cmake_python_build_dex_hand_ros2_egg
[ 76%] Built target dex_hand_ros2__py
[ 84%] Built target dex_hand_ros2__rosidl_generator_py
[ 94%] Built target dex_hand_ros2__rosidl_typesupport_introspection_c__pyext
[ 94%] Built target dex_hand_ros2__rosidl_typesupport_fastrtps_c__pyext
[100%] Built target dex_hand_ros2__rosidl_typesupport_c__pyext
-- Install configuration: ""
-- Up-to-date: /root/dex_hand_ws/install/dex_hand_ros2/share/ament_index/resource_index/rosidl_interfaces/dex_hand_ros2
-- Up-to-date: /root/dex_hand_ws/install/dex_hand_ros2/include/dex_hand_ros2/dex_hand_ros2
-- Up-to-date: /root/dex_hand_ws/install/dex_hand_ros2/include/dex_hand_ros2/dex_hand_ros2/msg
-- Up-to-date: /root/dex_hand_ws/install/dex_hand_ros2/include/dex_hand_ros2/dex_hand_ros2/msg/rosidl_generator_c__visibility_control.h
-- Up-to-date: /root/dex_hand_ws/install/dex_hand_ros2/include/dex_hand_ros2/dex_hand_ros2/msg/gesture_cmd.h
-- Up-to-date: /root/dex_hand_ws/install/dex_hand_ros2/include/dex_hand_ros2/dex_hand_ros2/msg/motor_state.h
-- Up-to-date: /root/dex_hand_ws/install/dex_hand_ros2/include/dex_hand_ros2/dex_hand_ros2/msg/detail
-- Up-to-date: /root/dex_hand_ws/install/dex_hand_ros2/include/dex_hand_ros2/dex_hand_ros2/msg/detail/gesture_cmd__functions.h
-- Up-to-date: /root/dex_hand_ws/install/dex_hand_ros2/include/dex_hand_ros2/dex_hand_ros2/msg/detail/motor_state__struct.h
-- Up-to-date: /root/dex_hand_ws/install/dex_hand_ros2/include/dex_hand_ros2/dex_hand_ros2/msg/detail/motor_state__functions.c
-- Up-to-date: /root/dex_hand_ws/install/dex_hand_ros2/include/dex_hand_ros2/dex_hand_ros2/msg/detail/motor_state__type_support.h
-- Up-to-date: /root/dex_hand_ws/install/dex_hand_ros2/include/dex_hand_ros2/dex_hand_ros2/msg/detail/gesture_cmd__type_support.h
-- Up-to-date: /root/dex_hand_ws/install/dex_hand_ros2/include/dex_hand_ros2/dex_hand_ros2/msg/detail/gesture_cmd__functions.c
-- Up-to-date: /root/dex_hand_ws/install/dex_hand_ros2/include/dex_hand_ros2/dex_hand_ros2/msg/detail/gesture_cmd__struct.h
-- Up-to-date: /root/dex_hand_ws/install/dex_hand_ros2/include/dex_hand_ros2/dex_hand_ros2/msg/detail/motor_state__functions.h
-- Up-to-date: /root/dex_hand_ws/install/dex_hand_ros2/share/dex_hand_ros2/environment/library_path.sh
-- Up-to-date: /root/dex_hand_ws/install/dex_hand_ros2/share/dex_hand_ros2/environment/library_path.dsv
-- Up-to-date: /root/dex_hand_ws/install/dex_hand_ros2/lib/libdex_hand_ros2__rosidl_generator_c.so
-- Up-to-date: /root/dex_hand_ws/install/dex_hand_ros2/include/dex_hand_ros2/dex_hand_ros2
-- Up-to-date: /root/dex_hand_ws/install/dex_hand_ros2/include/dex_hand_ros2/dex_hand_ros2/msg
-- Up-to-date: /root/dex_hand_ws/install/dex_hand_ros2/include/dex_hand_ros2/dex_hand_ros2/msg/detail
-- Up-to-date: /root/dex_hand_ws/install/dex_hand_ros2/include/dex_hand_ros2/dex_hand_ros2/msg/detail/motor_state__rosidl_typesupport_fastrtps_c.h
-- Up-to-date: /root/dex_hand_ws/install/dex_hand_ros2/include/dex_hand_ros2/dex_hand_ros2/msg/detail/gesture_cmd__rosidl_typesupport_fastrtps_c.h
-- Up-to-date: /root/dex_hand_ws/install/dex_hand_ros2/include/dex_hand_ros2/dex_hand_ros2/msg/rosidl_typesupport_fastrtps_c__visibility_control.h
-- Up-to-date: /root/dex_hand_ws/install/dex_hand_ros2/lib/libdex_hand_ros2__rosidl_typesupport_fastrtps_c.so
-- Up-to-date: /root/dex_hand_ws/install/dex_hand_ros2/include/dex_hand_ros2/dex_hand_ros2
-- Up-to-date: /root/dex_hand_ws/install/dex_hand_ros2/include/dex_hand_ros2/dex_hand_ros2/msg
-- Up-to-date: /root/dex_hand_ws/install/dex_hand_ros2/include/dex_hand_ros2/dex_hand_ros2/msg/detail
-- Up-to-date: /root/dex_hand_ws/install/dex_hand_ros2/include/dex_hand_ros2/dex_hand_ros2/msg/detail/gesture_cmd__type_support.c
-- Up-to-date: /root/dex_hand_ws/install/dex_hand_ros2/include/dex_hand_ros2/dex_hand_ros2/msg/detail/motor_state__rosidl_typesupport_introspection_c.h
-- Up-to-date: /root/dex_hand_ws/install/dex_hand_ros2/include/dex_hand_ros2/dex_hand_ros2/msg/detail/gesture_cmd__rosidl_typesupport_introspection_c.h
-- Up-to-date: /root/dex_hand_ws/install/dex_hand_ros2/include/dex_hand_ros2/dex_hand_ros2/msg/detail/motor_state__type_support.c
-- Up-to-date: /root/dex_hand_ws/install/dex_hand_ros2/include/dex_hand_ros2/dex_hand_ros2/msg/rosidl_typesupport_introspection_c__visibility_control.h
-- Up-to-date: /root/dex_hand_ws/install/dex_hand_ros2/lib/libdex_hand_ros2__rosidl_typesupport_introspection_c.so
-- Up-to-date: /root/dex_hand_ws/install/dex_hand_ros2/lib/libdex_hand_ros2__rosidl_typesupport_c.so
-- Up-to-date: /root/dex_hand_ws/install/dex_hand_ros2/include/dex_hand_ros2/dex_hand_ros2
-- Up-to-date: /root/dex_hand_ws/install/dex_hand_ros2/include/dex_hand_ros2/dex_hand_ros2/msg
-- Up-to-date: /root/dex_hand_ws/install/dex_hand_ros2/include/dex_hand_ros2/dex_hand_ros2/msg/motor_state.hpp
-- Up-to-date: /root/dex_hand_ws/install/dex_hand_ros2/include/dex_hand_ros2/dex_hand_ros2/msg/detail
-- Up-to-date: /root/dex_hand_ws/install/dex_hand_ros2/include/dex_hand_ros2/dex_hand_ros2/msg/detail/gesture_cmd__struct.hpp
-- Up-to-date: /root/dex_hand_ws/install/dex_hand_ros2/include/dex_hand_ros2/dex_hand_ros2/msg/detail/motor_state__struct.hpp
-- Up-to-date: /root/dex_hand_ws/install/dex_hand_ros2/include/dex_hand_ros2/dex_hand_ros2/msg/detail/motor_state__builder.hpp
-- Up-to-date: /root/dex_hand_ws/install/dex_hand_ros2/include/dex_hand_ros2/dex_hand_ros2/msg/detail/motor_state__type_support.hpp
-- Up-to-date: /root/dex_hand_ws/install/dex_hand_ros2/include/dex_hand_ros2/dex_hand_ros2/msg/detail/gesture_cmd__traits.hpp
-- Up-to-date: /root/dex_hand_ws/install/dex_hand_ros2/include/dex_hand_ros2/dex_hand_ros2/msg/detail/gesture_cmd__type_support.hpp
-- Up-to-date: /root/dex_hand_ws/install/dex_hand_ros2/include/dex_hand_ros2/dex_hand_ros2/msg/detail/motor_state__traits.hpp
-- Up-to-date: /root/dex_hand_ws/install/dex_hand_ros2/include/dex_hand_ros2/dex_hand_ros2/msg/detail/gesture_cmd__builder.hpp
-- Up-to-date: /root/dex_hand_ws/install/dex_hand_ros2/include/dex_hand_ros2/dex_hand_ros2/msg/rosidl_generator_cpp__visibility_control.hpp
-- Up-to-date: /root/dex_hand_ws/install/dex_hand_ros2/include/dex_hand_ros2/dex_hand_ros2/msg/gesture_cmd.hpp
-- Up-to-date: /root/dex_hand_ws/install/dex_hand_ros2/include/dex_hand_ros2/dex_hand_ros2
-- Up-to-date: /root/dex_hand_ws/install/dex_hand_ros2/include/dex_hand_ros2/dex_hand_ros2/msg
-- Up-to-date: /root/dex_hand_ws/install/dex_hand_ros2/include/dex_hand_ros2/dex_hand_ros2/msg/rosidl_typesupport_fastrtps_cpp__visibility_control.h
-- Up-to-date: /root/dex_hand_ws/install/dex_hand_ros2/include/dex_hand_ros2/dex_hand_ros2/msg/detail
-- Up-to-date: /root/dex_hand_ws/install/dex_hand_ros2/include/dex_hand_ros2/dex_hand_ros2/msg/detail/gesture_cmd__rosidl_typesupport_fastrtps_cpp.hpp
-- Up-to-date: /root/dex_hand_ws/install/dex_hand_ros2/include/dex_hand_ros2/dex_hand_ros2/msg/detail/motor_state__rosidl_typesupport_fastrtps_cpp.hpp
-- Up-to-date: /root/dex_hand_ws/install/dex_hand_ros2/include/dex_hand_ros2/dex_hand_ros2/msg/detail/dds_fastrtps
-- Up-to-date: /root/dex_hand_ws/install/dex_hand_ros2/lib/libdex_hand_ros2__rosidl_typesupport_fastrtps_cpp.so
-- Up-to-date: /root/dex_hand_ws/install/dex_hand_ros2/include/dex_hand_ros2/dex_hand_ros2
-- Up-to-date: /root/dex_hand_ws/install/dex_hand_ros2/include/dex_hand_ros2/dex_hand_ros2/msg
-- Up-to-date: /root/dex_hand_ws/install/dex_hand_ros2/include/dex_hand_ros2/dex_hand_ros2/msg/detail
-- Up-to-date: /root/dex_hand_ws/install/dex_hand_ros2/include/dex_hand_ros2/dex_hand_ros2/msg/detail/gesture_cmd__type_support.cpp
-- Up-to-date: /root/dex_hand_ws/install/dex_hand_ros2/include/dex_hand_ros2/dex_hand_ros2/msg/detail/gesture_cmd__rosidl_typesupport_introspection_cpp.hpp
-- Up-to-date: /root/dex_hand_ws/install/dex_hand_ros2/include/dex_hand_ros2/dex_hand_ros2/msg/detail/motor_state__rosidl_typesupport_introspection_cpp.hpp
-- Up-to-date: /root/dex_hand_ws/install/dex_hand_ros2/include/dex_hand_ros2/dex_hand_ros2/msg/detail/motor_state__type_support.cpp
-- Up-to-date: /root/dex_hand_ws/install/dex_hand_ros2/lib/libdex_hand_ros2__rosidl_typesupport_introspection_cpp.so
-- Up-to-date: /root/dex_hand_ws/install/dex_hand_ros2/lib/libdex_hand_ros2__rosidl_typesupport_cpp.so
-- Up-to-date: /root/dex_hand_ws/install/dex_hand_ros2/share/dex_hand_ros2/environment/pythonpath.sh
-- Up-to-date: /root/dex_hand_ws/install/dex_hand_ros2/share/dex_hand_ros2/environment/pythonpath.dsv
-- Up-to-date: /root/dex_hand_ws/install/dex_hand_ros2/local/lib/python3.10/dist-packages/dex_hand_ros2-0.1.0-py3.10.egg-info
-- Installing: /root/dex_hand_ws/install/dex_hand_ros2/local/lib/python3.10/dist-packages/dex_hand_ros2-0.1.0-py3.10.egg-info/PKG-INFO
-- Installing: /root/dex_hand_ws/install/dex_hand_ros2/local/lib/python3.10/dist-packages/dex_hand_ros2-0.1.0-py3.10.egg-info/SOURCES.txt
-- Installing: /root/dex_hand_ws/install/dex_hand_ros2/local/lib/python3.10/dist-packages/dex_hand_ros2-0.1.0-py3.10.egg-info/top_level.txt
-- Installing: /root/dex_hand_ws/install/dex_hand_ros2/local/lib/python3.10/dist-packages/dex_hand_ros2-0.1.0-py3.10.egg-info/dependency_links.txt
-- Up-to-date: /root/dex_hand_ws/install/dex_hand_ros2/local/lib/python3.10/dist-packages/dex_hand_ros2
-- Up-to-date: /root/dex_hand_ws/install/dex_hand_ros2/local/lib/python3.10/dist-packages/dex_hand_ros2/dex_hand_ros2_s__rosidl_typesupport_fastrtps_c.cpython-310-x86_64-linux-gnu.so
-- Up-to-date: /root/dex_hand_ws/install/dex_hand_ros2/local/lib/python3.10/dist-packages/dex_hand_ros2/_dex_hand_ros2_s.ep.rosidl_typesupport_fastrtps_c.c
-- Up-to-date: /root/dex_hand_ws/install/dex_hand_ros2/local/lib/python3.10/dist-packages/dex_hand_ros2/msg
-- Up-to-date: /root/dex_hand_ws/install/dex_hand_ros2/local/lib/python3.10/dist-packages/dex_hand_ros2/msg/_motor_state_s.c
-- Up-to-date: /root/dex_hand_ws/install/dex_hand_ros2/local/lib/python3.10/dist-packages/dex_hand_ros2/msg/_gesture_cmd_s.c
-- Up-to-date: /root/dex_hand_ws/install/dex_hand_ros2/local/lib/python3.10/dist-packages/dex_hand_ros2/msg/__init__.py
-- Up-to-date: /root/dex_hand_ws/install/dex_hand_ros2/local/lib/python3.10/dist-packages/dex_hand_ros2/msg/_gesture_cmd.py
-- Up-to-date: /root/dex_hand_ws/install/dex_hand_ros2/local/lib/python3.10/dist-packages/dex_hand_ros2/msg/_motor_state.py
-- Up-to-date: /root/dex_hand_ws/install/dex_hand_ros2/local/lib/python3.10/dist-packages/dex_hand_ros2/_dex_hand_ros2_s.ep.rosidl_typesupport_introspection_c.c
-- Up-to-date: /root/dex_hand_ws/install/dex_hand_ros2/local/lib/python3.10/dist-packages/dex_hand_ros2/_dex_hand_ros2_s.ep.rosidl_typesupport_c.c
-- Up-to-date: /root/dex_hand_ws/install/dex_hand_ros2/local/lib/python3.10/dist-packages/dex_hand_ros2/dex_hand_ros2_s__rosidl_typesupport_introspection_c.cpython-310-x86_64-linux-gnu.so
-- Up-to-date: /root/dex_hand_ws/install/dex_hand_ros2/local/lib/python3.10/dist-packages/dex_hand_ros2/__init__.py
-- Up-to-date: /root/dex_hand_ws/install/dex_hand_ros2/local/lib/python3.10/dist-packages/dex_hand_ros2/libdex_hand_ros2__rosidl_generator_py.so
-- Up-to-date: /root/dex_hand_ws/install/dex_hand_ros2/local/lib/python3.10/dist-packages/dex_hand_ros2/dex_hand_ros2_s__rosidl_typesupport_c.cpython-310-x86_64-linux-gnu.so
Listing '/root/dex_hand_ws/install/dex_hand_ros2/local/lib/python3.10/dist-packages/dex_hand_ros2'...
Listing '/root/dex_hand_ws/install/dex_hand_ros2/local/lib/python3.10/dist-packages/dex_hand_ros2/msg'...
-- Up-to-date: /root/dex_hand_ws/install/dex_hand_ros2/local/lib/python3.10/dist-packages/dex_hand_ros2/dex_hand_ros2_s__rosidl_typesupport_fastrtps_c.cpython-310-x86_64-linux-gnu.so
-- Up-to-date: /root/dex_hand_ws/install/dex_hand_ros2/local/lib/python3.10/dist-packages/dex_hand_ros2/dex_hand_ros2_s__rosidl_typesupport_introspection_c.cpython-310-x86_64-linux-gnu.so
-- Up-to-date: /root/dex_hand_ws/install/dex_hand_ros2/local/lib/python3.10/dist-packages/dex_hand_ros2/dex_hand_ros2_s__rosidl_typesupport_c.cpython-310-x86_64-linux-gnu.so
-- Up-to-date: /root/dex_hand_ws/install/dex_hand_ros2/lib/libdex_hand_ros2__rosidl_generator_py.so
-- Up-to-date: /root/dex_hand_ws/install/dex_hand_ros2/share/dex_hand_ros2/msg/GestureCmd.idl
-- Up-to-date: /root/dex_hand_ws/install/dex_hand_ros2/share/dex_hand_ros2/msg/MotorState.idl
-- Up-to-date: /root/dex_hand_ws/install/dex_hand_ros2/share/dex_hand_ros2/msg/GestureCmd.msg
-- Up-to-date: /root/dex_hand_ws/install/dex_hand_ros2/share/dex_hand_ros2/msg/MotorState.msg
-- Installing: /root/dex_hand_ws/install/dex_hand_ros2/lib/dex_hand_ros2/hand_node.py
-- Up-to-date: /root/dex_hand_ws/install/dex_hand_ros2/lib/dex_hand_ros2/hand_driver.py
-- Up-to-date: /root/dex_hand_ws/install/dex_hand_ros2/lib/dex_hand_ros2/config_node.py
-- Up-to-date: /root/dex_hand_ws/install/dex_hand_ros2/share/ament_index/resource_index/package_run_dependencies/dex_hand_ros2
-- Up-to-date: /root/dex_hand_ws/install/dex_hand_ros2/share/ament_index/resource_index/parent_prefix_path/dex_hand_ros2
-- Up-to-date: /root/dex_hand_ws/install/dex_hand_ros2/share/dex_hand_ros2/environment/ament_prefix_path.sh
-- Up-to-date: /root/dex_hand_ws/install/dex_hand_ros2/share/dex_hand_ros2/environment/ament_prefix_path.dsv
-- Up-to-date: /root/dex_hand_ws/install/dex_hand_ros2/share/dex_hand_ros2/environment/path.sh
-- Up-to-date: /root/dex_hand_ws/install/dex_hand_ros2/share/dex_hand_ros2/environment/path.dsv
-- Up-to-date: /root/dex_hand_ws/install/dex_hand_ros2/share/dex_hand_ros2/local_setup.bash
-- Up-to-date: /root/dex_hand_ws/install/dex_hand_ros2/share/dex_hand_ros2/local_setup.sh
-- Up-to-date: /root/dex_hand_ws/install/dex_hand_ros2/share/dex_hand_ros2/local_setup.zsh
-- Up-to-date: /root/dex_hand_ws/install/dex_hand_ros2/share/dex_hand_ros2/local_setup.dsv
-- Installing: /root/dex_hand_ws/install/dex_hand_ros2/share/dex_hand_ros2/package.dsv
-- Up-to-date: /root/dex_hand_ws/install/dex_hand_ros2/share/ament_index/resource_index/packages/dex_hand_ros2
-- Up-to-date: /root/dex_hand_ws/install/dex_hand_ros2/share/dex_hand_ros2/cmake/export_dex_hand_ros2__rosidl_generator_cExport.cmake
-- Up-to-date: /root/dex_hand_ws/install/dex_hand_ros2/share/dex_hand_ros2/cmake/export_dex_hand_ros2__rosidl_generator_cExport-noconfig.cmake
-- Up-to-date: /root/dex_hand_ws/install/dex_hand_ros2/share/dex_hand_ros2/cmake/export_dex_hand_ros2__rosidl_typesupport_fastrtps_cExport.cmake
-- Up-to-date: /root/dex_hand_ws/install/dex_hand_ros2/share/dex_hand_ros2/cmake/export_dex_hand_ros2__rosidl_typesupport_fastrtps_cExport-noconfig.cmake
-- Up-to-date: /root/dex_hand_ws/install/dex_hand_ros2/share/dex_hand_ros2/cmake/dex_hand_ros2__rosidl_typesupport_introspection_cExport.cmake
-- Up-to-date: /root/dex_hand_ws/install/dex_hand_ros2/share/dex_hand_ros2/cmake/dex_hand_ros2__rosidl_typesupport_introspection_cExport-noconfig.cmake
-- Up-to-date: /root/dex_hand_ws/install/dex_hand_ros2/share/dex_hand_ros2/cmake/dex_hand_ros2__rosidl_typesupport_cExport.cmake
-- Up-to-date: /root/dex_hand_ws/install/dex_hand_ros2/share/dex_hand_ros2/cmake/dex_hand_ros2__rosidl_typesupport_cExport-noconfig.cmake
-- Up-to-date: /root/dex_hand_ws/install/dex_hand_ros2/share/dex_hand_ros2/cmake/export_dex_hand_ros2__rosidl_generator_cppExport.cmake
-- Up-to-date: /root/dex_hand_ws/install/dex_hand_ros2/share/dex_hand_ros2/cmake/export_dex_hand_ros2__rosidl_typesupport_fastrtps_cppExport.cmake
-- Up-to-date: /root/dex_hand_ws/install/dex_hand_ros2/share/dex_hand_ros2/cmake/export_dex_hand_ros2__rosidl_typesupport_fastrtps_cppExport-noconfig.cmake
-- Up-to-date: /root/dex_hand_ws/install/dex_hand_ros2/share/dex_hand_ros2/cmake/dex_hand_ros2__rosidl_typesupport_introspection_cppExport.cmake
-- Up-to-date: /root/dex_hand_ws/install/dex_hand_ros2/share/dex_hand_ros2/cmake/dex_hand_ros2__rosidl_typesupport_introspection_cppExport-noconfig.cmake
-- Up-to-date: /root/dex_hand_ws/install/dex_hand_ros2/share/dex_hand_ros2/cmake/dex_hand_ros2__rosidl_typesupport_cppExport.cmake
-- Up-to-date: /root/dex_hand_ws/install/dex_hand_ros2/share/dex_hand_ros2/cmake/dex_hand_ros2__rosidl_typesupport_cppExport-noconfig.cmake
-- Up-to-date: /root/dex_hand_ws/install/dex_hand_ros2/share/dex_hand_ros2/cmake/export_dex_hand_ros2__rosidl_generator_pyExport.cmake
-- Up-to-date: /root/dex_hand_ws/install/dex_hand_ros2/share/dex_hand_ros2/cmake/export_dex_hand_ros2__rosidl_generator_pyExport-noconfig.cmake
-- Up-to-date: /root/dex_hand_ws/install/dex_hand_ros2/share/dex_hand_ros2/cmake/rosidl_cmake-extras.cmake
-- Up-to-date: /root/dex_hand_ws/install/dex_hand_ros2/share/dex_hand_ros2/cmake/ament_cmake_export_dependencies-extras.cmake
-- Up-to-date: /root/dex_hand_ws/install/dex_hand_ros2/share/dex_hand_ros2/cmake/ament_cmake_export_include_directories-extras.cmake
-- Up-to-date: /root/dex_hand_ws/install/dex_hand_ros2/share/dex_hand_ros2/cmake/ament_cmake_export_libraries-extras.cmake
-- Up-to-date: /root/dex_hand_ws/install/dex_hand_ros2/share/dex_hand_ros2/cmake/ament_cmake_export_targets-extras.cmake
-- Up-to-date: /root/dex_hand_ws/install/dex_hand_ros2/share/dex_hand_ros2/cmake/rosidl_cmake_export_typesupport_targets-extras.cmake
-- Up-to-date: /root/dex_hand_ws/install/dex_hand_ros2/share/dex_hand_ros2/cmake/rosidl_cmake_export_typesupport_libraries-extras.cmake
-- Up-to-date: /root/dex_hand_ws/install/dex_hand_ros2/share/dex_hand_ros2/cmake/dex_hand_ros2Config.cmake
-- Up-to-date: /root/dex_hand_ws/install/dex_hand_ros2/share/dex_hand_ros2/cmake/dex_hand_ros2Config-version.cmake
-- Up-to-date: /root/dex_hand_ws/install/dex_hand_ros2/share/dex_hand_ros2/package.xml
