[0.076s] DEBUG:colcon:Command line arguments: ['/usr/bin/colcon', 'build', '--packages-select', 'dex_hand_ros2']
[0.076s] DEBUG:colcon:Parsed command line arguments: Namespace(log_base=None, log_level=None, verb_name='build', build_base='build', install_base='install', merge_install=False, symlink_install=False, test_result_base=None, continue_on_error=False, executor='parallel', parallel_workers=10, event_handlers=None, ignore_user_meta=False, metas=['./colcon.meta'], base_paths=['.'], packages_ignore=None, packages_ignore_regex=None, paths=None, packages_up_to=None, packages_up_to_regex=None, packages_above=None, packages_above_and_dependencies=None, packages_above_depth=None, packages_select_by_dep=None, packages_skip_by_dep=None, packages_skip_up_to=None, packages_select_build_failed=False, packages_skip_build_finished=False, packages_select_test_failures=False, packages_skip_test_passed=False, packages_select=['dex_hand_ros2'], packages_skip=None, packages_select_regex=None, packages_skip_regex=None, packages_start=None, packages_end=None, cmake_args=None, cmake_target=None, cmake_target_skip_unavailable=False, cmake_clean_cache=False, cmake_clean_first=False, cmake_force_configure=False, ament_cmake_args=None, catkin_cmake_args=None, catkin_skip_building_tests=False, mixin_files=None, mixin=None, verb_parser=<colcon_mixin.mixin.mixin_argument.MixinArgumentDecorator object at 0x7ffffe1f7b20>, verb_extension=<colcon_core.verb.build.BuildVerb object at 0x7ffffe1f74c0>, main=<bound method BuildVerb.main of <colcon_core.verb.build.BuildVerb object at 0x7ffffe1f74c0>>, mixin_verb=('build',))
[0.148s] Level 1:colcon.colcon_core.package_discovery:discover_packages(colcon_meta) check parameters
[0.148s] INFO:colcon.colcon_metadata.package_discovery.colcon_meta:Using configuration from '/root/.colcon/metadata/default/Gazebo.meta'
[0.148s] INFO:colcon.colcon_metadata.package_discovery.colcon_meta:Using configuration from '/root/.colcon/metadata/default/fastdds.meta'
[0.149s] INFO:colcon.colcon_metadata.package_discovery.colcon_meta:Using configuration from '/root/.colcon/metadata/default/fastrtps.meta'
[0.149s] Level 1:colcon.colcon_core.package_discovery:discover_packages(recursive) check parameters
[0.149s] Level 1:colcon.colcon_core.package_discovery:discover_packages(ignore) check parameters
[0.149s] Level 1:colcon.colcon_core.package_discovery:discover_packages(path) check parameters
[0.149s] Level 1:colcon.colcon_core.package_discovery:discover_packages(colcon_meta) discover
[0.149s] Level 1:colcon.colcon_core.package_discovery:discover_packages(recursive) discover
[0.149s] INFO:colcon.colcon_core.package_discovery:Crawling recursively for packages in '/root/dex_hand_ws'
[0.149s] Level 1:colcon.colcon_core.package_identification:_identify(.) by extensions ['ignore', 'ignore_ament_install']
[0.150s] Level 1:colcon.colcon_core.package_identification:_identify(.) by extension 'ignore'
[0.150s] Level 1:colcon.colcon_core.package_identification:_identify(.) by extension 'ignore_ament_install'
[0.150s] Level 1:colcon.colcon_core.package_identification:_identify(.) by extensions ['colcon_pkg']
[0.150s] Level 1:colcon.colcon_core.package_identification:_identify(.) by extension 'colcon_pkg'
[0.150s] Level 1:colcon.colcon_core.package_identification:_identify(.) by extensions ['colcon_meta']
[0.150s] Level 1:colcon.colcon_core.package_identification:_identify(.) by extension 'colcon_meta'
[0.150s] Level 1:colcon.colcon_core.package_identification:_identify(.) by extensions ['ros']
[0.150s] Level 1:colcon.colcon_core.package_identification:_identify(.) by extension 'ros'
[0.156s] Level 1:colcon.colcon_core.package_identification:_identify(.) by extensions ['cmake', 'python']
[0.156s] Level 1:colcon.colcon_core.package_identification:_identify(.) by extension 'cmake'
[0.156s] Level 1:colcon.colcon_core.package_identification:_identify(.) by extension 'python'
[0.157s] Level 1:colcon.colcon_core.package_identification:_identify(.) by extensions ['python_setup_py']
[0.157s] Level 1:colcon.colcon_core.package_identification:_identify(.) by extension 'python_setup_py'
[0.157s] Level 1:colcon.colcon_core.package_identification:_identify(build) by extensions ['ignore', 'ignore_ament_install']
[0.157s] Level 1:colcon.colcon_core.package_identification:_identify(build) by extension 'ignore'
[0.157s] Level 1:colcon.colcon_core.package_identification:_identify(build) ignored
[0.157s] Level 1:colcon.colcon_core.package_identification:_identify(install) by extensions ['ignore', 'ignore_ament_install']
[0.157s] Level 1:colcon.colcon_core.package_identification:_identify(install) by extension 'ignore'
[0.157s] Level 1:colcon.colcon_core.package_identification:_identify(install) ignored
[0.158s] Level 1:colcon.colcon_core.package_identification:_identify(log) by extensions ['ignore', 'ignore_ament_install']
[0.158s] Level 1:colcon.colcon_core.package_identification:_identify(log) by extension 'ignore'
[0.158s] Level 1:colcon.colcon_core.package_identification:_identify(log) ignored
[0.158s] Level 1:colcon.colcon_core.package_identification:_identify(src) by extensions ['ignore', 'ignore_ament_install']
[0.158s] Level 1:colcon.colcon_core.package_identification:_identify(src) by extension 'ignore'
[0.158s] Level 1:colcon.colcon_core.package_identification:_identify(src) by extension 'ignore_ament_install'
[0.158s] Level 1:colcon.colcon_core.package_identification:_identify(src) by extensions ['colcon_pkg']
[0.158s] Level 1:colcon.colcon_core.package_identification:_identify(src) by extension 'colcon_pkg'
[0.158s] Level 1:colcon.colcon_core.package_identification:_identify(src) by extensions ['colcon_meta']
[0.158s] Level 1:colcon.colcon_core.package_identification:_identify(src) by extension 'colcon_meta'
[0.158s] Level 1:colcon.colcon_core.package_identification:_identify(src) by extensions ['ros']
[0.159s] Level 1:colcon.colcon_core.package_identification:_identify(src) by extension 'ros'
[0.159s] Level 1:colcon.colcon_core.package_identification:_identify(src) by extensions ['cmake', 'python']
[0.159s] Level 1:colcon.colcon_core.package_identification:_identify(src) by extension 'cmake'
[0.159s] Level 1:colcon.colcon_core.package_identification:_identify(src) by extension 'python'
[0.159s] Level 1:colcon.colcon_core.package_identification:_identify(src) by extensions ['python_setup_py']
[0.159s] Level 1:colcon.colcon_core.package_identification:_identify(src) by extension 'python_setup_py'
[0.159s] Level 1:colcon.colcon_core.package_identification:_identify(src/dex_hand_ros2) by extensions ['ignore', 'ignore_ament_install']
[0.159s] Level 1:colcon.colcon_core.package_identification:_identify(src/dex_hand_ros2) by extension 'ignore'
[0.159s] Level 1:colcon.colcon_core.package_identification:_identify(src/dex_hand_ros2) by extension 'ignore_ament_install'
[0.159s] Level 1:colcon.colcon_core.package_identification:_identify(src/dex_hand_ros2) by extensions ['colcon_pkg']
[0.159s] Level 1:colcon.colcon_core.package_identification:_identify(src/dex_hand_ros2) by extension 'colcon_pkg'
[0.160s] Level 1:colcon.colcon_core.package_identification:_identify(src/dex_hand_ros2) by extensions ['colcon_meta']
[0.160s] Level 1:colcon.colcon_core.package_identification:_identify(src/dex_hand_ros2) by extension 'colcon_meta'
[0.160s] Level 1:colcon.colcon_core.package_identification:_identify(src/dex_hand_ros2) by extensions ['ros']
[0.160s] Level 1:colcon.colcon_core.package_identification:_identify(src/dex_hand_ros2) by extension 'ros'
[0.164s] DEBUG:colcon.colcon_core.package_identification:Package 'src/dex_hand_ros2' with type 'ros.ament_cmake' and name 'dex_hand_ros2'
[0.164s] Level 1:colcon.colcon_core.package_discovery:discover_packages(recursive) using defaults
[0.164s] Level 1:colcon.colcon_core.package_discovery:discover_packages(ignore) discover
[0.164s] Level 1:colcon.colcon_core.package_discovery:discover_packages(ignore) using defaults
[0.164s] Level 1:colcon.colcon_core.package_discovery:discover_packages(path) discover
[0.164s] Level 1:colcon.colcon_core.package_discovery:discover_packages(path) using defaults
[0.175s] Level 5:colcon.colcon_core.verb:set package 'dex_hand_ros2' build argument 'cmake_args' from command line to 'None'
[0.175s] Level 5:colcon.colcon_core.verb:set package 'dex_hand_ros2' build argument 'cmake_target' from command line to 'None'
[0.175s] Level 5:colcon.colcon_core.verb:set package 'dex_hand_ros2' build argument 'cmake_target_skip_unavailable' from command line to 'False'
[0.175s] Level 5:colcon.colcon_core.verb:set package 'dex_hand_ros2' build argument 'cmake_clean_cache' from command line to 'False'
[0.175s] Level 5:colcon.colcon_core.verb:set package 'dex_hand_ros2' build argument 'cmake_clean_first' from command line to 'False'
[0.176s] Level 5:colcon.colcon_core.verb:set package 'dex_hand_ros2' build argument 'cmake_force_configure' from command line to 'False'
[0.176s] Level 5:colcon.colcon_core.verb:set package 'dex_hand_ros2' build argument 'ament_cmake_args' from command line to 'None'
[0.176s] Level 5:colcon.colcon_core.verb:set package 'dex_hand_ros2' build argument 'catkin_cmake_args' from command line to 'None'
[0.176s] Level 5:colcon.colcon_core.verb:set package 'dex_hand_ros2' build argument 'catkin_skip_building_tests' from command line to 'False'
[0.176s] DEBUG:colcon.colcon_core.verb:Building package 'dex_hand_ros2' with the following arguments: {'ament_cmake_args': None, 'build_base': '/root/dex_hand_ws/build/dex_hand_ros2', 'catkin_cmake_args': None, 'catkin_skip_building_tests': False, 'cmake_args': None, 'cmake_clean_cache': False, 'cmake_clean_first': False, 'cmake_force_configure': False, 'cmake_target': None, 'cmake_target_skip_unavailable': False, 'install_base': '/root/dex_hand_ws/install/dex_hand_ros2', 'merge_install': False, 'path': '/root/dex_hand_ws/src/dex_hand_ros2', 'symlink_install': False, 'test_result_base': None}
[0.176s] INFO:colcon.colcon_core.executor:Executing jobs using 'parallel' executor
[0.178s] DEBUG:colcon.colcon_parallel_executor.executor.parallel:run_until_complete
[0.179s] INFO:colcon.colcon_ros.task.ament_cmake.build:Building ROS package in '/root/dex_hand_ws/src/dex_hand_ros2' with build type 'ament_cmake'
[0.179s] INFO:colcon.colcon_cmake.task.cmake.build:Building CMake package in '/root/dex_hand_ws/src/dex_hand_ros2'
[0.180s] INFO:colcon.colcon_core.plugin_system:Skipping extension 'colcon_core.shell.bat': Not used on non-Windows systems
[0.181s] INFO:colcon.colcon_core.shell:Skip shell extension 'powershell' for command environment: Not usable outside of PowerShell
[0.181s] DEBUG:colcon.colcon_core.shell:Skip shell extension 'dsv' for command environment
[0.219s] DEBUG:colcon.colcon_core.event_handler.log_command:Invoking command in '/root/dex_hand_ws/build/dex_hand_ros2': CMAKE_PREFIX_PATH=${CMAKE_PREFIX_PATH}:/opt/ros/humble /usr/bin/cmake --build /root/dex_hand_ws/build/dex_hand_ros2 -- -j10 -l10
[4.088s] DEBUG:colcon.colcon_core.event_handler.log_command:Invoked command in '/root/dex_hand_ws/build/dex_hand_ros2' returned '0': CMAKE_PREFIX_PATH=${CMAKE_PREFIX_PATH}:/opt/ros/humble /usr/bin/cmake --build /root/dex_hand_ws/build/dex_hand_ros2 -- -j10 -l10
[4.123s] DEBUG:colcon.colcon_core.event_handler.log_command:Invoking command in '/root/dex_hand_ws/build/dex_hand_ros2': CMAKE_PREFIX_PATH=${CMAKE_PREFIX_PATH}:/opt/ros/humble /usr/bin/cmake --install /root/dex_hand_ws/build/dex_hand_ros2
[4.293s] Level 1:colcon.colcon_core.environment:create_environment_scripts_only(dex_hand_ros2)
[4.295s] DEBUG:colcon.colcon_core.event_handler.log_command:Invoked command in '/root/dex_hand_ws/build/dex_hand_ros2' returned '0': CMAKE_PREFIX_PATH=${CMAKE_PREFIX_PATH}:/opt/ros/humble /usr/bin/cmake --install /root/dex_hand_ws/build/dex_hand_ros2
[4.296s] Level 1:colcon.colcon_core.environment:checking '/root/dex_hand_ws/install/dex_hand_ros2' for CMake module files
[4.297s] Level 1:colcon.colcon_core.environment:checking '/root/dex_hand_ws/install/dex_hand_ros2' for CMake config files
[4.300s] Level 1:colcon.colcon_core.shell:create_environment_hook('dex_hand_ros2', 'cmake_prefix_path')
[4.300s] INFO:colcon.colcon_core.shell:Creating environment hook '/root/dex_hand_ws/install/dex_hand_ros2/share/dex_hand_ros2/hook/cmake_prefix_path.ps1'
[4.301s] INFO:colcon.colcon_core.shell:Creating environment descriptor '/root/dex_hand_ws/install/dex_hand_ros2/share/dex_hand_ros2/hook/cmake_prefix_path.dsv'
[4.302s] INFO:colcon.colcon_core.shell:Creating environment hook '/root/dex_hand_ws/install/dex_hand_ros2/share/dex_hand_ros2/hook/cmake_prefix_path.sh'
[4.303s] Level 1:colcon.colcon_core.environment:checking '/root/dex_hand_ws/install/dex_hand_ros2/lib'
[4.303s] Level 1:colcon.colcon_core.shell:create_environment_hook('dex_hand_ros2', 'ld_library_path_lib')
[4.303s] INFO:colcon.colcon_core.shell:Creating environment hook '/root/dex_hand_ws/install/dex_hand_ros2/share/dex_hand_ros2/hook/ld_library_path_lib.ps1'
[4.303s] INFO:colcon.colcon_core.shell:Creating environment descriptor '/root/dex_hand_ws/install/dex_hand_ros2/share/dex_hand_ros2/hook/ld_library_path_lib.dsv'
[4.304s] INFO:colcon.colcon_core.shell:Creating environment hook '/root/dex_hand_ws/install/dex_hand_ros2/share/dex_hand_ros2/hook/ld_library_path_lib.sh'
[4.304s] Level 1:colcon.colcon_core.environment:checking '/root/dex_hand_ws/install/dex_hand_ros2/bin'
[4.304s] Level 1:colcon.colcon_core.environment:checking '/root/dex_hand_ws/install/dex_hand_ros2/lib/pkgconfig/dex_hand_ros2.pc'
[4.305s] Level 1:colcon.colcon_core.environment:checking '/root/dex_hand_ws/install/dex_hand_ros2/lib/python3.10/site-packages'
[4.305s] Level 1:colcon.colcon_core.environment:checking '/root/dex_hand_ws/install/dex_hand_ros2/bin'
[4.306s] INFO:colcon.colcon_core.shell:Creating package script '/root/dex_hand_ws/install/dex_hand_ros2/share/dex_hand_ros2/package.ps1'
[4.306s] INFO:colcon.colcon_core.shell:Creating package descriptor '/root/dex_hand_ws/install/dex_hand_ros2/share/dex_hand_ros2/package.dsv'
[4.307s] INFO:colcon.colcon_core.shell:Creating package script '/root/dex_hand_ws/install/dex_hand_ros2/share/dex_hand_ros2/package.sh'
[4.307s] INFO:colcon.colcon_core.shell:Creating package script '/root/dex_hand_ws/install/dex_hand_ros2/share/dex_hand_ros2/package.bash'
[4.308s] INFO:colcon.colcon_core.shell:Creating package script '/root/dex_hand_ws/install/dex_hand_ros2/share/dex_hand_ros2/package.zsh'
[4.308s] Level 1:colcon.colcon_core.environment:create_file_with_runtime_dependencies(/root/dex_hand_ws/install/dex_hand_ros2/share/colcon-core/packages/dex_hand_ros2)
[4.309s] Level 1:colcon.colcon_core.environment:create_environment_scripts_only(dex_hand_ros2)
[4.309s] Level 1:colcon.colcon_core.environment:checking '/root/dex_hand_ws/install/dex_hand_ros2' for CMake module files
[4.311s] Level 1:colcon.colcon_core.environment:checking '/root/dex_hand_ws/install/dex_hand_ros2' for CMake config files
[4.314s] Level 1:colcon.colcon_core.shell:create_environment_hook('dex_hand_ros2', 'cmake_prefix_path')
[4.314s] INFO:colcon.colcon_core.shell:Creating environment hook '/root/dex_hand_ws/install/dex_hand_ros2/share/dex_hand_ros2/hook/cmake_prefix_path.ps1'
[4.314s] INFO:colcon.colcon_core.shell:Creating environment descriptor '/root/dex_hand_ws/install/dex_hand_ros2/share/dex_hand_ros2/hook/cmake_prefix_path.dsv'
[4.314s] INFO:colcon.colcon_core.shell:Creating environment hook '/root/dex_hand_ws/install/dex_hand_ros2/share/dex_hand_ros2/hook/cmake_prefix_path.sh'
[4.315s] Level 1:colcon.colcon_core.environment:checking '/root/dex_hand_ws/install/dex_hand_ros2/lib'
[4.315s] Level 1:colcon.colcon_core.shell:create_environment_hook('dex_hand_ros2', 'ld_library_path_lib')
[4.315s] INFO:colcon.colcon_core.shell:Creating environment hook '/root/dex_hand_ws/install/dex_hand_ros2/share/dex_hand_ros2/hook/ld_library_path_lib.ps1'
[4.315s] INFO:colcon.colcon_core.shell:Creating environment descriptor '/root/dex_hand_ws/install/dex_hand_ros2/share/dex_hand_ros2/hook/ld_library_path_lib.dsv'
[4.316s] INFO:colcon.colcon_core.shell:Creating environment hook '/root/dex_hand_ws/install/dex_hand_ros2/share/dex_hand_ros2/hook/ld_library_path_lib.sh'
[4.316s] Level 1:colcon.colcon_core.environment:checking '/root/dex_hand_ws/install/dex_hand_ros2/bin'
[4.316s] Level 1:colcon.colcon_core.environment:checking '/root/dex_hand_ws/install/dex_hand_ros2/lib/pkgconfig/dex_hand_ros2.pc'
[4.316s] Level 1:colcon.colcon_core.environment:checking '/root/dex_hand_ws/install/dex_hand_ros2/lib/python3.10/site-packages'
[4.317s] Level 1:colcon.colcon_core.environment:checking '/root/dex_hand_ws/install/dex_hand_ros2/bin'
[4.317s] INFO:colcon.colcon_core.shell:Creating package script '/root/dex_hand_ws/install/dex_hand_ros2/share/dex_hand_ros2/package.ps1'
[4.317s] INFO:colcon.colcon_core.shell:Creating package descriptor '/root/dex_hand_ws/install/dex_hand_ros2/share/dex_hand_ros2/package.dsv'
[4.318s] INFO:colcon.colcon_core.shell:Creating package script '/root/dex_hand_ws/install/dex_hand_ros2/share/dex_hand_ros2/package.sh'
[4.318s] INFO:colcon.colcon_core.shell:Creating package script '/root/dex_hand_ws/install/dex_hand_ros2/share/dex_hand_ros2/package.bash'
[4.318s] INFO:colcon.colcon_core.shell:Creating package script '/root/dex_hand_ws/install/dex_hand_ros2/share/dex_hand_ros2/package.zsh'
[4.319s] Level 1:colcon.colcon_core.environment:create_file_with_runtime_dependencies(/root/dex_hand_ws/install/dex_hand_ros2/share/colcon-core/packages/dex_hand_ros2)
[4.319s] DEBUG:colcon.colcon_parallel_executor.executor.parallel:closing loop
[4.319s] DEBUG:colcon.colcon_parallel_executor.executor.parallel:loop closed
[4.320s] DEBUG:colcon.colcon_parallel_executor.executor.parallel:run_until_complete finished with '0'
[4.320s] DEBUG:colcon.colcon_core.event_reactor:joining thread
[4.324s] INFO:colcon.colcon_core.plugin_system:Skipping extension 'colcon_notification.desktop_notification.notify_send': Could not find 'notify-send'
[4.324s] INFO:colcon.colcon_core.plugin_system:Skipping extension 'colcon_notification.desktop_notification.terminal_notifier': Not used on non-Darwin systems
[4.324s] INFO:colcon.colcon_core.plugin_system:Skipping extension 'colcon_notification.desktop_notification.win32': Not used on non-Windows systems
[4.324s] INFO:colcon.colcon_notification.desktop_notification:Sending desktop notification using 'notify2'
[4.326s] DEBUG:colcon.colcon_notification.desktop_notification.notify2:Failed to initialize notify2: org.freedesktop.DBus.Error.NotSupported: Unable to autolaunch a dbus-daemon without a $DISPLAY for X11
[4.326s] DEBUG:colcon.colcon_core.event_reactor:joined thread
[4.326s] INFO:colcon.colcon_core.shell:Creating prefix script '/root/dex_hand_ws/install/local_setup.ps1'
[4.327s] INFO:colcon.colcon_core.shell:Creating prefix util module '/root/dex_hand_ws/install/_local_setup_util_ps1.py'
[4.328s] INFO:colcon.colcon_core.shell:Creating prefix chain script '/root/dex_hand_ws/install/setup.ps1'
[4.329s] INFO:colcon.colcon_core.shell:Creating prefix script '/root/dex_hand_ws/install/local_setup.sh'
[4.329s] INFO:colcon.colcon_core.shell:Creating prefix util module '/root/dex_hand_ws/install/_local_setup_util_sh.py'
[4.330s] INFO:colcon.colcon_core.shell:Creating prefix chain script '/root/dex_hand_ws/install/setup.sh'
[4.330s] INFO:colcon.colcon_core.shell:Creating prefix script '/root/dex_hand_ws/install/local_setup.bash'
[4.331s] INFO:colcon.colcon_core.shell:Creating prefix chain script '/root/dex_hand_ws/install/setup.bash'
[4.331s] INFO:colcon.colcon_core.shell:Creating prefix script '/root/dex_hand_ws/install/local_setup.zsh'
[4.332s] INFO:colcon.colcon_core.shell:Creating prefix chain script '/root/dex_hand_ws/install/setup.zsh'
